2026-01-15 11:40:24,110 [INFO] Activator:176 - 


2026-01-15 11:40:24,114 [INFO] Activator:177 - !SESSION log4j initialized
2026-01-15 11:40:30,417 [INFO] LogOutputStream:77 - [STDOUT_REDIRECT] 
2026-01-15 11:40:33,094 [INFO] ApplicationProperties:184 - Using Application install path: /opt/st/stm32cubeide_1.19.0/plugins/com.st.stm32cube.common.mx_6.15.0.202507011659
2026-01-15 11:40:33,115 [INFO] DbMcusXml:78 - Set database path to: /opt/st/stm32cubeide_1.19.0/plugins/com.st.stm32cube.common.mx_6.15.0.202507011659//db//mcu/
2026-01-15 11:40:33,115 [INFO] ApiDb:274 - Set plugin database path to: /opt/st/stm32cubeide_1.19.0/plugins/com.st.stm32cube.common.mx_6.15.0.202507011659//db//plugins/boardmanager/
2026-01-15 11:40:33,115 [WARN] ApiDb:259 - Overriding images path with different value:  => /opt/st/stm32cubeide_1.19.0/plugins/com.st.stm32cube.common.mx_6.15.0.202507011659//db//plugins/mcufinder/images/
2026-01-15 11:40:33,123 [INFO] ApiDb:250 - Set database path to: /home/sunbeam/.stmcufinder/plugins/mcufinder//mcu/
2026-01-15 11:40:33,125 [INFO] DbMcusAds:125 - Set database path to: /home/sunbeam/.stmcufinder/plugins/mcufinder//mcu/
2026-01-15 11:40:33,439 [INFO] CrossReferenceDbSqlite:203 - Set database path to: /home/sunbeam/.stmcufinder/plugins/mcufinder//mcu/cs/
2026-01-15 11:40:33,619 [INFO] RulesReader:64 - Compatibility file has been processed (317 Rules)
2026-01-15 11:40:33,696 [INFO] DbMcusXml:78 - Set database path to: /opt/st/stm32cubeide_1.19.0/plugins/com.st.stm32cube.common.mx_6.15.0.202507011659//db//mcu/
2026-01-15 11:40:33,697 [INFO] ApiDb:274 - Set plugin database path to: /opt/st/stm32cubeide_1.19.0/plugins/com.st.stm32cube.common.mx_6.15.0.202507011659//db//plugins/boardmanager/
2026-01-15 11:40:33,697 [INFO] ApiDb:261 - Set plugin images path to: /opt/st/stm32cubeide_1.19.0/plugins/com.st.stm32cube.common.mx_6.15.0.202507011659//db//plugins/mcufinder/images/
2026-01-15 11:40:33,697 [WARN] DbFile:41 - Overriding database path with different value: /home/sunbeam/.stmcufinder/plugins/mcufinder/ => /home/sunbeam/.stmcufinder/plugins/mcufinder
2026-01-15 11:40:33,697 [INFO] ApiDb:250 - Set database path to: /home/sunbeam/.stmcufinder/plugins/mcufinder//mcu/
2026-01-15 11:40:33,697 [WARN] DbFile:41 - Overriding database path with different value: /home/sunbeam/.stmcufinder/plugins/mcufinder/ => /home/sunbeam/.stmcufinder/plugins/mcufinder
2026-01-15 11:40:33,698 [INFO] DbMcusAds:125 - Set database path to: /home/sunbeam/.stmcufinder/plugins/mcufinder//mcu/
2026-01-15 11:40:33,698 [WARN] DbFile:41 - Overriding database path with different value: /home/sunbeam/.stmcufinder/plugins/mcufinder/ => /home/sunbeam/.stmcufinder/plugins/mcufinder
2026-01-15 11:40:33,698 [WARN] DbFile:41 - Overriding database path with different value: /home/sunbeam/.stmcufinder/plugins/mcufinder/ => /home/sunbeam/.stmcufinder/plugins/mcufinder
2026-01-15 11:40:34,053 [INFO] CrossReferenceDbSqlite:203 - Set database path to: /home/sunbeam/.stmcufinder/plugins/mcufinder//mcu/cs/
2026-01-15 11:40:34,160 [INFO] MainPanel:274 - HeapMemory: 268435456
2026-01-15 11:40:34,293 [INFO] DbMcusXml:78 - Set database path to: /opt/st/stm32cubeide_1.19.0/plugins/com.st.stm32cube.common.mx_6.15.0.202507011659//db//mcu/
2026-01-15 11:40:34,293 [INFO] ApiDb:274 - Set plugin database path to: /opt/st/stm32cubeide_1.19.0/plugins/com.st.stm32cube.common.mx_6.15.0.202507011659//db//plugins/boardmanager/
2026-01-15 11:40:34,293 [INFO] ApiDb:261 - Set plugin images path to: /opt/st/stm32cubeide_1.19.0/plugins/com.st.stm32cube.common.mx_6.15.0.202507011659//db//plugins/mcufinder/images/
2026-01-15 11:40:34,293 [WARN] DbFile:41 - Overriding database path with different value: /home/sunbeam/.stmcufinder/plugins/mcufinder/ => /home/sunbeam/.stmcufinder/plugins/mcufinder
2026-01-15 11:40:34,293 [INFO] ApiDb:250 - Set database path to: /home/sunbeam/.stmcufinder/plugins/mcufinder//mcu/
2026-01-15 11:40:34,293 [WARN] DbFile:41 - Overriding database path with different value: /home/sunbeam/.stmcufinder/plugins/mcufinder/ => /home/sunbeam/.stmcufinder/plugins/mcufinder
2026-01-15 11:40:34,294 [INFO] DbMcusAds:125 - Set database path to: /home/sunbeam/.stmcufinder/plugins/mcufinder//mcu/
2026-01-15 11:40:34,294 [WARN] DbFile:41 - Overriding database path with different value: /home/sunbeam/.stmcufinder/plugins/mcufinder/ => /home/sunbeam/.stmcufinder/plugins/mcufinder
2026-01-15 11:40:34,294 [WARN] DbFile:41 - Overriding database path with different value: /home/sunbeam/.stmcufinder/plugins/mcufinder/ => /home/sunbeam/.stmcufinder/plugins/mcufinder
2026-01-15 11:40:34,569 [INFO] CrossReferenceDbSqlite:203 - Set database path to: /home/sunbeam/.stmcufinder/plugins/mcufinder//mcu/cs/
2026-01-15 11:40:34,599 [INFO] ApplicationProperties:184 - Using Application install path: /opt/st/stm32cubeide_1.19.0/plugins/com.st.stm32cube.common.mx_6.15.0.202507011659
2026-01-15 11:40:34,602 [INFO] PluginManage:196 - Search for loadable plugins [exclusion list=, ]
2026-01-15 11:40:34,604 [INFO] PluginManage:310 - Check plugin analytics
2026-01-15 11:40:35,115 [INFO] AnalyticsPlugin:253 - Accepted Software Licenses: 
2026-01-15 11:40:35,115 [INFO] AnalyticsPlugin:255 - Accepted CMSIS Pack Licenses: 
2026-01-15 11:40:35,115 [INFO] AnalyticsPlugin:257 - Accepted Firmware Licenses: FW.F4.1.28.0
2026-01-15 11:40:35,119 [INFO] PluginManage:359 - Loaded plugin analytics (category:tool,tabindex:-1)
2026-01-15 11:40:35,119 [INFO] PluginManage:310 - Check plugin cadmodel
2026-01-15 11:40:35,125 [INFO] CADModel:105 - Init CAD model plugin
2026-01-15 11:40:35,125 [INFO] PluginManage:359 - Loaded plugin cadmodel (category:power,tabindex:5)
2026-01-15 11:40:35,125 [INFO] PluginManage:310 - Check plugin clock
2026-01-15 11:40:35,134 [INFO] PluginManage:359 - Loaded plugin clock (category:base,tabindex:2)
2026-01-15 11:40:35,135 [INFO] PluginManage:310 - Check plugin ddr
2026-01-15 11:40:35,137 [INFO] PluginManage:359 - Loaded plugin ddr (category:tool,tabindex:6)
2026-01-15 11:40:35,137 [INFO] PluginManage:310 - Check plugin filemanager
2026-01-15 11:40:35,307 [INFO] PluginManage:359 - Loaded plugin filemanager (category:base,tabindex:10)
2026-01-15 11:40:35,307 [INFO] PluginManage:310 - Check plugin ipmanager
2026-01-15 11:40:35,313 [INFO] PluginManage:359 - Loaded plugin ipmanager (category:base,tabindex:5)
2026-01-15 11:40:35,313 [INFO] PluginManage:310 - Check plugin lpbam
2026-01-15 11:40:35,325 [INFO] PluginManage:359 - Loaded plugin lpbam (category:base,tabindex:0)
2026-01-15 11:40:35,326 [INFO] PluginManage:310 - Check plugin memorymap
2026-01-15 11:40:35,340 [INFO] PluginManage:359 - Loaded plugin memorymap (category:base,tabindex:4)
2026-01-15 11:40:35,340 [INFO] PluginManage:310 - Check plugin pinoutandconfiguration
2026-01-15 11:40:35,352 [INFO] PluginManage:359 - Loaded plugin pinoutandconfiguration (category:base,tabindex:1)
2026-01-15 11:40:35,352 [INFO] PluginManage:310 - Check plugin pinoutconfig
2026-01-15 11:40:35,456 [WARN] SupportedApi:132 - Cannot load RTOS API schema: s4s-elt-must-match.1: The content of 'definitions' must match (annotation?, (simpleType | complexType)?, (unique | key | keyref)*)). A problem was found starting at: attribute.
2026-01-15 11:40:35,636 [INFO] PluginManage:359 - Loaded plugin pinoutconfig (category:base,tabindex:0)
2026-01-15 11:40:35,636 [INFO] PluginManage:310 - Check plugin power
2026-01-15 11:40:35,647 [INFO] PluginManage:359 - Loaded plugin power (category:power,tabindex:4)
2026-01-15 11:40:35,647 [INFO] PluginManage:310 - Check plugin projectmanager
2026-01-15 11:40:35,668 [INFO] PluginManage:359 - Loaded plugin projectmanager (category:projectmanager,tabindex:4)
2026-01-15 11:40:35,669 [INFO] PluginManage:310 - Check plugin rif
2026-01-15 11:40:35,681 [INFO] PluginManage:359 - Loaded plugin rif (category:base,tabindex:3)
2026-01-15 11:40:35,681 [INFO] PluginManage:310 - Check plugin thirdparty
2026-01-15 11:40:35,839 [WARN] IntegrityCheckThread:84 - waiting for thirdparty lock release [integrity check]
2026-01-15 11:40:35,839 [INFO] PluginManage:359 - Loaded plugin thirdparty (category:base,tabindex:-1)
2026-01-15 11:40:35,839 [INFO] IntegrityCheckThread:86 - entering critical section [integrity check]
2026-01-15 11:40:35,839 [INFO] PluginManage:310 - Check plugin tools
2026-01-15 11:40:35,840 [INFO] ThirdPartyUpdaterWithRetryManager:70 - Updater plugin not ready yet. [1/15]
2026-01-15 11:40:35,842 [INFO] PluginManage:359 - Loaded plugin tools (category:base,tabindex:7)
2026-01-15 11:40:35,842 [INFO] PluginManage:310 - Check plugin tutovideos
2026-01-15 11:40:36,082 [INFO] PluginManage:359 - Loaded plugin tutovideos (category:base,tabindex:-1)
2026-01-15 11:40:36,082 [INFO] PluginManage:310 - Check plugin updater
2026-01-15 11:40:36,104 [INFO] PluginManage:359 - Loaded plugin updater (category:base,tabindex:12)
2026-01-15 11:40:36,105 [INFO] PluginManage:310 - Check plugin userauth
2026-01-15 11:40:36,108 [INFO] UserAuth:118 - Init User Auth plugin
2026-01-15 11:40:36,109 [INFO] PluginManage:359 - Loaded plugin userauth (category:base,tabindex:14)
2026-01-15 11:40:36,110 [INFO] PluginManage:283 - PluginManage : Loaded plugins [18]
2026-01-15 11:40:36,271 [INFO] PinOutPanel:1589 - setPackage(No Configuration,No Configuration)
2026-01-15 11:40:36,334 [INFO] CADModel:165 - CPN selected for project level
2026-01-15 11:40:36,335 [INFO] CADModel:114 - Register for checkConnection events
2026-01-15 11:40:36,345 [INFO] IPUIPlugin:80 - create IPUIPlugin
2026-01-15 11:40:36,345 [INFO] PluginManager:220 - loadIPPluginJar : add dfsdm
2026-01-15 11:40:36,349 [INFO] IPUIPlugin:80 - create IPUIPlugin
2026-01-15 11:40:36,349 [INFO] PluginManager:220 - loadIPPluginJar : add gfxmmu
2026-01-15 11:40:36,351 [INFO] IPUIPlugin:80 - create IPUIPlugin
2026-01-15 11:40:36,351 [INFO] PluginManager:220 - loadIPPluginJar : add i3c
2026-01-15 11:40:36,354 [INFO] IPUIPlugin:80 - create IPUIPlugin
2026-01-15 11:40:36,354 [INFO] PluginManager:220 - loadIPPluginJar : add sai
2026-01-15 11:40:36,359 [INFO] IPUIPlugin:80 - create IPUIPlugin
2026-01-15 11:40:36,360 [INFO] PluginManager:220 - loadIPPluginJar : add dma
2026-01-15 11:40:36,361 [INFO] IPUIPlugin:80 - create IPUIPlugin
2026-01-15 11:40:36,361 [INFO] PluginManager:220 - loadIPPluginJar : add quadspi
2026-01-15 11:40:36,365 [INFO] IPUIPlugin:80 - create IPUIPlugin
2026-01-15 11:40:36,365 [INFO] PluginManager:220 - loadIPPluginJar : add opamp
2026-01-15 11:40:36,366 [INFO] IPUIPlugin:80 - create IPUIPlugin
2026-01-15 11:40:36,366 [INFO] PluginManager:220 - loadIPPluginJar : add comp
2026-01-15 11:40:36,372 [INFO] IPUIPlugin:80 - create IPUIPlugin
2026-01-15 11:40:36,374 [INFO] PluginManager:220 - loadIPPluginJar : add plateformsettings
2026-01-15 11:40:36,376 [INFO] IPUIPlugin:80 - create IPUIPlugin
2026-01-15 11:40:36,376 [INFO] PluginManager:220 - loadIPPluginJar : add ltdc
2026-01-15 11:40:36,379 [INFO] IPUIPlugin:80 - create IPUIPlugin
2026-01-15 11:40:36,379 [INFO] PluginManager:220 - loadIPPluginJar : add nvic
2026-01-15 11:40:36,380 [INFO] IPUIPlugin:80 - create IPUIPlugin
2026-01-15 11:40:36,380 [INFO] PluginManager:220 - loadIPPluginJar : add fatfs
2026-01-15 11:40:36,384 [INFO] IPUIPlugin:80 - create IPUIPlugin
2026-01-15 11:40:36,384 [INFO] PluginManager:220 - loadIPPluginJar : add gpio
2026-01-15 11:40:36,386 [INFO] IPUIPlugin:80 - create IPUIPlugin
2026-01-15 11:40:36,386 [INFO] PluginManager:220 - loadIPPluginJar : add aes
2026-01-15 11:40:36,392 [INFO] IPUIPlugin:80 - create IPUIPlugin
2026-01-15 11:40:36,392 [INFO] PluginManager:220 - loadIPPluginJar : add mdma
2026-01-15 11:40:36,394 [INFO] IPUIPlugin:80 - create IPUIPlugin
2026-01-15 11:40:36,394 [INFO] PluginManager:220 - loadIPPluginJar : add pdm2pcm
2026-01-15 11:40:36,403 [INFO] IPUIPlugin:80 - create IPUIPlugin
2026-01-15 11:40:36,404 [INFO] PluginManager:220 - loadIPPluginJar : add linkedlist
2026-01-15 11:40:36,406 [INFO] IPUIPlugin:80 - create IPUIPlugin
2026-01-15 11:40:36,406 [INFO] PluginManager:220 - loadIPPluginJar : add usart
2026-01-15 11:40:36,408 [INFO] IPUIPlugin:80 - create IPUIPlugin
2026-01-15 11:40:36,408 [INFO] PluginManager:220 - loadIPPluginJar : add i2c
2026-01-15 11:40:36,411 [INFO] IPUIPlugin:80 - create IPUIPlugin
2026-01-15 11:40:36,411 [INFO] PluginManager:220 - loadIPPluginJar : add lorawan
2026-01-15 11:40:36,413 [INFO] IPUIPlugin:80 - create IPUIPlugin
2026-01-15 11:40:36,413 [INFO] PluginManager:220 - loadIPPluginJar : add usbx
2026-01-15 11:40:36,418 [INFO] IPUIPlugin:80 - create IPUIPlugin
2026-01-15 11:40:36,418 [INFO] PluginManager:220 - loadIPPluginJar : add fmc
2026-01-15 11:40:36,420 [INFO] IPUIPlugin:80 - create IPUIPlugin
2026-01-15 11:40:36,420 [INFO] PluginManager:220 - loadIPPluginJar : add extmemmanager
2026-01-15 11:40:36,426 [INFO] IPUIPlugin:80 - create IPUIPlugin
2026-01-15 11:40:36,426 [INFO] PluginManager:220 - loadIPPluginJar : add freertos
2026-01-15 11:40:36,428 [INFO] IPUIPlugin:80 - create IPUIPlugin
2026-01-15 11:40:36,428 [INFO] PluginManager:220 - loadIPPluginJar : add can
2026-01-15 11:40:36,431 [INFO] IPUIPlugin:80 - create IPUIPlugin
2026-01-15 11:40:36,431 [INFO] PluginManager:220 - loadIPPluginJar : add touchsensing
2026-01-15 11:40:36,433 [INFO] IPUIPlugin:80 - create IPUIPlugin
2026-01-15 11:40:36,433 [INFO] PluginManager:220 - loadIPPluginJar : add tracer_emb
2026-01-15 11:40:36,435 [INFO] IPUIPlugin:80 - create IPUIPlugin
2026-01-15 11:40:36,435 [INFO] PluginManager:220 - loadIPPluginJar : add ucpd
2026-01-15 11:40:36,436 [INFO] IPUIPlugin:80 - create IPUIPlugin
2026-01-15 11:40:36,436 [INFO] PluginManager:220 - loadIPPluginJar : add ts
2026-01-15 11:40:36,438 [INFO] IPUIPlugin:80 - create IPUIPlugin
2026-01-15 11:40:36,438 [INFO] PluginManager:220 - loadIPPluginJar : add tsc
2026-01-15 11:40:36,440 [INFO] IPUIPlugin:80 - create IPUIPlugin
2026-01-15 11:40:36,441 [INFO] PluginManager:220 - loadIPPluginJar : add resmgrutility
2026-01-15 11:40:36,442 [INFO] IPUIPlugin:80 - create IPUIPlugin
2026-01-15 11:40:36,442 [INFO] PluginManager:220 - loadIPPluginJar : add cryp
2026-01-15 11:40:36,444 [INFO] IPUIPlugin:80 - create IPUIPlugin
2026-01-15 11:40:36,445 [INFO] PluginManager:220 - loadIPPluginJar : add openamp
2026-01-15 11:40:36,450 [INFO] IPUIPlugin:80 - create IPUIPlugin
2026-01-15 11:40:36,450 [INFO] PluginManager:220 - loadIPPluginJar : add adc
2026-01-15 11:40:36,452 [INFO] IPUIPlugin:80 - create IPUIPlugin
2026-01-15 11:40:36,452 [INFO] PluginManager:220 - loadIPPluginJar : add spi
2026-01-15 11:40:36,455 [INFO] IPUIPlugin:80 - create IPUIPlugin
2026-01-15 11:40:36,455 [INFO] PluginManager:220 - loadIPPluginJar : add ipddr
2026-01-15 11:40:36,460 [INFO] IPUIPlugin:80 - create IPUIPlugin
2026-01-15 11:40:36,460 [INFO] PluginManager:220 - loadIPPluginJar : add stm32_wpan
2026-01-15 11:40:36,465 [INFO] IPUIPlugin:80 - create IPUIPlugin
2026-01-15 11:40:36,465 [INFO] PluginManager:220 - loadIPPluginJar : add gic
2026-01-15 11:40:36,468 [INFO] IPUIPlugin:80 - create IPUIPlugin
2026-01-15 11:40:36,468 [INFO] PluginManager:220 - loadIPPluginJar : add ddr_ctrl_phy
2026-01-15 11:40:36,469 [INFO] IPUIPlugin:80 - create IPUIPlugin
2026-01-15 11:40:36,470 [INFO] PluginManager:220 - loadIPPluginJar : add genericplugin
2026-01-15 11:40:36,472 [INFO] IPUIPlugin:80 - create IPUIPlugin
2026-01-15 11:40:36,473 [INFO] PluginManager:220 - loadIPPluginJar : add hash
2026-01-15 11:40:36,474 [INFO] IPUIPlugin:80 - create IPUIPlugin
2026-01-15 11:40:36,474 [INFO] PluginManager:220 - loadIPPluginJar : add tim
2026-01-15 11:40:36,475 [INFO] IPUIPlugin:80 - create IPUIPlugin
2026-01-15 11:40:36,476 [INFO] PluginManager:220 - loadIPPluginJar : add radio
2026-01-15 11:40:36,479 [INFO] IPUIPlugin:80 - create IPUIPlugin
2026-01-15 11:40:36,479 [INFO] PluginManager:220 - loadIPPluginJar : add gtzc
2026-01-15 11:40:36,481 [INFO] IPUIPlugin:80 - create IPUIPlugin
2026-01-15 11:40:36,481 [INFO] PluginManager:220 - loadIPPluginJar : add i2s
2026-01-15 11:40:36,482 [INFO] IPUIPlugin:80 - create IPUIPlugin
2026-01-15 11:40:36,483 [INFO] PluginManager:220 - loadIPPluginJar : add dma3
2026-01-15 11:40:36,584 [FATAL] Updater:351 - Updater called before beeing initialized
2026-01-15 11:40:36,629 [INFO] RulesReader:64 - Compatibility file has been processed (317 Rules)
2026-01-15 11:40:36,650 [INFO] RulesReader:64 - Compatibility file has been processed (317 Rules)
2026-01-15 11:40:36,662 [INFO] CADModel:165 - CPN selected for project level
2026-01-15 11:40:36,662 [INFO] CADModel:114 - Register for checkConnection events
2026-01-15 11:40:36,662 [FATAL] Updater:351 - Updater called before beeing initialized
2026-01-15 11:40:36,662 [ERROR] CADModel:125 - Updater not yet initialized, retry later 
2026-01-15 11:40:36,859 [FATAL] Updater:351 - Updater called before beeing initialized
2026-01-15 11:40:36,863 [INFO] CADModel:165 - CPN selected for project level
2026-01-15 11:40:36,863 [INFO] CADModel:114 - Register for checkConnection events
2026-01-15 11:40:36,863 [FATAL] Updater:351 - Updater called before beeing initialized
2026-01-15 11:40:36,864 [ERROR] CADModel:125 - Updater not yet initialized, retry later 
2026-01-15 11:40:36,870 [FATAL] Updater:351 - Updater called before beeing initialized
2026-01-15 11:40:36,957 [FATAL] Updater:351 - Updater called before beeing initialized
2026-01-15 11:40:36,961 [INFO] DbMcusAds:53 - JSON generation date=Tue Dec 16 04:41:46 IST 2025 (1765840306612)
2026-01-15 11:40:36,962 [FATAL] Updater:351 - Updater called before beeing initialized
2026-01-15 11:40:36,994 [WARN] DetailPanel:346 - Failed to get advertising image, set to default
2026-01-15 11:40:37,063 [FATAL] Updater:351 - Updater called before beeing initialized
2026-01-15 11:40:37,066 [FATAL] Updater:351 - Updater called before beeing initialized
2026-01-15 11:40:37,066 [FATAL] Updater:351 - Updater called before beeing initialized
2026-01-15 11:40:37,066 [WARN] DetailPanel:346 - Failed to get advertising image, set to default
2026-01-15 11:40:37,067 [FATAL] Updater:351 - Updater called before beeing initialized
2026-01-15 11:40:37,098 [ERROR] Updater:1198 - MainUpdater not yet initialized. External WinMGr cannot be set.
2026-01-15 11:40:37,099 [INFO] Updater:1134 - Updater Version found : 6.15.0
2026-01-15 11:40:37,117 [INFO] ApplicationProperties:184 - Using Application install path: /opt/st/stm32cubeide_1.19.0/plugins/com.st.stm32cube.common.mx_6.15.0.202507011659
2026-01-15 11:40:37,856 [INFO] MainUpdater:2872 - connection check result : 10
2026-01-15 11:40:37,857 [INFO] MainUpdater:3604 - Updater definition file requires update
2026-01-15 11:40:37,858 [INFO] MainUpdater:289 - Updater Check For Update Now.
2026-01-15 11:40:37,858 [INFO] MicroXplorer:498 - Change Database Version : DB.6.0.150
2026-01-15 11:40:37,865 [INFO] McuFinderGlobals:63 - Set McuFinder mode to 2 (CubeIDE integrated)
2026-01-15 11:40:37,866 [INFO] UserAuth:171 - activating auth plugin
2026-01-15 11:40:37,870 [INFO] UserAuth:487 - Internet connection configuration mode: 1
2026-01-15 11:40:37,897 [INFO] JxBrowserEngine:152 - Initiate JxBrowser Engine with user profile folder
2026-01-15 11:40:38,047 [INFO] ServerAccessManage:452 - Complete download http(s) 200
2026-01-15 11:40:38,048 [INFO] ServerAccessManage:509 - Download File updaters.zip
2026-01-15 11:40:38,815 [INFO] FileExtend:248 - Unzip File : updaters.zip
2026-01-15 11:40:38,816 [INFO] FileExtend:263 - Standard Zip Deflate
2026-01-15 11:40:38,841 [WARN] MainUpdater:1193 - Updater busy. Cannot search thirdparties
2026-01-15 11:40:38,841 [INFO] ThirdPartyUpdaterWithRetryManager:96 - Updater plugin is busy. [1/15]
2026-01-15 11:40:39,072 [INFO] WebApp:169 - Instantiating new browser for Auth
2026-01-15 11:40:39,173 [INFO] ServerAccessManage:452 - Complete download http(s) 200
2026-01-15 11:40:39,173 [INFO] ServerAccessManage:509 - Download File PacksControlFlags.xml
2026-01-15 11:40:39,376 [INFO] ServerAccessManage:452 - Complete download http(s) 200
2026-01-15 11:40:39,377 [INFO] ServerAccessManage:509 - Download File cubemx.pidx
2026-01-15 11:40:40,107 [INFO] WebApp:463 - Apply proxy settings
2026-01-15 11:40:40,108 [INFO] WebApp:548 - Chromium requires no authentication
2026-01-15 11:40:40,118 [INFO] WebApp:491 - Direct internet connection detected
2026-01-15 11:40:40,144 [INFO] WebApp:900 - Register for checkConnection events
2026-01-15 11:40:40,144 [INFO] WebApp:463 - Apply proxy settings
2026-01-15 11:40:40,144 [INFO] WebApp:548 - Chromium requires no authentication
2026-01-15 11:40:40,145 [INFO] WebApp:491 - Direct internet connection detected
2026-01-15 11:40:40,301 [INFO] WebApp:225 - Starting web application
2026-01-15 11:40:40,301 [INFO] WebApp:593 - Web application path used /opt/st/stm32cubeide_1.19.0/plugins/com.st.stm32cube.common.mx_6.15.0.202507011659/db/plugins/mcufinder/reactClient1/index.html
2026-01-15 11:40:40,698 [INFO] ServerAccessManage:452 - Complete download http(s) 200
2026-01-15 11:40:40,698 [INFO] ServerAccessManage:509 - Download File STMicroelectronics.X-CUBE-ST67W61.pdsc
2026-01-15 11:40:40,888 [INFO] WebApp:191 - Connection restablished
2026-01-15 11:40:41,596 [WARN] PackLoader:240 - Cannot read IP mode file for STMicroelectronics.X-CUBE-ST67W61.1.2.0
2026-01-15 11:40:41,600 [INFO] PopulateThirdPartyThread:66 - Ending populate Thread
2026-01-15 11:40:41,601 [INFO] ThirdParty:1030 - CMSIS Pack Vendor :STMicroelectronics X-CUBE-ST67W61 1.2.0
2026-01-15 11:40:41,601 [INFO] LoadServerUpdatesThread:375 - End of LoadServerUpdate Thread
2026-01-15 11:40:41,726 [INFO] CheckServerUpdateThread:120 - End of CheckServer Thread
2026-01-15 11:40:42,010 [WARN] PackLoader:240 - Cannot read IP mode file for STMicroelectronics.FP-SNS-MOTENVWB1.1.4.0
2026-01-15 11:40:42,015 [WARN] PackLoader:240 - Cannot read IP mode file for STMicroelectronics.FP-ATR-ASTRA1.2.0.2
2026-01-15 11:40:42,021 [WARN] PackLoader:240 - Cannot read IP mode file for STMicroelectronics.X-CUBE-SMBUS.2.1.0
2026-01-15 11:40:42,024 [WARN] PackLoader:240 - Cannot read IP mode file for STMicroelectronics.X-CUBE-ST60.1.0.0
2026-01-15 11:40:42,046 [WARN] PackLoader:240 - Cannot read IP mode file for STMicroelectronics.X-CUBE-AZRTOS-F7.1.1.0
2026-01-15 11:40:42,056 [WARN] PackLoader:240 - Cannot read IP mode file for STMicroelectronics.FP-SNS-MOTENV1.5.1.0
2026-01-15 11:40:42,077 [WARN] PackLoader:240 - Cannot read IP mode file for Infineon.AIROC-Wi-Fi-Bluetooth-STM32.1.7.1
2026-01-15 11:40:42,101 [WARN] PackLoader:240 - Cannot read IP mode file for STMicroelectronics.X-CUBE-AZRTOS-H7.3.4.0
2026-01-15 11:40:42,109 [WARN] PackLoader:240 - Cannot read IP mode file for STMicroelectronics.X-CUBE-DISPLAY.3.0.0
2026-01-15 11:40:42,119 [WARN] PackLoader:240 - Cannot read IP mode file for STMicroelectronics.X-CUBE-NFC10.1.0.0
2026-01-15 11:40:42,128 [WARN] PackLoader:240 - Cannot read IP mode file for STMicroelectronics.X-CUBE-BLEMGR.4.0.0
2026-01-15 11:40:42,137 [WARN] PackLoader:240 - Cannot read IP mode file for STMicroelectronics.X-CUBE-ST60.1.1.0
2026-01-15 11:40:42,143 [WARN] PackLoader:240 - Cannot read IP mode file for emotas.I-CUBE-CANOPEN.1.3.0
2026-01-15 11:40:42,147 [WARN] PackLoader:240 - Cannot read IP mode file for STMicroelectronics.X-CUBE-GNSS1.7.1.0
2026-01-15 11:40:42,151 [WARN] ConditionMgr:438 - getConditionDescription Invalid condition id : Cortex-A Device cause : null
2026-01-15 11:40:42,158 [WARN] ConditionMgr:1044 - genDependencies : Invalid condition id : Cortex-A Device cause : null
2026-01-15 11:40:42,158 [WARN] ConditionMgr:1044 - genDependencies : Invalid condition id : Cortex-A Device cause : null
2026-01-15 11:40:42,159 [WARN] ConditionMgr:1044 - genDependencies : Invalid condition id : Cortex-A Device cause : null
2026-01-15 11:40:42,163 [WARN] PackLoader:240 - Cannot read IP mode file for STMicroelectronics.FP-SNS-STBOX1.2.1.0
2026-01-15 11:40:42,169 [WARN] PackLoader:240 - Cannot read IP mode file for STMicroelectronics.FP-SNS-SMARTAG2.1.2.0
2026-01-15 11:40:42,171 [WARN] PackLoader:240 - Cannot read IP mode file for STMicroelectronics.FP-SNS-FLIGHT1.5.1.0
2026-01-15 11:40:42,178 [INFO] LogOutputStream:77 - [STDOUT_REDIRECT] 1 : Invalid condition id : UX_CORESTACK_Condition cause : null
2026-01-15 11:40:42,178 [INFO] LogOutputStream:77 - [STDOUT_REDIRECT] 1 : Invalid condition id : UX_CORESTACK_Condition cause : null
2026-01-15 11:40:42,178 [INFO] LogOutputStream:77 - [STDOUT_REDIRECT] 1 : Invalid condition id : UX_CORESTACK_Condition cause : null
2026-01-15 11:40:42,178 [INFO] LogOutputStream:77 - [STDOUT_REDIRECT] 1 : Invalid condition id : UX_CORESTACK_Condition cause : null
2026-01-15 11:40:42,178 [INFO] LogOutputStream:77 - [STDOUT_REDIRECT] 1 : Invalid condition id : UX_CORESTACK_Condition cause : null
2026-01-15 11:40:42,181 [WARN] PackLoader:240 - Cannot read IP mode file for STMicroelectronics.X-CUBE-AZRTOS-WL.2.0.0
2026-01-15 11:40:42,185 [WARN] PackLoader:240 - Cannot read IP mode file for STMicroelectronics.FP-SNS-MOTENV1.5.0.0
2026-01-15 11:40:42,200 [WARN] PackLoader:240 - Cannot read IP mode file for STMicroelectronics.X-CUBE-AZRTOS-H7RS.1.2.0
2026-01-15 11:40:42,206 [WARN] PackLoader:240 - Cannot read IP mode file for WES.I-CUBE-Cesium.1.3.0
2026-01-15 11:40:42,209 [WARN] PackLoader:240 - Cannot read IP mode file for STMicroelectronics.X-CUBE-BLE2.3.3.0
2026-01-15 11:40:42,221 [WARN] PackLoader:240 - Cannot read IP mode file for STMicroelectronics.X-CUBE-NFC9.1.0.0
2026-01-15 11:40:42,227 [WARN] PackLoader:240 - Cannot read IP mode file for wolfSSL.I-CUBE-wolfSSL.5.8.0
2026-01-15 11:40:42,230 [WARN] PackLoader:240 - Cannot read IP mode file for STMicroelectronics.X-CUBE-BLE1.7.1.0
2026-01-15 11:40:42,233 [WARN] PackLoader:240 - Cannot read IP mode file for wolfSSL.I-CUBE-wolfMQTT.1.19.2
2026-01-15 11:40:42,237 [WARN] PackLoader:240 - Cannot read IP mode file for STMicroelectronics.X-CUBE-FREERTOS.1.4.0
2026-01-15 11:40:42,242 [WARN] PackLoader:240 - Cannot read IP mode file for STMicroelectronics.X-CUBE-EEPRMA1.5.2.0
2026-01-15 11:40:42,249 [WARN] PackLoader:240 - Cannot read IP mode file for STMicroelectronics.X-CUBE-ST67W61.1.1.0
2026-01-15 11:40:42,253 [WARN] PackLoader:240 - Cannot read IP mode file for STMicroelectronics.X-CUBE-AI.10.1.0
2026-01-15 11:40:42,303 [WARN] PackLoader:240 - Cannot read IP mode file for STMicroelectronics.X-CUBE-MEMS1.12.0.0
2026-01-15 11:40:42,418 [WARN] PackLoader:240 - Cannot read IP mode file for STMicroelectronics.X-CUBE-AZRTOS-G0.1.1.0
2026-01-15 11:40:42,427 [WARN] PackLoader:240 - Cannot read IP mode file for STMicroelectronics.X-CUBE-SAFEA1.1.2.2
2026-01-15 11:40:42,432 [WARN] PackLoader:240 - Cannot read IP mode file for STMicroelectronics.X-CUBE-NFC4.3.0.0
2026-01-15 11:40:42,439 [WARN] PackLoader:240 - Cannot read IP mode file for EmbeddedOffice.I-CUBE-FS-RTOS.1.0.1
2026-01-15 11:40:42,446 [WARN] PackLoader:240 - Cannot read IP mode file for STMicroelectronics.X-CUBE-WB05N.2.0.0
2026-01-15 11:40:42,451 [WARN] PackLoader:240 - Cannot read IP mode file for wolfSSL.I-CUBE-wolfTPM.3.8.0
2026-01-15 11:40:42,458 [WARN] PackLoader:240 - Cannot read IP mode file for STMicroelectronics.X-CUBE-TCPP.4.2.0
2026-01-15 11:40:42,464 [WARN] PackLoader:240 - Cannot read IP mode file for RealThread.X-CUBE-RT-Thread_Nano.4.1.1
2026-01-15 11:40:42,467 [WARN] PackLoader:240 - Cannot read IP mode file for STMicroelectronics.FP-ATR-SIGFOX1.3.2.0
2026-01-15 11:40:42,474 [WARN] PackLoader:240 - Cannot read IP mode file for STMicroelectronics.X-CUBE-EEPRMA1.5.1.0
2026-01-15 11:40:42,481 [WARN] PackLoader:240 - Cannot read IP mode file for ITTIA_DB.I-CUBE-ITTIADB.8.9.0
2026-01-15 11:40:42,487 [WARN] PackLoader:240 - Cannot read IP mode file for STMicroelectronics.X-CUBE-ST67W61.1.0.0
2026-01-15 11:40:42,494 [WARN] PackLoader:240 - Cannot read IP mode file for STMicroelectronics.X-CUBE-AI.10.2.0
2026-01-15 11:40:42,527 [WARN] PackLoader:240 - Cannot read IP mode file for SEGGER.I-CUBE-embOS.1.3.1
2026-01-15 11:40:42,574 [WARN] PackLoader:240 - Cannot read IP mode file for STMicroelectronics.X-CUBE-ALGOBUILD.1.4.0
2026-01-15 11:40:42,644 [WARN] PackLoader:240 - Cannot read IP mode file for STMicroelectronics.X-CUBE-MEMS1.11.3.0
2026-01-15 11:40:42,763 [WARN] PackLoader:240 - Cannot read IP mode file for STMicroelectronics.X-CUBE-PM33A1.1.0.0
2026-01-15 11:40:42,781 [WARN] PackLoader:240 - Cannot read IP mode file for STMicroelectronics.X-CUBE-AZRTOS-F4.1.1.0
2026-01-15 11:40:42,786 [WARN] PackLoader:240 - Cannot read IP mode file for Avnet-IotConnect.X-CUBE-IoTC-DA16k-PMOD.1.0.0
2026-01-15 11:40:42,789 [WARN] PackLoader:240 - Cannot read IP mode file for STMicroelectronics.X-CUBE-ISPU.2.1.0
2026-01-15 11:40:42,799 [WARN] PackLoader:240 - Cannot read IP mode file for STMicroelectronics.X-CUBE-IPS.3.2.0
2026-01-15 11:40:42,808 [WARN] PackLoader:240 - Cannot read IP mode file for STMicroelectronics.X-CUBE-NFC12.1.0.0
2026-01-15 11:40:42,822 [WARN] PackLoader:240 - Cannot read IP mode file for STMicroelectronics.X-CUBE-AZRTOS-L5.2.0.0
2026-01-15 11:40:42,832 [WARN] PackLoader:240 - Cannot read IP mode file for STMicroelectronics.X-CUBE-NFC6.3.1.0
2026-01-15 11:40:42,839 [WARN] PackLoader:240 - Cannot read IP mode file for STMicroelectronics.X-CUBE-FREERTOS.1.3.1
2026-01-15 11:40:42,842 [WARN] PackLoader:240 - Cannot read IP mode file for STMicroelectronics.X-CUBE-TOUCHGFX.4.26.0
2026-01-15 11:40:42,846 [WARN] PackLoader:240 - Cannot read IP mode file for STMicroelectronics.FP-SNS-STAIOTCFT.1.0.0
2026-01-15 11:40:42,852 [WARN] PackLoader:240 - Cannot read IP mode file for STMicroelectronics.X-CUBE-DPower.1.3.0
2026-01-15 11:40:42,870 [WARN] ConditionMgr:438 - getConditionDescription Invalid condition id : LAN8742 Phy interface Condition cause : null
2026-01-15 11:40:42,870 [WARN] PackLoader:240 - Cannot read IP mode file for STMicroelectronics.X-CUBE-AZRTOS-L4.2.0.0
2026-01-15 11:40:42,872 [WARN] ConditionMgr:1044 - genDependencies : Invalid condition id : LAN8742 Phy interface Condition cause : null
2026-01-15 11:40:42,872 [WARN] ConditionMgr:1044 - genDependencies : Invalid condition id : LAN8742 Phy interface Condition cause : null
2026-01-15 11:40:42,873 [WARN] ConditionMgr:1044 - genDependencies : Invalid condition id : LAN8742 Phy interface Condition cause : null
2026-01-15 11:40:42,879 [WARN] PackLoader:240 - Cannot read IP mode file for STMicroelectronics.X-CUBE-SFXS2LP1.4.0.0
2026-01-15 11:40:42,885 [WARN] PackLoader:240 - Cannot read IP mode file for STMicroelectronics.X-CUBE-ST67W61.1.2.0
2026-01-15 11:40:42,895 [WARN] PackLoader:240 - Cannot read IP mode file for STMicroelectronics.X-CUBE-BLEMGR.4.1.0
2026-01-15 11:40:42,911 [WARN] ConditionMgr:438 - getConditionDescription Invalid condition id : UX DEVICE CLASS RTOS Condition cause : null
2026-01-15 11:40:42,911 [WARN] ConditionMgr:438 - getConditionDescription Invalid condition id : UX DEVICE CLASS RTOS Condition cause : null
2026-01-15 11:40:42,913 [WARN] PackLoader:240 - Cannot read IP mode file for STMicroelectronics.X-CUBE-AZRTOS-WB.2.0.0
2026-01-15 11:40:42,914 [WARN] ConditionMgr:1044 - genDependencies : Invalid condition id : UX DEVICE CLASS RTOS Condition cause : null
2026-01-15 11:40:42,914 [WARN] ConditionMgr:1044 - genDependencies : Invalid condition id : UX DEVICE CLASS RTOS Condition cause : null
2026-01-15 11:40:42,915 [WARN] ConditionMgr:1044 - genDependencies : Invalid condition id : UX DEVICE CLASS RTOS Condition cause : null
2026-01-15 11:40:42,915 [WARN] ConditionMgr:1044 - genDependencies : Invalid condition id : UX DEVICE CLASS RTOS Condition cause : null
2026-01-15 11:40:42,915 [WARN] ConditionMgr:1044 - genDependencies : Invalid condition id : UX DEVICE CLASS RTOS Condition cause : null
2026-01-15 11:40:42,920 [WARN] PackLoader:240 - Cannot read IP mode file for STMicroelectronics.X-CUBE-GNSS1.7.0.1
2026-01-15 11:40:42,923 [WARN] PackLoader:240 - Cannot read IP mode file for STMicroelectronics.X-CUBE-TOUCHGFX.4.25.0
2026-01-15 11:40:42,928 [WARN] PackLoader:240 - Cannot read IP mode file for STMicroelectronics.FP-SNS-STBOX1.2.0.0
2026-01-15 11:40:42,939 [WARN] PackLoader:240 - Cannot read IP mode file for STMicroelectronics.X-CUBE-SUBG2.5.0.0
2026-01-15 11:40:42,961 [WARN] PackLoader:240 - Cannot read IP mode file for STMicroelectronics.X-CUBE-AZRTOS-H7RS.1.1.0
2026-01-15 11:40:42,966 [WARN] PackLoader:240 - Cannot read IP mode file for Cesanta.I-CUBE-Mongoose.7.13.0
2026-01-15 11:40:42,979 [WARN] PackLoader:240 - Cannot read IP mode file for STMicroelectronics.X-CUBE-AZRTOS-G4.2.0.0
2026-01-15 11:40:42,984 [WARN] PackLoader:240 - Cannot read IP mode file for wolfSSL.I-CUBE-wolfSSH.1.4.20
2026-01-15 11:40:42,988 [WARN] PackLoader:240 - Cannot read IP mode file for STMicroelectronics.X-CUBE-NFC7.2.0.0
2026-01-15 11:40:42,998 [WARN] PackLoader:240 - Cannot read IP mode file for STMicroelectronics.X-CUBE-IPS.3.1.0
2026-01-15 11:40:43,006 [WARN] PackLoader:240 - Cannot read IP mode file for STMicroelectronics.X-CUBE-ALS.1.0.2
2026-01-15 11:40:43,012 [WARN] PackLoader:240 - Cannot read IP mode file for STMicroelectronics.X-CUBE-STSE01.1.0.0
2026-01-15 11:40:43,018 [WARN] PackLoader:240 - Cannot read IP mode file for portGmbH.I-Cube-SoM-uGOAL.1.1.0
2026-01-15 11:40:43,028 [WARN] PackLoader:240 - Cannot read IP mode file for STMicroelectronics.X-CUBE-TOF1.3.4.3
2026-01-15 11:40:43,040 [INFO] ThirdParty:978 - Integrity check success = true
2026-01-15 11:40:43,040 [INFO] IntegrityCheckThread:100 - exiting critical section [integrity check]
2026-01-15 11:40:43,040 [INFO] IntegrityCheckThread:103 - End integrity checks thread
2026-01-15 11:42:51,273 [ERROR] LogOutputStream:75 - [STDERR_REDIRECT] 
