2025-12-14 10:18:35,783 [INFO] Activator:176 - 


2025-12-14 10:18:35,786 [INFO] Activator:177 - !SESSION log4j initialized
2025-12-14 10:18:40,899 [INFO] LogOutputStream:77 - [STDOUT_REDIRECT] 
2025-12-14 10:18:43,393 [INFO] ApplicationProperties:184 - Using Application install path: /opt/st/stm32cubeide_1.19.0/plugins/com.st.stm32cube.common.mx_6.15.0.202507011659
2025-12-14 10:18:43,409 [INFO] DbMcusXml:78 - Set database path to: /opt/st/stm32cubeide_1.19.0/plugins/com.st.stm32cube.common.mx_6.15.0.202507011659//db//mcu/
2025-12-14 10:18:43,409 [INFO] ApiDb:274 - Set plugin database path to: /opt/st/stm32cubeide_1.19.0/plugins/com.st.stm32cube.common.mx_6.15.0.202507011659//db//plugins/boardmanager/
2025-12-14 10:18:43,409 [WARN] ApiDb:259 - Overriding images path with different value:  => /opt/st/stm32cubeide_1.19.0/plugins/com.st.stm32cube.common.mx_6.15.0.202507011659//db//plugins/mcufinder/images/
2025-12-14 10:18:43,417 [INFO] ApiDb:250 - Set database path to: /home/sunbeam/.stmcufinder/plugins/mcufinder//mcu/
2025-12-14 10:18:43,418 [INFO] DbMcusAds:125 - Set database path to: /home/sunbeam/.stmcufinder/plugins/mcufinder//mcu/
2025-12-14 10:18:43,656 [INFO] CrossReferenceDbSqlite:203 - Set database path to: /home/sunbeam/.stmcufinder/plugins/mcufinder//mcu/cs/
2025-12-14 10:18:43,784 [INFO] RulesReader:64 - Compatibility file has been processed (317 Rules)
2025-12-14 10:18:43,842 [INFO] DbMcusXml:78 - Set database path to: /opt/st/stm32cubeide_1.19.0/plugins/com.st.stm32cube.common.mx_6.15.0.202507011659//db//mcu/
2025-12-14 10:18:43,842 [INFO] ApiDb:274 - Set plugin database path to: /opt/st/stm32cubeide_1.19.0/plugins/com.st.stm32cube.common.mx_6.15.0.202507011659//db//plugins/boardmanager/
2025-12-14 10:18:43,843 [INFO] ApiDb:261 - Set plugin images path to: /opt/st/stm32cubeide_1.19.0/plugins/com.st.stm32cube.common.mx_6.15.0.202507011659//db//plugins/mcufinder/images/
2025-12-14 10:18:43,843 [WARN] DbFile:41 - Overriding database path with different value: /home/sunbeam/.stmcufinder/plugins/mcufinder/ => /home/sunbeam/.stmcufinder/plugins/mcufinder
2025-12-14 10:18:43,843 [INFO] ApiDb:250 - Set database path to: /home/sunbeam/.stmcufinder/plugins/mcufinder//mcu/
2025-12-14 10:18:43,843 [WARN] DbFile:41 - Overriding database path with different value: /home/sunbeam/.stmcufinder/plugins/mcufinder/ => /home/sunbeam/.stmcufinder/plugins/mcufinder
2025-12-14 10:18:43,843 [INFO] DbMcusAds:125 - Set database path to: /home/sunbeam/.stmcufinder/plugins/mcufinder//mcu/
2025-12-14 10:18:43,843 [WARN] DbFile:41 - Overriding database path with different value: /home/sunbeam/.stmcufinder/plugins/mcufinder/ => /home/sunbeam/.stmcufinder/plugins/mcufinder
2025-12-14 10:18:43,843 [WARN] DbFile:41 - Overriding database path with different value: /home/sunbeam/.stmcufinder/plugins/mcufinder/ => /home/sunbeam/.stmcufinder/plugins/mcufinder
2025-12-14 10:18:44,067 [INFO] CrossReferenceDbSqlite:203 - Set database path to: /home/sunbeam/.stmcufinder/plugins/mcufinder//mcu/cs/
2025-12-14 10:18:44,134 [INFO] MainPanel:274 - HeapMemory: 268435456
2025-12-14 10:18:44,252 [INFO] DbMcusXml:78 - Set database path to: /opt/st/stm32cubeide_1.19.0/plugins/com.st.stm32cube.common.mx_6.15.0.202507011659//db//mcu/
2025-12-14 10:18:44,252 [INFO] ApiDb:274 - Set plugin database path to: /opt/st/stm32cubeide_1.19.0/plugins/com.st.stm32cube.common.mx_6.15.0.202507011659//db//plugins/boardmanager/
2025-12-14 10:18:44,253 [INFO] ApiDb:261 - Set plugin images path to: /opt/st/stm32cubeide_1.19.0/plugins/com.st.stm32cube.common.mx_6.15.0.202507011659//db//plugins/mcufinder/images/
2025-12-14 10:18:44,253 [WARN] DbFile:41 - Overriding database path with different value: /home/sunbeam/.stmcufinder/plugins/mcufinder/ => /home/sunbeam/.stmcufinder/plugins/mcufinder
2025-12-14 10:18:44,253 [INFO] ApiDb:250 - Set database path to: /home/sunbeam/.stmcufinder/plugins/mcufinder//mcu/
2025-12-14 10:18:44,253 [WARN] DbFile:41 - Overriding database path with different value: /home/sunbeam/.stmcufinder/plugins/mcufinder/ => /home/sunbeam/.stmcufinder/plugins/mcufinder
2025-12-14 10:18:44,253 [INFO] DbMcusAds:125 - Set database path to: /home/sunbeam/.stmcufinder/plugins/mcufinder//mcu/
2025-12-14 10:18:44,253 [WARN] DbFile:41 - Overriding database path with different value: /home/sunbeam/.stmcufinder/plugins/mcufinder/ => /home/sunbeam/.stmcufinder/plugins/mcufinder
2025-12-14 10:18:44,253 [WARN] DbFile:41 - Overriding database path with different value: /home/sunbeam/.stmcufinder/plugins/mcufinder/ => /home/sunbeam/.stmcufinder/plugins/mcufinder
2025-12-14 10:18:44,578 [INFO] CrossReferenceDbSqlite:203 - Set database path to: /home/sunbeam/.stmcufinder/plugins/mcufinder//mcu/cs/
2025-12-14 10:18:44,597 [INFO] ApplicationProperties:184 - Using Application install path: /opt/st/stm32cubeide_1.19.0/plugins/com.st.stm32cube.common.mx_6.15.0.202507011659
2025-12-14 10:18:44,599 [INFO] PluginManage:196 - Search for loadable plugins [exclusion list=, ]
2025-12-14 10:18:44,599 [INFO] PluginManage:310 - Check plugin analytics
2025-12-14 10:18:44,966 [INFO] AnalyticsPlugin:253 - Accepted Software Licenses: 
2025-12-14 10:18:44,966 [INFO] AnalyticsPlugin:255 - Accepted CMSIS Pack Licenses: 
2025-12-14 10:18:44,966 [INFO] AnalyticsPlugin:257 - Accepted Firmware Licenses: FW.F4.1.28.0
2025-12-14 10:18:44,968 [INFO] PluginManage:359 - Loaded plugin analytics (category:tool,tabindex:-1)
2025-12-14 10:18:44,969 [INFO] PluginManage:310 - Check plugin cadmodel
2025-12-14 10:18:44,974 [INFO] CADModel:105 - Init CAD model plugin
2025-12-14 10:18:44,975 [INFO] PluginManage:359 - Loaded plugin cadmodel (category:power,tabindex:5)
2025-12-14 10:18:44,975 [INFO] PluginManage:310 - Check plugin clock
2025-12-14 10:18:44,983 [INFO] PluginManage:359 - Loaded plugin clock (category:base,tabindex:2)
2025-12-14 10:18:44,984 [INFO] PluginManage:310 - Check plugin ddr
2025-12-14 10:18:44,986 [INFO] PluginManage:359 - Loaded plugin ddr (category:tool,tabindex:6)
2025-12-14 10:18:44,986 [INFO] PluginManage:310 - Check plugin filemanager
2025-12-14 10:18:45,114 [INFO] PluginManage:359 - Loaded plugin filemanager (category:base,tabindex:10)
2025-12-14 10:18:45,114 [INFO] PluginManage:310 - Check plugin ipmanager
2025-12-14 10:18:45,120 [INFO] PluginManage:359 - Loaded plugin ipmanager (category:base,tabindex:5)
2025-12-14 10:18:45,120 [INFO] PluginManage:310 - Check plugin lpbam
2025-12-14 10:18:45,129 [INFO] PluginManage:359 - Loaded plugin lpbam (category:base,tabindex:0)
2025-12-14 10:18:45,129 [INFO] PluginManage:310 - Check plugin memorymap
2025-12-14 10:18:45,141 [INFO] PluginManage:359 - Loaded plugin memorymap (category:base,tabindex:4)
2025-12-14 10:18:45,141 [INFO] PluginManage:310 - Check plugin pinoutandconfiguration
2025-12-14 10:18:45,150 [INFO] PluginManage:359 - Loaded plugin pinoutandconfiguration (category:base,tabindex:1)
2025-12-14 10:18:45,150 [INFO] PluginManage:310 - Check plugin pinoutconfig
2025-12-14 10:18:45,227 [WARN] SupportedApi:132 - Cannot load RTOS API schema: s4s-elt-must-match.1: The content of 'definitions' must match (annotation?, (simpleType | complexType)?, (unique | key | keyref)*)). A problem was found starting at: attribute.
2025-12-14 10:18:45,340 [INFO] PluginManage:359 - Loaded plugin pinoutconfig (category:base,tabindex:0)
2025-12-14 10:18:45,341 [INFO] PluginManage:310 - Check plugin power
2025-12-14 10:18:45,349 [INFO] PluginManage:359 - Loaded plugin power (category:power,tabindex:4)
2025-12-14 10:18:45,349 [INFO] PluginManage:310 - Check plugin projectmanager
2025-12-14 10:18:45,362 [INFO] PluginManage:359 - Loaded plugin projectmanager (category:projectmanager,tabindex:4)
2025-12-14 10:18:45,362 [INFO] PluginManage:310 - Check plugin rif
2025-12-14 10:18:45,371 [INFO] PluginManage:359 - Loaded plugin rif (category:base,tabindex:3)
2025-12-14 10:18:45,371 [INFO] PluginManage:310 - Check plugin thirdparty
2025-12-14 10:18:45,476 [INFO] PluginManage:359 - Loaded plugin thirdparty (category:base,tabindex:-1)
2025-12-14 10:18:45,476 [WARN] IntegrityCheckThread:84 - waiting for thirdparty lock release [integrity check]
2025-12-14 10:18:45,477 [INFO] IntegrityCheckThread:86 - entering critical section [integrity check]
2025-12-14 10:18:45,477 [INFO] PluginManage:310 - Check plugin tools
2025-12-14 10:18:45,477 [INFO] ThirdPartyUpdaterWithRetryManager:70 - Updater plugin not ready yet. [1/15]
2025-12-14 10:18:45,478 [INFO] PluginManage:359 - Loaded plugin tools (category:base,tabindex:7)
2025-12-14 10:18:45,479 [INFO] PluginManage:310 - Check plugin tutovideos
2025-12-14 10:18:45,641 [INFO] PluginManage:359 - Loaded plugin tutovideos (category:base,tabindex:-1)
2025-12-14 10:18:45,642 [INFO] PluginManage:310 - Check plugin updater
2025-12-14 10:18:45,659 [INFO] PluginManage:359 - Loaded plugin updater (category:base,tabindex:12)
2025-12-14 10:18:45,659 [INFO] PluginManage:310 - Check plugin userauth
2025-12-14 10:18:45,662 [INFO] UserAuth:118 - Init User Auth plugin
2025-12-14 10:18:45,663 [INFO] PluginManage:359 - Loaded plugin userauth (category:base,tabindex:14)
2025-12-14 10:18:45,663 [INFO] PluginManage:283 - PluginManage : Loaded plugins [18]
2025-12-14 10:18:45,809 [INFO] PinOutPanel:1589 - setPackage(No Configuration,No Configuration)
2025-12-14 10:18:45,861 [INFO] CADModel:165 - CPN selected for project level
2025-12-14 10:18:45,861 [INFO] CADModel:114 - Register for checkConnection events
2025-12-14 10:18:45,869 [INFO] IPUIPlugin:80 - create IPUIPlugin
2025-12-14 10:18:45,870 [INFO] PluginManager:220 - loadIPPluginJar : add dfsdm
2025-12-14 10:18:45,873 [INFO] IPUIPlugin:80 - create IPUIPlugin
2025-12-14 10:18:45,873 [INFO] PluginManager:220 - loadIPPluginJar : add gfxmmu
2025-12-14 10:18:45,875 [INFO] IPUIPlugin:80 - create IPUIPlugin
2025-12-14 10:18:45,876 [INFO] PluginManager:220 - loadIPPluginJar : add i3c
2025-12-14 10:18:45,878 [INFO] IPUIPlugin:80 - create IPUIPlugin
2025-12-14 10:18:45,878 [INFO] PluginManager:220 - loadIPPluginJar : add sai
2025-12-14 10:18:45,882 [INFO] IPUIPlugin:80 - create IPUIPlugin
2025-12-14 10:18:45,883 [INFO] PluginManager:220 - loadIPPluginJar : add dma
2025-12-14 10:18:45,884 [INFO] IPUIPlugin:80 - create IPUIPlugin
2025-12-14 10:18:45,884 [INFO] PluginManager:220 - loadIPPluginJar : add quadspi
2025-12-14 10:18:45,888 [INFO] IPUIPlugin:80 - create IPUIPlugin
2025-12-14 10:18:45,888 [INFO] PluginManager:220 - loadIPPluginJar : add opamp
2025-12-14 10:18:45,889 [INFO] IPUIPlugin:80 - create IPUIPlugin
2025-12-14 10:18:45,889 [INFO] PluginManager:220 - loadIPPluginJar : add comp
2025-12-14 10:18:45,896 [INFO] IPUIPlugin:80 - create IPUIPlugin
2025-12-14 10:18:45,898 [INFO] PluginManager:220 - loadIPPluginJar : add plateformsettings
2025-12-14 10:18:45,900 [INFO] IPUIPlugin:80 - create IPUIPlugin
2025-12-14 10:18:45,900 [INFO] PluginManager:220 - loadIPPluginJar : add ltdc
2025-12-14 10:18:45,904 [INFO] IPUIPlugin:80 - create IPUIPlugin
2025-12-14 10:18:45,904 [INFO] PluginManager:220 - loadIPPluginJar : add nvic
2025-12-14 10:18:45,905 [INFO] IPUIPlugin:80 - create IPUIPlugin
2025-12-14 10:18:45,905 [INFO] PluginManager:220 - loadIPPluginJar : add fatfs
2025-12-14 10:18:45,909 [INFO] IPUIPlugin:80 - create IPUIPlugin
2025-12-14 10:18:45,909 [INFO] PluginManager:220 - loadIPPluginJar : add gpio
2025-12-14 10:18:45,911 [INFO] IPUIPlugin:80 - create IPUIPlugin
2025-12-14 10:18:45,912 [INFO] PluginManager:220 - loadIPPluginJar : add aes
2025-12-14 10:18:45,916 [INFO] IPUIPlugin:80 - create IPUIPlugin
2025-12-14 10:18:45,916 [INFO] PluginManager:220 - loadIPPluginJar : add mdma
2025-12-14 10:18:45,918 [INFO] IPUIPlugin:80 - create IPUIPlugin
2025-12-14 10:18:45,918 [INFO] PluginManager:220 - loadIPPluginJar : add pdm2pcm
2025-12-14 10:18:45,923 [INFO] IPUIPlugin:80 - create IPUIPlugin
2025-12-14 10:18:45,923 [INFO] PluginManager:220 - loadIPPluginJar : add linkedlist
2025-12-14 10:18:45,925 [INFO] IPUIPlugin:80 - create IPUIPlugin
2025-12-14 10:18:45,925 [INFO] PluginManager:220 - loadIPPluginJar : add usart
2025-12-14 10:18:45,927 [INFO] IPUIPlugin:80 - create IPUIPlugin
2025-12-14 10:18:45,927 [INFO] PluginManager:220 - loadIPPluginJar : add i2c
2025-12-14 10:18:45,929 [INFO] IPUIPlugin:80 - create IPUIPlugin
2025-12-14 10:18:45,929 [INFO] PluginManager:220 - loadIPPluginJar : add lorawan
2025-12-14 10:18:45,931 [INFO] IPUIPlugin:80 - create IPUIPlugin
2025-12-14 10:18:45,931 [INFO] PluginManager:220 - loadIPPluginJar : add usbx
2025-12-14 10:18:45,935 [INFO] IPUIPlugin:80 - create IPUIPlugin
2025-12-14 10:18:45,935 [INFO] PluginManager:220 - loadIPPluginJar : add fmc
2025-12-14 10:18:45,937 [INFO] IPUIPlugin:80 - create IPUIPlugin
2025-12-14 10:18:45,937 [INFO] PluginManager:220 - loadIPPluginJar : add extmemmanager
2025-12-14 10:18:45,942 [INFO] IPUIPlugin:80 - create IPUIPlugin
2025-12-14 10:18:45,942 [INFO] PluginManager:220 - loadIPPluginJar : add freertos
2025-12-14 10:18:45,945 [INFO] IPUIPlugin:80 - create IPUIPlugin
2025-12-14 10:18:45,945 [INFO] PluginManager:220 - loadIPPluginJar : add can
2025-12-14 10:18:45,947 [INFO] IPUIPlugin:80 - create IPUIPlugin
2025-12-14 10:18:45,947 [INFO] PluginManager:220 - loadIPPluginJar : add touchsensing
2025-12-14 10:18:45,949 [INFO] IPUIPlugin:80 - create IPUIPlugin
2025-12-14 10:18:45,949 [INFO] PluginManager:220 - loadIPPluginJar : add tracer_emb
2025-12-14 10:18:45,951 [INFO] IPUIPlugin:80 - create IPUIPlugin
2025-12-14 10:18:45,951 [INFO] PluginManager:220 - loadIPPluginJar : add ucpd
2025-12-14 10:18:45,952 [INFO] IPUIPlugin:80 - create IPUIPlugin
2025-12-14 10:18:45,952 [INFO] PluginManager:220 - loadIPPluginJar : add ts
2025-12-14 10:18:45,953 [INFO] IPUIPlugin:80 - create IPUIPlugin
2025-12-14 10:18:45,954 [INFO] PluginManager:220 - loadIPPluginJar : add tsc
2025-12-14 10:18:45,956 [INFO] IPUIPlugin:80 - create IPUIPlugin
2025-12-14 10:18:45,956 [INFO] PluginManager:220 - loadIPPluginJar : add resmgrutility
2025-12-14 10:18:45,958 [INFO] IPUIPlugin:80 - create IPUIPlugin
2025-12-14 10:18:45,958 [INFO] PluginManager:220 - loadIPPluginJar : add cryp
2025-12-14 10:18:45,960 [INFO] IPUIPlugin:80 - create IPUIPlugin
2025-12-14 10:18:45,961 [INFO] PluginManager:220 - loadIPPluginJar : add openamp
2025-12-14 10:18:45,965 [INFO] IPUIPlugin:80 - create IPUIPlugin
2025-12-14 10:18:45,965 [INFO] PluginManager:220 - loadIPPluginJar : add adc
2025-12-14 10:18:45,967 [INFO] IPUIPlugin:80 - create IPUIPlugin
2025-12-14 10:18:45,967 [INFO] PluginManager:220 - loadIPPluginJar : add spi
2025-12-14 10:18:45,970 [INFO] IPUIPlugin:80 - create IPUIPlugin
2025-12-14 10:18:45,970 [INFO] PluginManager:220 - loadIPPluginJar : add ipddr
2025-12-14 10:18:45,975 [INFO] IPUIPlugin:80 - create IPUIPlugin
2025-12-14 10:18:45,975 [INFO] PluginManager:220 - loadIPPluginJar : add stm32_wpan
2025-12-14 10:18:45,979 [INFO] IPUIPlugin:80 - create IPUIPlugin
2025-12-14 10:18:45,979 [INFO] PluginManager:220 - loadIPPluginJar : add gic
2025-12-14 10:18:45,982 [INFO] IPUIPlugin:80 - create IPUIPlugin
2025-12-14 10:18:45,982 [INFO] PluginManager:220 - loadIPPluginJar : add ddr_ctrl_phy
2025-12-14 10:18:45,983 [INFO] IPUIPlugin:80 - create IPUIPlugin
2025-12-14 10:18:45,983 [INFO] PluginManager:220 - loadIPPluginJar : add genericplugin
2025-12-14 10:18:45,985 [INFO] IPUIPlugin:80 - create IPUIPlugin
2025-12-14 10:18:45,985 [INFO] PluginManager:220 - loadIPPluginJar : add hash
2025-12-14 10:18:45,986 [INFO] IPUIPlugin:80 - create IPUIPlugin
2025-12-14 10:18:45,986 [INFO] PluginManager:220 - loadIPPluginJar : add tim
2025-12-14 10:18:45,987 [INFO] IPUIPlugin:80 - create IPUIPlugin
2025-12-14 10:18:45,988 [INFO] PluginManager:220 - loadIPPluginJar : add radio
2025-12-14 10:18:45,990 [INFO] IPUIPlugin:80 - create IPUIPlugin
2025-12-14 10:18:45,990 [INFO] PluginManager:220 - loadIPPluginJar : add gtzc
2025-12-14 10:18:45,991 [INFO] IPUIPlugin:80 - create IPUIPlugin
2025-12-14 10:18:45,991 [INFO] PluginManager:220 - loadIPPluginJar : add i2s
2025-12-14 10:18:45,993 [INFO] IPUIPlugin:80 - create IPUIPlugin
2025-12-14 10:18:45,993 [INFO] PluginManager:220 - loadIPPluginJar : add dma3
2025-12-14 10:18:46,091 [FATAL] Updater:351 - Updater called before beeing initialized
2025-12-14 10:18:46,125 [INFO] RulesReader:64 - Compatibility file has been processed (317 Rules)
2025-12-14 10:18:46,134 [INFO] RulesReader:64 - Compatibility file has been processed (317 Rules)
2025-12-14 10:18:46,140 [INFO] CADModel:165 - CPN selected for project level
2025-12-14 10:18:46,140 [INFO] CADModel:114 - Register for checkConnection events
2025-12-14 10:18:46,140 [FATAL] Updater:351 - Updater called before beeing initialized
2025-12-14 10:18:46,140 [ERROR] CADModel:125 - Updater not yet initialized, retry later 
2025-12-14 10:18:46,231 [FATAL] Updater:351 - Updater called before beeing initialized
2025-12-14 10:18:46,232 [INFO] CADModel:165 - CPN selected for project level
2025-12-14 10:18:46,232 [INFO] CADModel:114 - Register for checkConnection events
2025-12-14 10:18:46,232 [FATAL] Updater:351 - Updater called before beeing initialized
2025-12-14 10:18:46,232 [ERROR] CADModel:125 - Updater not yet initialized, retry later 
2025-12-14 10:18:46,235 [FATAL] Updater:351 - Updater called before beeing initialized
2025-12-14 10:18:46,294 [FATAL] Updater:351 - Updater called before beeing initialized
2025-12-14 10:18:46,297 [INFO] DbMcusAds:53 - JSON generation date=Tue Nov 25 19:38:32 IST 2025 (1764079712835)
2025-12-14 10:18:46,298 [FATAL] Updater:351 - Updater called before beeing initialized
2025-12-14 10:18:46,327 [WARN] DetailPanel:346 - Failed to get advertising image, set to default
2025-12-14 10:18:46,384 [FATAL] Updater:351 - Updater called before beeing initialized
2025-12-14 10:18:46,386 [FATAL] Updater:351 - Updater called before beeing initialized
2025-12-14 10:18:46,386 [FATAL] Updater:351 - Updater called before beeing initialized
2025-12-14 10:18:46,386 [WARN] DetailPanel:346 - Failed to get advertising image, set to default
2025-12-14 10:18:46,387 [FATAL] Updater:351 - Updater called before beeing initialized
2025-12-14 10:18:46,419 [ERROR] Updater:1198 - MainUpdater not yet initialized. External WinMGr cannot be set.
2025-12-14 10:18:46,421 [INFO] Updater:1134 - Updater Version found : 6.15.0
2025-12-14 10:18:46,435 [INFO] ApplicationProperties:184 - Using Application install path: /opt/st/stm32cubeide_1.19.0/plugins/com.st.stm32cube.common.mx_6.15.0.202507011659
2025-12-14 10:18:47,014 [INFO] MainUpdater:2872 - connection check result : 10
2025-12-14 10:18:47,015 [INFO] MainUpdater:3604 - Updater definition file requires update
2025-12-14 10:18:47,015 [INFO] MainUpdater:289 - Updater Check For Update Now.
2025-12-14 10:18:47,015 [INFO] MicroXplorer:498 - Change Database Version : DB.6.0.150
2025-12-14 10:18:47,021 [INFO] McuFinderGlobals:63 - Set McuFinder mode to 2 (CubeIDE integrated)
2025-12-14 10:18:47,021 [INFO] UserAuth:171 - activating auth plugin
2025-12-14 10:18:47,023 [INFO] UserAuth:487 - Internet connection configuration mode: 1
2025-12-14 10:18:47,043 [INFO] JxBrowserEngine:152 - Initiate JxBrowser Engine with user profile folder
2025-12-14 10:18:47,242 [INFO] ServerAccessManage:452 - Complete download http(s) 200
2025-12-14 10:18:47,243 [INFO] ServerAccessManage:509 - Download File updaters.zip
2025-12-14 10:18:47,657 [INFO] FileExtend:248 - Unzip File : updaters.zip
2025-12-14 10:18:47,657 [INFO] FileExtend:263 - Standard Zip Deflate
2025-12-14 10:18:47,913 [INFO] ServerAccessManage:452 - Complete download http(s) 200
2025-12-14 10:18:47,913 [INFO] ServerAccessManage:509 - Download File PacksControlFlags.xml
2025-12-14 10:18:47,954 [INFO] WebApp:169 - Instantiating new browser for Auth
2025-12-14 10:18:48,035 [INFO] ServerAccessManage:452 - Complete download http(s) 200
2025-12-14 10:18:48,035 [INFO] ServerAccessManage:509 - Download File cubemx.pidx
2025-12-14 10:18:48,116 [INFO] LoadServerUpdatesThread:375 - End of LoadServerUpdate Thread
2025-12-14 10:18:48,272 [INFO] CheckServerUpdateThread:120 - End of CheckServer Thread
2025-12-14 10:18:48,615 [WARN] PackLoader:240 - Cannot read IP mode file for STMicroelectronics.FP-SNS-MOTENVWB1.1.4.0
2025-12-14 10:18:48,622 [WARN] PackLoader:240 - Cannot read IP mode file for STMicroelectronics.FP-ATR-ASTRA1.2.0.2
2025-12-14 10:18:48,626 [INFO] WebApp:463 - Apply proxy settings
2025-12-14 10:18:48,627 [INFO] WebApp:548 - Chromium requires no authentication
2025-12-14 10:18:48,631 [WARN] PackLoader:240 - Cannot read IP mode file for STMicroelectronics.X-CUBE-SMBUS.2.1.0
2025-12-14 10:18:48,637 [WARN] PackLoader:240 - Cannot read IP mode file for STMicroelectronics.X-CUBE-ST60.1.0.0
2025-12-14 10:18:48,637 [INFO] WebApp:491 - Direct internet connection detected
2025-12-14 10:18:48,662 [INFO] WebApp:900 - Register for checkConnection events
2025-12-14 10:18:48,662 [INFO] WebApp:463 - Apply proxy settings
2025-12-14 10:18:48,662 [INFO] WebApp:548 - Chromium requires no authentication
2025-12-14 10:18:48,663 [INFO] WebApp:491 - Direct internet connection detected
2025-12-14 10:18:48,671 [WARN] PackLoader:240 - Cannot read IP mode file for STMicroelectronics.X-CUBE-AZRTOS-F7.1.1.0
2025-12-14 10:18:48,681 [WARN] PackLoader:240 - Cannot read IP mode file for STMicroelectronics.FP-SNS-MOTENV1.5.1.0
2025-12-14 10:18:48,715 [WARN] PackLoader:240 - Cannot read IP mode file for Infineon.AIROC-Wi-Fi-Bluetooth-STM32.1.7.1
2025-12-14 10:18:48,753 [WARN] PackLoader:240 - Cannot read IP mode file for STMicroelectronics.X-CUBE-AZRTOS-H7.3.4.0
2025-12-14 10:18:48,766 [WARN] PackLoader:240 - Cannot read IP mode file for STMicroelectronics.X-CUBE-DISPLAY.3.0.0
2025-12-14 10:18:48,782 [WARN] PackLoader:240 - Cannot read IP mode file for STMicroelectronics.X-CUBE-NFC10.1.0.0
2025-12-14 10:18:48,797 [WARN] PackLoader:240 - Cannot read IP mode file for STMicroelectronics.X-CUBE-BLEMGR.4.0.0
2025-12-14 10:18:48,806 [WARN] PackLoader:240 - Cannot read IP mode file for STMicroelectronics.X-CUBE-ST60.1.1.0
2025-12-14 10:18:48,813 [WARN] PackLoader:240 - Cannot read IP mode file for emotas.I-CUBE-CANOPEN.1.3.0
2025-12-14 10:18:48,818 [WARN] PackLoader:240 - Cannot read IP mode file for STMicroelectronics.X-CUBE-GNSS1.7.1.0
2025-12-14 10:18:48,823 [WARN] ConditionMgr:438 - getConditionDescription Invalid condition id : Cortex-A Device cause : null
2025-12-14 10:18:48,834 [WARN] ConditionMgr:1044 - genDependencies : Invalid condition id : Cortex-A Device cause : null
2025-12-14 10:18:48,835 [WARN] ConditionMgr:1044 - genDependencies : Invalid condition id : Cortex-A Device cause : null
2025-12-14 10:18:48,835 [WARN] ConditionMgr:1044 - genDependencies : Invalid condition id : Cortex-A Device cause : null
2025-12-14 10:18:48,842 [WARN] PackLoader:240 - Cannot read IP mode file for STMicroelectronics.FP-SNS-STBOX1.2.1.0
2025-12-14 10:18:48,849 [WARN] PackLoader:240 - Cannot read IP mode file for STMicroelectronics.FP-SNS-SMARTAG2.1.2.0
2025-12-14 10:18:48,850 [INFO] WebApp:225 - Starting web application
2025-12-14 10:18:48,850 [INFO] WebApp:593 - Web application path used /opt/st/stm32cubeide_1.19.0/plugins/com.st.stm32cube.common.mx_6.15.0.202507011659/db/plugins/mcufinder/reactClient1/index.html
2025-12-14 10:18:48,854 [WARN] PackLoader:240 - Cannot read IP mode file for STMicroelectronics.FP-SNS-FLIGHT1.5.1.0
2025-12-14 10:18:48,866 [INFO] LogOutputStream:77 - [STDOUT_REDIRECT] 1 : Invalid condition id : UX_CORESTACK_Condition cause : null
2025-12-14 10:18:48,867 [INFO] LogOutputStream:77 - [STDOUT_REDIRECT] 1 : Invalid condition id : UX_CORESTACK_Condition cause : null
2025-12-14 10:18:48,867 [INFO] LogOutputStream:77 - [STDOUT_REDIRECT] 1 : Invalid condition id : UX_CORESTACK_Condition cause : null
2025-12-14 10:18:48,867 [INFO] LogOutputStream:77 - [STDOUT_REDIRECT] 1 : Invalid condition id : UX_CORESTACK_Condition cause : null
2025-12-14 10:18:48,868 [INFO] LogOutputStream:77 - [STDOUT_REDIRECT] 1 : Invalid condition id : UX_CORESTACK_Condition cause : null
2025-12-14 10:18:48,872 [WARN] PackLoader:240 - Cannot read IP mode file for STMicroelectronics.X-CUBE-AZRTOS-WL.2.0.0
2025-12-14 10:18:48,878 [WARN] PackLoader:240 - Cannot read IP mode file for STMicroelectronics.FP-SNS-MOTENV1.5.0.0
2025-12-14 10:18:48,902 [WARN] PackLoader:240 - Cannot read IP mode file for STMicroelectronics.X-CUBE-AZRTOS-H7RS.1.2.0
2025-12-14 10:18:48,911 [WARN] PackLoader:240 - Cannot read IP mode file for WES.I-CUBE-Cesium.1.3.0
2025-12-14 10:18:48,916 [WARN] PackLoader:240 - Cannot read IP mode file for STMicroelectronics.X-CUBE-BLE2.3.3.0
2025-12-14 10:18:48,931 [WARN] PackLoader:240 - Cannot read IP mode file for STMicroelectronics.X-CUBE-NFC9.1.0.0
2025-12-14 10:18:48,937 [WARN] PackLoader:240 - Cannot read IP mode file for wolfSSL.I-CUBE-wolfSSL.5.8.0
2025-12-14 10:18:48,942 [WARN] PackLoader:240 - Cannot read IP mode file for STMicroelectronics.X-CUBE-BLE1.7.1.0
2025-12-14 10:18:48,945 [WARN] PackLoader:240 - Cannot read IP mode file for wolfSSL.I-CUBE-wolfMQTT.1.19.2
2025-12-14 10:18:48,950 [WARN] PackLoader:240 - Cannot read IP mode file for STMicroelectronics.X-CUBE-FREERTOS.1.4.0
2025-12-14 10:18:48,957 [WARN] PackLoader:240 - Cannot read IP mode file for STMicroelectronics.X-CUBE-EEPRMA1.5.2.0
2025-12-14 10:18:48,966 [WARN] PackLoader:240 - Cannot read IP mode file for STMicroelectronics.X-CUBE-ST67W61.1.1.0
2025-12-14 10:18:48,970 [WARN] PackLoader:240 - Cannot read IP mode file for STMicroelectronics.X-CUBE-AI.10.1.0
2025-12-14 10:18:49,027 [WARN] PackLoader:240 - Cannot read IP mode file for STMicroelectronics.X-CUBE-MEMS1.12.0.0
2025-12-14 10:18:49,053 [INFO] WebApp:191 - Connection restablished
2025-12-14 10:18:49,158 [WARN] PackLoader:240 - Cannot read IP mode file for STMicroelectronics.X-CUBE-AZRTOS-G0.1.1.0
2025-12-14 10:18:49,166 [WARN] PackLoader:240 - Cannot read IP mode file for STMicroelectronics.X-CUBE-SAFEA1.1.2.2
2025-12-14 10:18:49,172 [WARN] PackLoader:240 - Cannot read IP mode file for STMicroelectronics.X-CUBE-NFC4.3.0.0
2025-12-14 10:18:49,180 [WARN] PackLoader:240 - Cannot read IP mode file for EmbeddedOffice.I-CUBE-FS-RTOS.1.0.1
2025-12-14 10:18:49,187 [WARN] PackLoader:240 - Cannot read IP mode file for STMicroelectronics.X-CUBE-WB05N.2.0.0
2025-12-14 10:18:49,191 [WARN] PackLoader:240 - Cannot read IP mode file for wolfSSL.I-CUBE-wolfTPM.3.8.0
2025-12-14 10:18:49,196 [WARN] PackLoader:240 - Cannot read IP mode file for STMicroelectronics.X-CUBE-TCPP.4.2.0
2025-12-14 10:18:49,202 [WARN] PackLoader:240 - Cannot read IP mode file for RealThread.X-CUBE-RT-Thread_Nano.4.1.1
2025-12-14 10:18:49,206 [WARN] PackLoader:240 - Cannot read IP mode file for STMicroelectronics.FP-ATR-SIGFOX1.3.2.0
2025-12-14 10:18:49,211 [WARN] PackLoader:240 - Cannot read IP mode file for STMicroelectronics.X-CUBE-EEPRMA1.5.1.0
2025-12-14 10:18:49,219 [WARN] PackLoader:240 - Cannot read IP mode file for ITTIA_DB.I-CUBE-ITTIADB.8.9.0
2025-12-14 10:18:49,227 [WARN] PackLoader:240 - Cannot read IP mode file for STMicroelectronics.X-CUBE-ST67W61.1.0.0
2025-12-14 10:18:49,232 [WARN] PackLoader:240 - Cannot read IP mode file for STMicroelectronics.X-CUBE-AI.10.2.0
2025-12-14 10:18:49,288 [WARN] PackLoader:240 - Cannot read IP mode file for SEGGER.I-CUBE-embOS.1.3.1
2025-12-14 10:18:49,334 [WARN] PackLoader:240 - Cannot read IP mode file for STMicroelectronics.X-CUBE-ALGOBUILD.1.4.0
2025-12-14 10:18:49,373 [WARN] PackLoader:240 - Cannot read IP mode file for STMicroelectronics.X-CUBE-MEMS1.11.3.0
2025-12-14 10:18:49,499 [WARN] PackLoader:240 - Cannot read IP mode file for STMicroelectronics.X-CUBE-PM33A1.1.0.0
2025-12-14 10:18:49,515 [WARN] PackLoader:240 - Cannot read IP mode file for STMicroelectronics.X-CUBE-AZRTOS-F4.1.1.0
2025-12-14 10:18:49,520 [WARN] PackLoader:240 - Cannot read IP mode file for Avnet-IotConnect.X-CUBE-IoTC-DA16k-PMOD.1.0.0
2025-12-14 10:18:49,523 [WARN] PackLoader:240 - Cannot read IP mode file for STMicroelectronics.X-CUBE-ISPU.2.1.0
2025-12-14 10:18:49,537 [WARN] PackLoader:240 - Cannot read IP mode file for STMicroelectronics.X-CUBE-IPS.3.2.0
2025-12-14 10:18:49,550 [WARN] PackLoader:240 - Cannot read IP mode file for STMicroelectronics.X-CUBE-NFC12.1.0.0
2025-12-14 10:18:49,567 [WARN] PackLoader:240 - Cannot read IP mode file for STMicroelectronics.X-CUBE-AZRTOS-L5.2.0.0
2025-12-14 10:18:49,576 [WARN] PackLoader:240 - Cannot read IP mode file for STMicroelectronics.X-CUBE-NFC6.3.1.0
2025-12-14 10:18:49,585 [WARN] PackLoader:240 - Cannot read IP mode file for STMicroelectronics.X-CUBE-FREERTOS.1.3.1
2025-12-14 10:18:49,590 [WARN] PackLoader:240 - Cannot read IP mode file for STMicroelectronics.X-CUBE-TOUCHGFX.4.26.0
2025-12-14 10:18:49,595 [WARN] PackLoader:240 - Cannot read IP mode file for STMicroelectronics.FP-SNS-STAIOTCFT.1.0.0
2025-12-14 10:18:49,600 [WARN] PackLoader:240 - Cannot read IP mode file for STMicroelectronics.X-CUBE-DPower.1.3.0
2025-12-14 10:18:49,618 [WARN] ConditionMgr:438 - getConditionDescription Invalid condition id : LAN8742 Phy interface Condition cause : null
2025-12-14 10:18:49,619 [WARN] PackLoader:240 - Cannot read IP mode file for STMicroelectronics.X-CUBE-AZRTOS-L4.2.0.0
2025-12-14 10:18:49,620 [WARN] ConditionMgr:1044 - genDependencies : Invalid condition id : LAN8742 Phy interface Condition cause : null
2025-12-14 10:18:49,621 [WARN] ConditionMgr:1044 - genDependencies : Invalid condition id : LAN8742 Phy interface Condition cause : null
2025-12-14 10:18:49,621 [WARN] ConditionMgr:1044 - genDependencies : Invalid condition id : LAN8742 Phy interface Condition cause : null
2025-12-14 10:18:49,628 [WARN] PackLoader:240 - Cannot read IP mode file for STMicroelectronics.X-CUBE-SFXS2LP1.4.0.0
2025-12-14 10:18:49,638 [WARN] PackLoader:240 - Cannot read IP mode file for STMicroelectronics.X-CUBE-BLEMGR.4.1.0
2025-12-14 10:18:49,648 [WARN] ConditionMgr:438 - getConditionDescription Invalid condition id : UX DEVICE CLASS RTOS Condition cause : null
2025-12-14 10:18:49,648 [WARN] ConditionMgr:438 - getConditionDescription Invalid condition id : UX DEVICE CLASS RTOS Condition cause : null
2025-12-14 10:18:49,649 [WARN] PackLoader:240 - Cannot read IP mode file for STMicroelectronics.X-CUBE-AZRTOS-WB.2.0.0
2025-12-14 10:18:49,650 [WARN] ConditionMgr:1044 - genDependencies : Invalid condition id : UX DEVICE CLASS RTOS Condition cause : null
2025-12-14 10:18:49,650 [WARN] ConditionMgr:1044 - genDependencies : Invalid condition id : UX DEVICE CLASS RTOS Condition cause : null
2025-12-14 10:18:49,651 [WARN] ConditionMgr:1044 - genDependencies : Invalid condition id : UX DEVICE CLASS RTOS Condition cause : null
2025-12-14 10:18:49,651 [WARN] ConditionMgr:1044 - genDependencies : Invalid condition id : UX DEVICE CLASS RTOS Condition cause : null
2025-12-14 10:18:49,651 [WARN] ConditionMgr:1044 - genDependencies : Invalid condition id : UX DEVICE CLASS RTOS Condition cause : null
2025-12-14 10:18:49,657 [WARN] PackLoader:240 - Cannot read IP mode file for STMicroelectronics.X-CUBE-GNSS1.7.0.1
2025-12-14 10:18:49,661 [WARN] PackLoader:240 - Cannot read IP mode file for STMicroelectronics.X-CUBE-TOUCHGFX.4.25.0
2025-12-14 10:18:49,667 [WARN] PackLoader:240 - Cannot read IP mode file for STMicroelectronics.FP-SNS-STBOX1.2.0.0
2025-12-14 10:18:49,678 [WARN] PackLoader:240 - Cannot read IP mode file for STMicroelectronics.X-CUBE-SUBG2.5.0.0
2025-12-14 10:18:49,700 [WARN] PackLoader:240 - Cannot read IP mode file for STMicroelectronics.X-CUBE-AZRTOS-H7RS.1.1.0
2025-12-14 10:18:49,705 [WARN] PackLoader:240 - Cannot read IP mode file for Cesanta.I-CUBE-Mongoose.7.13.0
2025-12-14 10:18:49,720 [WARN] PackLoader:240 - Cannot read IP mode file for STMicroelectronics.X-CUBE-AZRTOS-G4.2.0.0
2025-12-14 10:18:49,725 [WARN] PackLoader:240 - Cannot read IP mode file for wolfSSL.I-CUBE-wolfSSH.1.4.20
2025-12-14 10:18:49,730 [WARN] PackLoader:240 - Cannot read IP mode file for STMicroelectronics.X-CUBE-NFC7.2.0.0
2025-12-14 10:18:49,743 [WARN] PackLoader:240 - Cannot read IP mode file for STMicroelectronics.X-CUBE-IPS.3.1.0
2025-12-14 10:18:49,751 [WARN] PackLoader:240 - Cannot read IP mode file for STMicroelectronics.X-CUBE-ALS.1.0.2
2025-12-14 10:18:49,757 [WARN] PackLoader:240 - Cannot read IP mode file for STMicroelectronics.X-CUBE-STSE01.1.0.0
2025-12-14 10:18:49,762 [WARN] PackLoader:240 - Cannot read IP mode file for portGmbH.I-Cube-SoM-uGOAL.1.1.0
2025-12-14 10:18:49,773 [WARN] PackLoader:240 - Cannot read IP mode file for STMicroelectronics.X-CUBE-TOF1.3.4.3
2025-12-14 10:18:49,786 [INFO] ThirdParty:978 - Integrity check success = true
2025-12-14 10:18:49,786 [INFO] IntegrityCheckThread:100 - exiting critical section [integrity check]
2025-12-14 10:18:49,786 [INFO] IntegrityCheckThread:103 - End integrity checks thread
2025-12-14 11:57:46,870 [INFO] WebApp:194 - Connection lost
2025-12-14 11:58:23,996 [INFO] WebApp:191 - Connection restablished
2025-12-14 13:15:32,920 [ERROR] LogOutputStream:75 - [STDERR_REDIRECT] 
2025-12-14 17:50:09,682 [INFO] Activator:176 - 


2025-12-14 17:50:09,684 [INFO] Activator:177 - !SESSION log4j initialized
2025-12-14 17:50:11,855 [INFO] LogOutputStream:77 - [STDOUT_REDIRECT] 
2025-12-14 17:50:14,309 [INFO] ApplicationProperties:184 - Using Application install path: /opt/st/stm32cubeide_1.19.0/plugins/com.st.stm32cube.common.mx_6.15.0.202507011659
2025-12-14 17:50:14,332 [INFO] DbMcusXml:78 - Set database path to: /opt/st/stm32cubeide_1.19.0/plugins/com.st.stm32cube.common.mx_6.15.0.202507011659//db//mcu/
2025-12-14 17:50:14,333 [INFO] ApiDb:274 - Set plugin database path to: /opt/st/stm32cubeide_1.19.0/plugins/com.st.stm32cube.common.mx_6.15.0.202507011659//db//plugins/boardmanager/
2025-12-14 17:50:14,333 [WARN] ApiDb:259 - Overriding images path with different value:  => /opt/st/stm32cubeide_1.19.0/plugins/com.st.stm32cube.common.mx_6.15.0.202507011659//db//plugins/mcufinder/images/
2025-12-14 17:50:14,342 [INFO] ApiDb:250 - Set database path to: /home/sunbeam/.stmcufinder/plugins/mcufinder//mcu/
2025-12-14 17:50:14,344 [INFO] DbMcusAds:125 - Set database path to: /home/sunbeam/.stmcufinder/plugins/mcufinder//mcu/
2025-12-14 17:50:14,506 [INFO] CrossReferenceDbSqlite:203 - Set database path to: /home/sunbeam/.stmcufinder/plugins/mcufinder//mcu/cs/
2025-12-14 17:50:14,676 [INFO] RulesReader:64 - Compatibility file has been processed (317 Rules)
2025-12-14 17:50:14,766 [INFO] DbMcusXml:78 - Set database path to: /opt/st/stm32cubeide_1.19.0/plugins/com.st.stm32cube.common.mx_6.15.0.202507011659//db//mcu/
2025-12-14 17:50:14,766 [INFO] ApiDb:274 - Set plugin database path to: /opt/st/stm32cubeide_1.19.0/plugins/com.st.stm32cube.common.mx_6.15.0.202507011659//db//plugins/boardmanager/
2025-12-14 17:50:14,766 [INFO] ApiDb:261 - Set plugin images path to: /opt/st/stm32cubeide_1.19.0/plugins/com.st.stm32cube.common.mx_6.15.0.202507011659//db//plugins/mcufinder/images/
2025-12-14 17:50:14,767 [WARN] DbFile:41 - Overriding database path with different value: /home/sunbeam/.stmcufinder/plugins/mcufinder/ => /home/sunbeam/.stmcufinder/plugins/mcufinder
2025-12-14 17:50:14,767 [INFO] ApiDb:250 - Set database path to: /home/sunbeam/.stmcufinder/plugins/mcufinder//mcu/
2025-12-14 17:50:14,767 [WARN] DbFile:41 - Overriding database path with different value: /home/sunbeam/.stmcufinder/plugins/mcufinder/ => /home/sunbeam/.stmcufinder/plugins/mcufinder
2025-12-14 17:50:14,767 [INFO] DbMcusAds:125 - Set database path to: /home/sunbeam/.stmcufinder/plugins/mcufinder//mcu/
2025-12-14 17:50:14,767 [WARN] DbFile:41 - Overriding database path with different value: /home/sunbeam/.stmcufinder/plugins/mcufinder/ => /home/sunbeam/.stmcufinder/plugins/mcufinder
2025-12-14 17:50:14,767 [WARN] DbFile:41 - Overriding database path with different value: /home/sunbeam/.stmcufinder/plugins/mcufinder/ => /home/sunbeam/.stmcufinder/plugins/mcufinder
2025-12-14 17:50:14,934 [INFO] CrossReferenceDbSqlite:203 - Set database path to: /home/sunbeam/.stmcufinder/plugins/mcufinder//mcu/cs/
2025-12-14 17:50:15,040 [INFO] MainPanel:274 - HeapMemory: 268435456
2025-12-14 17:50:15,209 [INFO] DbMcusXml:78 - Set database path to: /opt/st/stm32cubeide_1.19.0/plugins/com.st.stm32cube.common.mx_6.15.0.202507011659//db//mcu/
2025-12-14 17:50:15,209 [INFO] ApiDb:274 - Set plugin database path to: /opt/st/stm32cubeide_1.19.0/plugins/com.st.stm32cube.common.mx_6.15.0.202507011659//db//plugins/boardmanager/
2025-12-14 17:50:15,209 [INFO] ApiDb:261 - Set plugin images path to: /opt/st/stm32cubeide_1.19.0/plugins/com.st.stm32cube.common.mx_6.15.0.202507011659//db//plugins/mcufinder/images/
2025-12-14 17:50:15,209 [WARN] DbFile:41 - Overriding database path with different value: /home/sunbeam/.stmcufinder/plugins/mcufinder/ => /home/sunbeam/.stmcufinder/plugins/mcufinder
2025-12-14 17:50:15,209 [INFO] ApiDb:250 - Set database path to: /home/sunbeam/.stmcufinder/plugins/mcufinder//mcu/
2025-12-14 17:50:15,210 [WARN] DbFile:41 - Overriding database path with different value: /home/sunbeam/.stmcufinder/plugins/mcufinder/ => /home/sunbeam/.stmcufinder/plugins/mcufinder
2025-12-14 17:50:15,210 [INFO] DbMcusAds:125 - Set database path to: /home/sunbeam/.stmcufinder/plugins/mcufinder//mcu/
2025-12-14 17:50:15,210 [WARN] DbFile:41 - Overriding database path with different value: /home/sunbeam/.stmcufinder/plugins/mcufinder/ => /home/sunbeam/.stmcufinder/plugins/mcufinder
2025-12-14 17:50:15,210 [WARN] DbFile:41 - Overriding database path with different value: /home/sunbeam/.stmcufinder/plugins/mcufinder/ => /home/sunbeam/.stmcufinder/plugins/mcufinder
2025-12-14 17:50:15,371 [INFO] CrossReferenceDbSqlite:203 - Set database path to: /home/sunbeam/.stmcufinder/plugins/mcufinder//mcu/cs/
2025-12-14 17:50:15,391 [INFO] ApplicationProperties:184 - Using Application install path: /opt/st/stm32cubeide_1.19.0/plugins/com.st.stm32cube.common.mx_6.15.0.202507011659
2025-12-14 17:50:15,394 [INFO] PluginManage:196 - Search for loadable plugins [exclusion list=, ]
2025-12-14 17:50:15,395 [INFO] PluginManage:310 - Check plugin analytics
2025-12-14 17:50:15,786 [INFO] AnalyticsPlugin:253 - Accepted Software Licenses: 
2025-12-14 17:50:15,786 [INFO] AnalyticsPlugin:255 - Accepted CMSIS Pack Licenses: 
2025-12-14 17:50:15,787 [INFO] AnalyticsPlugin:257 - Accepted Firmware Licenses: FW.F4.1.28.0
2025-12-14 17:50:15,790 [INFO] PluginManage:359 - Loaded plugin analytics (category:tool,tabindex:-1)
2025-12-14 17:50:15,790 [INFO] PluginManage:310 - Check plugin cadmodel
2025-12-14 17:50:15,795 [INFO] CADModel:105 - Init CAD model plugin
2025-12-14 17:50:15,795 [INFO] PluginManage:359 - Loaded plugin cadmodel (category:power,tabindex:5)
2025-12-14 17:50:15,795 [INFO] PluginManage:310 - Check plugin clock
2025-12-14 17:50:15,804 [INFO] PluginManage:359 - Loaded plugin clock (category:base,tabindex:2)
2025-12-14 17:50:15,805 [INFO] PluginManage:310 - Check plugin ddr
2025-12-14 17:50:15,807 [INFO] PluginManage:359 - Loaded plugin ddr (category:tool,tabindex:6)
2025-12-14 17:50:15,807 [INFO] PluginManage:310 - Check plugin filemanager
2025-12-14 17:50:15,989 [INFO] PluginManage:359 - Loaded plugin filemanager (category:base,tabindex:10)
2025-12-14 17:50:15,990 [INFO] PluginManage:310 - Check plugin ipmanager
2025-12-14 17:50:15,997 [INFO] PluginManage:359 - Loaded plugin ipmanager (category:base,tabindex:5)
2025-12-14 17:50:15,997 [INFO] PluginManage:310 - Check plugin lpbam
2025-12-14 17:50:16,007 [INFO] PluginManage:359 - Loaded plugin lpbam (category:base,tabindex:0)
2025-12-14 17:50:16,007 [INFO] PluginManage:310 - Check plugin memorymap
2025-12-14 17:50:16,019 [INFO] PluginManage:359 - Loaded plugin memorymap (category:base,tabindex:4)
2025-12-14 17:50:16,020 [INFO] PluginManage:310 - Check plugin pinoutandconfiguration
2025-12-14 17:50:16,030 [INFO] PluginManage:359 - Loaded plugin pinoutandconfiguration (category:base,tabindex:1)
2025-12-14 17:50:16,031 [INFO] PluginManage:310 - Check plugin pinoutconfig
2025-12-14 17:50:16,121 [WARN] SupportedApi:132 - Cannot load RTOS API schema: s4s-elt-must-match.1: The content of 'definitions' must match (annotation?, (simpleType | complexType)?, (unique | key | keyref)*)). A problem was found starting at: attribute.
2025-12-14 17:50:16,265 [INFO] PluginManage:359 - Loaded plugin pinoutconfig (category:base,tabindex:0)
2025-12-14 17:50:16,265 [INFO] PluginManage:310 - Check plugin power
2025-12-14 17:50:16,276 [INFO] PluginManage:359 - Loaded plugin power (category:power,tabindex:4)
2025-12-14 17:50:16,277 [INFO] PluginManage:310 - Check plugin projectmanager
2025-12-14 17:50:16,293 [INFO] PluginManage:359 - Loaded plugin projectmanager (category:projectmanager,tabindex:4)
2025-12-14 17:50:16,294 [INFO] PluginManage:310 - Check plugin rif
2025-12-14 17:50:16,303 [INFO] PluginManage:359 - Loaded plugin rif (category:base,tabindex:3)
2025-12-14 17:50:16,303 [INFO] PluginManage:310 - Check plugin thirdparty
2025-12-14 17:50:16,440 [INFO] PluginManage:359 - Loaded plugin thirdparty (category:base,tabindex:-1)
2025-12-14 17:50:16,440 [WARN] IntegrityCheckThread:84 - waiting for thirdparty lock release [integrity check]
2025-12-14 17:50:16,440 [INFO] PluginManage:310 - Check plugin tools
2025-12-14 17:50:16,440 [INFO] IntegrityCheckThread:86 - entering critical section [integrity check]
2025-12-14 17:50:16,441 [INFO] ThirdPartyUpdaterWithRetryManager:70 - Updater plugin not ready yet. [1/15]
2025-12-14 17:50:16,443 [INFO] PluginManage:359 - Loaded plugin tools (category:base,tabindex:7)
2025-12-14 17:50:16,443 [INFO] PluginManage:310 - Check plugin tutovideos
2025-12-14 17:50:16,703 [INFO] PluginManage:359 - Loaded plugin tutovideos (category:base,tabindex:-1)
2025-12-14 17:50:16,704 [INFO] PluginManage:310 - Check plugin updater
2025-12-14 17:50:16,735 [INFO] PluginManage:359 - Loaded plugin updater (category:base,tabindex:12)
2025-12-14 17:50:16,735 [INFO] PluginManage:310 - Check plugin userauth
2025-12-14 17:50:16,740 [INFO] UserAuth:118 - Init User Auth plugin
2025-12-14 17:50:16,742 [INFO] PluginManage:359 - Loaded plugin userauth (category:base,tabindex:14)
2025-12-14 17:50:16,743 [INFO] PluginManage:283 - PluginManage : Loaded plugins [18]
2025-12-14 17:50:17,018 [INFO] PinOutPanel:1589 - setPackage(No Configuration,No Configuration)
2025-12-14 17:50:17,095 [INFO] CADModel:165 - CPN selected for project level
2025-12-14 17:50:17,095 [INFO] CADModel:114 - Register for checkConnection events
2025-12-14 17:50:17,108 [INFO] IPUIPlugin:80 - create IPUIPlugin
2025-12-14 17:50:17,108 [INFO] PluginManager:220 - loadIPPluginJar : add dfsdm
2025-12-14 17:50:17,115 [INFO] IPUIPlugin:80 - create IPUIPlugin
2025-12-14 17:50:17,115 [INFO] PluginManager:220 - loadIPPluginJar : add gfxmmu
2025-12-14 17:50:17,120 [INFO] IPUIPlugin:80 - create IPUIPlugin
2025-12-14 17:50:17,120 [INFO] PluginManager:220 - loadIPPluginJar : add i3c
2025-12-14 17:50:17,124 [INFO] IPUIPlugin:80 - create IPUIPlugin
2025-12-14 17:50:17,124 [INFO] PluginManager:220 - loadIPPluginJar : add sai
2025-12-14 17:50:17,130 [INFO] IPUIPlugin:80 - create IPUIPlugin
2025-12-14 17:50:17,131 [INFO] PluginManager:220 - loadIPPluginJar : add dma
2025-12-14 17:50:17,132 [INFO] IPUIPlugin:80 - create IPUIPlugin
2025-12-14 17:50:17,132 [INFO] PluginManager:220 - loadIPPluginJar : add quadspi
2025-12-14 17:50:17,136 [INFO] IPUIPlugin:80 - create IPUIPlugin
2025-12-14 17:50:17,137 [INFO] PluginManager:220 - loadIPPluginJar : add opamp
2025-12-14 17:50:17,138 [INFO] IPUIPlugin:80 - create IPUIPlugin
2025-12-14 17:50:17,138 [INFO] PluginManager:220 - loadIPPluginJar : add comp
2025-12-14 17:50:17,145 [INFO] IPUIPlugin:80 - create IPUIPlugin
2025-12-14 17:50:17,147 [INFO] PluginManager:220 - loadIPPluginJar : add plateformsettings
2025-12-14 17:50:17,149 [INFO] IPUIPlugin:80 - create IPUIPlugin
2025-12-14 17:50:17,149 [INFO] PluginManager:220 - loadIPPluginJar : add ltdc
2025-12-14 17:50:17,153 [INFO] IPUIPlugin:80 - create IPUIPlugin
2025-12-14 17:50:17,153 [INFO] PluginManager:220 - loadIPPluginJar : add nvic
2025-12-14 17:50:17,154 [INFO] IPUIPlugin:80 - create IPUIPlugin
2025-12-14 17:50:17,154 [INFO] PluginManager:220 - loadIPPluginJar : add fatfs
2025-12-14 17:50:17,159 [INFO] IPUIPlugin:80 - create IPUIPlugin
2025-12-14 17:50:17,159 [INFO] PluginManager:220 - loadIPPluginJar : add gpio
2025-12-14 17:50:17,161 [INFO] IPUIPlugin:80 - create IPUIPlugin
2025-12-14 17:50:17,161 [INFO] PluginManager:220 - loadIPPluginJar : add aes
2025-12-14 17:50:17,167 [INFO] IPUIPlugin:80 - create IPUIPlugin
2025-12-14 17:50:17,168 [INFO] PluginManager:220 - loadIPPluginJar : add mdma
2025-12-14 17:50:17,170 [INFO] IPUIPlugin:80 - create IPUIPlugin
2025-12-14 17:50:17,170 [INFO] PluginManager:220 - loadIPPluginJar : add pdm2pcm
2025-12-14 17:50:17,178 [INFO] IPUIPlugin:80 - create IPUIPlugin
2025-12-14 17:50:17,178 [INFO] PluginManager:220 - loadIPPluginJar : add linkedlist
2025-12-14 17:50:17,180 [INFO] IPUIPlugin:80 - create IPUIPlugin
2025-12-14 17:50:17,180 [INFO] PluginManager:220 - loadIPPluginJar : add usart
2025-12-14 17:50:17,182 [INFO] IPUIPlugin:80 - create IPUIPlugin
2025-12-14 17:50:17,183 [INFO] PluginManager:220 - loadIPPluginJar : add i2c
2025-12-14 17:50:17,185 [INFO] IPUIPlugin:80 - create IPUIPlugin
2025-12-14 17:50:17,185 [INFO] PluginManager:220 - loadIPPluginJar : add lorawan
2025-12-14 17:50:17,189 [INFO] IPUIPlugin:80 - create IPUIPlugin
2025-12-14 17:50:17,189 [INFO] PluginManager:220 - loadIPPluginJar : add usbx
2025-12-14 17:50:17,195 [INFO] IPUIPlugin:80 - create IPUIPlugin
2025-12-14 17:50:17,196 [INFO] PluginManager:220 - loadIPPluginJar : add fmc
2025-12-14 17:50:17,199 [INFO] IPUIPlugin:80 - create IPUIPlugin
2025-12-14 17:50:17,200 [INFO] PluginManager:220 - loadIPPluginJar : add extmemmanager
2025-12-14 17:50:17,206 [INFO] IPUIPlugin:80 - create IPUIPlugin
2025-12-14 17:50:17,206 [INFO] PluginManager:220 - loadIPPluginJar : add freertos
2025-12-14 17:50:17,208 [INFO] IPUIPlugin:80 - create IPUIPlugin
2025-12-14 17:50:17,208 [INFO] PluginManager:220 - loadIPPluginJar : add can
2025-12-14 17:50:17,212 [INFO] IPUIPlugin:80 - create IPUIPlugin
2025-12-14 17:50:17,212 [INFO] PluginManager:220 - loadIPPluginJar : add touchsensing
2025-12-14 17:50:17,214 [INFO] IPUIPlugin:80 - create IPUIPlugin
2025-12-14 17:50:17,214 [INFO] PluginManager:220 - loadIPPluginJar : add tracer_emb
2025-12-14 17:50:17,216 [INFO] IPUIPlugin:80 - create IPUIPlugin
2025-12-14 17:50:17,216 [INFO] PluginManager:220 - loadIPPluginJar : add ucpd
2025-12-14 17:50:17,217 [INFO] IPUIPlugin:80 - create IPUIPlugin
2025-12-14 17:50:17,218 [INFO] PluginManager:220 - loadIPPluginJar : add ts
2025-12-14 17:50:17,219 [INFO] IPUIPlugin:80 - create IPUIPlugin
2025-12-14 17:50:17,219 [INFO] PluginManager:220 - loadIPPluginJar : add tsc
2025-12-14 17:50:17,223 [INFO] IPUIPlugin:80 - create IPUIPlugin
2025-12-14 17:50:17,223 [INFO] PluginManager:220 - loadIPPluginJar : add resmgrutility
2025-12-14 17:50:17,225 [INFO] IPUIPlugin:80 - create IPUIPlugin
2025-12-14 17:50:17,225 [INFO] PluginManager:220 - loadIPPluginJar : add cryp
2025-12-14 17:50:17,227 [INFO] IPUIPlugin:80 - create IPUIPlugin
2025-12-14 17:50:17,227 [INFO] PluginManager:220 - loadIPPluginJar : add openamp
2025-12-14 17:50:17,233 [INFO] IPUIPlugin:80 - create IPUIPlugin
2025-12-14 17:50:17,233 [INFO] PluginManager:220 - loadIPPluginJar : add adc
2025-12-14 17:50:17,235 [INFO] IPUIPlugin:80 - create IPUIPlugin
2025-12-14 17:50:17,235 [INFO] PluginManager:220 - loadIPPluginJar : add spi
2025-12-14 17:50:17,239 [INFO] IPUIPlugin:80 - create IPUIPlugin
2025-12-14 17:50:17,239 [INFO] PluginManager:220 - loadIPPluginJar : add ipddr
2025-12-14 17:50:17,245 [INFO] IPUIPlugin:80 - create IPUIPlugin
2025-12-14 17:50:17,245 [INFO] PluginManager:220 - loadIPPluginJar : add stm32_wpan
2025-12-14 17:50:17,252 [INFO] IPUIPlugin:80 - create IPUIPlugin
2025-12-14 17:50:17,252 [INFO] PluginManager:220 - loadIPPluginJar : add gic
2025-12-14 17:50:17,256 [INFO] IPUIPlugin:80 - create IPUIPlugin
2025-12-14 17:50:17,256 [INFO] PluginManager:220 - loadIPPluginJar : add ddr_ctrl_phy
2025-12-14 17:50:17,259 [INFO] IPUIPlugin:80 - create IPUIPlugin
2025-12-14 17:50:17,259 [INFO] PluginManager:220 - loadIPPluginJar : add genericplugin
2025-12-14 17:50:17,261 [INFO] IPUIPlugin:80 - create IPUIPlugin
2025-12-14 17:50:17,261 [INFO] PluginManager:220 - loadIPPluginJar : add hash
2025-12-14 17:50:17,264 [INFO] IPUIPlugin:80 - create IPUIPlugin
2025-12-14 17:50:17,264 [INFO] PluginManager:220 - loadIPPluginJar : add tim
2025-12-14 17:50:17,267 [INFO] IPUIPlugin:80 - create IPUIPlugin
2025-12-14 17:50:17,268 [INFO] PluginManager:220 - loadIPPluginJar : add radio
2025-12-14 17:50:17,272 [INFO] IPUIPlugin:80 - create IPUIPlugin
2025-12-14 17:50:17,272 [INFO] PluginManager:220 - loadIPPluginJar : add gtzc
2025-12-14 17:50:17,274 [INFO] IPUIPlugin:80 - create IPUIPlugin
2025-12-14 17:50:17,275 [INFO] PluginManager:220 - loadIPPluginJar : add i2s
2025-12-14 17:50:17,277 [INFO] IPUIPlugin:80 - create IPUIPlugin
2025-12-14 17:50:17,277 [INFO] PluginManager:220 - loadIPPluginJar : add dma3
2025-12-14 17:50:17,382 [FATAL] Updater:351 - Updater called before beeing initialized
2025-12-14 17:50:17,433 [INFO] RulesReader:64 - Compatibility file has been processed (317 Rules)
2025-12-14 17:50:17,453 [INFO] RulesReader:64 - Compatibility file has been processed (317 Rules)
2025-12-14 17:50:17,463 [INFO] CADModel:165 - CPN selected for project level
2025-12-14 17:50:17,463 [INFO] CADModel:114 - Register for checkConnection events
2025-12-14 17:50:17,463 [FATAL] Updater:351 - Updater called before beeing initialized
2025-12-14 17:50:17,463 [ERROR] CADModel:125 - Updater not yet initialized, retry later 
2025-12-14 17:50:17,598 [FATAL] Updater:351 - Updater called before beeing initialized
2025-12-14 17:50:17,600 [INFO] CADModel:165 - CPN selected for project level
2025-12-14 17:50:17,600 [INFO] CADModel:114 - Register for checkConnection events
2025-12-14 17:50:17,600 [FATAL] Updater:351 - Updater called before beeing initialized
2025-12-14 17:50:17,600 [ERROR] CADModel:125 - Updater not yet initialized, retry later 
2025-12-14 17:50:17,603 [FATAL] Updater:351 - Updater called before beeing initialized
2025-12-14 17:50:17,682 [FATAL] Updater:351 - Updater called before beeing initialized
2025-12-14 17:50:17,688 [INFO] DbMcusAds:53 - JSON generation date=Tue Nov 25 19:38:32 IST 2025 (1764079712835)
2025-12-14 17:50:17,688 [FATAL] Updater:351 - Updater called before beeing initialized
2025-12-14 17:50:17,732 [WARN] DetailPanel:346 - Failed to get advertising image, set to default
2025-12-14 17:50:17,834 [FATAL] Updater:351 - Updater called before beeing initialized
2025-12-14 17:50:17,835 [FATAL] Updater:351 - Updater called before beeing initialized
2025-12-14 17:50:17,836 [FATAL] Updater:351 - Updater called before beeing initialized
2025-12-14 17:50:17,836 [WARN] DetailPanel:346 - Failed to get advertising image, set to default
2025-12-14 17:50:17,837 [FATAL] Updater:351 - Updater called before beeing initialized
2025-12-14 17:50:17,883 [ERROR] Updater:1198 - MainUpdater not yet initialized. External WinMGr cannot be set.
2025-12-14 17:50:17,886 [INFO] Updater:1134 - Updater Version found : 6.15.0
2025-12-14 17:50:17,924 [INFO] ApplicationProperties:184 - Using Application install path: /opt/st/stm32cubeide_1.19.0/plugins/com.st.stm32cube.common.mx_6.15.0.202507011659
2025-12-14 17:50:18,345 [INFO] MainUpdater:2872 - connection check result : 10
2025-12-14 17:50:18,346 [INFO] MainUpdater:289 - Updater Check For Update Now.
2025-12-14 17:50:18,347 [INFO] MicroXplorer:498 - Change Database Version : DB.6.0.150
2025-12-14 17:50:18,357 [INFO] McuFinderGlobals:63 - Set McuFinder mode to 2 (CubeIDE integrated)
2025-12-14 17:50:18,357 [INFO] UserAuth:171 - activating auth plugin
2025-12-14 17:50:18,362 [INFO] UserAuth:487 - Internet connection configuration mode: 1
2025-12-14 17:50:18,399 [INFO] JxBrowserEngine:152 - Initiate JxBrowser Engine with user profile folder
2025-12-14 17:50:18,592 [INFO] CheckServerUpdateThread:120 - End of CheckServer Thread
2025-12-14 17:50:19,659 [WARN] PackLoader:240 - Cannot read IP mode file for STMicroelectronics.FP-SNS-MOTENVWB1.1.4.0
2025-12-14 17:50:19,669 [WARN] PackLoader:240 - Cannot read IP mode file for STMicroelectronics.FP-ATR-ASTRA1.2.0.2
2025-12-14 17:50:19,683 [WARN] PackLoader:240 - Cannot read IP mode file for STMicroelectronics.X-CUBE-SMBUS.2.1.0
2025-12-14 17:50:19,689 [WARN] PackLoader:240 - Cannot read IP mode file for STMicroelectronics.X-CUBE-ST60.1.0.0
2025-12-14 17:50:19,736 [WARN] PackLoader:240 - Cannot read IP mode file for STMicroelectronics.X-CUBE-AZRTOS-F7.1.1.0
2025-12-14 17:50:19,752 [WARN] PackLoader:240 - Cannot read IP mode file for STMicroelectronics.FP-SNS-MOTENV1.5.1.0
2025-12-14 17:50:19,770 [INFO] WebApp:169 - Instantiating new browser for Auth
2025-12-14 17:50:19,783 [WARN] PackLoader:240 - Cannot read IP mode file for Infineon.AIROC-Wi-Fi-Bluetooth-STM32.1.7.1
2025-12-14 17:50:19,831 [WARN] PackLoader:240 - Cannot read IP mode file for STMicroelectronics.X-CUBE-AZRTOS-H7.3.4.0
2025-12-14 17:50:19,853 [WARN] PackLoader:240 - Cannot read IP mode file for STMicroelectronics.X-CUBE-DISPLAY.3.0.0
2025-12-14 17:50:19,898 [WARN] PackLoader:240 - Cannot read IP mode file for STMicroelectronics.X-CUBE-NFC10.1.0.0
2025-12-14 17:50:19,944 [WARN] PackLoader:240 - Cannot read IP mode file for STMicroelectronics.X-CUBE-BLEMGR.4.0.0
2025-12-14 17:50:19,954 [WARN] PackLoader:240 - Cannot read IP mode file for STMicroelectronics.X-CUBE-ST60.1.1.0
2025-12-14 17:50:19,961 [WARN] PackLoader:240 - Cannot read IP mode file for emotas.I-CUBE-CANOPEN.1.3.0
2025-12-14 17:50:19,969 [WARN] PackLoader:240 - Cannot read IP mode file for STMicroelectronics.X-CUBE-GNSS1.7.1.0
2025-12-14 17:50:19,977 [WARN] ConditionMgr:438 - getConditionDescription Invalid condition id : Cortex-A Device cause : null
2025-12-14 17:50:19,995 [WARN] ConditionMgr:1044 - genDependencies : Invalid condition id : Cortex-A Device cause : null
2025-12-14 17:50:19,995 [WARN] ConditionMgr:1044 - genDependencies : Invalid condition id : Cortex-A Device cause : null
2025-12-14 17:50:19,995 [WARN] ConditionMgr:1044 - genDependencies : Invalid condition id : Cortex-A Device cause : null
2025-12-14 17:50:20,002 [WARN] PackLoader:240 - Cannot read IP mode file for STMicroelectronics.FP-SNS-STBOX1.2.1.0
2025-12-14 17:50:20,007 [WARN] PackLoader:240 - Cannot read IP mode file for STMicroelectronics.FP-SNS-SMARTAG2.1.2.0
2025-12-14 17:50:20,011 [WARN] PackLoader:240 - Cannot read IP mode file for STMicroelectronics.FP-SNS-FLIGHT1.5.1.0
2025-12-14 17:50:20,019 [INFO] LogOutputStream:77 - [STDOUT_REDIRECT] 1 : Invalid condition id : UX_CORESTACK_Condition cause : null
2025-12-14 17:50:20,020 [INFO] LogOutputStream:77 - [STDOUT_REDIRECT] 1 : Invalid condition id : UX_CORESTACK_Condition cause : null
2025-12-14 17:50:20,020 [INFO] LogOutputStream:77 - [STDOUT_REDIRECT] 1 : Invalid condition id : UX_CORESTACK_Condition cause : null
2025-12-14 17:50:20,020 [INFO] LogOutputStream:77 - [STDOUT_REDIRECT] 1 : Invalid condition id : UX_CORESTACK_Condition cause : null
2025-12-14 17:50:20,020 [INFO] LogOutputStream:77 - [STDOUT_REDIRECT] 1 : Invalid condition id : UX_CORESTACK_Condition cause : null
2025-12-14 17:50:20,023 [WARN] PackLoader:240 - Cannot read IP mode file for STMicroelectronics.X-CUBE-AZRTOS-WL.2.0.0
2025-12-14 17:50:20,027 [WARN] PackLoader:240 - Cannot read IP mode file for STMicroelectronics.FP-SNS-MOTENV1.5.0.0
2025-12-14 17:50:20,045 [WARN] PackLoader:240 - Cannot read IP mode file for STMicroelectronics.X-CUBE-AZRTOS-H7RS.1.2.0
2025-12-14 17:50:20,052 [WARN] PackLoader:240 - Cannot read IP mode file for WES.I-CUBE-Cesium.1.3.0
2025-12-14 17:50:20,056 [WARN] PackLoader:240 - Cannot read IP mode file for STMicroelectronics.X-CUBE-BLE2.3.3.0
2025-12-14 17:50:20,067 [WARN] PackLoader:240 - Cannot read IP mode file for STMicroelectronics.X-CUBE-NFC9.1.0.0
2025-12-14 17:50:20,075 [WARN] PackLoader:240 - Cannot read IP mode file for wolfSSL.I-CUBE-wolfSSL.5.8.0
2025-12-14 17:50:20,079 [WARN] PackLoader:240 - Cannot read IP mode file for STMicroelectronics.X-CUBE-BLE1.7.1.0
2025-12-14 17:50:20,083 [WARN] PackLoader:240 - Cannot read IP mode file for wolfSSL.I-CUBE-wolfMQTT.1.19.2
2025-12-14 17:50:20,088 [WARN] PackLoader:240 - Cannot read IP mode file for STMicroelectronics.X-CUBE-FREERTOS.1.4.0
2025-12-14 17:50:20,093 [WARN] PackLoader:240 - Cannot read IP mode file for STMicroelectronics.X-CUBE-EEPRMA1.5.2.0
2025-12-14 17:50:20,102 [WARN] PackLoader:240 - Cannot read IP mode file for STMicroelectronics.X-CUBE-ST67W61.1.1.0
2025-12-14 17:50:20,108 [WARN] PackLoader:240 - Cannot read IP mode file for STMicroelectronics.X-CUBE-AI.10.1.0
2025-12-14 17:50:20,185 [WARN] PackLoader:240 - Cannot read IP mode file for STMicroelectronics.X-CUBE-MEMS1.12.0.0
2025-12-14 17:50:20,339 [WARN] PackLoader:240 - Cannot read IP mode file for STMicroelectronics.X-CUBE-AZRTOS-G0.1.1.0
2025-12-14 17:50:20,345 [WARN] PackLoader:240 - Cannot read IP mode file for STMicroelectronics.X-CUBE-SAFEA1.1.2.2
2025-12-14 17:50:20,349 [WARN] PackLoader:240 - Cannot read IP mode file for STMicroelectronics.X-CUBE-NFC4.3.0.0
2025-12-14 17:50:20,357 [WARN] PackLoader:240 - Cannot read IP mode file for EmbeddedOffice.I-CUBE-FS-RTOS.1.0.1
2025-12-14 17:50:20,363 [WARN] PackLoader:240 - Cannot read IP mode file for STMicroelectronics.X-CUBE-WB05N.2.0.0
2025-12-14 17:50:20,366 [WARN] PackLoader:240 - Cannot read IP mode file for wolfSSL.I-CUBE-wolfTPM.3.8.0
2025-12-14 17:50:20,371 [WARN] PackLoader:240 - Cannot read IP mode file for STMicroelectronics.X-CUBE-TCPP.4.2.0
2025-12-14 17:50:20,376 [WARN] PackLoader:240 - Cannot read IP mode file for RealThread.X-CUBE-RT-Thread_Nano.4.1.1
2025-12-14 17:50:20,380 [WARN] PackLoader:240 - Cannot read IP mode file for STMicroelectronics.FP-ATR-SIGFOX1.3.2.0
2025-12-14 17:50:20,384 [WARN] PackLoader:240 - Cannot read IP mode file for STMicroelectronics.X-CUBE-EEPRMA1.5.1.0
2025-12-14 17:50:20,391 [WARN] PackLoader:240 - Cannot read IP mode file for ITTIA_DB.I-CUBE-ITTIADB.8.9.0
2025-12-14 17:50:20,396 [WARN] PackLoader:240 - Cannot read IP mode file for STMicroelectronics.X-CUBE-ST67W61.1.0.0
2025-12-14 17:50:20,407 [WARN] PackLoader:240 - Cannot read IP mode file for STMicroelectronics.X-CUBE-AI.10.2.0
2025-12-14 17:50:20,427 [WARN] PackLoader:240 - Cannot read IP mode file for SEGGER.I-CUBE-embOS.1.3.1
2025-12-14 17:50:20,471 [WARN] PackLoader:240 - Cannot read IP mode file for STMicroelectronics.X-CUBE-ALGOBUILD.1.4.0
2025-12-14 17:50:20,536 [WARN] PackLoader:240 - Cannot read IP mode file for STMicroelectronics.X-CUBE-MEMS1.11.3.0
2025-12-14 17:50:20,664 [WARN] PackLoader:240 - Cannot read IP mode file for STMicroelectronics.X-CUBE-PM33A1.1.0.0
2025-12-14 17:50:20,682 [WARN] PackLoader:240 - Cannot read IP mode file for STMicroelectronics.X-CUBE-AZRTOS-F4.1.1.0
2025-12-14 17:50:20,688 [WARN] PackLoader:240 - Cannot read IP mode file for Avnet-IotConnect.X-CUBE-IoTC-DA16k-PMOD.1.0.0
2025-12-14 17:50:20,691 [WARN] PackLoader:240 - Cannot read IP mode file for STMicroelectronics.X-CUBE-ISPU.2.1.0
2025-12-14 17:50:20,706 [WARN] PackLoader:240 - Cannot read IP mode file for STMicroelectronics.X-CUBE-IPS.3.2.0
2025-12-14 17:50:20,719 [WARN] PackLoader:240 - Cannot read IP mode file for STMicroelectronics.X-CUBE-NFC12.1.0.0
2025-12-14 17:50:20,733 [WARN] PackLoader:240 - Cannot read IP mode file for STMicroelectronics.X-CUBE-AZRTOS-L5.2.0.0
2025-12-14 17:50:20,739 [WARN] PackLoader:240 - Cannot read IP mode file for STMicroelectronics.X-CUBE-NFC6.3.1.0
2025-12-14 17:50:20,744 [WARN] PackLoader:240 - Cannot read IP mode file for STMicroelectronics.X-CUBE-FREERTOS.1.3.1
2025-12-14 17:50:20,749 [WARN] PackLoader:240 - Cannot read IP mode file for STMicroelectronics.X-CUBE-TOUCHGFX.4.26.0
2025-12-14 17:50:20,753 [WARN] PackLoader:240 - Cannot read IP mode file for STMicroelectronics.FP-SNS-STAIOTCFT.1.0.0
2025-12-14 17:50:20,757 [WARN] PackLoader:240 - Cannot read IP mode file for STMicroelectronics.X-CUBE-DPower.1.3.0
2025-12-14 17:50:20,782 [WARN] ConditionMgr:438 - getConditionDescription Invalid condition id : LAN8742 Phy interface Condition cause : null
2025-12-14 17:50:20,782 [WARN] PackLoader:240 - Cannot read IP mode file for STMicroelectronics.X-CUBE-AZRTOS-L4.2.0.0
2025-12-14 17:50:20,784 [WARN] ConditionMgr:1044 - genDependencies : Invalid condition id : LAN8742 Phy interface Condition cause : null
2025-12-14 17:50:20,784 [WARN] ConditionMgr:1044 - genDependencies : Invalid condition id : LAN8742 Phy interface Condition cause : null
2025-12-14 17:50:20,784 [WARN] ConditionMgr:1044 - genDependencies : Invalid condition id : LAN8742 Phy interface Condition cause : null
2025-12-14 17:50:20,791 [WARN] PackLoader:240 - Cannot read IP mode file for STMicroelectronics.X-CUBE-SFXS2LP1.4.0.0
2025-12-14 17:50:20,804 [WARN] PackLoader:240 - Cannot read IP mode file for STMicroelectronics.X-CUBE-BLEMGR.4.1.0
2025-12-14 17:50:20,820 [WARN] ConditionMgr:438 - getConditionDescription Invalid condition id : UX DEVICE CLASS RTOS Condition cause : null
2025-12-14 17:50:20,821 [WARN] ConditionMgr:438 - getConditionDescription Invalid condition id : UX DEVICE CLASS RTOS Condition cause : null
2025-12-14 17:50:20,822 [WARN] PackLoader:240 - Cannot read IP mode file for STMicroelectronics.X-CUBE-AZRTOS-WB.2.0.0
2025-12-14 17:50:20,823 [WARN] ConditionMgr:1044 - genDependencies : Invalid condition id : UX DEVICE CLASS RTOS Condition cause : null
2025-12-14 17:50:20,823 [WARN] ConditionMgr:1044 - genDependencies : Invalid condition id : UX DEVICE CLASS RTOS Condition cause : null
2025-12-14 17:50:20,823 [WARN] ConditionMgr:1044 - genDependencies : Invalid condition id : UX DEVICE CLASS RTOS Condition cause : null
2025-12-14 17:50:20,823 [WARN] ConditionMgr:1044 - genDependencies : Invalid condition id : UX DEVICE CLASS RTOS Condition cause : null
2025-12-14 17:50:20,823 [WARN] ConditionMgr:1044 - genDependencies : Invalid condition id : UX DEVICE CLASS RTOS Condition cause : null
2025-12-14 17:50:20,828 [WARN] PackLoader:240 - Cannot read IP mode file for STMicroelectronics.X-CUBE-GNSS1.7.0.1
2025-12-14 17:50:20,831 [WARN] PackLoader:240 - Cannot read IP mode file for STMicroelectronics.X-CUBE-TOUCHGFX.4.25.0
2025-12-14 17:50:20,835 [WARN] PackLoader:240 - Cannot read IP mode file for STMicroelectronics.FP-SNS-STBOX1.2.0.0
2025-12-14 17:50:20,855 [WARN] PackLoader:240 - Cannot read IP mode file for STMicroelectronics.X-CUBE-SUBG2.5.0.0
2025-12-14 17:50:20,889 [WARN] PackLoader:240 - Cannot read IP mode file for STMicroelectronics.X-CUBE-AZRTOS-H7RS.1.1.0
2025-12-14 17:50:20,896 [WARN] PackLoader:240 - Cannot read IP mode file for Cesanta.I-CUBE-Mongoose.7.13.0
2025-12-14 17:50:20,923 [WARN] PackLoader:240 - Cannot read IP mode file for STMicroelectronics.X-CUBE-AZRTOS-G4.2.0.0
2025-12-14 17:50:20,934 [WARN] PackLoader:240 - Cannot read IP mode file for wolfSSL.I-CUBE-wolfSSH.1.4.20
2025-12-14 17:50:20,939 [WARN] PackLoader:240 - Cannot read IP mode file for STMicroelectronics.X-CUBE-NFC7.2.0.0
2025-12-14 17:50:20,984 [WARN] PackLoader:240 - Cannot read IP mode file for STMicroelectronics.X-CUBE-IPS.3.1.0
2025-12-14 17:50:20,999 [WARN] PackLoader:240 - Cannot read IP mode file for STMicroelectronics.X-CUBE-ALS.1.0.2
2025-12-14 17:50:21,017 [WARN] PackLoader:240 - Cannot read IP mode file for STMicroelectronics.X-CUBE-STSE01.1.0.0
2025-12-14 17:50:21,031 [WARN] PackLoader:240 - Cannot read IP mode file for portGmbH.I-Cube-SoM-uGOAL.1.1.0
2025-12-14 17:50:21,035 [INFO] WebApp:463 - Apply proxy settings
2025-12-14 17:50:21,035 [INFO] WebApp:548 - Chromium requires no authentication
2025-12-14 17:50:21,045 [WARN] PackLoader:240 - Cannot read IP mode file for STMicroelectronics.X-CUBE-TOF1.3.4.3
2025-12-14 17:50:21,051 [INFO] WebApp:491 - Direct internet connection detected
2025-12-14 17:50:21,056 [INFO] ThirdParty:978 - Integrity check success = true
2025-12-14 17:50:21,056 [INFO] IntegrityCheckThread:100 - exiting critical section [integrity check]
2025-12-14 17:50:21,057 [INFO] IntegrityCheckThread:103 - End integrity checks thread
2025-12-14 17:50:21,076 [INFO] WebApp:900 - Register for checkConnection events
2025-12-14 17:50:21,077 [INFO] WebApp:463 - Apply proxy settings
2025-12-14 17:50:21,077 [INFO] WebApp:548 - Chromium requires no authentication
2025-12-14 17:50:21,078 [INFO] WebApp:491 - Direct internet connection detected
2025-12-14 17:50:21,273 [INFO] WebApp:225 - Starting web application
2025-12-14 17:50:21,274 [INFO] WebApp:593 - Web application path used /opt/st/stm32cubeide_1.19.0/plugins/com.st.stm32cube.common.mx_6.15.0.202507011659/db/plugins/mcufinder/reactClient1/index.html
2025-12-14 17:50:21,401 [INFO] WebApp:191 - Connection restablished
2025-12-14 18:52:23,417 [ERROR] LogOutputStream:75 - [STDERR_REDIRECT] 
2025-12-14 18:53:45,457 [INFO] Activator:176 - 


2025-12-14 18:53:45,459 [INFO] Activator:177 - !SESSION log4j initialized
2025-12-14 18:53:47,742 [INFO] LogOutputStream:77 - [STDOUT_REDIRECT] 
2025-12-14 18:53:50,978 [INFO] ApplicationProperties:184 - Using Application install path: /opt/st/stm32cubeide_1.19.0/plugins/com.st.stm32cube.common.mx_6.15.0.202507011659
2025-12-14 18:53:50,993 [INFO] DbMcusXml:78 - Set database path to: /opt/st/stm32cubeide_1.19.0/plugins/com.st.stm32cube.common.mx_6.15.0.202507011659//db//mcu/
2025-12-14 18:53:50,993 [INFO] ApiDb:274 - Set plugin database path to: /opt/st/stm32cubeide_1.19.0/plugins/com.st.stm32cube.common.mx_6.15.0.202507011659//db//plugins/boardmanager/
2025-12-14 18:53:50,994 [WARN] ApiDb:259 - Overriding images path with different value:  => /opt/st/stm32cubeide_1.19.0/plugins/com.st.stm32cube.common.mx_6.15.0.202507011659//db//plugins/mcufinder/images/
2025-12-14 18:53:50,997 [INFO] ApiDb:250 - Set database path to: /home/sunbeam/.stmcufinder/plugins/mcufinder//mcu/
2025-12-14 18:53:50,998 [INFO] DbMcusAds:125 - Set database path to: /home/sunbeam/.stmcufinder/plugins/mcufinder//mcu/
2025-12-14 18:53:51,358 [INFO] CrossReferenceDbSqlite:203 - Set database path to: /home/sunbeam/.stmcufinder/plugins/mcufinder//mcu/cs/
2025-12-14 18:53:51,509 [INFO] RulesReader:64 - Compatibility file has been processed (317 Rules)
2025-12-14 18:53:51,562 [INFO] DbMcusXml:78 - Set database path to: /opt/st/stm32cubeide_1.19.0/plugins/com.st.stm32cube.common.mx_6.15.0.202507011659//db//mcu/
2025-12-14 18:53:51,562 [INFO] ApiDb:274 - Set plugin database path to: /opt/st/stm32cubeide_1.19.0/plugins/com.st.stm32cube.common.mx_6.15.0.202507011659//db//plugins/boardmanager/
2025-12-14 18:53:51,562 [INFO] ApiDb:261 - Set plugin images path to: /opt/st/stm32cubeide_1.19.0/plugins/com.st.stm32cube.common.mx_6.15.0.202507011659//db//plugins/mcufinder/images/
2025-12-14 18:53:51,563 [WARN] DbFile:41 - Overriding database path with different value: /home/sunbeam/.stmcufinder/plugins/mcufinder/ => /home/sunbeam/.stmcufinder/plugins/mcufinder
2025-12-14 18:53:51,563 [INFO] ApiDb:250 - Set database path to: /home/sunbeam/.stmcufinder/plugins/mcufinder//mcu/
2025-12-14 18:53:51,563 [WARN] DbFile:41 - Overriding database path with different value: /home/sunbeam/.stmcufinder/plugins/mcufinder/ => /home/sunbeam/.stmcufinder/plugins/mcufinder
2025-12-14 18:53:51,563 [INFO] DbMcusAds:125 - Set database path to: /home/sunbeam/.stmcufinder/plugins/mcufinder//mcu/
2025-12-14 18:53:51,563 [WARN] DbFile:41 - Overriding database path with different value: /home/sunbeam/.stmcufinder/plugins/mcufinder/ => /home/sunbeam/.stmcufinder/plugins/mcufinder
2025-12-14 18:53:51,563 [WARN] DbFile:41 - Overriding database path with different value: /home/sunbeam/.stmcufinder/plugins/mcufinder/ => /home/sunbeam/.stmcufinder/plugins/mcufinder
2025-12-14 18:53:51,867 [INFO] CrossReferenceDbSqlite:203 - Set database path to: /home/sunbeam/.stmcufinder/plugins/mcufinder//mcu/cs/
2025-12-14 18:53:51,929 [INFO] MainPanel:274 - HeapMemory: 268435456
2025-12-14 18:53:52,031 [INFO] DbMcusXml:78 - Set database path to: /opt/st/stm32cubeide_1.19.0/plugins/com.st.stm32cube.common.mx_6.15.0.202507011659//db//mcu/
2025-12-14 18:53:52,031 [INFO] ApiDb:274 - Set plugin database path to: /opt/st/stm32cubeide_1.19.0/plugins/com.st.stm32cube.common.mx_6.15.0.202507011659//db//plugins/boardmanager/
2025-12-14 18:53:52,031 [INFO] ApiDb:261 - Set plugin images path to: /opt/st/stm32cubeide_1.19.0/plugins/com.st.stm32cube.common.mx_6.15.0.202507011659//db//plugins/mcufinder/images/
2025-12-14 18:53:52,032 [WARN] DbFile:41 - Overriding database path with different value: /home/sunbeam/.stmcufinder/plugins/mcufinder/ => /home/sunbeam/.stmcufinder/plugins/mcufinder
2025-12-14 18:53:52,032 [INFO] ApiDb:250 - Set database path to: /home/sunbeam/.stmcufinder/plugins/mcufinder//mcu/
2025-12-14 18:53:52,032 [WARN] DbFile:41 - Overriding database path with different value: /home/sunbeam/.stmcufinder/plugins/mcufinder/ => /home/sunbeam/.stmcufinder/plugins/mcufinder
2025-12-14 18:53:52,032 [INFO] DbMcusAds:125 - Set database path to: /home/sunbeam/.stmcufinder/plugins/mcufinder//mcu/
2025-12-14 18:53:52,032 [WARN] DbFile:41 - Overriding database path with different value: /home/sunbeam/.stmcufinder/plugins/mcufinder/ => /home/sunbeam/.stmcufinder/plugins/mcufinder
2025-12-14 18:53:52,033 [WARN] DbFile:41 - Overriding database path with different value: /home/sunbeam/.stmcufinder/plugins/mcufinder/ => /home/sunbeam/.stmcufinder/plugins/mcufinder
2025-12-14 18:53:52,316 [INFO] CrossReferenceDbSqlite:203 - Set database path to: /home/sunbeam/.stmcufinder/plugins/mcufinder//mcu/cs/
2025-12-14 18:53:52,340 [INFO] ApplicationProperties:184 - Using Application install path: /opt/st/stm32cubeide_1.19.0/plugins/com.st.stm32cube.common.mx_6.15.0.202507011659
2025-12-14 18:53:52,342 [INFO] PluginManage:196 - Search for loadable plugins [exclusion list=, ]
2025-12-14 18:53:52,344 [INFO] PluginManage:310 - Check plugin analytics
2025-12-14 18:53:53,018 [INFO] AnalyticsPlugin:253 - Accepted Software Licenses: 
2025-12-14 18:53:53,018 [INFO] AnalyticsPlugin:255 - Accepted CMSIS Pack Licenses: 
2025-12-14 18:53:53,018 [INFO] AnalyticsPlugin:257 - Accepted Firmware Licenses: FW.F4.1.28.0
2025-12-14 18:53:53,021 [INFO] PluginManage:359 - Loaded plugin analytics (category:tool,tabindex:-1)
2025-12-14 18:53:53,021 [INFO] PluginManage:310 - Check plugin cadmodel
2025-12-14 18:53:53,025 [INFO] CADModel:105 - Init CAD model plugin
2025-12-14 18:53:53,025 [INFO] PluginManage:359 - Loaded plugin cadmodel (category:power,tabindex:5)
2025-12-14 18:53:53,025 [INFO] PluginManage:310 - Check plugin clock
2025-12-14 18:53:53,033 [INFO] PluginManage:359 - Loaded plugin clock (category:base,tabindex:2)
2025-12-14 18:53:53,033 [INFO] PluginManage:310 - Check plugin ddr
2025-12-14 18:53:53,035 [INFO] PluginManage:359 - Loaded plugin ddr (category:tool,tabindex:6)
2025-12-14 18:53:53,036 [INFO] PluginManage:310 - Check plugin filemanager
2025-12-14 18:53:53,208 [INFO] PluginManage:359 - Loaded plugin filemanager (category:base,tabindex:10)
2025-12-14 18:53:53,208 [INFO] PluginManage:310 - Check plugin ipmanager
2025-12-14 18:53:53,213 [INFO] PluginManage:359 - Loaded plugin ipmanager (category:base,tabindex:5)
2025-12-14 18:53:53,213 [INFO] PluginManage:310 - Check plugin lpbam
2025-12-14 18:53:53,220 [INFO] PluginManage:359 - Loaded plugin lpbam (category:base,tabindex:0)
2025-12-14 18:53:53,221 [INFO] PluginManage:310 - Check plugin memorymap
2025-12-14 18:53:53,230 [INFO] PluginManage:359 - Loaded plugin memorymap (category:base,tabindex:4)
2025-12-14 18:53:53,231 [INFO] PluginManage:310 - Check plugin pinoutandconfiguration
2025-12-14 18:53:53,237 [INFO] PluginManage:359 - Loaded plugin pinoutandconfiguration (category:base,tabindex:1)
2025-12-14 18:53:53,238 [INFO] PluginManage:310 - Check plugin pinoutconfig
2025-12-14 18:53:53,314 [WARN] SupportedApi:132 - Cannot load RTOS API schema: s4s-elt-must-match.1: The content of 'definitions' must match (annotation?, (simpleType | complexType)?, (unique | key | keyref)*)). A problem was found starting at: attribute.
2025-12-14 18:53:53,423 [INFO] PluginManage:359 - Loaded plugin pinoutconfig (category:base,tabindex:0)
2025-12-14 18:53:53,423 [INFO] PluginManage:310 - Check plugin power
2025-12-14 18:53:53,430 [INFO] PluginManage:359 - Loaded plugin power (category:power,tabindex:4)
2025-12-14 18:53:53,431 [INFO] PluginManage:310 - Check plugin projectmanager
2025-12-14 18:53:53,449 [INFO] PluginManage:359 - Loaded plugin projectmanager (category:projectmanager,tabindex:4)
2025-12-14 18:53:53,450 [INFO] PluginManage:310 - Check plugin rif
2025-12-14 18:53:53,461 [INFO] PluginManage:359 - Loaded plugin rif (category:base,tabindex:3)
2025-12-14 18:53:53,462 [INFO] PluginManage:310 - Check plugin thirdparty
2025-12-14 18:53:53,584 [INFO] PluginManage:359 - Loaded plugin thirdparty (category:base,tabindex:-1)
2025-12-14 18:53:53,584 [WARN] IntegrityCheckThread:84 - waiting for thirdparty lock release [integrity check]
2025-12-14 18:53:53,584 [INFO] PluginManage:310 - Check plugin tools
2025-12-14 18:53:53,584 [INFO] IntegrityCheckThread:86 - entering critical section [integrity check]
2025-12-14 18:53:53,585 [INFO] ThirdPartyUpdaterWithRetryManager:70 - Updater plugin not ready yet. [1/15]
2025-12-14 18:53:53,587 [INFO] PluginManage:359 - Loaded plugin tools (category:base,tabindex:7)
2025-12-14 18:53:53,587 [INFO] PluginManage:310 - Check plugin tutovideos
2025-12-14 18:53:53,778 [INFO] PluginManage:359 - Loaded plugin tutovideos (category:base,tabindex:-1)
2025-12-14 18:53:53,778 [INFO] PluginManage:310 - Check plugin updater
2025-12-14 18:53:53,805 [INFO] PluginManage:359 - Loaded plugin updater (category:base,tabindex:12)
2025-12-14 18:53:53,805 [INFO] PluginManage:310 - Check plugin userauth
2025-12-14 18:53:53,809 [INFO] UserAuth:118 - Init User Auth plugin
2025-12-14 18:53:53,810 [INFO] PluginManage:359 - Loaded plugin userauth (category:base,tabindex:14)
2025-12-14 18:53:53,810 [INFO] PluginManage:283 - PluginManage : Loaded plugins [18]
2025-12-14 18:53:54,036 [INFO] PinOutPanel:1589 - setPackage(No Configuration,No Configuration)
2025-12-14 18:53:54,094 [INFO] CADModel:165 - CPN selected for project level
2025-12-14 18:53:54,094 [INFO] CADModel:114 - Register for checkConnection events
2025-12-14 18:53:54,104 [INFO] IPUIPlugin:80 - create IPUIPlugin
2025-12-14 18:53:54,104 [INFO] PluginManager:220 - loadIPPluginJar : add dfsdm
2025-12-14 18:53:54,108 [INFO] IPUIPlugin:80 - create IPUIPlugin
2025-12-14 18:53:54,108 [INFO] PluginManager:220 - loadIPPluginJar : add gfxmmu
2025-12-14 18:53:54,110 [INFO] IPUIPlugin:80 - create IPUIPlugin
2025-12-14 18:53:54,110 [INFO] PluginManager:220 - loadIPPluginJar : add i3c
2025-12-14 18:53:54,113 [INFO] IPUIPlugin:80 - create IPUIPlugin
2025-12-14 18:53:54,113 [INFO] PluginManager:220 - loadIPPluginJar : add sai
2025-12-14 18:53:54,120 [INFO] IPUIPlugin:80 - create IPUIPlugin
2025-12-14 18:53:54,120 [INFO] PluginManager:220 - loadIPPluginJar : add dma
2025-12-14 18:53:54,122 [INFO] IPUIPlugin:80 - create IPUIPlugin
2025-12-14 18:53:54,122 [INFO] PluginManager:220 - loadIPPluginJar : add quadspi
2025-12-14 18:53:54,128 [INFO] IPUIPlugin:80 - create IPUIPlugin
2025-12-14 18:53:54,128 [INFO] PluginManager:220 - loadIPPluginJar : add opamp
2025-12-14 18:53:54,130 [INFO] IPUIPlugin:80 - create IPUIPlugin
2025-12-14 18:53:54,130 [INFO] PluginManager:220 - loadIPPluginJar : add comp
2025-12-14 18:53:54,135 [INFO] IPUIPlugin:80 - create IPUIPlugin
2025-12-14 18:53:54,137 [INFO] PluginManager:220 - loadIPPluginJar : add plateformsettings
2025-12-14 18:53:54,138 [INFO] IPUIPlugin:80 - create IPUIPlugin
2025-12-14 18:53:54,138 [INFO] PluginManager:220 - loadIPPluginJar : add ltdc
2025-12-14 18:53:54,141 [INFO] IPUIPlugin:80 - create IPUIPlugin
2025-12-14 18:53:54,141 [INFO] PluginManager:220 - loadIPPluginJar : add nvic
2025-12-14 18:53:54,142 [INFO] IPUIPlugin:80 - create IPUIPlugin
2025-12-14 18:53:54,142 [INFO] PluginManager:220 - loadIPPluginJar : add fatfs
2025-12-14 18:53:54,145 [INFO] IPUIPlugin:80 - create IPUIPlugin
2025-12-14 18:53:54,146 [INFO] PluginManager:220 - loadIPPluginJar : add gpio
2025-12-14 18:53:54,148 [INFO] IPUIPlugin:80 - create IPUIPlugin
2025-12-14 18:53:54,148 [INFO] PluginManager:220 - loadIPPluginJar : add aes
2025-12-14 18:53:54,153 [INFO] IPUIPlugin:80 - create IPUIPlugin
2025-12-14 18:53:54,153 [INFO] PluginManager:220 - loadIPPluginJar : add mdma
2025-12-14 18:53:54,155 [INFO] IPUIPlugin:80 - create IPUIPlugin
2025-12-14 18:53:54,155 [INFO] PluginManager:220 - loadIPPluginJar : add pdm2pcm
2025-12-14 18:53:54,162 [INFO] IPUIPlugin:80 - create IPUIPlugin
2025-12-14 18:53:54,162 [INFO] PluginManager:220 - loadIPPluginJar : add linkedlist
2025-12-14 18:53:54,164 [INFO] IPUIPlugin:80 - create IPUIPlugin
2025-12-14 18:53:54,164 [INFO] PluginManager:220 - loadIPPluginJar : add usart
2025-12-14 18:53:54,166 [INFO] IPUIPlugin:80 - create IPUIPlugin
2025-12-14 18:53:54,166 [INFO] PluginManager:220 - loadIPPluginJar : add i2c
2025-12-14 18:53:54,168 [INFO] IPUIPlugin:80 - create IPUIPlugin
2025-12-14 18:53:54,168 [INFO] PluginManager:220 - loadIPPluginJar : add lorawan
2025-12-14 18:53:54,170 [INFO] IPUIPlugin:80 - create IPUIPlugin
2025-12-14 18:53:54,170 [INFO] PluginManager:220 - loadIPPluginJar : add usbx
2025-12-14 18:53:54,173 [INFO] IPUIPlugin:80 - create IPUIPlugin
2025-12-14 18:53:54,173 [INFO] PluginManager:220 - loadIPPluginJar : add fmc
2025-12-14 18:53:54,175 [INFO] IPUIPlugin:80 - create IPUIPlugin
2025-12-14 18:53:54,175 [INFO] PluginManager:220 - loadIPPluginJar : add extmemmanager
2025-12-14 18:53:54,180 [INFO] IPUIPlugin:80 - create IPUIPlugin
2025-12-14 18:53:54,180 [INFO] PluginManager:220 - loadIPPluginJar : add freertos
2025-12-14 18:53:54,182 [INFO] IPUIPlugin:80 - create IPUIPlugin
2025-12-14 18:53:54,182 [INFO] PluginManager:220 - loadIPPluginJar : add can
2025-12-14 18:53:54,184 [INFO] IPUIPlugin:80 - create IPUIPlugin
2025-12-14 18:53:54,184 [INFO] PluginManager:220 - loadIPPluginJar : add touchsensing
2025-12-14 18:53:54,186 [INFO] IPUIPlugin:80 - create IPUIPlugin
2025-12-14 18:53:54,186 [INFO] PluginManager:220 - loadIPPluginJar : add tracer_emb
2025-12-14 18:53:54,187 [INFO] IPUIPlugin:80 - create IPUIPlugin
2025-12-14 18:53:54,187 [INFO] PluginManager:220 - loadIPPluginJar : add ucpd
2025-12-14 18:53:54,188 [INFO] IPUIPlugin:80 - create IPUIPlugin
2025-12-14 18:53:54,188 [INFO] PluginManager:220 - loadIPPluginJar : add ts
2025-12-14 18:53:54,189 [INFO] IPUIPlugin:80 - create IPUIPlugin
2025-12-14 18:53:54,189 [INFO] PluginManager:220 - loadIPPluginJar : add tsc
2025-12-14 18:53:54,191 [INFO] IPUIPlugin:80 - create IPUIPlugin
2025-12-14 18:53:54,191 [INFO] PluginManager:220 - loadIPPluginJar : add resmgrutility
2025-12-14 18:53:54,193 [INFO] IPUIPlugin:80 - create IPUIPlugin
2025-12-14 18:53:54,193 [INFO] PluginManager:220 - loadIPPluginJar : add cryp
2025-12-14 18:53:54,195 [INFO] IPUIPlugin:80 - create IPUIPlugin
2025-12-14 18:53:54,195 [INFO] PluginManager:220 - loadIPPluginJar : add openamp
2025-12-14 18:53:54,200 [INFO] IPUIPlugin:80 - create IPUIPlugin
2025-12-14 18:53:54,200 [INFO] PluginManager:220 - loadIPPluginJar : add adc
2025-12-14 18:53:54,202 [INFO] IPUIPlugin:80 - create IPUIPlugin
2025-12-14 18:53:54,202 [INFO] PluginManager:220 - loadIPPluginJar : add spi
2025-12-14 18:53:54,204 [INFO] IPUIPlugin:80 - create IPUIPlugin
2025-12-14 18:53:54,204 [INFO] PluginManager:220 - loadIPPluginJar : add ipddr
2025-12-14 18:53:54,210 [INFO] IPUIPlugin:80 - create IPUIPlugin
2025-12-14 18:53:54,210 [INFO] PluginManager:220 - loadIPPluginJar : add stm32_wpan
2025-12-14 18:53:54,213 [INFO] IPUIPlugin:80 - create IPUIPlugin
2025-12-14 18:53:54,214 [INFO] PluginManager:220 - loadIPPluginJar : add gic
2025-12-14 18:53:54,215 [INFO] IPUIPlugin:80 - create IPUIPlugin
2025-12-14 18:53:54,215 [INFO] PluginManager:220 - loadIPPluginJar : add ddr_ctrl_phy
2025-12-14 18:53:54,216 [INFO] IPUIPlugin:80 - create IPUIPlugin
2025-12-14 18:53:54,217 [INFO] PluginManager:220 - loadIPPluginJar : add genericplugin
2025-12-14 18:53:54,218 [INFO] IPUIPlugin:80 - create IPUIPlugin
2025-12-14 18:53:54,219 [INFO] PluginManager:220 - loadIPPluginJar : add hash
2025-12-14 18:53:54,220 [INFO] IPUIPlugin:80 - create IPUIPlugin
2025-12-14 18:53:54,220 [INFO] PluginManager:220 - loadIPPluginJar : add tim
2025-12-14 18:53:54,222 [INFO] IPUIPlugin:80 - create IPUIPlugin
2025-12-14 18:53:54,223 [INFO] PluginManager:220 - loadIPPluginJar : add radio
2025-12-14 18:53:54,226 [INFO] IPUIPlugin:80 - create IPUIPlugin
2025-12-14 18:53:54,226 [INFO] PluginManager:220 - loadIPPluginJar : add gtzc
2025-12-14 18:53:54,227 [INFO] IPUIPlugin:80 - create IPUIPlugin
2025-12-14 18:53:54,227 [INFO] PluginManager:220 - loadIPPluginJar : add i2s
2025-12-14 18:53:54,229 [INFO] IPUIPlugin:80 - create IPUIPlugin
2025-12-14 18:53:54,229 [INFO] PluginManager:220 - loadIPPluginJar : add dma3
2025-12-14 18:53:54,330 [FATAL] Updater:351 - Updater called before beeing initialized
2025-12-14 18:53:54,385 [INFO] RulesReader:64 - Compatibility file has been processed (317 Rules)
2025-12-14 18:53:54,405 [INFO] RulesReader:64 - Compatibility file has been processed (317 Rules)
2025-12-14 18:53:54,416 [INFO] CADModel:165 - CPN selected for project level
2025-12-14 18:53:54,417 [INFO] CADModel:114 - Register for checkConnection events
2025-12-14 18:53:54,417 [FATAL] Updater:351 - Updater called before beeing initialized
2025-12-14 18:53:54,417 [ERROR] CADModel:125 - Updater not yet initialized, retry later 
2025-12-14 18:53:54,575 [FATAL] Updater:351 - Updater called before beeing initialized
2025-12-14 18:53:54,577 [INFO] CADModel:165 - CPN selected for project level
2025-12-14 18:53:54,577 [INFO] CADModel:114 - Register for checkConnection events
2025-12-14 18:53:54,577 [FATAL] Updater:351 - Updater called before beeing initialized
2025-12-14 18:53:54,577 [ERROR] CADModel:125 - Updater not yet initialized, retry later 
2025-12-14 18:53:54,581 [FATAL] Updater:351 - Updater called before beeing initialized
2025-12-14 18:53:54,663 [FATAL] Updater:351 - Updater called before beeing initialized
2025-12-14 18:53:54,667 [INFO] DbMcusAds:53 - JSON generation date=Tue Nov 25 19:38:32 IST 2025 (1764079712835)
2025-12-14 18:53:54,667 [FATAL] Updater:351 - Updater called before beeing initialized
2025-12-14 18:53:54,699 [WARN] DetailPanel:346 - Failed to get advertising image, set to default
2025-12-14 18:53:54,769 [FATAL] Updater:351 - Updater called before beeing initialized
2025-12-14 18:53:54,771 [FATAL] Updater:351 - Updater called before beeing initialized
2025-12-14 18:53:54,771 [FATAL] Updater:351 - Updater called before beeing initialized
2025-12-14 18:53:54,771 [WARN] DetailPanel:346 - Failed to get advertising image, set to default
2025-12-14 18:53:54,772 [FATAL] Updater:351 - Updater called before beeing initialized
2025-12-14 18:53:54,804 [ERROR] Updater:1198 - MainUpdater not yet initialized. External WinMGr cannot be set.
2025-12-14 18:53:54,805 [INFO] Updater:1134 - Updater Version found : 6.15.0
2025-12-14 18:53:54,821 [INFO] ApplicationProperties:184 - Using Application install path: /opt/st/stm32cubeide_1.19.0/plugins/com.st.stm32cube.common.mx_6.15.0.202507011659
2025-12-14 18:53:55,573 [INFO] MainUpdater:2872 - connection check result : 10
2025-12-14 18:53:55,574 [INFO] MainUpdater:289 - Updater Check For Update Now.
2025-12-14 18:53:55,574 [INFO] MicroXplorer:498 - Change Database Version : DB.6.0.150
2025-12-14 18:53:55,579 [INFO] McuFinderGlobals:63 - Set McuFinder mode to 2 (CubeIDE integrated)
2025-12-14 18:53:55,579 [INFO] UserAuth:171 - activating auth plugin
2025-12-14 18:53:55,582 [INFO] UserAuth:487 - Internet connection configuration mode: 1
2025-12-14 18:53:55,596 [INFO] JxBrowserEngine:152 - Initiate JxBrowser Engine with user profile folder
2025-12-14 18:53:55,796 [INFO] CheckServerUpdateThread:120 - End of CheckServer Thread
2025-12-14 18:53:56,342 [INFO] WebApp:169 - Instantiating new browser for Auth
2025-12-14 18:53:56,733 [WARN] PackLoader:240 - Cannot read IP mode file for STMicroelectronics.FP-SNS-MOTENVWB1.1.4.0
2025-12-14 18:53:56,745 [WARN] PackLoader:240 - Cannot read IP mode file for STMicroelectronics.FP-ATR-ASTRA1.2.0.2
2025-12-14 18:53:56,753 [WARN] PackLoader:240 - Cannot read IP mode file for STMicroelectronics.X-CUBE-SMBUS.2.1.0
2025-12-14 18:53:56,756 [WARN] PackLoader:240 - Cannot read IP mode file for STMicroelectronics.X-CUBE-ST60.1.0.0
2025-12-14 18:53:56,793 [WARN] PackLoader:240 - Cannot read IP mode file for STMicroelectronics.X-CUBE-AZRTOS-F7.1.1.0
2025-12-14 18:53:56,803 [WARN] PackLoader:240 - Cannot read IP mode file for STMicroelectronics.FP-SNS-MOTENV1.5.1.0
2025-12-14 18:53:56,830 [WARN] PackLoader:240 - Cannot read IP mode file for Infineon.AIROC-Wi-Fi-Bluetooth-STM32.1.7.1
2025-12-14 18:53:56,894 [WARN] PackLoader:240 - Cannot read IP mode file for STMicroelectronics.X-CUBE-AZRTOS-H7.3.4.0
2025-12-14 18:53:56,911 [WARN] PackLoader:240 - Cannot read IP mode file for STMicroelectronics.X-CUBE-DISPLAY.3.0.0
2025-12-14 18:53:56,935 [WARN] PackLoader:240 - Cannot read IP mode file for STMicroelectronics.X-CUBE-NFC10.1.0.0
2025-12-14 18:53:56,976 [WARN] PackLoader:240 - Cannot read IP mode file for STMicroelectronics.X-CUBE-BLEMGR.4.0.0
2025-12-14 18:53:56,987 [WARN] PackLoader:240 - Cannot read IP mode file for STMicroelectronics.X-CUBE-ST60.1.1.0
2025-12-14 18:53:56,998 [WARN] PackLoader:240 - Cannot read IP mode file for emotas.I-CUBE-CANOPEN.1.3.0
2025-12-14 18:53:57,011 [WARN] PackLoader:240 - Cannot read IP mode file for STMicroelectronics.X-CUBE-GNSS1.7.1.0
2025-12-14 18:53:57,016 [WARN] ConditionMgr:438 - getConditionDescription Invalid condition id : Cortex-A Device cause : null
2025-12-14 18:53:57,044 [WARN] ConditionMgr:1044 - genDependencies : Invalid condition id : Cortex-A Device cause : null
2025-12-14 18:53:57,044 [WARN] ConditionMgr:1044 - genDependencies : Invalid condition id : Cortex-A Device cause : null
2025-12-14 18:53:57,044 [WARN] ConditionMgr:1044 - genDependencies : Invalid condition id : Cortex-A Device cause : null
2025-12-14 18:53:57,052 [WARN] PackLoader:240 - Cannot read IP mode file for STMicroelectronics.FP-SNS-STBOX1.2.1.0
2025-12-14 18:53:57,061 [WARN] PackLoader:240 - Cannot read IP mode file for STMicroelectronics.FP-SNS-SMARTAG2.1.2.0
2025-12-14 18:53:57,066 [WARN] PackLoader:240 - Cannot read IP mode file for STMicroelectronics.FP-SNS-FLIGHT1.5.1.0
2025-12-14 18:53:57,079 [INFO] LogOutputStream:77 - [STDOUT_REDIRECT] 1 : Invalid condition id : UX_CORESTACK_Condition cause : null
2025-12-14 18:53:57,082 [INFO] LogOutputStream:77 - [STDOUT_REDIRECT] 1 : Invalid condition id : UX_CORESTACK_Condition cause : null
2025-12-14 18:53:57,083 [INFO] LogOutputStream:77 - [STDOUT_REDIRECT] 1 : Invalid condition id : UX_CORESTACK_Condition cause : null
2025-12-14 18:53:57,083 [INFO] LogOutputStream:77 - [STDOUT_REDIRECT] 1 : Invalid condition id : UX_CORESTACK_Condition cause : null
2025-12-14 18:53:57,083 [INFO] LogOutputStream:77 - [STDOUT_REDIRECT] 1 : Invalid condition id : UX_CORESTACK_Condition cause : null
2025-12-14 18:53:57,093 [WARN] PackLoader:240 - Cannot read IP mode file for STMicroelectronics.X-CUBE-AZRTOS-WL.2.0.0
2025-12-14 18:53:57,099 [WARN] PackLoader:240 - Cannot read IP mode file for STMicroelectronics.FP-SNS-MOTENV1.5.0.0
2025-12-14 18:53:57,125 [WARN] PackLoader:240 - Cannot read IP mode file for STMicroelectronics.X-CUBE-AZRTOS-H7RS.1.2.0
2025-12-14 18:53:57,138 [WARN] PackLoader:240 - Cannot read IP mode file for WES.I-CUBE-Cesium.1.3.0
2025-12-14 18:53:57,148 [WARN] PackLoader:240 - Cannot read IP mode file for STMicroelectronics.X-CUBE-BLE2.3.3.0
2025-12-14 18:53:57,170 [WARN] PackLoader:240 - Cannot read IP mode file for STMicroelectronics.X-CUBE-NFC9.1.0.0
2025-12-14 18:53:57,177 [WARN] PackLoader:240 - Cannot read IP mode file for wolfSSL.I-CUBE-wolfSSL.5.8.0
2025-12-14 18:53:57,182 [WARN] PackLoader:240 - Cannot read IP mode file for STMicroelectronics.X-CUBE-BLE1.7.1.0
2025-12-14 18:53:57,186 [WARN] PackLoader:240 - Cannot read IP mode file for wolfSSL.I-CUBE-wolfMQTT.1.19.2
2025-12-14 18:53:57,194 [WARN] PackLoader:240 - Cannot read IP mode file for STMicroelectronics.X-CUBE-FREERTOS.1.4.0
2025-12-14 18:53:57,201 [WARN] PackLoader:240 - Cannot read IP mode file for STMicroelectronics.X-CUBE-EEPRMA1.5.2.0
2025-12-14 18:53:57,210 [WARN] PackLoader:240 - Cannot read IP mode file for STMicroelectronics.X-CUBE-ST67W61.1.1.0
2025-12-14 18:53:57,216 [WARN] PackLoader:240 - Cannot read IP mode file for STMicroelectronics.X-CUBE-AI.10.1.0
2025-12-14 18:53:57,270 [INFO] WebApp:463 - Apply proxy settings
2025-12-14 18:53:57,271 [INFO] WebApp:548 - Chromium requires no authentication
2025-12-14 18:53:57,286 [WARN] PackLoader:240 - Cannot read IP mode file for STMicroelectronics.X-CUBE-MEMS1.12.0.0
2025-12-14 18:53:57,291 [INFO] WebApp:491 - Direct internet connection detected
2025-12-14 18:53:57,329 [INFO] WebApp:900 - Register for checkConnection events
2025-12-14 18:53:57,330 [INFO] WebApp:463 - Apply proxy settings
2025-12-14 18:53:57,330 [INFO] WebApp:548 - Chromium requires no authentication
2025-12-14 18:53:57,331 [INFO] WebApp:491 - Direct internet connection detected
2025-12-14 18:53:57,429 [WARN] PackLoader:240 - Cannot read IP mode file for STMicroelectronics.X-CUBE-AZRTOS-G0.1.1.0
2025-12-14 18:53:57,437 [WARN] PackLoader:240 - Cannot read IP mode file for STMicroelectronics.X-CUBE-SAFEA1.1.2.2
2025-12-14 18:53:57,444 [WARN] PackLoader:240 - Cannot read IP mode file for STMicroelectronics.X-CUBE-NFC4.3.0.0
2025-12-14 18:53:57,455 [WARN] PackLoader:240 - Cannot read IP mode file for EmbeddedOffice.I-CUBE-FS-RTOS.1.0.1
2025-12-14 18:53:57,461 [WARN] PackLoader:240 - Cannot read IP mode file for STMicroelectronics.X-CUBE-WB05N.2.0.0
2025-12-14 18:53:57,467 [WARN] PackLoader:240 - Cannot read IP mode file for wolfSSL.I-CUBE-wolfTPM.3.8.0
2025-12-14 18:53:57,472 [WARN] PackLoader:240 - Cannot read IP mode file for STMicroelectronics.X-CUBE-TCPP.4.2.0
2025-12-14 18:53:57,478 [WARN] PackLoader:240 - Cannot read IP mode file for RealThread.X-CUBE-RT-Thread_Nano.4.1.1
2025-12-14 18:53:57,483 [WARN] PackLoader:240 - Cannot read IP mode file for STMicroelectronics.FP-ATR-SIGFOX1.3.2.0
2025-12-14 18:53:57,490 [WARN] PackLoader:240 - Cannot read IP mode file for STMicroelectronics.X-CUBE-EEPRMA1.5.1.0
2025-12-14 18:53:57,497 [WARN] PackLoader:240 - Cannot read IP mode file for ITTIA_DB.I-CUBE-ITTIADB.8.9.0
2025-12-14 18:53:57,504 [WARN] PackLoader:240 - Cannot read IP mode file for STMicroelectronics.X-CUBE-ST67W61.1.0.0
2025-12-14 18:53:57,508 [WARN] PackLoader:240 - Cannot read IP mode file for STMicroelectronics.X-CUBE-AI.10.2.0
2025-12-14 18:53:57,545 [WARN] PackLoader:240 - Cannot read IP mode file for SEGGER.I-CUBE-embOS.1.3.1
2025-12-14 18:53:57,561 [INFO] WebApp:225 - Starting web application
2025-12-14 18:53:57,561 [INFO] WebApp:593 - Web application path used /opt/st/stm32cubeide_1.19.0/plugins/com.st.stm32cube.common.mx_6.15.0.202507011659/db/plugins/mcufinder/reactClient1/index.html
2025-12-14 18:53:57,592 [WARN] PackLoader:240 - Cannot read IP mode file for STMicroelectronics.X-CUBE-ALGOBUILD.1.4.0
2025-12-14 18:53:57,647 [WARN] PackLoader:240 - Cannot read IP mode file for STMicroelectronics.X-CUBE-MEMS1.11.3.0
2025-12-14 18:53:57,788 [WARN] PackLoader:240 - Cannot read IP mode file for STMicroelectronics.X-CUBE-PM33A1.1.0.0
2025-12-14 18:53:57,810 [WARN] PackLoader:240 - Cannot read IP mode file for STMicroelectronics.X-CUBE-AZRTOS-F4.1.1.0
2025-12-14 18:53:57,818 [WARN] PackLoader:240 - Cannot read IP mode file for Avnet-IotConnect.X-CUBE-IoTC-DA16k-PMOD.1.0.0
2025-12-14 18:53:57,823 [WARN] PackLoader:240 - Cannot read IP mode file for STMicroelectronics.X-CUBE-ISPU.2.1.0
2025-12-14 18:53:57,846 [WARN] PackLoader:240 - Cannot read IP mode file for STMicroelectronics.X-CUBE-IPS.3.2.0
2025-12-14 18:53:57,861 [WARN] PackLoader:240 - Cannot read IP mode file for STMicroelectronics.X-CUBE-NFC12.1.0.0
2025-12-14 18:53:57,893 [WARN] PackLoader:240 - Cannot read IP mode file for STMicroelectronics.X-CUBE-AZRTOS-L5.2.0.0
2025-12-14 18:53:57,913 [WARN] PackLoader:240 - Cannot read IP mode file for STMicroelectronics.X-CUBE-NFC6.3.1.0
2025-12-14 18:53:57,922 [WARN] PackLoader:240 - Cannot read IP mode file for STMicroelectronics.X-CUBE-FREERTOS.1.3.1
2025-12-14 18:53:57,949 [WARN] PackLoader:240 - Cannot read IP mode file for STMicroelectronics.X-CUBE-TOUCHGFX.4.26.0
2025-12-14 18:53:57,955 [WARN] PackLoader:240 - Cannot read IP mode file for STMicroelectronics.FP-SNS-STAIOTCFT.1.0.0
2025-12-14 18:53:57,961 [WARN] PackLoader:240 - Cannot read IP mode file for STMicroelectronics.X-CUBE-DPower.1.3.0
2025-12-14 18:53:57,985 [WARN] ConditionMgr:438 - getConditionDescription Invalid condition id : LAN8742 Phy interface Condition cause : null
2025-12-14 18:53:57,986 [WARN] PackLoader:240 - Cannot read IP mode file for STMicroelectronics.X-CUBE-AZRTOS-L4.2.0.0
2025-12-14 18:53:57,988 [WARN] ConditionMgr:1044 - genDependencies : Invalid condition id : LAN8742 Phy interface Condition cause : null
2025-12-14 18:53:57,989 [WARN] ConditionMgr:1044 - genDependencies : Invalid condition id : LAN8742 Phy interface Condition cause : null
2025-12-14 18:53:57,990 [WARN] ConditionMgr:1044 - genDependencies : Invalid condition id : LAN8742 Phy interface Condition cause : null
2025-12-14 18:53:57,998 [WARN] PackLoader:240 - Cannot read IP mode file for STMicroelectronics.X-CUBE-SFXS2LP1.4.0.0
2025-12-14 18:53:58,011 [WARN] PackLoader:240 - Cannot read IP mode file for STMicroelectronics.X-CUBE-BLEMGR.4.1.0
2025-12-14 18:53:58,029 [WARN] ConditionMgr:438 - getConditionDescription Invalid condition id : UX DEVICE CLASS RTOS Condition cause : null
2025-12-14 18:53:58,029 [WARN] ConditionMgr:438 - getConditionDescription Invalid condition id : UX DEVICE CLASS RTOS Condition cause : null
2025-12-14 18:53:58,032 [WARN] PackLoader:240 - Cannot read IP mode file for STMicroelectronics.X-CUBE-AZRTOS-WB.2.0.0
2025-12-14 18:53:58,033 [WARN] ConditionMgr:1044 - genDependencies : Invalid condition id : UX DEVICE CLASS RTOS Condition cause : null
2025-12-14 18:53:58,033 [WARN] ConditionMgr:1044 - genDependencies : Invalid condition id : UX DEVICE CLASS RTOS Condition cause : null
2025-12-14 18:53:58,034 [WARN] ConditionMgr:1044 - genDependencies : Invalid condition id : UX DEVICE CLASS RTOS Condition cause : null
2025-12-14 18:53:58,034 [WARN] ConditionMgr:1044 - genDependencies : Invalid condition id : UX DEVICE CLASS RTOS Condition cause : null
2025-12-14 18:53:58,035 [WARN] ConditionMgr:1044 - genDependencies : Invalid condition id : UX DEVICE CLASS RTOS Condition cause : null
2025-12-14 18:53:58,041 [WARN] PackLoader:240 - Cannot read IP mode file for STMicroelectronics.X-CUBE-GNSS1.7.0.1
2025-12-14 18:53:58,050 [WARN] PackLoader:240 - Cannot read IP mode file for STMicroelectronics.X-CUBE-TOUCHGFX.4.25.0
2025-12-14 18:53:58,057 [WARN] PackLoader:240 - Cannot read IP mode file for STMicroelectronics.FP-SNS-STBOX1.2.0.0
2025-12-14 18:53:58,078 [WARN] PackLoader:240 - Cannot read IP mode file for STMicroelectronics.X-CUBE-SUBG2.5.0.0
2025-12-14 18:53:58,095 [WARN] PackLoader:240 - Cannot read IP mode file for STMicroelectronics.X-CUBE-AZRTOS-H7RS.1.1.0
2025-12-14 18:53:58,099 [WARN] PackLoader:240 - Cannot read IP mode file for Cesanta.I-CUBE-Mongoose.7.13.0
2025-12-14 18:53:58,109 [WARN] PackLoader:240 - Cannot read IP mode file for STMicroelectronics.X-CUBE-AZRTOS-G4.2.0.0
2025-12-14 18:53:58,114 [WARN] PackLoader:240 - Cannot read IP mode file for wolfSSL.I-CUBE-wolfSSH.1.4.20
2025-12-14 18:53:58,118 [WARN] PackLoader:240 - Cannot read IP mode file for STMicroelectronics.X-CUBE-NFC7.2.0.0
2025-12-14 18:53:58,129 [WARN] PackLoader:240 - Cannot read IP mode file for STMicroelectronics.X-CUBE-IPS.3.1.0
2025-12-14 18:53:58,133 [INFO] WebApp:191 - Connection restablished
2025-12-14 18:53:58,137 [WARN] PackLoader:240 - Cannot read IP mode file for STMicroelectronics.X-CUBE-ALS.1.0.2
2025-12-14 18:53:58,143 [WARN] PackLoader:240 - Cannot read IP mode file for STMicroelectronics.X-CUBE-STSE01.1.0.0
2025-12-14 18:53:58,147 [WARN] PackLoader:240 - Cannot read IP mode file for portGmbH.I-Cube-SoM-uGOAL.1.1.0
2025-12-14 18:53:58,157 [WARN] PackLoader:240 - Cannot read IP mode file for STMicroelectronics.X-CUBE-TOF1.3.4.3
2025-12-14 18:53:58,167 [INFO] ThirdParty:978 - Integrity check success = true
2025-12-14 18:53:58,167 [INFO] IntegrityCheckThread:100 - exiting critical section [integrity check]
2025-12-14 18:53:58,167 [INFO] IntegrityCheckThread:103 - End integrity checks thread
2025-12-14 18:54:18,637 [ERROR] LogOutputStream:75 - [STDERR_REDIRECT] 
