2026-03-30 11:50:40,113 [INFO] Activator:176 - 


2026-03-30 11:50:40,118 [INFO] Activator:177 - !SESSION log4j initialized
2026-03-30 11:50:44,890 [INFO] LogOutputStream:77 - [STDOUT_REDIRECT] 
2026-03-30 11:50:47,163 [INFO] ApplicationProperties:184 - Using Application install path: /opt/st/stm32cubeide_1.19.0/plugins/com.st.stm32cube.common.mx_6.15.0.202507011659
2026-03-30 11:50:47,182 [INFO] DbMcusXml:78 - Set database path to: /opt/st/stm32cubeide_1.19.0/plugins/com.st.stm32cube.common.mx_6.15.0.202507011659//db//mcu/
2026-03-30 11:50:47,182 [INFO] ApiDb:274 - Set plugin database path to: /opt/st/stm32cubeide_1.19.0/plugins/com.st.stm32cube.common.mx_6.15.0.202507011659//db//plugins/boardmanager/
2026-03-30 11:50:47,183 [WARN] ApiDb:259 - Overriding images path with different value:  => /opt/st/stm32cubeide_1.19.0/plugins/com.st.stm32cube.common.mx_6.15.0.202507011659//db//plugins/mcufinder/images/
2026-03-30 11:50:47,189 [INFO] ApiDb:250 - Set database path to: /home/sunbeam/.stmcufinder/plugins/mcufinder//mcu/
2026-03-30 11:50:47,191 [INFO] DbMcusAds:125 - Set database path to: /home/sunbeam/.stmcufinder/plugins/mcufinder//mcu/
2026-03-30 11:50:47,312 [INFO] CrossReferenceDbSqlite:203 - Set database path to: /home/sunbeam/.stmcufinder/plugins/mcufinder//mcu/cs/
2026-03-30 11:50:47,460 [INFO] RulesReader:64 - Compatibility file has been processed (317 Rules)
2026-03-30 11:50:47,531 [INFO] DbMcusXml:78 - Set database path to: /opt/st/stm32cubeide_1.19.0/plugins/com.st.stm32cube.common.mx_6.15.0.202507011659//db//mcu/
2026-03-30 11:50:47,531 [INFO] ApiDb:274 - Set plugin database path to: /opt/st/stm32cubeide_1.19.0/plugins/com.st.stm32cube.common.mx_6.15.0.202507011659//db//plugins/boardmanager/
2026-03-30 11:50:47,532 [INFO] ApiDb:261 - Set plugin images path to: /opt/st/stm32cubeide_1.19.0/plugins/com.st.stm32cube.common.mx_6.15.0.202507011659//db//plugins/mcufinder/images/
2026-03-30 11:50:47,532 [WARN] DbFile:41 - Overriding database path with different value: /home/sunbeam/.stmcufinder/plugins/mcufinder/ => /home/sunbeam/.stmcufinder/plugins/mcufinder
2026-03-30 11:50:47,532 [INFO] ApiDb:250 - Set database path to: /home/sunbeam/.stmcufinder/plugins/mcufinder//mcu/
2026-03-30 11:50:47,532 [WARN] DbFile:41 - Overriding database path with different value: /home/sunbeam/.stmcufinder/plugins/mcufinder/ => /home/sunbeam/.stmcufinder/plugins/mcufinder
2026-03-30 11:50:47,532 [INFO] DbMcusAds:125 - Set database path to: /home/sunbeam/.stmcufinder/plugins/mcufinder//mcu/
2026-03-30 11:50:47,532 [WARN] DbFile:41 - Overriding database path with different value: /home/sunbeam/.stmcufinder/plugins/mcufinder/ => /home/sunbeam/.stmcufinder/plugins/mcufinder
2026-03-30 11:50:47,532 [WARN] DbFile:41 - Overriding database path with different value: /home/sunbeam/.stmcufinder/plugins/mcufinder/ => /home/sunbeam/.stmcufinder/plugins/mcufinder
2026-03-30 11:50:47,650 [INFO] CrossReferenceDbSqlite:203 - Set database path to: /home/sunbeam/.stmcufinder/plugins/mcufinder//mcu/cs/
2026-03-30 11:50:47,720 [INFO] MainPanel:274 - HeapMemory: 268435456
2026-03-30 11:50:47,823 [INFO] DbMcusXml:78 - Set database path to: /opt/st/stm32cubeide_1.19.0/plugins/com.st.stm32cube.common.mx_6.15.0.202507011659//db//mcu/
2026-03-30 11:50:47,823 [INFO] ApiDb:274 - Set plugin database path to: /opt/st/stm32cubeide_1.19.0/plugins/com.st.stm32cube.common.mx_6.15.0.202507011659//db//plugins/boardmanager/
2026-03-30 11:50:47,823 [INFO] ApiDb:261 - Set plugin images path to: /opt/st/stm32cubeide_1.19.0/plugins/com.st.stm32cube.common.mx_6.15.0.202507011659//db//plugins/mcufinder/images/
2026-03-30 11:50:47,823 [WARN] DbFile:41 - Overriding database path with different value: /home/sunbeam/.stmcufinder/plugins/mcufinder/ => /home/sunbeam/.stmcufinder/plugins/mcufinder
2026-03-30 11:50:47,823 [INFO] ApiDb:250 - Set database path to: /home/sunbeam/.stmcufinder/plugins/mcufinder//mcu/
2026-03-30 11:50:47,823 [WARN] DbFile:41 - Overriding database path with different value: /home/sunbeam/.stmcufinder/plugins/mcufinder/ => /home/sunbeam/.stmcufinder/plugins/mcufinder
2026-03-30 11:50:47,824 [INFO] DbMcusAds:125 - Set database path to: /home/sunbeam/.stmcufinder/plugins/mcufinder//mcu/
2026-03-30 11:50:47,824 [WARN] DbFile:41 - Overriding database path with different value: /home/sunbeam/.stmcufinder/plugins/mcufinder/ => /home/sunbeam/.stmcufinder/plugins/mcufinder
2026-03-30 11:50:47,824 [WARN] DbFile:41 - Overriding database path with different value: /home/sunbeam/.stmcufinder/plugins/mcufinder/ => /home/sunbeam/.stmcufinder/plugins/mcufinder
2026-03-30 11:50:48,163 [INFO] CrossReferenceDbSqlite:203 - Set database path to: /home/sunbeam/.stmcufinder/plugins/mcufinder//mcu/cs/
2026-03-30 11:50:48,188 [INFO] ApplicationProperties:184 - Using Application install path: /opt/st/stm32cubeide_1.19.0/plugins/com.st.stm32cube.common.mx_6.15.0.202507011659
2026-03-30 11:50:48,190 [INFO] PluginManage:196 - Search for loadable plugins [exclusion list=, ]
2026-03-30 11:50:48,192 [INFO] PluginManage:310 - Check plugin analytics
2026-03-30 11:50:48,789 [INFO] AnalyticsPlugin:253 - Accepted Software Licenses: 
2026-03-30 11:50:48,789 [INFO] AnalyticsPlugin:255 - Accepted CMSIS Pack Licenses: 
2026-03-30 11:50:48,789 [INFO] AnalyticsPlugin:257 - Accepted Firmware Licenses: FW.F4.1.28.0
2026-03-30 11:50:48,792 [INFO] PluginManage:359 - Loaded plugin analytics (category:tool,tabindex:-1)
2026-03-30 11:50:48,792 [INFO] PluginManage:310 - Check plugin cadmodel
2026-03-30 11:50:48,799 [INFO] CADModel:105 - Init CAD model plugin
2026-03-30 11:50:48,799 [INFO] PluginManage:359 - Loaded plugin cadmodel (category:power,tabindex:5)
2026-03-30 11:50:48,800 [INFO] PluginManage:310 - Check plugin clock
2026-03-30 11:50:48,808 [INFO] PluginManage:359 - Loaded plugin clock (category:base,tabindex:2)
2026-03-30 11:50:48,808 [INFO] PluginManage:310 - Check plugin ddr
2026-03-30 11:50:48,810 [INFO] PluginManage:359 - Loaded plugin ddr (category:tool,tabindex:6)
2026-03-30 11:50:48,810 [INFO] PluginManage:310 - Check plugin filemanager
2026-03-30 11:50:48,974 [INFO] PluginManage:359 - Loaded plugin filemanager (category:base,tabindex:10)
2026-03-30 11:50:48,974 [INFO] PluginManage:310 - Check plugin ipmanager
2026-03-30 11:50:48,979 [INFO] PluginManage:359 - Loaded plugin ipmanager (category:base,tabindex:5)
2026-03-30 11:50:48,979 [INFO] PluginManage:310 - Check plugin lpbam
2026-03-30 11:50:48,989 [INFO] PluginManage:359 - Loaded plugin lpbam (category:base,tabindex:0)
2026-03-30 11:50:48,989 [INFO] PluginManage:310 - Check plugin memorymap
2026-03-30 11:50:48,999 [INFO] PluginManage:359 - Loaded plugin memorymap (category:base,tabindex:4)
2026-03-30 11:50:48,999 [INFO] PluginManage:310 - Check plugin pinoutandconfiguration
2026-03-30 11:50:49,007 [INFO] PluginManage:359 - Loaded plugin pinoutandconfiguration (category:base,tabindex:1)
2026-03-30 11:50:49,007 [INFO] PluginManage:310 - Check plugin pinoutconfig
2026-03-30 11:50:49,091 [WARN] SupportedApi:132 - Cannot load RTOS API schema: s4s-elt-must-match.1: The content of 'definitions' must match (annotation?, (simpleType | complexType)?, (unique | key | keyref)*)). A problem was found starting at: attribute.
2026-03-30 11:50:49,217 [INFO] PluginManage:359 - Loaded plugin pinoutconfig (category:base,tabindex:0)
2026-03-30 11:50:49,218 [INFO] PluginManage:310 - Check plugin power
2026-03-30 11:50:49,226 [INFO] PluginManage:359 - Loaded plugin power (category:power,tabindex:4)
2026-03-30 11:50:49,226 [INFO] PluginManage:310 - Check plugin projectmanager
2026-03-30 11:50:49,246 [INFO] PluginManage:359 - Loaded plugin projectmanager (category:projectmanager,tabindex:4)
2026-03-30 11:50:49,246 [INFO] PluginManage:310 - Check plugin rif
2026-03-30 11:50:49,263 [INFO] PluginManage:359 - Loaded plugin rif (category:base,tabindex:3)
2026-03-30 11:50:49,263 [INFO] PluginManage:310 - Check plugin thirdparty
2026-03-30 11:50:49,428 [WARN] IntegrityCheckThread:84 - waiting for thirdparty lock release [integrity check]
2026-03-30 11:50:49,429 [INFO] PluginManage:359 - Loaded plugin thirdparty (category:base,tabindex:-1)
2026-03-30 11:50:49,429 [INFO] IntegrityCheckThread:86 - entering critical section [integrity check]
2026-03-30 11:50:49,429 [INFO] PluginManage:310 - Check plugin tools
2026-03-30 11:50:49,429 [INFO] ThirdPartyUpdaterWithRetryManager:70 - Updater plugin not ready yet. [1/15]
2026-03-30 11:50:49,431 [INFO] PluginManage:359 - Loaded plugin tools (category:base,tabindex:7)
2026-03-30 11:50:49,431 [INFO] PluginManage:310 - Check plugin tutovideos
2026-03-30 11:50:49,661 [INFO] PluginManage:359 - Loaded plugin tutovideos (category:base,tabindex:-1)
2026-03-30 11:50:49,661 [INFO] PluginManage:310 - Check plugin updater
2026-03-30 11:50:49,689 [INFO] PluginManage:359 - Loaded plugin updater (category:base,tabindex:12)
2026-03-30 11:50:49,689 [INFO] PluginManage:310 - Check plugin userauth
2026-03-30 11:50:49,695 [INFO] UserAuth:118 - Init User Auth plugin
2026-03-30 11:50:49,698 [INFO] PluginManage:359 - Loaded plugin userauth (category:base,tabindex:14)
2026-03-30 11:50:49,698 [INFO] PluginManage:283 - PluginManage : Loaded plugins [18]
2026-03-30 11:50:49,894 [INFO] PinOutPanel:1589 - setPackage(No Configuration,No Configuration)
2026-03-30 11:50:49,958 [INFO] CADModel:165 - CPN selected for project level
2026-03-30 11:50:49,958 [INFO] CADModel:114 - Register for checkConnection events
2026-03-30 11:50:49,966 [INFO] IPUIPlugin:80 - create IPUIPlugin
2026-03-30 11:50:49,966 [INFO] PluginManager:220 - loadIPPluginJar : add dfsdm
2026-03-30 11:50:49,970 [INFO] IPUIPlugin:80 - create IPUIPlugin
2026-03-30 11:50:49,970 [INFO] PluginManager:220 - loadIPPluginJar : add gfxmmu
2026-03-30 11:50:49,972 [INFO] IPUIPlugin:80 - create IPUIPlugin
2026-03-30 11:50:49,972 [INFO] PluginManager:220 - loadIPPluginJar : add i3c
2026-03-30 11:50:49,974 [INFO] IPUIPlugin:80 - create IPUIPlugin
2026-03-30 11:50:49,974 [INFO] PluginManager:220 - loadIPPluginJar : add sai
2026-03-30 11:50:49,979 [INFO] IPUIPlugin:80 - create IPUIPlugin
2026-03-30 11:50:49,980 [INFO] PluginManager:220 - loadIPPluginJar : add dma
2026-03-30 11:50:49,981 [INFO] IPUIPlugin:80 - create IPUIPlugin
2026-03-30 11:50:49,981 [INFO] PluginManager:220 - loadIPPluginJar : add quadspi
2026-03-30 11:50:49,984 [INFO] IPUIPlugin:80 - create IPUIPlugin
2026-03-30 11:50:49,985 [INFO] PluginManager:220 - loadIPPluginJar : add opamp
2026-03-30 11:50:49,986 [INFO] IPUIPlugin:80 - create IPUIPlugin
2026-03-30 11:50:49,986 [INFO] PluginManager:220 - loadIPPluginJar : add comp
2026-03-30 11:50:49,990 [INFO] IPUIPlugin:80 - create IPUIPlugin
2026-03-30 11:50:49,992 [INFO] PluginManager:220 - loadIPPluginJar : add plateformsettings
2026-03-30 11:50:49,993 [INFO] IPUIPlugin:80 - create IPUIPlugin
2026-03-30 11:50:49,994 [INFO] PluginManager:220 - loadIPPluginJar : add ltdc
2026-03-30 11:50:49,996 [INFO] IPUIPlugin:80 - create IPUIPlugin
2026-03-30 11:50:49,996 [INFO] PluginManager:220 - loadIPPluginJar : add nvic
2026-03-30 11:50:49,997 [INFO] IPUIPlugin:80 - create IPUIPlugin
2026-03-30 11:50:49,997 [INFO] PluginManager:220 - loadIPPluginJar : add fatfs
2026-03-30 11:50:50,000 [INFO] IPUIPlugin:80 - create IPUIPlugin
2026-03-30 11:50:50,000 [INFO] PluginManager:220 - loadIPPluginJar : add gpio
2026-03-30 11:50:50,002 [INFO] IPUIPlugin:80 - create IPUIPlugin
2026-03-30 11:50:50,003 [INFO] PluginManager:220 - loadIPPluginJar : add aes
2026-03-30 11:50:50,007 [INFO] IPUIPlugin:80 - create IPUIPlugin
2026-03-30 11:50:50,007 [INFO] PluginManager:220 - loadIPPluginJar : add mdma
2026-03-30 11:50:50,009 [INFO] IPUIPlugin:80 - create IPUIPlugin
2026-03-30 11:50:50,009 [INFO] PluginManager:220 - loadIPPluginJar : add pdm2pcm
2026-03-30 11:50:50,015 [INFO] IPUIPlugin:80 - create IPUIPlugin
2026-03-30 11:50:50,015 [INFO] PluginManager:220 - loadIPPluginJar : add linkedlist
2026-03-30 11:50:50,017 [INFO] IPUIPlugin:80 - create IPUIPlugin
2026-03-30 11:50:50,018 [INFO] PluginManager:220 - loadIPPluginJar : add usart
2026-03-30 11:50:50,019 [INFO] IPUIPlugin:80 - create IPUIPlugin
2026-03-30 11:50:50,020 [INFO] PluginManager:220 - loadIPPluginJar : add i2c
2026-03-30 11:50:50,021 [INFO] IPUIPlugin:80 - create IPUIPlugin
2026-03-30 11:50:50,022 [INFO] PluginManager:220 - loadIPPluginJar : add lorawan
2026-03-30 11:50:50,024 [INFO] IPUIPlugin:80 - create IPUIPlugin
2026-03-30 11:50:50,024 [INFO] PluginManager:220 - loadIPPluginJar : add usbx
2026-03-30 11:50:50,028 [INFO] IPUIPlugin:80 - create IPUIPlugin
2026-03-30 11:50:50,028 [INFO] PluginManager:220 - loadIPPluginJar : add fmc
2026-03-30 11:50:50,030 [INFO] IPUIPlugin:80 - create IPUIPlugin
2026-03-30 11:50:50,030 [INFO] PluginManager:220 - loadIPPluginJar : add extmemmanager
2026-03-30 11:50:50,035 [INFO] IPUIPlugin:80 - create IPUIPlugin
2026-03-30 11:50:50,035 [INFO] PluginManager:220 - loadIPPluginJar : add freertos
2026-03-30 11:50:50,037 [INFO] IPUIPlugin:80 - create IPUIPlugin
2026-03-30 11:50:50,038 [INFO] PluginManager:220 - loadIPPluginJar : add can
2026-03-30 11:50:50,040 [INFO] IPUIPlugin:80 - create IPUIPlugin
2026-03-30 11:50:50,041 [INFO] PluginManager:220 - loadIPPluginJar : add touchsensing
2026-03-30 11:50:50,043 [INFO] IPUIPlugin:80 - create IPUIPlugin
2026-03-30 11:50:50,043 [INFO] PluginManager:220 - loadIPPluginJar : add tracer_emb
2026-03-30 11:50:50,044 [INFO] IPUIPlugin:80 - create IPUIPlugin
2026-03-30 11:50:50,044 [INFO] PluginManager:220 - loadIPPluginJar : add ucpd
2026-03-30 11:50:50,046 [INFO] IPUIPlugin:80 - create IPUIPlugin
2026-03-30 11:50:50,046 [INFO] PluginManager:220 - loadIPPluginJar : add ts
2026-03-30 11:50:50,047 [INFO] IPUIPlugin:80 - create IPUIPlugin
2026-03-30 11:50:50,047 [INFO] PluginManager:220 - loadIPPluginJar : add tsc
2026-03-30 11:50:50,051 [INFO] IPUIPlugin:80 - create IPUIPlugin
2026-03-30 11:50:50,051 [INFO] PluginManager:220 - loadIPPluginJar : add resmgrutility
2026-03-30 11:50:50,054 [INFO] IPUIPlugin:80 - create IPUIPlugin
2026-03-30 11:50:50,054 [INFO] PluginManager:220 - loadIPPluginJar : add cryp
2026-03-30 11:50:50,056 [INFO] IPUIPlugin:80 - create IPUIPlugin
2026-03-30 11:50:50,056 [INFO] PluginManager:220 - loadIPPluginJar : add openamp
2026-03-30 11:50:50,062 [INFO] IPUIPlugin:80 - create IPUIPlugin
2026-03-30 11:50:50,062 [INFO] PluginManager:220 - loadIPPluginJar : add adc
2026-03-30 11:50:50,064 [INFO] IPUIPlugin:80 - create IPUIPlugin
2026-03-30 11:50:50,064 [INFO] PluginManager:220 - loadIPPluginJar : add spi
2026-03-30 11:50:50,066 [INFO] IPUIPlugin:80 - create IPUIPlugin
2026-03-30 11:50:50,066 [INFO] PluginManager:220 - loadIPPluginJar : add ipddr
2026-03-30 11:50:50,072 [INFO] IPUIPlugin:80 - create IPUIPlugin
2026-03-30 11:50:50,072 [INFO] PluginManager:220 - loadIPPluginJar : add stm32_wpan
2026-03-30 11:50:50,076 [INFO] IPUIPlugin:80 - create IPUIPlugin
2026-03-30 11:50:50,077 [INFO] PluginManager:220 - loadIPPluginJar : add gic
2026-03-30 11:50:50,079 [INFO] IPUIPlugin:80 - create IPUIPlugin
2026-03-30 11:50:50,079 [INFO] PluginManager:220 - loadIPPluginJar : add ddr_ctrl_phy
2026-03-30 11:50:50,080 [INFO] IPUIPlugin:80 - create IPUIPlugin
2026-03-30 11:50:50,080 [INFO] PluginManager:220 - loadIPPluginJar : add genericplugin
2026-03-30 11:50:50,082 [INFO] IPUIPlugin:80 - create IPUIPlugin
2026-03-30 11:50:50,082 [INFO] PluginManager:220 - loadIPPluginJar : add hash
2026-03-30 11:50:50,083 [INFO] IPUIPlugin:80 - create IPUIPlugin
2026-03-30 11:50:50,084 [INFO] PluginManager:220 - loadIPPluginJar : add tim
2026-03-30 11:50:50,085 [INFO] IPUIPlugin:80 - create IPUIPlugin
2026-03-30 11:50:50,086 [INFO] PluginManager:220 - loadIPPluginJar : add radio
2026-03-30 11:50:50,088 [INFO] IPUIPlugin:80 - create IPUIPlugin
2026-03-30 11:50:50,088 [INFO] PluginManager:220 - loadIPPluginJar : add gtzc
2026-03-30 11:50:50,090 [INFO] IPUIPlugin:80 - create IPUIPlugin
2026-03-30 11:50:50,091 [INFO] PluginManager:220 - loadIPPluginJar : add i2s
2026-03-30 11:50:50,093 [INFO] IPUIPlugin:80 - create IPUIPlugin
2026-03-30 11:50:50,093 [INFO] PluginManager:220 - loadIPPluginJar : add dma3
2026-03-30 11:50:50,201 [FATAL] Updater:351 - Updater called before beeing initialized
2026-03-30 11:50:50,234 [INFO] RulesReader:64 - Compatibility file has been processed (317 Rules)
2026-03-30 11:50:50,246 [INFO] RulesReader:64 - Compatibility file has been processed (317 Rules)
2026-03-30 11:50:50,254 [INFO] CADModel:165 - CPN selected for project level
2026-03-30 11:50:50,254 [INFO] CADModel:114 - Register for checkConnection events
2026-03-30 11:50:50,254 [FATAL] Updater:351 - Updater called before beeing initialized
2026-03-30 11:50:50,254 [ERROR] CADModel:125 - Updater not yet initialized, retry later 
2026-03-30 11:50:50,369 [FATAL] Updater:351 - Updater called before beeing initialized
2026-03-30 11:50:50,371 [INFO] CADModel:165 - CPN selected for project level
2026-03-30 11:50:50,371 [INFO] CADModel:114 - Register for checkConnection events
2026-03-30 11:50:50,371 [FATAL] Updater:351 - Updater called before beeing initialized
2026-03-30 11:50:50,371 [ERROR] CADModel:125 - Updater not yet initialized, retry later 
2026-03-30 11:50:50,376 [FATAL] Updater:351 - Updater called before beeing initialized
2026-03-30 11:50:50,461 [FATAL] Updater:351 - Updater called before beeing initialized
2026-03-30 11:50:50,465 [INFO] DbMcusAds:53 - JSON generation date=Thu Mar 05 20:02:52 IST 2026 (1772721172890)
2026-03-30 11:50:50,465 [FATAL] Updater:351 - Updater called before beeing initialized
2026-03-30 11:50:50,510 [WARN] DetailPanel:346 - Failed to get advertising image, set to default
2026-03-30 11:50:50,589 [FATAL] Updater:351 - Updater called before beeing initialized
2026-03-30 11:50:50,591 [FATAL] Updater:351 - Updater called before beeing initialized
2026-03-30 11:50:50,591 [FATAL] Updater:351 - Updater called before beeing initialized
2026-03-30 11:50:50,591 [WARN] DetailPanel:346 - Failed to get advertising image, set to default
2026-03-30 11:50:50,592 [FATAL] Updater:351 - Updater called before beeing initialized
2026-03-30 11:50:50,626 [ERROR] Updater:1198 - MainUpdater not yet initialized. External WinMGr cannot be set.
2026-03-30 11:50:50,627 [INFO] Updater:1134 - Updater Version found : 6.15.0
2026-03-30 11:50:50,644 [INFO] ApplicationProperties:184 - Using Application install path: /opt/st/stm32cubeide_1.19.0/plugins/com.st.stm32cube.common.mx_6.15.0.202507011659
2026-03-30 11:50:51,458 [INFO] MainUpdater:2872 - connection check result : 10
2026-03-30 11:50:51,459 [INFO] MainUpdater:289 - Updater Check For Update Now.
2026-03-30 11:50:51,460 [INFO] MicroXplorer:498 - Change Database Version : DB.6.0.150
2026-03-30 11:50:51,468 [INFO] McuFinderGlobals:63 - Set McuFinder mode to 2 (CubeIDE integrated)
2026-03-30 11:50:51,468 [INFO] UserAuth:171 - activating auth plugin
2026-03-30 11:50:51,492 [INFO] UserAuth:487 - Internet connection configuration mode: 1
2026-03-30 11:50:51,517 [INFO] JxBrowserEngine:152 - Initiate JxBrowser Engine with user profile folder
2026-03-30 11:50:51,699 [INFO] CheckServerUpdateThread:120 - End of CheckServer Thread
2026-03-30 11:50:52,180 [INFO] WebApp:169 - Instantiating new browser for Auth
2026-03-30 11:50:52,551 [WARN] PackLoader:240 - Cannot read IP mode file for STMicroelectronics.FP-SNS-MOTENVWB1.1.4.0
2026-03-30 11:50:52,558 [WARN] PackLoader:240 - Cannot read IP mode file for STMicroelectronics.FP-ATR-ASTRA1.2.0.2
2026-03-30 11:50:52,565 [WARN] PackLoader:240 - Cannot read IP mode file for STMicroelectronics.X-CUBE-SMBUS.2.1.0
2026-03-30 11:50:52,572 [WARN] PackLoader:240 - Cannot read IP mode file for STMicroelectronics.X-CUBE-ST60.1.0.0
2026-03-30 11:50:52,610 [WARN] PackLoader:240 - Cannot read IP mode file for STMicroelectronics.X-CUBE-AZRTOS-F7.1.1.0
2026-03-30 11:50:52,620 [WARN] PackLoader:240 - Cannot read IP mode file for STMicroelectronics.FP-SNS-MOTENV1.5.1.0
2026-03-30 11:50:52,655 [WARN] PackLoader:240 - Cannot read IP mode file for Infineon.AIROC-Wi-Fi-Bluetooth-STM32.1.7.1
2026-03-30 11:50:52,711 [WARN] PackLoader:240 - Cannot read IP mode file for STMicroelectronics.X-CUBE-AZRTOS-H7.3.4.0
2026-03-30 11:50:52,731 [WARN] PackLoader:240 - Cannot read IP mode file for STMicroelectronics.X-CUBE-DISPLAY.3.0.0
2026-03-30 11:50:52,748 [WARN] PackLoader:240 - Cannot read IP mode file for STMicroelectronics.FP-SNS-MOTENVWB1.1.5.0
2026-03-30 11:50:52,758 [WARN] PackLoader:240 - Cannot read IP mode file for STMicroelectronics.X-CUBE-NFC10.1.0.0
2026-03-30 11:50:52,772 [WARN] PackLoader:240 - Cannot read IP mode file for STMicroelectronics.X-CUBE-BLEMGR.4.0.0
2026-03-30 11:50:52,781 [WARN] PackLoader:240 - Cannot read IP mode file for STMicroelectronics.X-CUBE-ST60.1.1.0
2026-03-30 11:50:52,790 [WARN] PackLoader:240 - Cannot read IP mode file for emotas.I-CUBE-CANOPEN.1.3.0
2026-03-30 11:50:52,797 [WARN] PackLoader:240 - Cannot read IP mode file for STMicroelectronics.X-CUBE-GNSS1.7.1.0
2026-03-30 11:50:52,806 [WARN] ConditionMgr:438 - getConditionDescription Invalid condition id : Cortex-A Device cause : null
2026-03-30 11:50:52,847 [WARN] ConditionMgr:1044 - genDependencies : Invalid condition id : Cortex-A Device cause : null
2026-03-30 11:50:52,847 [WARN] ConditionMgr:1044 - genDependencies : Invalid condition id : Cortex-A Device cause : null
2026-03-30 11:50:52,848 [WARN] ConditionMgr:1044 - genDependencies : Invalid condition id : Cortex-A Device cause : null
2026-03-30 11:50:52,858 [WARN] PackLoader:240 - Cannot read IP mode file for STMicroelectronics.FP-SNS-STBOX1.2.1.0
2026-03-30 11:50:52,866 [WARN] PackLoader:240 - Cannot read IP mode file for STMicroelectronics.FP-SNS-SMARTAG2.1.2.0
2026-03-30 11:50:52,870 [WARN] PackLoader:240 - Cannot read IP mode file for STMicroelectronics.FP-SNS-FLIGHT1.5.1.0
2026-03-30 11:50:52,882 [INFO] LogOutputStream:77 - [STDOUT_REDIRECT] 1 : Invalid condition id : UX_CORESTACK_Condition cause : null
2026-03-30 11:50:52,884 [INFO] LogOutputStream:77 - [STDOUT_REDIRECT] 1 : Invalid condition id : UX_CORESTACK_Condition cause : null
2026-03-30 11:50:52,884 [INFO] LogOutputStream:77 - [STDOUT_REDIRECT] 1 : Invalid condition id : UX_CORESTACK_Condition cause : null
2026-03-30 11:50:52,887 [INFO] LogOutputStream:77 - [STDOUT_REDIRECT] 1 : Invalid condition id : UX_CORESTACK_Condition cause : null
2026-03-30 11:50:52,887 [INFO] LogOutputStream:77 - [STDOUT_REDIRECT] 1 : Invalid condition id : UX_CORESTACK_Condition cause : null
2026-03-30 11:50:52,892 [WARN] PackLoader:240 - Cannot read IP mode file for STMicroelectronics.X-CUBE-AZRTOS-WL.2.0.0
2026-03-30 11:50:52,898 [WARN] PackLoader:240 - Cannot read IP mode file for STMicroelectronics.FP-SNS-MOTENV1.5.0.0
2026-03-30 11:50:52,914 [INFO] WebApp:463 - Apply proxy settings
2026-03-30 11:50:52,914 [INFO] WebApp:548 - Chromium requires no authentication
2026-03-30 11:50:52,927 [INFO] WebApp:491 - Direct internet connection detected
2026-03-30 11:50:52,932 [WARN] PackLoader:240 - Cannot read IP mode file for STMicroelectronics.X-CUBE-AZRTOS-H7RS.1.2.0
2026-03-30 11:50:52,943 [WARN] PackLoader:240 - Cannot read IP mode file for WES.I-CUBE-Cesium.1.3.0
2026-03-30 11:50:52,948 [WARN] PackLoader:240 - Cannot read IP mode file for STMicroelectronics.X-CUBE-BLE2.3.3.0
2026-03-30 11:50:52,965 [WARN] PackLoader:240 - Cannot read IP mode file for STMicroelectronics.X-CUBE-NFC9.1.0.0
2026-03-30 11:50:52,967 [INFO] WebApp:900 - Register for checkConnection events
2026-03-30 11:50:52,968 [INFO] WebApp:463 - Apply proxy settings
2026-03-30 11:50:52,968 [INFO] WebApp:548 - Chromium requires no authentication
2026-03-30 11:50:52,968 [INFO] WebApp:491 - Direct internet connection detected
2026-03-30 11:50:52,971 [WARN] PackLoader:240 - Cannot read IP mode file for wolfSSL.I-CUBE-wolfSSL.5.8.0
2026-03-30 11:50:52,975 [WARN] PackLoader:240 - Cannot read IP mode file for STMicroelectronics.X-CUBE-BLE1.7.1.0
2026-03-30 11:50:52,978 [WARN] PackLoader:240 - Cannot read IP mode file for wolfSSL.I-CUBE-wolfMQTT.1.19.2
2026-03-30 11:50:52,985 [WARN] PackLoader:240 - Cannot read IP mode file for STMicroelectronics.X-CUBE-FREERTOS.1.4.0
2026-03-30 11:50:52,991 [WARN] PackLoader:240 - Cannot read IP mode file for STMicroelectronics.X-CUBE-EEPRMA1.5.2.0
2026-03-30 11:50:52,998 [WARN] PackLoader:240 - Cannot read IP mode file for STMicroelectronics.X-CUBE-ST67W61.1.1.0
2026-03-30 11:50:53,003 [WARN] PackLoader:240 - Cannot read IP mode file for STMicroelectronics.X-CUBE-AI.10.1.0
2026-03-30 11:50:53,068 [WARN] PackLoader:240 - Cannot read IP mode file for STMicroelectronics.X-CUBE-MEMS1.12.0.0
2026-03-30 11:50:53,143 [INFO] WebApp:225 - Starting web application
2026-03-30 11:50:53,143 [INFO] WebApp:593 - Web application path used /opt/st/stm32cubeide_1.19.0/plugins/com.st.stm32cube.common.mx_6.15.0.202507011659/db/plugins/mcufinder/reactClient1/index.html
2026-03-30 11:50:53,207 [WARN] PackLoader:240 - Cannot read IP mode file for STMicroelectronics.X-CUBE-AZRTOS-G0.1.1.0
2026-03-30 11:50:53,213 [WARN] PackLoader:240 - Cannot read IP mode file for STMicroelectronics.X-CUBE-SAFEA1.1.2.2
2026-03-30 11:50:53,217 [WARN] PackLoader:240 - Cannot read IP mode file for STMicroelectronics.X-CUBE-NFC4.3.0.0
2026-03-30 11:50:53,223 [WARN] PackLoader:240 - Cannot read IP mode file for EmbeddedOffice.I-CUBE-FS-RTOS.1.0.1
2026-03-30 11:50:53,226 [WARN] PackLoader:240 - Cannot read IP mode file for STMicroelectronics.X-CUBE-WB05N.2.0.0
2026-03-30 11:50:53,229 [WARN] PackLoader:240 - Cannot read IP mode file for wolfSSL.I-CUBE-wolfTPM.3.8.0
2026-03-30 11:50:53,234 [WARN] PackLoader:240 - Cannot read IP mode file for STMicroelectronics.X-CUBE-TCPP.4.2.0
2026-03-30 11:50:53,240 [WARN] PackLoader:240 - Cannot read IP mode file for RealThread.X-CUBE-RT-Thread_Nano.4.1.1
2026-03-30 11:50:53,243 [WARN] PackLoader:240 - Cannot read IP mode file for STMicroelectronics.FP-ATR-SIGFOX1.3.2.0
2026-03-30 11:50:53,248 [WARN] PackLoader:240 - Cannot read IP mode file for STMicroelectronics.X-CUBE-EEPRMA1.5.1.0
2026-03-30 11:50:53,255 [WARN] PackLoader:240 - Cannot read IP mode file for ITTIA_DB.I-CUBE-ITTIADB.8.9.0
2026-03-30 11:50:53,261 [WARN] PackLoader:240 - Cannot read IP mode file for STMicroelectronics.X-CUBE-NFC6.3.2.0
2026-03-30 11:50:53,267 [WARN] PackLoader:240 - Cannot read IP mode file for STMicroelectronics.X-CUBE-ST67W61.1.0.0
2026-03-30 11:50:53,271 [WARN] PackLoader:240 - Cannot read IP mode file for STMicroelectronics.X-CUBE-AI.10.2.0
2026-03-30 11:50:53,293 [WARN] PackLoader:240 - Cannot read IP mode file for SEGGER.I-CUBE-embOS.1.3.1
2026-03-30 11:50:53,349 [WARN] PackLoader:240 - Cannot read IP mode file for STMicroelectronics.X-CUBE-ALGOBUILD.1.4.0
2026-03-30 11:50:53,398 [WARN] PackLoader:240 - Cannot read IP mode file for STMicroelectronics.X-CUBE-MEMS1.11.3.0
2026-03-30 11:50:53,521 [WARN] PackLoader:240 - Cannot read IP mode file for STMicroelectronics.X-CUBE-PM33A1.1.0.0
2026-03-30 11:50:53,537 [WARN] PackLoader:240 - Cannot read IP mode file for STMicroelectronics.X-CUBE-AZRTOS-F4.1.1.0
2026-03-30 11:50:53,551 [WARN] PackLoader:240 - Cannot read IP mode file for Avnet-IotConnect.X-CUBE-IoTC-DA16k-PMOD.1.0.0
2026-03-30 11:50:53,555 [WARN] PackLoader:240 - Cannot read IP mode file for STMicroelectronics.X-CUBE-ISPU.2.1.0
2026-03-30 11:50:53,570 [WARN] PackLoader:240 - Cannot read IP mode file for STMicroelectronics.X-CUBE-IPS.3.2.0
2026-03-30 11:50:53,580 [WARN] PackLoader:240 - Cannot read IP mode file for STMicroelectronics.X-CUBE-NFC12.1.0.0
2026-03-30 11:50:53,598 [WARN] PackLoader:240 - Cannot read IP mode file for STMicroelectronics.X-CUBE-AZRTOS-L5.2.0.0
2026-03-30 11:50:53,606 [WARN] PackLoader:240 - Cannot read IP mode file for STMicroelectronics.X-CUBE-NFC6.3.1.0
2026-03-30 11:50:53,613 [WARN] PackLoader:240 - Cannot read IP mode file for STMicroelectronics.X-CUBE-FREERTOS.1.3.1
2026-03-30 11:50:53,617 [WARN] PackLoader:240 - Cannot read IP mode file for STMicroelectronics.X-CUBE-TOUCHGFX.4.26.0
2026-03-30 11:50:53,621 [WARN] PackLoader:240 - Cannot read IP mode file for STMicroelectronics.FP-SNS-STAIOTCFT.1.0.0
2026-03-30 11:50:53,626 [WARN] PackLoader:240 - Cannot read IP mode file for STMicroelectronics.X-CUBE-DPower.1.3.0
2026-03-30 11:50:53,640 [INFO] WebApp:191 - Connection restablished
2026-03-30 11:50:53,645 [WARN] ConditionMgr:438 - getConditionDescription Invalid condition id : LAN8742 Phy interface Condition cause : null
2026-03-30 11:50:53,646 [WARN] PackLoader:240 - Cannot read IP mode file for STMicroelectronics.X-CUBE-AZRTOS-L4.2.0.0
2026-03-30 11:50:53,647 [WARN] ConditionMgr:1044 - genDependencies : Invalid condition id : LAN8742 Phy interface Condition cause : null
2026-03-30 11:50:53,648 [WARN] ConditionMgr:1044 - genDependencies : Invalid condition id : LAN8742 Phy interface Condition cause : null
2026-03-30 11:50:53,648 [WARN] ConditionMgr:1044 - genDependencies : Invalid condition id : LAN8742 Phy interface Condition cause : null
2026-03-30 11:50:53,656 [WARN] PackLoader:240 - Cannot read IP mode file for STMicroelectronics.X-CUBE-SFXS2LP1.4.0.0
2026-03-30 11:50:53,687 [WARN] PackLoader:240 - Cannot read IP mode file for STMicroelectronics.X-CUBE-ST67W61.1.2.0
2026-03-30 11:50:53,702 [WARN] PackLoader:240 - Cannot read IP mode file for STMicroelectronics.X-CUBE-BLEMGR.4.1.0
2026-03-30 11:50:53,720 [WARN] ConditionMgr:438 - getConditionDescription Invalid condition id : UX DEVICE CLASS RTOS Condition cause : null
2026-03-30 11:50:53,720 [WARN] ConditionMgr:438 - getConditionDescription Invalid condition id : UX DEVICE CLASS RTOS Condition cause : null
2026-03-30 11:50:53,723 [WARN] PackLoader:240 - Cannot read IP mode file for STMicroelectronics.X-CUBE-AZRTOS-WB.2.0.0
2026-03-30 11:50:53,724 [WARN] ConditionMgr:1044 - genDependencies : Invalid condition id : UX DEVICE CLASS RTOS Condition cause : null
2026-03-30 11:50:53,724 [WARN] ConditionMgr:1044 - genDependencies : Invalid condition id : UX DEVICE CLASS RTOS Condition cause : null
2026-03-30 11:50:53,725 [WARN] ConditionMgr:1044 - genDependencies : Invalid condition id : UX DEVICE CLASS RTOS Condition cause : null
2026-03-30 11:50:53,725 [WARN] ConditionMgr:1044 - genDependencies : Invalid condition id : UX DEVICE CLASS RTOS Condition cause : null
2026-03-30 11:50:53,725 [WARN] ConditionMgr:1044 - genDependencies : Invalid condition id : UX DEVICE CLASS RTOS Condition cause : null
2026-03-30 11:50:53,731 [WARN] PackLoader:240 - Cannot read IP mode file for STMicroelectronics.X-CUBE-GNSS1.7.0.1
2026-03-30 11:50:53,735 [WARN] PackLoader:240 - Cannot read IP mode file for STMicroelectronics.X-CUBE-TOUCHGFX.4.25.0
2026-03-30 11:50:53,741 [WARN] PackLoader:240 - Cannot read IP mode file for STMicroelectronics.FP-SNS-STBOX1.2.0.0
2026-03-30 11:50:53,751 [WARN] PackLoader:240 - Cannot read IP mode file for STMicroelectronics.X-CUBE-STSE01.2.0.0
2026-03-30 11:50:53,762 [WARN] PackLoader:240 - Cannot read IP mode file for STMicroelectronics.X-CUBE-SUBG2.5.0.0
2026-03-30 11:50:53,792 [WARN] PackLoader:240 - Cannot read IP mode file for STMicroelectronics.X-CUBE-AZRTOS-H7RS.1.1.0
2026-03-30 11:50:53,796 [WARN] PackLoader:240 - Cannot read IP mode file for Cesanta.I-CUBE-Mongoose.7.13.0
2026-03-30 11:50:53,804 [WARN] PackLoader:240 - Cannot read IP mode file for STMicroelectronics.X-CUBE-AZRTOS-G4.2.0.0
2026-03-30 11:50:53,807 [WARN] PackLoader:240 - Cannot read IP mode file for wolfSSL.I-CUBE-wolfSSH.1.4.20
2026-03-30 11:50:53,810 [WARN] PackLoader:240 - Cannot read IP mode file for STMicroelectronics.X-CUBE-NFC7.2.0.0
2026-03-30 11:50:53,816 [WARN] PackLoader:240 - Cannot read IP mode file for STMicroelectronics.X-CUBE-IPS.3.1.0
2026-03-30 11:50:53,823 [WARN] PackLoader:240 - Cannot read IP mode file for STMicroelectronics.X-CUBE-ALS.1.0.2
2026-03-30 11:50:53,827 [WARN] PackLoader:240 - Cannot read IP mode file for STMicroelectronics.X-CUBE-STSE01.1.0.0
2026-03-30 11:50:53,832 [WARN] PackLoader:240 - Cannot read IP mode file for portGmbH.I-Cube-SoM-uGOAL.1.1.0
2026-03-30 11:50:53,840 [WARN] PackLoader:240 - Cannot read IP mode file for STMicroelectronics.X-CUBE-TOF1.3.4.3
2026-03-30 11:50:53,849 [INFO] ThirdParty:978 - Integrity check success = true
2026-03-30 11:50:53,849 [INFO] IntegrityCheckThread:100 - exiting critical section [integrity check]
2026-03-30 11:50:53,849 [INFO] IntegrityCheckThread:103 - End integrity checks thread
2026-03-30 11:56:22,310 [ERROR] LogOutputStream:75 - [STDERR_REDIRECT] 
