2026-03-16 23:39:55,561 [INFO] Activator:176 - 


2026-03-16 23:39:55,564 [INFO] Activator:177 - !SESSION log4j initialized
2026-03-16 23:40:00,484 [INFO] LogOutputStream:77 - [STDOUT_REDIRECT] 
2026-03-16 23:40:02,437 [INFO] ApplicationProperties:184 - Using Application install path: /opt/st/stm32cubeide_1.19.0/plugins/com.st.stm32cube.common.mx_6.15.0.202507011659
2026-03-16 23:40:02,459 [INFO] DbMcusXml:78 - Set database path to: /opt/st/stm32cubeide_1.19.0/plugins/com.st.stm32cube.common.mx_6.15.0.202507011659//db//mcu/
2026-03-16 23:40:02,459 [INFO] ApiDb:274 - Set plugin database path to: /opt/st/stm32cubeide_1.19.0/plugins/com.st.stm32cube.common.mx_6.15.0.202507011659//db//plugins/boardmanager/
2026-03-16 23:40:02,460 [WARN] ApiDb:259 - Overriding images path with different value:  => /opt/st/stm32cubeide_1.19.0/plugins/com.st.stm32cube.common.mx_6.15.0.202507011659//db//plugins/mcufinder/images/
2026-03-16 23:40:02,472 [INFO] ApiDb:250 - Set database path to: /home/sunbeam/.stmcufinder/plugins/mcufinder//mcu/
2026-03-16 23:40:02,474 [INFO] DbMcusAds:125 - Set database path to: /home/sunbeam/.stmcufinder/plugins/mcufinder//mcu/
2026-03-16 23:40:02,477 [INFO] CrossReferenceDbSqlite:203 - Set database path to: /home/sunbeam/.stmcufinder/plugins/mcufinder//mcu/cs/
2026-03-16 23:40:02,605 [INFO] RulesReader:64 - Compatibility file has been processed (317 Rules)
2026-03-16 23:40:02,674 [INFO] DbMcusXml:78 - Set database path to: /opt/st/stm32cubeide_1.19.0/plugins/com.st.stm32cube.common.mx_6.15.0.202507011659//db//mcu/
2026-03-16 23:40:02,675 [INFO] ApiDb:274 - Set plugin database path to: /opt/st/stm32cubeide_1.19.0/plugins/com.st.stm32cube.common.mx_6.15.0.202507011659//db//plugins/boardmanager/
2026-03-16 23:40:02,675 [INFO] ApiDb:261 - Set plugin images path to: /opt/st/stm32cubeide_1.19.0/plugins/com.st.stm32cube.common.mx_6.15.0.202507011659//db//plugins/mcufinder/images/
2026-03-16 23:40:02,675 [WARN] DbFile:41 - Overriding database path with different value: /home/sunbeam/.stmcufinder/plugins/mcufinder/ => /home/sunbeam/.stmcufinder/plugins/mcufinder
2026-03-16 23:40:02,675 [INFO] ApiDb:250 - Set database path to: /home/sunbeam/.stmcufinder/plugins/mcufinder//mcu/
2026-03-16 23:40:02,675 [WARN] DbFile:41 - Overriding database path with different value: /home/sunbeam/.stmcufinder/plugins/mcufinder/ => /home/sunbeam/.stmcufinder/plugins/mcufinder
2026-03-16 23:40:02,675 [INFO] DbMcusAds:125 - Set database path to: /home/sunbeam/.stmcufinder/plugins/mcufinder//mcu/
2026-03-16 23:40:02,675 [WARN] DbFile:41 - Overriding database path with different value: /home/sunbeam/.stmcufinder/plugins/mcufinder/ => /home/sunbeam/.stmcufinder/plugins/mcufinder
2026-03-16 23:40:02,675 [WARN] DbFile:41 - Overriding database path with different value: /home/sunbeam/.stmcufinder/plugins/mcufinder/ => /home/sunbeam/.stmcufinder/plugins/mcufinder
2026-03-16 23:40:02,675 [INFO] CrossReferenceDbSqlite:203 - Set database path to: /home/sunbeam/.stmcufinder/plugins/mcufinder//mcu/cs/
2026-03-16 23:40:02,746 [INFO] MainPanel:274 - HeapMemory: 268435456
2026-03-16 23:40:02,896 [INFO] DbMcusXml:78 - Set database path to: /opt/st/stm32cubeide_1.19.0/plugins/com.st.stm32cube.common.mx_6.15.0.202507011659//db//mcu/
2026-03-16 23:40:02,897 [INFO] ApiDb:274 - Set plugin database path to: /opt/st/stm32cubeide_1.19.0/plugins/com.st.stm32cube.common.mx_6.15.0.202507011659//db//plugins/boardmanager/
2026-03-16 23:40:02,897 [INFO] ApiDb:261 - Set plugin images path to: /opt/st/stm32cubeide_1.19.0/plugins/com.st.stm32cube.common.mx_6.15.0.202507011659//db//plugins/mcufinder/images/
2026-03-16 23:40:02,897 [WARN] DbFile:41 - Overriding database path with different value: /home/sunbeam/.stmcufinder/plugins/mcufinder/ => /home/sunbeam/.stmcufinder/plugins/mcufinder
2026-03-16 23:40:02,898 [INFO] ApiDb:250 - Set database path to: /home/sunbeam/.stmcufinder/plugins/mcufinder//mcu/
2026-03-16 23:40:02,898 [WARN] DbFile:41 - Overriding database path with different value: /home/sunbeam/.stmcufinder/plugins/mcufinder/ => /home/sunbeam/.stmcufinder/plugins/mcufinder
2026-03-16 23:40:02,898 [INFO] DbMcusAds:125 - Set database path to: /home/sunbeam/.stmcufinder/plugins/mcufinder//mcu/
2026-03-16 23:40:02,898 [WARN] DbFile:41 - Overriding database path with different value: /home/sunbeam/.stmcufinder/plugins/mcufinder/ => /home/sunbeam/.stmcufinder/plugins/mcufinder
2026-03-16 23:40:02,898 [WARN] DbFile:41 - Overriding database path with different value: /home/sunbeam/.stmcufinder/plugins/mcufinder/ => /home/sunbeam/.stmcufinder/plugins/mcufinder
2026-03-16 23:40:02,898 [INFO] CrossReferenceDbSqlite:203 - Set database path to: /home/sunbeam/.stmcufinder/plugins/mcufinder//mcu/cs/
2026-03-16 23:40:02,925 [INFO] ApplicationProperties:184 - Using Application install path: /opt/st/stm32cubeide_1.19.0/plugins/com.st.stm32cube.common.mx_6.15.0.202507011659
2026-03-16 23:40:02,928 [INFO] PluginManage:196 - Search for loadable plugins [exclusion list=, ]
2026-03-16 23:40:02,931 [INFO] PluginManage:310 - Check plugin analytics
2026-03-16 23:40:03,165 [INFO] AnalyticsPlugin:253 - Accepted Software Licenses: 
2026-03-16 23:40:03,166 [INFO] AnalyticsPlugin:255 - Accepted CMSIS Pack Licenses: 
2026-03-16 23:40:03,166 [INFO] AnalyticsPlugin:257 - Accepted Firmware Licenses: FW.F4.1.28.0
2026-03-16 23:40:03,168 [INFO] PluginManage:359 - Loaded plugin analytics (category:tool,tabindex:-1)
2026-03-16 23:40:03,169 [INFO] PluginManage:310 - Check plugin cadmodel
2026-03-16 23:40:03,174 [INFO] CADModel:105 - Init CAD model plugin
2026-03-16 23:40:03,174 [INFO] PluginManage:359 - Loaded plugin cadmodel (category:power,tabindex:5)
2026-03-16 23:40:03,174 [INFO] PluginManage:310 - Check plugin clock
2026-03-16 23:40:03,185 [INFO] PluginManage:359 - Loaded plugin clock (category:base,tabindex:2)
2026-03-16 23:40:03,185 [INFO] PluginManage:310 - Check plugin ddr
2026-03-16 23:40:03,187 [INFO] PluginManage:359 - Loaded plugin ddr (category:tool,tabindex:6)
2026-03-16 23:40:03,188 [INFO] PluginManage:310 - Check plugin filemanager
2026-03-16 23:40:03,368 [INFO] PluginManage:359 - Loaded plugin filemanager (category:base,tabindex:10)
2026-03-16 23:40:03,368 [INFO] PluginManage:310 - Check plugin ipmanager
2026-03-16 23:40:03,373 [INFO] PluginManage:359 - Loaded plugin ipmanager (category:base,tabindex:5)
2026-03-16 23:40:03,373 [INFO] PluginManage:310 - Check plugin lpbam
2026-03-16 23:40:03,383 [INFO] PluginManage:359 - Loaded plugin lpbam (category:base,tabindex:0)
2026-03-16 23:40:03,383 [INFO] PluginManage:310 - Check plugin memorymap
2026-03-16 23:40:03,395 [INFO] PluginManage:359 - Loaded plugin memorymap (category:base,tabindex:4)
2026-03-16 23:40:03,396 [INFO] PluginManage:310 - Check plugin pinoutandconfiguration
2026-03-16 23:40:03,404 [INFO] PluginManage:359 - Loaded plugin pinoutandconfiguration (category:base,tabindex:1)
2026-03-16 23:40:03,405 [INFO] PluginManage:310 - Check plugin pinoutconfig
2026-03-16 23:40:03,492 [WARN] SupportedApi:132 - Cannot load RTOS API schema: s4s-elt-must-match.1: The content of 'definitions' must match (annotation?, (simpleType | complexType)?, (unique | key | keyref)*)). A problem was found starting at: attribute.
2026-03-16 23:40:03,622 [INFO] PluginManage:359 - Loaded plugin pinoutconfig (category:base,tabindex:0)
2026-03-16 23:40:03,622 [INFO] PluginManage:310 - Check plugin power
2026-03-16 23:40:03,631 [INFO] PluginManage:359 - Loaded plugin power (category:power,tabindex:4)
2026-03-16 23:40:03,632 [INFO] PluginManage:310 - Check plugin projectmanager
2026-03-16 23:40:03,646 [INFO] PluginManage:359 - Loaded plugin projectmanager (category:projectmanager,tabindex:4)
2026-03-16 23:40:03,646 [INFO] PluginManage:310 - Check plugin rif
2026-03-16 23:40:03,655 [INFO] PluginManage:359 - Loaded plugin rif (category:base,tabindex:3)
2026-03-16 23:40:03,655 [INFO] PluginManage:310 - Check plugin thirdparty
2026-03-16 23:40:03,760 [INFO] PluginManage:359 - Loaded plugin thirdparty (category:base,tabindex:-1)
2026-03-16 23:40:03,760 [INFO] PluginManage:310 - Check plugin tools
2026-03-16 23:40:03,760 [WARN] IntegrityCheckThread:84 - waiting for thirdparty lock release [integrity check]
2026-03-16 23:40:03,761 [INFO] IntegrityCheckThread:86 - entering critical section [integrity check]
2026-03-16 23:40:03,761 [INFO] ThirdPartyUpdaterWithRetryManager:70 - Updater plugin not ready yet. [1/15]
2026-03-16 23:40:03,762 [INFO] PluginManage:359 - Loaded plugin tools (category:base,tabindex:7)
2026-03-16 23:40:03,762 [INFO] PluginManage:310 - Check plugin tutovideos
2026-03-16 23:40:03,954 [INFO] PluginManage:359 - Loaded plugin tutovideos (category:base,tabindex:-1)
2026-03-16 23:40:03,954 [INFO] PluginManage:310 - Check plugin updater
2026-03-16 23:40:03,977 [INFO] PluginManage:359 - Loaded plugin updater (category:base,tabindex:12)
2026-03-16 23:40:03,978 [INFO] PluginManage:310 - Check plugin userauth
2026-03-16 23:40:03,982 [INFO] UserAuth:118 - Init User Auth plugin
2026-03-16 23:40:03,983 [INFO] PluginManage:359 - Loaded plugin userauth (category:base,tabindex:14)
2026-03-16 23:40:03,983 [INFO] PluginManage:283 - PluginManage : Loaded plugins [18]
2026-03-16 23:40:04,198 [INFO] PinOutPanel:1589 - setPackage(No Configuration,No Configuration)
2026-03-16 23:40:04,285 [INFO] CADModel:165 - CPN selected for project level
2026-03-16 23:40:04,285 [INFO] CADModel:114 - Register for checkConnection events
2026-03-16 23:40:04,299 [INFO] IPUIPlugin:80 - create IPUIPlugin
2026-03-16 23:40:04,300 [INFO] PluginManager:220 - loadIPPluginJar : add dfsdm
2026-03-16 23:40:04,307 [INFO] IPUIPlugin:80 - create IPUIPlugin
2026-03-16 23:40:04,307 [INFO] PluginManager:220 - loadIPPluginJar : add gfxmmu
2026-03-16 23:40:04,311 [INFO] IPUIPlugin:80 - create IPUIPlugin
2026-03-16 23:40:04,312 [INFO] PluginManager:220 - loadIPPluginJar : add i3c
2026-03-16 23:40:04,317 [INFO] IPUIPlugin:80 - create IPUIPlugin
2026-03-16 23:40:04,318 [INFO] PluginManager:220 - loadIPPluginJar : add sai
2026-03-16 23:40:04,327 [INFO] IPUIPlugin:80 - create IPUIPlugin
2026-03-16 23:40:04,328 [INFO] PluginManager:220 - loadIPPluginJar : add dma
2026-03-16 23:40:04,331 [INFO] IPUIPlugin:80 - create IPUIPlugin
2026-03-16 23:40:04,331 [INFO] PluginManager:220 - loadIPPluginJar : add quadspi
2026-03-16 23:40:04,338 [INFO] IPUIPlugin:80 - create IPUIPlugin
2026-03-16 23:40:04,339 [INFO] PluginManager:220 - loadIPPluginJar : add opamp
2026-03-16 23:40:04,341 [INFO] IPUIPlugin:80 - create IPUIPlugin
2026-03-16 23:40:04,341 [INFO] PluginManager:220 - loadIPPluginJar : add comp
2026-03-16 23:40:04,351 [INFO] IPUIPlugin:80 - create IPUIPlugin
2026-03-16 23:40:04,355 [INFO] PluginManager:220 - loadIPPluginJar : add plateformsettings
2026-03-16 23:40:04,357 [INFO] IPUIPlugin:80 - create IPUIPlugin
2026-03-16 23:40:04,357 [INFO] PluginManager:220 - loadIPPluginJar : add ltdc
2026-03-16 23:40:04,361 [INFO] IPUIPlugin:80 - create IPUIPlugin
2026-03-16 23:40:04,362 [INFO] PluginManager:220 - loadIPPluginJar : add nvic
2026-03-16 23:40:04,364 [INFO] IPUIPlugin:80 - create IPUIPlugin
2026-03-16 23:40:04,364 [INFO] PluginManager:220 - loadIPPluginJar : add fatfs
2026-03-16 23:40:04,369 [INFO] IPUIPlugin:80 - create IPUIPlugin
2026-03-16 23:40:04,369 [INFO] PluginManager:220 - loadIPPluginJar : add gpio
2026-03-16 23:40:04,372 [INFO] IPUIPlugin:80 - create IPUIPlugin
2026-03-16 23:40:04,372 [INFO] PluginManager:220 - loadIPPluginJar : add aes
2026-03-16 23:40:04,379 [INFO] IPUIPlugin:80 - create IPUIPlugin
2026-03-16 23:40:04,379 [INFO] PluginManager:220 - loadIPPluginJar : add mdma
2026-03-16 23:40:04,382 [INFO] IPUIPlugin:80 - create IPUIPlugin
2026-03-16 23:40:04,382 [INFO] PluginManager:220 - loadIPPluginJar : add pdm2pcm
2026-03-16 23:40:04,389 [INFO] IPUIPlugin:80 - create IPUIPlugin
2026-03-16 23:40:04,389 [INFO] PluginManager:220 - loadIPPluginJar : add linkedlist
2026-03-16 23:40:04,391 [INFO] IPUIPlugin:80 - create IPUIPlugin
2026-03-16 23:40:04,391 [INFO] PluginManager:220 - loadIPPluginJar : add usart
2026-03-16 23:40:04,393 [INFO] IPUIPlugin:80 - create IPUIPlugin
2026-03-16 23:40:04,393 [INFO] PluginManager:220 - loadIPPluginJar : add i2c
2026-03-16 23:40:04,396 [INFO] IPUIPlugin:80 - create IPUIPlugin
2026-03-16 23:40:04,396 [INFO] PluginManager:220 - loadIPPluginJar : add lorawan
2026-03-16 23:40:04,400 [INFO] IPUIPlugin:80 - create IPUIPlugin
2026-03-16 23:40:04,400 [INFO] PluginManager:220 - loadIPPluginJar : add usbx
2026-03-16 23:40:04,404 [INFO] IPUIPlugin:80 - create IPUIPlugin
2026-03-16 23:40:04,404 [INFO] PluginManager:220 - loadIPPluginJar : add fmc
2026-03-16 23:40:04,406 [INFO] IPUIPlugin:80 - create IPUIPlugin
2026-03-16 23:40:04,406 [INFO] PluginManager:220 - loadIPPluginJar : add extmemmanager
2026-03-16 23:40:04,412 [INFO] IPUIPlugin:80 - create IPUIPlugin
2026-03-16 23:40:04,413 [INFO] PluginManager:220 - loadIPPluginJar : add freertos
2026-03-16 23:40:04,416 [INFO] IPUIPlugin:80 - create IPUIPlugin
2026-03-16 23:40:04,416 [INFO] PluginManager:220 - loadIPPluginJar : add can
2026-03-16 23:40:04,419 [INFO] IPUIPlugin:80 - create IPUIPlugin
2026-03-16 23:40:04,419 [INFO] PluginManager:220 - loadIPPluginJar : add touchsensing
2026-03-16 23:40:04,420 [INFO] IPUIPlugin:80 - create IPUIPlugin
2026-03-16 23:40:04,420 [INFO] PluginManager:220 - loadIPPluginJar : add tracer_emb
2026-03-16 23:40:04,422 [INFO] IPUIPlugin:80 - create IPUIPlugin
2026-03-16 23:40:04,422 [INFO] PluginManager:220 - loadIPPluginJar : add ucpd
2026-03-16 23:40:04,423 [INFO] IPUIPlugin:80 - create IPUIPlugin
2026-03-16 23:40:04,423 [INFO] PluginManager:220 - loadIPPluginJar : add ts
2026-03-16 23:40:04,424 [INFO] IPUIPlugin:80 - create IPUIPlugin
2026-03-16 23:40:04,424 [INFO] PluginManager:220 - loadIPPluginJar : add tsc
2026-03-16 23:40:04,427 [INFO] IPUIPlugin:80 - create IPUIPlugin
2026-03-16 23:40:04,428 [INFO] PluginManager:220 - loadIPPluginJar : add resmgrutility
2026-03-16 23:40:04,430 [INFO] IPUIPlugin:80 - create IPUIPlugin
2026-03-16 23:40:04,431 [INFO] PluginManager:220 - loadIPPluginJar : add cryp
2026-03-16 23:40:04,433 [INFO] IPUIPlugin:80 - create IPUIPlugin
2026-03-16 23:40:04,434 [INFO] PluginManager:220 - loadIPPluginJar : add openamp
2026-03-16 23:40:04,439 [INFO] IPUIPlugin:80 - create IPUIPlugin
2026-03-16 23:40:04,439 [INFO] PluginManager:220 - loadIPPluginJar : add adc
2026-03-16 23:40:04,441 [INFO] IPUIPlugin:80 - create IPUIPlugin
2026-03-16 23:40:04,441 [INFO] PluginManager:220 - loadIPPluginJar : add spi
2026-03-16 23:40:04,444 [INFO] IPUIPlugin:80 - create IPUIPlugin
2026-03-16 23:40:04,444 [INFO] PluginManager:220 - loadIPPluginJar : add ipddr
2026-03-16 23:40:04,452 [INFO] IPUIPlugin:80 - create IPUIPlugin
2026-03-16 23:40:04,452 [INFO] PluginManager:220 - loadIPPluginJar : add stm32_wpan
2026-03-16 23:40:04,457 [INFO] IPUIPlugin:80 - create IPUIPlugin
2026-03-16 23:40:04,457 [INFO] PluginManager:220 - loadIPPluginJar : add gic
2026-03-16 23:40:04,460 [INFO] IPUIPlugin:80 - create IPUIPlugin
2026-03-16 23:40:04,460 [INFO] PluginManager:220 - loadIPPluginJar : add ddr_ctrl_phy
2026-03-16 23:40:04,462 [INFO] IPUIPlugin:80 - create IPUIPlugin
2026-03-16 23:40:04,462 [INFO] PluginManager:220 - loadIPPluginJar : add genericplugin
2026-03-16 23:40:04,465 [INFO] IPUIPlugin:80 - create IPUIPlugin
2026-03-16 23:40:04,465 [INFO] PluginManager:220 - loadIPPluginJar : add hash
2026-03-16 23:40:04,467 [INFO] IPUIPlugin:80 - create IPUIPlugin
2026-03-16 23:40:04,467 [INFO] PluginManager:220 - loadIPPluginJar : add tim
2026-03-16 23:40:04,468 [INFO] IPUIPlugin:80 - create IPUIPlugin
2026-03-16 23:40:04,469 [INFO] PluginManager:220 - loadIPPluginJar : add radio
2026-03-16 23:40:04,471 [INFO] IPUIPlugin:80 - create IPUIPlugin
2026-03-16 23:40:04,471 [INFO] PluginManager:220 - loadIPPluginJar : add gtzc
2026-03-16 23:40:04,473 [INFO] IPUIPlugin:80 - create IPUIPlugin
2026-03-16 23:40:04,473 [INFO] PluginManager:220 - loadIPPluginJar : add i2s
2026-03-16 23:40:04,475 [INFO] IPUIPlugin:80 - create IPUIPlugin
2026-03-16 23:40:04,475 [INFO] PluginManager:220 - loadIPPluginJar : add dma3
2026-03-16 23:40:04,581 [FATAL] Updater:351 - Updater called before beeing initialized
2026-03-16 23:40:04,628 [INFO] RulesReader:64 - Compatibility file has been processed (317 Rules)
2026-03-16 23:40:04,648 [INFO] RulesReader:64 - Compatibility file has been processed (317 Rules)
2026-03-16 23:40:04,660 [INFO] CADModel:165 - CPN selected for project level
2026-03-16 23:40:04,660 [INFO] CADModel:114 - Register for checkConnection events
2026-03-16 23:40:04,660 [FATAL] Updater:351 - Updater called before beeing initialized
2026-03-16 23:40:04,660 [ERROR] CADModel:125 - Updater not yet initialized, retry later 
2026-03-16 23:40:04,820 [FATAL] Updater:351 - Updater called before beeing initialized
2026-03-16 23:40:04,823 [INFO] CADModel:165 - CPN selected for project level
2026-03-16 23:40:04,823 [INFO] CADModel:114 - Register for checkConnection events
2026-03-16 23:40:04,823 [FATAL] Updater:351 - Updater called before beeing initialized
2026-03-16 23:40:04,823 [ERROR] CADModel:125 - Updater not yet initialized, retry later 
2026-03-16 23:40:04,827 [FATAL] Updater:351 - Updater called before beeing initialized
2026-03-16 23:40:04,954 [FATAL] Updater:351 - Updater called before beeing initialized
2026-03-16 23:40:04,959 [INFO] DbMcusAds:53 - JSON generation date=Wed Feb 18 20:02:49 IST 2026 (1771425169665)
2026-03-16 23:40:04,959 [FATAL] Updater:351 - Updater called before beeing initialized
2026-03-16 23:40:04,999 [WARN] DetailPanel:346 - Failed to get advertising image, set to default
2026-03-16 23:40:05,073 [FATAL] Updater:351 - Updater called before beeing initialized
2026-03-16 23:40:05,075 [FATAL] Updater:351 - Updater called before beeing initialized
2026-03-16 23:40:05,075 [FATAL] Updater:351 - Updater called before beeing initialized
2026-03-16 23:40:05,075 [WARN] DetailPanel:346 - Failed to get advertising image, set to default
2026-03-16 23:40:05,075 [FATAL] Updater:351 - Updater called before beeing initialized
2026-03-16 23:40:05,109 [ERROR] Updater:1198 - MainUpdater not yet initialized. External WinMGr cannot be set.
2026-03-16 23:40:05,111 [INFO] Updater:1134 - Updater Version found : 6.15.0
2026-03-16 23:40:05,136 [INFO] ApplicationProperties:184 - Using Application install path: /opt/st/stm32cubeide_1.19.0/plugins/com.st.stm32cube.common.mx_6.15.0.202507011659
2026-03-16 23:40:05,619 [INFO] MainUpdater:2872 - connection check result : 10
2026-03-16 23:40:05,620 [INFO] MainUpdater:289 - Updater Check For Update Now.
2026-03-16 23:40:05,620 [INFO] MicroXplorer:498 - Change Database Version : DB.6.0.150
2026-03-16 23:40:05,632 [INFO] McuFinderGlobals:63 - Set McuFinder mode to 2 (CubeIDE integrated)
2026-03-16 23:40:05,633 [INFO] UserAuth:171 - activating auth plugin
2026-03-16 23:40:05,637 [INFO] UserAuth:487 - Internet connection configuration mode: 1
2026-03-16 23:40:05,662 [INFO] JxBrowserEngine:152 - Initiate JxBrowser Engine with user profile folder
2026-03-16 23:40:05,832 [INFO] CheckServerUpdateThread:120 - End of CheckServer Thread
2026-03-16 23:40:06,844 [INFO] WebApp:169 - Instantiating new browser for Auth
2026-03-16 23:40:07,027 [WARN] PackLoader:240 - Cannot read IP mode file for STMicroelectronics.FP-SNS-MOTENVWB1.1.4.0
2026-03-16 23:40:07,037 [WARN] PackLoader:240 - Cannot read IP mode file for STMicroelectronics.FP-ATR-ASTRA1.2.0.2
2026-03-16 23:40:07,046 [WARN] PackLoader:240 - Cannot read IP mode file for STMicroelectronics.X-CUBE-SMBUS.2.1.0
2026-03-16 23:40:07,054 [WARN] PackLoader:240 - Cannot read IP mode file for STMicroelectronics.X-CUBE-ST60.1.0.0
2026-03-16 23:40:07,093 [WARN] PackLoader:240 - Cannot read IP mode file for STMicroelectronics.X-CUBE-AZRTOS-F7.1.1.0
2026-03-16 23:40:07,104 [WARN] PackLoader:240 - Cannot read IP mode file for STMicroelectronics.FP-SNS-MOTENV1.5.1.0
2026-03-16 23:40:07,129 [WARN] PackLoader:240 - Cannot read IP mode file for Infineon.AIROC-Wi-Fi-Bluetooth-STM32.1.7.1
2026-03-16 23:40:07,165 [WARN] PackLoader:240 - Cannot read IP mode file for STMicroelectronics.X-CUBE-AZRTOS-H7.3.4.0
2026-03-16 23:40:07,174 [WARN] PackLoader:240 - Cannot read IP mode file for STMicroelectronics.X-CUBE-DISPLAY.3.0.0
2026-03-16 23:40:07,205 [WARN] PackLoader:240 - Cannot read IP mode file for STMicroelectronics.FP-SNS-MOTENVWB1.1.5.0
2026-03-16 23:40:07,217 [WARN] PackLoader:240 - Cannot read IP mode file for STMicroelectronics.X-CUBE-NFC10.1.0.0
2026-03-16 23:40:07,231 [WARN] PackLoader:240 - Cannot read IP mode file for STMicroelectronics.X-CUBE-BLEMGR.4.0.0
2026-03-16 23:40:07,242 [WARN] PackLoader:240 - Cannot read IP mode file for STMicroelectronics.X-CUBE-ST60.1.1.0
2026-03-16 23:40:07,249 [WARN] PackLoader:240 - Cannot read IP mode file for emotas.I-CUBE-CANOPEN.1.3.0
2026-03-16 23:40:07,256 [WARN] PackLoader:240 - Cannot read IP mode file for STMicroelectronics.X-CUBE-GNSS1.7.1.0
2026-03-16 23:40:07,262 [WARN] ConditionMgr:438 - getConditionDescription Invalid condition id : Cortex-A Device cause : null
2026-03-16 23:40:07,276 [WARN] ConditionMgr:1044 - genDependencies : Invalid condition id : Cortex-A Device cause : null
2026-03-16 23:40:07,276 [WARN] ConditionMgr:1044 - genDependencies : Invalid condition id : Cortex-A Device cause : null
2026-03-16 23:40:07,276 [WARN] ConditionMgr:1044 - genDependencies : Invalid condition id : Cortex-A Device cause : null
2026-03-16 23:40:07,296 [WARN] PackLoader:240 - Cannot read IP mode file for STMicroelectronics.FP-SNS-STBOX1.2.1.0
2026-03-16 23:40:07,302 [WARN] PackLoader:240 - Cannot read IP mode file for STMicroelectronics.FP-SNS-SMARTAG2.1.2.0
2026-03-16 23:40:07,305 [WARN] PackLoader:240 - Cannot read IP mode file for STMicroelectronics.FP-SNS-FLIGHT1.5.1.0
2026-03-16 23:40:07,313 [INFO] LogOutputStream:77 - [STDOUT_REDIRECT] 1 : Invalid condition id : UX_CORESTACK_Condition cause : null
2026-03-16 23:40:07,314 [INFO] LogOutputStream:77 - [STDOUT_REDIRECT] 1 : Invalid condition id : UX_CORESTACK_Condition cause : null
2026-03-16 23:40:07,314 [INFO] LogOutputStream:77 - [STDOUT_REDIRECT] 1 : Invalid condition id : UX_CORESTACK_Condition cause : null
2026-03-16 23:40:07,314 [INFO] LogOutputStream:77 - [STDOUT_REDIRECT] 1 : Invalid condition id : UX_CORESTACK_Condition cause : null
2026-03-16 23:40:07,315 [INFO] LogOutputStream:77 - [STDOUT_REDIRECT] 1 : Invalid condition id : UX_CORESTACK_Condition cause : null
2026-03-16 23:40:07,319 [WARN] PackLoader:240 - Cannot read IP mode file for STMicroelectronics.X-CUBE-AZRTOS-WL.2.0.0
2026-03-16 23:40:07,324 [WARN] PackLoader:240 - Cannot read IP mode file for STMicroelectronics.FP-SNS-MOTENV1.5.0.0
2026-03-16 23:40:07,345 [WARN] PackLoader:240 - Cannot read IP mode file for STMicroelectronics.X-CUBE-AZRTOS-H7RS.1.2.0
2026-03-16 23:40:07,352 [WARN] PackLoader:240 - Cannot read IP mode file for WES.I-CUBE-Cesium.1.3.0
2026-03-16 23:40:07,357 [WARN] PackLoader:240 - Cannot read IP mode file for STMicroelectronics.X-CUBE-BLE2.3.3.0
2026-03-16 23:40:07,370 [WARN] PackLoader:240 - Cannot read IP mode file for STMicroelectronics.X-CUBE-NFC9.1.0.0
2026-03-16 23:40:07,374 [WARN] PackLoader:240 - Cannot read IP mode file for wolfSSL.I-CUBE-wolfSSL.5.8.0
2026-03-16 23:40:07,378 [WARN] PackLoader:240 - Cannot read IP mode file for STMicroelectronics.X-CUBE-BLE1.7.1.0
2026-03-16 23:40:07,381 [WARN] PackLoader:240 - Cannot read IP mode file for wolfSSL.I-CUBE-wolfMQTT.1.19.2
2026-03-16 23:40:07,387 [WARN] PackLoader:240 - Cannot read IP mode file for STMicroelectronics.X-CUBE-FREERTOS.1.4.0
2026-03-16 23:40:07,394 [WARN] PackLoader:240 - Cannot read IP mode file for STMicroelectronics.X-CUBE-EEPRMA1.5.2.0
2026-03-16 23:40:07,402 [WARN] PackLoader:240 - Cannot read IP mode file for STMicroelectronics.X-CUBE-ST67W61.1.1.0
2026-03-16 23:40:07,406 [WARN] PackLoader:240 - Cannot read IP mode file for STMicroelectronics.X-CUBE-AI.10.1.0
2026-03-16 23:40:07,448 [WARN] PackLoader:240 - Cannot read IP mode file for STMicroelectronics.X-CUBE-MEMS1.12.0.0
2026-03-16 23:40:07,560 [WARN] PackLoader:240 - Cannot read IP mode file for STMicroelectronics.X-CUBE-AZRTOS-G0.1.1.0
2026-03-16 23:40:07,567 [WARN] PackLoader:240 - Cannot read IP mode file for STMicroelectronics.X-CUBE-SAFEA1.1.2.2
2026-03-16 23:40:07,572 [WARN] PackLoader:240 - Cannot read IP mode file for STMicroelectronics.X-CUBE-NFC4.3.0.0
2026-03-16 23:40:07,578 [WARN] PackLoader:240 - Cannot read IP mode file for EmbeddedOffice.I-CUBE-FS-RTOS.1.0.1
2026-03-16 23:40:07,582 [WARN] PackLoader:240 - Cannot read IP mode file for STMicroelectronics.X-CUBE-WB05N.2.0.0
2026-03-16 23:40:07,584 [WARN] PackLoader:240 - Cannot read IP mode file for wolfSSL.I-CUBE-wolfTPM.3.8.0
2026-03-16 23:40:07,588 [WARN] PackLoader:240 - Cannot read IP mode file for STMicroelectronics.X-CUBE-TCPP.4.2.0
2026-03-16 23:40:07,592 [WARN] PackLoader:240 - Cannot read IP mode file for RealThread.X-CUBE-RT-Thread_Nano.4.1.1
2026-03-16 23:40:07,595 [WARN] PackLoader:240 - Cannot read IP mode file for STMicroelectronics.FP-ATR-SIGFOX1.3.2.0
2026-03-16 23:40:07,600 [WARN] PackLoader:240 - Cannot read IP mode file for STMicroelectronics.X-CUBE-EEPRMA1.5.1.0
2026-03-16 23:40:07,605 [WARN] PackLoader:240 - Cannot read IP mode file for ITTIA_DB.I-CUBE-ITTIADB.8.9.0
2026-03-16 23:40:07,609 [WARN] PackLoader:240 - Cannot read IP mode file for STMicroelectronics.X-CUBE-NFC6.3.2.0
2026-03-16 23:40:07,615 [WARN] PackLoader:240 - Cannot read IP mode file for STMicroelectronics.X-CUBE-ST67W61.1.0.0
2026-03-16 23:40:07,619 [WARN] PackLoader:240 - Cannot read IP mode file for STMicroelectronics.X-CUBE-AI.10.2.0
2026-03-16 23:40:07,650 [WARN] PackLoader:240 - Cannot read IP mode file for SEGGER.I-CUBE-embOS.1.3.1
2026-03-16 23:40:07,699 [WARN] PackLoader:240 - Cannot read IP mode file for STMicroelectronics.X-CUBE-ALGOBUILD.1.4.0
2026-03-16 23:40:07,760 [WARN] PackLoader:240 - Cannot read IP mode file for STMicroelectronics.X-CUBE-MEMS1.11.3.0
2026-03-16 23:40:07,788 [INFO] WebApp:463 - Apply proxy settings
2026-03-16 23:40:07,788 [INFO] WebApp:548 - Chromium requires no authentication
2026-03-16 23:40:07,797 [INFO] WebApp:491 - Direct internet connection detected
2026-03-16 23:40:07,816 [INFO] WebApp:900 - Register for checkConnection events
2026-03-16 23:40:07,816 [INFO] WebApp:463 - Apply proxy settings
2026-03-16 23:40:07,816 [INFO] WebApp:548 - Chromium requires no authentication
2026-03-16 23:40:07,817 [INFO] WebApp:491 - Direct internet connection detected
2026-03-16 23:40:07,875 [WARN] PackLoader:240 - Cannot read IP mode file for STMicroelectronics.X-CUBE-PM33A1.1.0.0
2026-03-16 23:40:07,889 [WARN] PackLoader:240 - Cannot read IP mode file for STMicroelectronics.X-CUBE-AZRTOS-F4.1.1.0
2026-03-16 23:40:07,893 [WARN] PackLoader:240 - Cannot read IP mode file for Avnet-IotConnect.X-CUBE-IoTC-DA16k-PMOD.1.0.0
2026-03-16 23:40:07,896 [WARN] PackLoader:240 - Cannot read IP mode file for STMicroelectronics.X-CUBE-ISPU.2.1.0
2026-03-16 23:40:07,906 [WARN] PackLoader:240 - Cannot read IP mode file for STMicroelectronics.X-CUBE-IPS.3.2.0
2026-03-16 23:40:07,917 [WARN] PackLoader:240 - Cannot read IP mode file for STMicroelectronics.X-CUBE-NFC12.1.0.0
2026-03-16 23:40:07,942 [WARN] PackLoader:240 - Cannot read IP mode file for STMicroelectronics.X-CUBE-AZRTOS-L5.2.0.0
2026-03-16 23:40:07,955 [WARN] PackLoader:240 - Cannot read IP mode file for STMicroelectronics.X-CUBE-NFC6.3.1.0
2026-03-16 23:40:07,963 [WARN] PackLoader:240 - Cannot read IP mode file for STMicroelectronics.X-CUBE-FREERTOS.1.3.1
2026-03-16 23:40:07,967 [WARN] PackLoader:240 - Cannot read IP mode file for STMicroelectronics.X-CUBE-TOUCHGFX.4.26.0
2026-03-16 23:40:07,970 [WARN] PackLoader:240 - Cannot read IP mode file for STMicroelectronics.FP-SNS-STAIOTCFT.1.0.0
2026-03-16 23:40:07,974 [WARN] PackLoader:240 - Cannot read IP mode file for STMicroelectronics.X-CUBE-DPower.1.3.0
2026-03-16 23:40:08,021 [WARN] ConditionMgr:438 - getConditionDescription Invalid condition id : LAN8742 Phy interface Condition cause : null
2026-03-16 23:40:08,022 [WARN] PackLoader:240 - Cannot read IP mode file for STMicroelectronics.X-CUBE-AZRTOS-L4.2.0.0
2026-03-16 23:40:08,024 [WARN] ConditionMgr:1044 - genDependencies : Invalid condition id : LAN8742 Phy interface Condition cause : null
2026-03-16 23:40:08,024 [WARN] ConditionMgr:1044 - genDependencies : Invalid condition id : LAN8742 Phy interface Condition cause : null
2026-03-16 23:40:08,025 [WARN] ConditionMgr:1044 - genDependencies : Invalid condition id : LAN8742 Phy interface Condition cause : null
2026-03-16 23:40:08,026 [INFO] WebApp:225 - Starting web application
2026-03-16 23:40:08,027 [INFO] WebApp:593 - Web application path used /opt/st/stm32cubeide_1.19.0/plugins/com.st.stm32cube.common.mx_6.15.0.202507011659/db/plugins/mcufinder/reactClient1/index.html
2026-03-16 23:40:08,035 [WARN] PackLoader:240 - Cannot read IP mode file for STMicroelectronics.X-CUBE-SFXS2LP1.4.0.0
2026-03-16 23:40:08,048 [WARN] PackLoader:240 - Cannot read IP mode file for STMicroelectronics.X-CUBE-ST67W61.1.2.0
2026-03-16 23:40:08,069 [WARN] PackLoader:240 - Cannot read IP mode file for STMicroelectronics.X-CUBE-BLEMGR.4.1.0
2026-03-16 23:40:08,102 [WARN] ConditionMgr:438 - getConditionDescription Invalid condition id : UX DEVICE CLASS RTOS Condition cause : null
2026-03-16 23:40:08,102 [WARN] ConditionMgr:438 - getConditionDescription Invalid condition id : UX DEVICE CLASS RTOS Condition cause : null
2026-03-16 23:40:08,104 [WARN] PackLoader:240 - Cannot read IP mode file for STMicroelectronics.X-CUBE-AZRTOS-WB.2.0.0
2026-03-16 23:40:08,105 [WARN] ConditionMgr:1044 - genDependencies : Invalid condition id : UX DEVICE CLASS RTOS Condition cause : null
2026-03-16 23:40:08,105 [WARN] ConditionMgr:1044 - genDependencies : Invalid condition id : UX DEVICE CLASS RTOS Condition cause : null
2026-03-16 23:40:08,105 [WARN] ConditionMgr:1044 - genDependencies : Invalid condition id : UX DEVICE CLASS RTOS Condition cause : null
2026-03-16 23:40:08,106 [WARN] ConditionMgr:1044 - genDependencies : Invalid condition id : UX DEVICE CLASS RTOS Condition cause : null
2026-03-16 23:40:08,106 [WARN] ConditionMgr:1044 - genDependencies : Invalid condition id : UX DEVICE CLASS RTOS Condition cause : null
2026-03-16 23:40:08,110 [WARN] PackLoader:240 - Cannot read IP mode file for STMicroelectronics.X-CUBE-GNSS1.7.0.1
2026-03-16 23:40:08,113 [WARN] PackLoader:240 - Cannot read IP mode file for STMicroelectronics.X-CUBE-TOUCHGFX.4.25.0
2026-03-16 23:40:08,118 [WARN] PackLoader:240 - Cannot read IP mode file for STMicroelectronics.FP-SNS-STBOX1.2.0.0
2026-03-16 23:40:08,127 [WARN] PackLoader:240 - Cannot read IP mode file for STMicroelectronics.X-CUBE-STSE01.2.0.0
2026-03-16 23:40:08,137 [WARN] PackLoader:240 - Cannot read IP mode file for STMicroelectronics.X-CUBE-SUBG2.5.0.0
2026-03-16 23:40:08,154 [WARN] PackLoader:240 - Cannot read IP mode file for STMicroelectronics.X-CUBE-AZRTOS-H7RS.1.1.0
2026-03-16 23:40:08,161 [WARN] PackLoader:240 - Cannot read IP mode file for Cesanta.I-CUBE-Mongoose.7.13.0
2026-03-16 23:40:08,175 [WARN] PackLoader:240 - Cannot read IP mode file for STMicroelectronics.X-CUBE-AZRTOS-G4.2.0.0
2026-03-16 23:40:08,179 [WARN] PackLoader:240 - Cannot read IP mode file for wolfSSL.I-CUBE-wolfSSH.1.4.20
2026-03-16 23:40:08,183 [WARN] PackLoader:240 - Cannot read IP mode file for STMicroelectronics.X-CUBE-NFC7.2.0.0
2026-03-16 23:40:08,196 [WARN] PackLoader:240 - Cannot read IP mode file for STMicroelectronics.X-CUBE-IPS.3.1.0
2026-03-16 23:40:08,211 [WARN] PackLoader:240 - Cannot read IP mode file for STMicroelectronics.X-CUBE-ALS.1.0.2
2026-03-16 23:40:08,217 [WARN] PackLoader:240 - Cannot read IP mode file for STMicroelectronics.X-CUBE-STSE01.1.0.0
2026-03-16 23:40:08,222 [WARN] PackLoader:240 - Cannot read IP mode file for portGmbH.I-Cube-SoM-uGOAL.1.1.0
2026-03-16 23:40:08,232 [WARN] PackLoader:240 - Cannot read IP mode file for STMicroelectronics.X-CUBE-TOF1.3.4.3
2026-03-16 23:40:08,242 [INFO] ThirdParty:978 - Integrity check success = true
2026-03-16 23:40:08,243 [INFO] IntegrityCheckThread:100 - exiting critical section [integrity check]
2026-03-16 23:40:08,243 [INFO] IntegrityCheckThread:103 - End integrity checks thread
2026-03-16 23:40:08,488 [INFO] WebApp:191 - Connection restablished
2026-03-16 23:40:12,801 [ERROR] LogOutputStream:75 - [STDERR_REDIRECT] 
