2025-12-08 20:22:14,717 [INFO] Activator:176 - 


2025-12-08 20:22:14,722 [INFO] Activator:177 - !SESSION log4j initialized
2025-12-08 20:22:19,546 [INFO] LogOutputStream:77 - [STDOUT_REDIRECT] 
2025-12-08 20:22:26,735 [INFO] ApplicationProperties:184 - Using Application install path: /opt/st/stm32cubeide_1.19.0/plugins/com.st.stm32cube.common.mx_6.15.0.202507011659
2025-12-08 20:22:26,750 [INFO] DbMcusXml:78 - Set database path to: /opt/st/stm32cubeide_1.19.0/plugins/com.st.stm32cube.common.mx_6.15.0.202507011659//db//mcu/
2025-12-08 20:22:26,750 [INFO] ApiDb:274 - Set plugin database path to: /opt/st/stm32cubeide_1.19.0/plugins/com.st.stm32cube.common.mx_6.15.0.202507011659//db//plugins/boardmanager/
2025-12-08 20:22:26,750 [WARN] ApiDb:259 - Overriding images path with different value:  => /opt/st/stm32cubeide_1.19.0/plugins/com.st.stm32cube.common.mx_6.15.0.202507011659//db//plugins/mcufinder/images/
2025-12-08 20:22:26,757 [INFO] ApiDb:250 - Set database path to: /home/sunbeam/.stmcufinder/plugins/mcufinder//mcu/
2025-12-08 20:22:26,758 [INFO] DbMcusAds:125 - Set database path to: /home/sunbeam/.stmcufinder/plugins/mcufinder//mcu/
2025-12-08 20:22:26,963 [INFO] CrossReferenceDbSqlite:203 - Set database path to: /home/sunbeam/.stmcufinder/plugins/mcufinder//mcu/cs/
2025-12-08 20:22:27,057 [INFO] RulesReader:64 - Compatibility file has been processed (317 Rules)
2025-12-08 20:22:27,120 [INFO] DbMcusXml:78 - Set database path to: /opt/st/stm32cubeide_1.19.0/plugins/com.st.stm32cube.common.mx_6.15.0.202507011659//db//mcu/
2025-12-08 20:22:27,120 [INFO] ApiDb:274 - Set plugin database path to: /opt/st/stm32cubeide_1.19.0/plugins/com.st.stm32cube.common.mx_6.15.0.202507011659//db//plugins/boardmanager/
2025-12-08 20:22:27,120 [INFO] ApiDb:261 - Set plugin images path to: /opt/st/stm32cubeide_1.19.0/plugins/com.st.stm32cube.common.mx_6.15.0.202507011659//db//plugins/mcufinder/images/
2025-12-08 20:22:27,121 [WARN] DbFile:41 - Overriding database path with different value: /home/sunbeam/.stmcufinder/plugins/mcufinder/ => /home/sunbeam/.stmcufinder/plugins/mcufinder
2025-12-08 20:22:27,121 [INFO] ApiDb:250 - Set database path to: /home/sunbeam/.stmcufinder/plugins/mcufinder//mcu/
2025-12-08 20:22:27,121 [WARN] DbFile:41 - Overriding database path with different value: /home/sunbeam/.stmcufinder/plugins/mcufinder/ => /home/sunbeam/.stmcufinder/plugins/mcufinder
2025-12-08 20:22:27,121 [INFO] DbMcusAds:125 - Set database path to: /home/sunbeam/.stmcufinder/plugins/mcufinder//mcu/
2025-12-08 20:22:27,121 [WARN] DbFile:41 - Overriding database path with different value: /home/sunbeam/.stmcufinder/plugins/mcufinder/ => /home/sunbeam/.stmcufinder/plugins/mcufinder
2025-12-08 20:22:27,121 [WARN] DbFile:41 - Overriding database path with different value: /home/sunbeam/.stmcufinder/plugins/mcufinder/ => /home/sunbeam/.stmcufinder/plugins/mcufinder
2025-12-08 20:22:27,427 [INFO] CrossReferenceDbSqlite:203 - Set database path to: /home/sunbeam/.stmcufinder/plugins/mcufinder//mcu/cs/
2025-12-08 20:22:27,488 [INFO] MainPanel:274 - HeapMemory: 268435456
2025-12-08 20:22:27,592 [INFO] DbMcusXml:78 - Set database path to: /opt/st/stm32cubeide_1.19.0/plugins/com.st.stm32cube.common.mx_6.15.0.202507011659//db//mcu/
2025-12-08 20:22:27,592 [INFO] ApiDb:274 - Set plugin database path to: /opt/st/stm32cubeide_1.19.0/plugins/com.st.stm32cube.common.mx_6.15.0.202507011659//db//plugins/boardmanager/
2025-12-08 20:22:27,592 [INFO] ApiDb:261 - Set plugin images path to: /opt/st/stm32cubeide_1.19.0/plugins/com.st.stm32cube.common.mx_6.15.0.202507011659//db//plugins/mcufinder/images/
2025-12-08 20:22:27,593 [WARN] DbFile:41 - Overriding database path with different value: /home/sunbeam/.stmcufinder/plugins/mcufinder/ => /home/sunbeam/.stmcufinder/plugins/mcufinder
2025-12-08 20:22:27,593 [INFO] ApiDb:250 - Set database path to: /home/sunbeam/.stmcufinder/plugins/mcufinder//mcu/
2025-12-08 20:22:27,593 [WARN] DbFile:41 - Overriding database path with different value: /home/sunbeam/.stmcufinder/plugins/mcufinder/ => /home/sunbeam/.stmcufinder/plugins/mcufinder
2025-12-08 20:22:27,593 [INFO] DbMcusAds:125 - Set database path to: /home/sunbeam/.stmcufinder/plugins/mcufinder//mcu/
2025-12-08 20:22:27,593 [WARN] DbFile:41 - Overriding database path with different value: /home/sunbeam/.stmcufinder/plugins/mcufinder/ => /home/sunbeam/.stmcufinder/plugins/mcufinder
2025-12-08 20:22:27,593 [WARN] DbFile:41 - Overriding database path with different value: /home/sunbeam/.stmcufinder/plugins/mcufinder/ => /home/sunbeam/.stmcufinder/plugins/mcufinder
2025-12-08 20:22:27,837 [INFO] CrossReferenceDbSqlite:203 - Set database path to: /home/sunbeam/.stmcufinder/plugins/mcufinder//mcu/cs/
2025-12-08 20:22:27,851 [INFO] ApplicationProperties:184 - Using Application install path: /opt/st/stm32cubeide_1.19.0/plugins/com.st.stm32cube.common.mx_6.15.0.202507011659
2025-12-08 20:22:27,853 [INFO] PluginManage:196 - Search for loadable plugins [exclusion list=, ]
2025-12-08 20:22:27,854 [INFO] PluginManage:310 - Check plugin analytics
2025-12-08 20:22:28,414 [INFO] AnalyticsPlugin:253 - Accepted Software Licenses: 
2025-12-08 20:22:28,415 [INFO] AnalyticsPlugin:255 - Accepted CMSIS Pack Licenses: 
2025-12-08 20:22:28,415 [INFO] AnalyticsPlugin:257 - Accepted Firmware Licenses: FW.F4.1.28.0
2025-12-08 20:22:28,416 [INFO] PluginManage:359 - Loaded plugin analytics (category:tool,tabindex:-1)
2025-12-08 20:22:28,417 [INFO] PluginManage:310 - Check plugin cadmodel
2025-12-08 20:22:28,421 [INFO] CADModel:105 - Init CAD model plugin
2025-12-08 20:22:28,422 [INFO] PluginManage:359 - Loaded plugin cadmodel (category:power,tabindex:5)
2025-12-08 20:22:28,422 [INFO] PluginManage:310 - Check plugin clock
2025-12-08 20:22:28,429 [INFO] PluginManage:359 - Loaded plugin clock (category:base,tabindex:2)
2025-12-08 20:22:28,429 [INFO] PluginManage:310 - Check plugin ddr
2025-12-08 20:22:28,431 [INFO] PluginManage:359 - Loaded plugin ddr (category:tool,tabindex:6)
2025-12-08 20:22:28,431 [INFO] PluginManage:310 - Check plugin filemanager
2025-12-08 20:22:28,540 [INFO] PluginManage:359 - Loaded plugin filemanager (category:base,tabindex:10)
2025-12-08 20:22:28,541 [INFO] PluginManage:310 - Check plugin ipmanager
2025-12-08 20:22:28,545 [INFO] PluginManage:359 - Loaded plugin ipmanager (category:base,tabindex:5)
2025-12-08 20:22:28,545 [INFO] PluginManage:310 - Check plugin lpbam
2025-12-08 20:22:28,553 [INFO] PluginManage:359 - Loaded plugin lpbam (category:base,tabindex:0)
2025-12-08 20:22:28,553 [INFO] PluginManage:310 - Check plugin memorymap
2025-12-08 20:22:28,563 [INFO] PluginManage:359 - Loaded plugin memorymap (category:base,tabindex:4)
2025-12-08 20:22:28,563 [INFO] PluginManage:310 - Check plugin pinoutandconfiguration
2025-12-08 20:22:28,570 [INFO] PluginManage:359 - Loaded plugin pinoutandconfiguration (category:base,tabindex:1)
2025-12-08 20:22:28,570 [INFO] PluginManage:310 - Check plugin pinoutconfig
2025-12-08 20:22:28,635 [WARN] SupportedApi:132 - Cannot load RTOS API schema: s4s-elt-must-match.1: The content of 'definitions' must match (annotation?, (simpleType | complexType)?, (unique | key | keyref)*)). A problem was found starting at: attribute.
2025-12-08 20:22:28,742 [INFO] PluginManage:359 - Loaded plugin pinoutconfig (category:base,tabindex:0)
2025-12-08 20:22:28,743 [INFO] PluginManage:310 - Check plugin power
2025-12-08 20:22:28,750 [INFO] PluginManage:359 - Loaded plugin power (category:power,tabindex:4)
2025-12-08 20:22:28,751 [INFO] PluginManage:310 - Check plugin projectmanager
2025-12-08 20:22:28,763 [INFO] PluginManage:359 - Loaded plugin projectmanager (category:projectmanager,tabindex:4)
2025-12-08 20:22:28,763 [INFO] PluginManage:310 - Check plugin rif
2025-12-08 20:22:28,770 [INFO] PluginManage:359 - Loaded plugin rif (category:base,tabindex:3)
2025-12-08 20:22:28,771 [INFO] PluginManage:310 - Check plugin thirdparty
2025-12-08 20:22:28,870 [INFO] PluginManage:359 - Loaded plugin thirdparty (category:base,tabindex:-1)
2025-12-08 20:22:28,870 [WARN] IntegrityCheckThread:84 - waiting for thirdparty lock release [integrity check]
2025-12-08 20:22:28,870 [INFO] PluginManage:310 - Check plugin tools
2025-12-08 20:22:28,870 [INFO] IntegrityCheckThread:86 - entering critical section [integrity check]
2025-12-08 20:22:28,871 [INFO] ThirdPartyUpdaterWithRetryManager:70 - Updater plugin not ready yet. [1/15]
2025-12-08 20:22:28,872 [INFO] PluginManage:359 - Loaded plugin tools (category:base,tabindex:7)
2025-12-08 20:22:28,872 [INFO] PluginManage:310 - Check plugin tutovideos
2025-12-08 20:22:29,041 [INFO] PluginManage:359 - Loaded plugin tutovideos (category:base,tabindex:-1)
2025-12-08 20:22:29,041 [INFO] PluginManage:310 - Check plugin updater
2025-12-08 20:22:29,060 [INFO] PluginManage:359 - Loaded plugin updater (category:base,tabindex:12)
2025-12-08 20:22:29,061 [INFO] PluginManage:310 - Check plugin userauth
2025-12-08 20:22:29,065 [INFO] UserAuth:118 - Init User Auth plugin
2025-12-08 20:22:29,066 [INFO] PluginManage:359 - Loaded plugin userauth (category:base,tabindex:14)
2025-12-08 20:22:29,067 [INFO] PluginManage:283 - PluginManage : Loaded plugins [18]
2025-12-08 20:22:29,227 [INFO] PinOutPanel:1589 - setPackage(No Configuration,No Configuration)
2025-12-08 20:22:29,289 [INFO] CADModel:165 - CPN selected for project level
2025-12-08 20:22:29,290 [INFO] CADModel:114 - Register for checkConnection events
2025-12-08 20:22:29,299 [INFO] IPUIPlugin:80 - create IPUIPlugin
2025-12-08 20:22:29,299 [INFO] PluginManager:220 - loadIPPluginJar : add dfsdm
2025-12-08 20:22:29,304 [INFO] IPUIPlugin:80 - create IPUIPlugin
2025-12-08 20:22:29,304 [INFO] PluginManager:220 - loadIPPluginJar : add gfxmmu
2025-12-08 20:22:29,306 [INFO] IPUIPlugin:80 - create IPUIPlugin
2025-12-08 20:22:29,306 [INFO] PluginManager:220 - loadIPPluginJar : add i3c
2025-12-08 20:22:29,309 [INFO] IPUIPlugin:80 - create IPUIPlugin
2025-12-08 20:22:29,309 [INFO] PluginManager:220 - loadIPPluginJar : add sai
2025-12-08 20:22:29,314 [INFO] IPUIPlugin:80 - create IPUIPlugin
2025-12-08 20:22:29,315 [INFO] PluginManager:220 - loadIPPluginJar : add dma
2025-12-08 20:22:29,316 [INFO] IPUIPlugin:80 - create IPUIPlugin
2025-12-08 20:22:29,316 [INFO] PluginManager:220 - loadIPPluginJar : add quadspi
2025-12-08 20:22:29,320 [INFO] IPUIPlugin:80 - create IPUIPlugin
2025-12-08 20:22:29,320 [INFO] PluginManager:220 - loadIPPluginJar : add opamp
2025-12-08 20:22:29,321 [INFO] IPUIPlugin:80 - create IPUIPlugin
2025-12-08 20:22:29,321 [INFO] PluginManager:220 - loadIPPluginJar : add comp
2025-12-08 20:22:29,327 [INFO] IPUIPlugin:80 - create IPUIPlugin
2025-12-08 20:22:29,329 [INFO] PluginManager:220 - loadIPPluginJar : add plateformsettings
2025-12-08 20:22:29,330 [INFO] IPUIPlugin:80 - create IPUIPlugin
2025-12-08 20:22:29,330 [INFO] PluginManager:220 - loadIPPluginJar : add ltdc
2025-12-08 20:22:29,333 [INFO] IPUIPlugin:80 - create IPUIPlugin
2025-12-08 20:22:29,333 [INFO] PluginManager:220 - loadIPPluginJar : add nvic
2025-12-08 20:22:29,334 [INFO] IPUIPlugin:80 - create IPUIPlugin
2025-12-08 20:22:29,334 [INFO] PluginManager:220 - loadIPPluginJar : add fatfs
2025-12-08 20:22:29,338 [INFO] IPUIPlugin:80 - create IPUIPlugin
2025-12-08 20:22:29,338 [INFO] PluginManager:220 - loadIPPluginJar : add gpio
2025-12-08 20:22:29,340 [INFO] IPUIPlugin:80 - create IPUIPlugin
2025-12-08 20:22:29,340 [INFO] PluginManager:220 - loadIPPluginJar : add aes
2025-12-08 20:22:29,345 [INFO] IPUIPlugin:80 - create IPUIPlugin
2025-12-08 20:22:29,345 [INFO] PluginManager:220 - loadIPPluginJar : add mdma
2025-12-08 20:22:29,347 [INFO] IPUIPlugin:80 - create IPUIPlugin
2025-12-08 20:22:29,347 [INFO] PluginManager:220 - loadIPPluginJar : add pdm2pcm
2025-12-08 20:22:29,353 [INFO] IPUIPlugin:80 - create IPUIPlugin
2025-12-08 20:22:29,353 [INFO] PluginManager:220 - loadIPPluginJar : add linkedlist
2025-12-08 20:22:29,355 [INFO] IPUIPlugin:80 - create IPUIPlugin
2025-12-08 20:22:29,355 [INFO] PluginManager:220 - loadIPPluginJar : add usart
2025-12-08 20:22:29,357 [INFO] IPUIPlugin:80 - create IPUIPlugin
2025-12-08 20:22:29,357 [INFO] PluginManager:220 - loadIPPluginJar : add i2c
2025-12-08 20:22:29,359 [INFO] IPUIPlugin:80 - create IPUIPlugin
2025-12-08 20:22:29,359 [INFO] PluginManager:220 - loadIPPluginJar : add lorawan
2025-12-08 20:22:29,362 [INFO] IPUIPlugin:80 - create IPUIPlugin
2025-12-08 20:22:29,362 [INFO] PluginManager:220 - loadIPPluginJar : add usbx
2025-12-08 20:22:29,365 [INFO] IPUIPlugin:80 - create IPUIPlugin
2025-12-08 20:22:29,365 [INFO] PluginManager:220 - loadIPPluginJar : add fmc
2025-12-08 20:22:29,367 [INFO] IPUIPlugin:80 - create IPUIPlugin
2025-12-08 20:22:29,367 [INFO] PluginManager:220 - loadIPPluginJar : add extmemmanager
2025-12-08 20:22:29,372 [INFO] IPUIPlugin:80 - create IPUIPlugin
2025-12-08 20:22:29,373 [INFO] PluginManager:220 - loadIPPluginJar : add freertos
2025-12-08 20:22:29,375 [INFO] IPUIPlugin:80 - create IPUIPlugin
2025-12-08 20:22:29,375 [INFO] PluginManager:220 - loadIPPluginJar : add can
2025-12-08 20:22:29,377 [INFO] IPUIPlugin:80 - create IPUIPlugin
2025-12-08 20:22:29,377 [INFO] PluginManager:220 - loadIPPluginJar : add touchsensing
2025-12-08 20:22:29,379 [INFO] IPUIPlugin:80 - create IPUIPlugin
2025-12-08 20:22:29,379 [INFO] PluginManager:220 - loadIPPluginJar : add tracer_emb
2025-12-08 20:22:29,381 [INFO] IPUIPlugin:80 - create IPUIPlugin
2025-12-08 20:22:29,381 [INFO] PluginManager:220 - loadIPPluginJar : add ucpd
2025-12-08 20:22:29,382 [INFO] IPUIPlugin:80 - create IPUIPlugin
2025-12-08 20:22:29,382 [INFO] PluginManager:220 - loadIPPluginJar : add ts
2025-12-08 20:22:29,384 [INFO] IPUIPlugin:80 - create IPUIPlugin
2025-12-08 20:22:29,384 [INFO] PluginManager:220 - loadIPPluginJar : add tsc
2025-12-08 20:22:29,386 [INFO] IPUIPlugin:80 - create IPUIPlugin
2025-12-08 20:22:29,386 [INFO] PluginManager:220 - loadIPPluginJar : add resmgrutility
2025-12-08 20:22:29,388 [INFO] IPUIPlugin:80 - create IPUIPlugin
2025-12-08 20:22:29,388 [INFO] PluginManager:220 - loadIPPluginJar : add cryp
2025-12-08 20:22:29,390 [INFO] IPUIPlugin:80 - create IPUIPlugin
2025-12-08 20:22:29,390 [INFO] PluginManager:220 - loadIPPluginJar : add openamp
2025-12-08 20:22:29,395 [INFO] IPUIPlugin:80 - create IPUIPlugin
2025-12-08 20:22:29,396 [INFO] PluginManager:220 - loadIPPluginJar : add adc
2025-12-08 20:22:29,397 [INFO] IPUIPlugin:80 - create IPUIPlugin
2025-12-08 20:22:29,397 [INFO] PluginManager:220 - loadIPPluginJar : add spi
2025-12-08 20:22:29,400 [INFO] IPUIPlugin:80 - create IPUIPlugin
2025-12-08 20:22:29,400 [INFO] PluginManager:220 - loadIPPluginJar : add ipddr
2025-12-08 20:22:29,404 [INFO] IPUIPlugin:80 - create IPUIPlugin
2025-12-08 20:22:29,405 [INFO] PluginManager:220 - loadIPPluginJar : add stm32_wpan
2025-12-08 20:22:29,409 [INFO] IPUIPlugin:80 - create IPUIPlugin
2025-12-08 20:22:29,409 [INFO] PluginManager:220 - loadIPPluginJar : add gic
2025-12-08 20:22:29,411 [INFO] IPUIPlugin:80 - create IPUIPlugin
2025-12-08 20:22:29,411 [INFO] PluginManager:220 - loadIPPluginJar : add ddr_ctrl_phy
2025-12-08 20:22:29,412 [INFO] IPUIPlugin:80 - create IPUIPlugin
2025-12-08 20:22:29,412 [INFO] PluginManager:220 - loadIPPluginJar : add genericplugin
2025-12-08 20:22:29,413 [INFO] IPUIPlugin:80 - create IPUIPlugin
2025-12-08 20:22:29,414 [INFO] PluginManager:220 - loadIPPluginJar : add hash
2025-12-08 20:22:29,415 [INFO] IPUIPlugin:80 - create IPUIPlugin
2025-12-08 20:22:29,415 [INFO] PluginManager:220 - loadIPPluginJar : add tim
2025-12-08 20:22:29,416 [INFO] IPUIPlugin:80 - create IPUIPlugin
2025-12-08 20:22:29,416 [INFO] PluginManager:220 - loadIPPluginJar : add radio
2025-12-08 20:22:29,418 [INFO] IPUIPlugin:80 - create IPUIPlugin
2025-12-08 20:22:29,418 [INFO] PluginManager:220 - loadIPPluginJar : add gtzc
2025-12-08 20:22:29,419 [INFO] IPUIPlugin:80 - create IPUIPlugin
2025-12-08 20:22:29,419 [INFO] PluginManager:220 - loadIPPluginJar : add i2s
2025-12-08 20:22:29,421 [INFO] IPUIPlugin:80 - create IPUIPlugin
2025-12-08 20:22:29,421 [INFO] PluginManager:220 - loadIPPluginJar : add dma3
2025-12-08 20:22:29,516 [FATAL] Updater:351 - Updater called before beeing initialized
2025-12-08 20:22:29,539 [INFO] RulesReader:64 - Compatibility file has been processed (317 Rules)
2025-12-08 20:22:29,548 [INFO] RulesReader:64 - Compatibility file has been processed (317 Rules)
2025-12-08 20:22:29,554 [INFO] CADModel:165 - CPN selected for project level
2025-12-08 20:22:29,554 [INFO] CADModel:114 - Register for checkConnection events
2025-12-08 20:22:29,554 [FATAL] Updater:351 - Updater called before beeing initialized
2025-12-08 20:22:29,554 [ERROR] CADModel:125 - Updater not yet initialized, retry later 
2025-12-08 20:22:29,668 [FATAL] Updater:351 - Updater called before beeing initialized
2025-12-08 20:22:29,670 [INFO] CADModel:165 - CPN selected for project level
2025-12-08 20:22:29,670 [INFO] CADModel:114 - Register for checkConnection events
2025-12-08 20:22:29,670 [FATAL] Updater:351 - Updater called before beeing initialized
2025-12-08 20:22:29,670 [ERROR] CADModel:125 - Updater not yet initialized, retry later 
2025-12-08 20:22:29,673 [FATAL] Updater:351 - Updater called before beeing initialized
2025-12-08 20:22:29,736 [FATAL] Updater:351 - Updater called before beeing initialized
2025-12-08 20:22:29,739 [INFO] DbMcusAds:53 - JSON generation date=Tue Nov 25 19:38:32 IST 2025 (1764079712835)
2025-12-08 20:22:29,739 [FATAL] Updater:351 - Updater called before beeing initialized
2025-12-08 20:22:29,769 [WARN] DetailPanel:346 - Failed to get advertising image, set to default
2025-12-08 20:22:29,822 [FATAL] Updater:351 - Updater called before beeing initialized
2025-12-08 20:22:29,824 [FATAL] Updater:351 - Updater called before beeing initialized
2025-12-08 20:22:29,824 [FATAL] Updater:351 - Updater called before beeing initialized
2025-12-08 20:22:29,824 [WARN] DetailPanel:346 - Failed to get advertising image, set to default
2025-12-08 20:22:29,825 [FATAL] Updater:351 - Updater called before beeing initialized
2025-12-08 20:22:29,851 [ERROR] Updater:1198 - MainUpdater not yet initialized. External WinMGr cannot be set.
2025-12-08 20:22:29,853 [INFO] Updater:1134 - Updater Version found : 6.15.0
2025-12-08 20:22:29,867 [INFO] ApplicationProperties:184 - Using Application install path: /opt/st/stm32cubeide_1.19.0/plugins/com.st.stm32cube.common.mx_6.15.0.202507011659
2025-12-08 20:22:30,412 [INFO] MainUpdater:2872 - connection check result : 10
2025-12-08 20:22:30,413 [INFO] MainUpdater:289 - Updater Check For Update Now.
2025-12-08 20:22:30,413 [INFO] MicroXplorer:498 - Change Database Version : DB.6.0.150
2025-12-08 20:22:30,423 [INFO] McuFinderGlobals:63 - Set McuFinder mode to 2 (CubeIDE integrated)
2025-12-08 20:22:30,423 [INFO] UserAuth:171 - activating auth plugin
2025-12-08 20:22:30,426 [INFO] UserAuth:487 - Internet connection configuration mode: 1
2025-12-08 20:22:30,446 [INFO] JxBrowserEngine:152 - Initiate JxBrowser Engine with user profile folder
2025-12-08 20:22:30,586 [INFO] CheckServerUpdateThread:120 - End of CheckServer Thread
2025-12-08 20:22:31,202 [INFO] WebApp:169 - Instantiating new browser for Auth
2025-12-08 20:22:31,776 [INFO] WebApp:463 - Apply proxy settings
2025-12-08 20:22:31,776 [INFO] WebApp:548 - Chromium requires no authentication
2025-12-08 20:22:31,783 [INFO] WebApp:491 - Direct internet connection detected
2025-12-08 20:22:31,799 [INFO] WebApp:900 - Register for checkConnection events
2025-12-08 20:22:31,799 [INFO] WebApp:463 - Apply proxy settings
2025-12-08 20:22:31,799 [INFO] WebApp:548 - Chromium requires no authentication
2025-12-08 20:22:31,799 [INFO] WebApp:491 - Direct internet connection detected
2025-12-08 20:22:31,913 [INFO] WebApp:225 - Starting web application
2025-12-08 20:22:31,913 [INFO] WebApp:593 - Web application path used /opt/st/stm32cubeide_1.19.0/plugins/com.st.stm32cube.common.mx_6.15.0.202507011659/db/plugins/mcufinder/reactClient1/index.html
2025-12-08 20:22:32,016 [WARN] PackLoader:240 - Cannot read IP mode file for STMicroelectronics.FP-SNS-MOTENVWB1.1.4.0
2025-12-08 20:22:32,024 [WARN] PackLoader:240 - Cannot read IP mode file for STMicroelectronics.FP-ATR-ASTRA1.2.0.2
2025-12-08 20:22:32,033 [WARN] PackLoader:240 - Cannot read IP mode file for STMicroelectronics.X-CUBE-SMBUS.2.1.0
2025-12-08 20:22:32,040 [WARN] PackLoader:240 - Cannot read IP mode file for STMicroelectronics.X-CUBE-ST60.1.0.0
2025-12-08 20:22:32,072 [WARN] PackLoader:240 - Cannot read IP mode file for STMicroelectronics.X-CUBE-AZRTOS-F7.1.1.0
2025-12-08 20:22:32,082 [WARN] PackLoader:240 - Cannot read IP mode file for STMicroelectronics.FP-SNS-MOTENV1.5.1.0
2025-12-08 20:22:32,111 [WARN] PackLoader:240 - Cannot read IP mode file for Infineon.AIROC-Wi-Fi-Bluetooth-STM32.1.7.1
2025-12-08 20:22:32,139 [WARN] PackLoader:240 - Cannot read IP mode file for STMicroelectronics.X-CUBE-AZRTOS-H7.3.4.0
2025-12-08 20:22:32,150 [WARN] PackLoader:240 - Cannot read IP mode file for STMicroelectronics.X-CUBE-DISPLAY.3.0.0
2025-12-08 20:22:32,176 [WARN] PackLoader:240 - Cannot read IP mode file for STMicroelectronics.X-CUBE-NFC10.1.0.0
2025-12-08 20:22:32,191 [WARN] PackLoader:240 - Cannot read IP mode file for STMicroelectronics.X-CUBE-BLEMGR.4.0.0
2025-12-08 20:22:32,198 [WARN] PackLoader:240 - Cannot read IP mode file for STMicroelectronics.X-CUBE-ST60.1.1.0
2025-12-08 20:22:32,204 [WARN] PackLoader:240 - Cannot read IP mode file for emotas.I-CUBE-CANOPEN.1.3.0
2025-12-08 20:22:32,209 [WARN] PackLoader:240 - Cannot read IP mode file for STMicroelectronics.X-CUBE-GNSS1.7.1.0
2025-12-08 20:22:32,215 [WARN] ConditionMgr:438 - getConditionDescription Invalid condition id : Cortex-A Device cause : null
2025-12-08 20:22:32,228 [WARN] ConditionMgr:1044 - genDependencies : Invalid condition id : Cortex-A Device cause : null
2025-12-08 20:22:32,229 [WARN] ConditionMgr:1044 - genDependencies : Invalid condition id : Cortex-A Device cause : null
2025-12-08 20:22:32,229 [WARN] ConditionMgr:1044 - genDependencies : Invalid condition id : Cortex-A Device cause : null
2025-12-08 20:22:32,236 [WARN] PackLoader:240 - Cannot read IP mode file for STMicroelectronics.FP-SNS-STBOX1.2.1.0
2025-12-08 20:22:32,242 [WARN] PackLoader:240 - Cannot read IP mode file for STMicroelectronics.FP-SNS-SMARTAG2.1.2.0
2025-12-08 20:22:32,247 [WARN] PackLoader:240 - Cannot read IP mode file for STMicroelectronics.FP-SNS-FLIGHT1.5.1.0
2025-12-08 20:22:32,269 [INFO] LogOutputStream:77 - [STDOUT_REDIRECT] 1 : Invalid condition id : UX_CORESTACK_Condition cause : null
2025-12-08 20:22:32,270 [INFO] LogOutputStream:77 - [STDOUT_REDIRECT] 1 : Invalid condition id : UX_CORESTACK_Condition cause : null
2025-12-08 20:22:32,270 [INFO] LogOutputStream:77 - [STDOUT_REDIRECT] 1 : Invalid condition id : UX_CORESTACK_Condition cause : null
2025-12-08 20:22:32,271 [INFO] LogOutputStream:77 - [STDOUT_REDIRECT] 1 : Invalid condition id : UX_CORESTACK_Condition cause : null
2025-12-08 20:22:32,271 [INFO] LogOutputStream:77 - [STDOUT_REDIRECT] 1 : Invalid condition id : UX_CORESTACK_Condition cause : null
2025-12-08 20:22:32,275 [WARN] PackLoader:240 - Cannot read IP mode file for STMicroelectronics.X-CUBE-AZRTOS-WL.2.0.0
2025-12-08 20:22:32,282 [WARN] PackLoader:240 - Cannot read IP mode file for STMicroelectronics.FP-SNS-MOTENV1.5.0.0
2025-12-08 20:22:32,307 [WARN] PackLoader:240 - Cannot read IP mode file for STMicroelectronics.X-CUBE-AZRTOS-H7RS.1.2.0
2025-12-08 20:22:32,316 [WARN] PackLoader:240 - Cannot read IP mode file for WES.I-CUBE-Cesium.1.3.0
2025-12-08 20:22:32,321 [WARN] PackLoader:240 - Cannot read IP mode file for STMicroelectronics.X-CUBE-BLE2.3.3.0
2025-12-08 20:22:32,336 [WARN] PackLoader:240 - Cannot read IP mode file for STMicroelectronics.X-CUBE-NFC9.1.0.0
2025-12-08 20:22:32,341 [WARN] PackLoader:240 - Cannot read IP mode file for wolfSSL.I-CUBE-wolfSSL.5.8.0
2025-12-08 20:22:32,345 [WARN] PackLoader:240 - Cannot read IP mode file for STMicroelectronics.X-CUBE-BLE1.7.1.0
2025-12-08 20:22:32,348 [WARN] PackLoader:240 - Cannot read IP mode file for wolfSSL.I-CUBE-wolfMQTT.1.19.2
2025-12-08 20:22:32,353 [WARN] PackLoader:240 - Cannot read IP mode file for STMicroelectronics.X-CUBE-FREERTOS.1.4.0
2025-12-08 20:22:32,357 [WARN] PackLoader:240 - Cannot read IP mode file for STMicroelectronics.X-CUBE-EEPRMA1.5.2.0
2025-12-08 20:22:32,364 [WARN] PackLoader:240 - Cannot read IP mode file for STMicroelectronics.X-CUBE-ST67W61.1.1.0
2025-12-08 20:22:32,368 [WARN] PackLoader:240 - Cannot read IP mode file for STMicroelectronics.X-CUBE-AI.10.1.0
2025-12-08 20:22:32,407 [WARN] PackLoader:240 - Cannot read IP mode file for STMicroelectronics.X-CUBE-MEMS1.12.0.0
2025-12-08 20:22:32,483 [WARN] PackLoader:240 - Cannot read IP mode file for STMicroelectronics.X-CUBE-AZRTOS-G0.1.1.0
2025-12-08 20:22:32,487 [WARN] PackLoader:240 - Cannot read IP mode file for STMicroelectronics.X-CUBE-SAFEA1.1.2.2
2025-12-08 20:22:32,491 [WARN] PackLoader:240 - Cannot read IP mode file for STMicroelectronics.X-CUBE-NFC4.3.0.0
2025-12-08 20:22:32,496 [WARN] PackLoader:240 - Cannot read IP mode file for EmbeddedOffice.I-CUBE-FS-RTOS.1.0.1
2025-12-08 20:22:32,500 [WARN] PackLoader:240 - Cannot read IP mode file for STMicroelectronics.X-CUBE-WB05N.2.0.0
2025-12-08 20:22:32,502 [WARN] PackLoader:240 - Cannot read IP mode file for wolfSSL.I-CUBE-wolfTPM.3.8.0
2025-12-08 20:22:32,507 [WARN] PackLoader:240 - Cannot read IP mode file for STMicroelectronics.X-CUBE-TCPP.4.2.0
2025-12-08 20:22:32,511 [WARN] PackLoader:240 - Cannot read IP mode file for RealThread.X-CUBE-RT-Thread_Nano.4.1.1
2025-12-08 20:22:32,513 [WARN] PackLoader:240 - Cannot read IP mode file for STMicroelectronics.FP-ATR-SIGFOX1.3.2.0
2025-12-08 20:22:32,516 [WARN] PackLoader:240 - Cannot read IP mode file for STMicroelectronics.X-CUBE-EEPRMA1.5.1.0
2025-12-08 20:22:32,520 [WARN] PackLoader:240 - Cannot read IP mode file for ITTIA_DB.I-CUBE-ITTIADB.8.9.0
2025-12-08 20:22:32,524 [WARN] PackLoader:240 - Cannot read IP mode file for STMicroelectronics.X-CUBE-ST67W61.1.0.0
2025-12-08 20:22:32,527 [WARN] PackLoader:240 - Cannot read IP mode file for STMicroelectronics.X-CUBE-AI.10.2.0
2025-12-08 20:22:32,542 [WARN] PackLoader:240 - Cannot read IP mode file for SEGGER.I-CUBE-embOS.1.3.1
2025-12-08 20:22:32,580 [WARN] PackLoader:240 - Cannot read IP mode file for STMicroelectronics.X-CUBE-ALGOBUILD.1.4.0
2025-12-08 20:22:32,606 [WARN] PackLoader:240 - Cannot read IP mode file for STMicroelectronics.X-CUBE-MEMS1.11.3.0
2025-12-08 20:22:32,722 [WARN] PackLoader:240 - Cannot read IP mode file for STMicroelectronics.X-CUBE-PM33A1.1.0.0
2025-12-08 20:22:32,741 [WARN] PackLoader:240 - Cannot read IP mode file for STMicroelectronics.X-CUBE-AZRTOS-F4.1.1.0
2025-12-08 20:22:32,747 [WARN] PackLoader:240 - Cannot read IP mode file for Avnet-IotConnect.X-CUBE-IoTC-DA16k-PMOD.1.0.0
2025-12-08 20:22:32,751 [WARN] PackLoader:240 - Cannot read IP mode file for STMicroelectronics.X-CUBE-ISPU.2.1.0
2025-12-08 20:22:32,761 [INFO] WebApp:191 - Connection restablished
2025-12-08 20:22:32,766 [WARN] PackLoader:240 - Cannot read IP mode file for STMicroelectronics.X-CUBE-IPS.3.2.0
2025-12-08 20:22:32,779 [WARN] PackLoader:240 - Cannot read IP mode file for STMicroelectronics.X-CUBE-NFC12.1.0.0
2025-12-08 20:22:32,796 [WARN] PackLoader:240 - Cannot read IP mode file for STMicroelectronics.X-CUBE-AZRTOS-L5.2.0.0
2025-12-08 20:22:32,821 [WARN] PackLoader:240 - Cannot read IP mode file for STMicroelectronics.X-CUBE-NFC6.3.1.0
2025-12-08 20:22:32,831 [WARN] PackLoader:240 - Cannot read IP mode file for STMicroelectronics.X-CUBE-FREERTOS.1.3.1
2025-12-08 20:22:32,836 [WARN] PackLoader:240 - Cannot read IP mode file for STMicroelectronics.X-CUBE-TOUCHGFX.4.26.0
2025-12-08 20:22:32,840 [WARN] PackLoader:240 - Cannot read IP mode file for STMicroelectronics.FP-SNS-STAIOTCFT.1.0.0
2025-12-08 20:22:32,845 [WARN] PackLoader:240 - Cannot read IP mode file for STMicroelectronics.X-CUBE-DPower.1.3.0
2025-12-08 20:22:32,866 [WARN] ConditionMgr:438 - getConditionDescription Invalid condition id : LAN8742 Phy interface Condition cause : null
2025-12-08 20:22:32,867 [WARN] PackLoader:240 - Cannot read IP mode file for STMicroelectronics.X-CUBE-AZRTOS-L4.2.0.0
2025-12-08 20:22:32,869 [WARN] ConditionMgr:1044 - genDependencies : Invalid condition id : LAN8742 Phy interface Condition cause : null
2025-12-08 20:22:32,870 [WARN] ConditionMgr:1044 - genDependencies : Invalid condition id : LAN8742 Phy interface Condition cause : null
2025-12-08 20:22:32,870 [WARN] ConditionMgr:1044 - genDependencies : Invalid condition id : LAN8742 Phy interface Condition cause : null
2025-12-08 20:22:32,878 [WARN] PackLoader:240 - Cannot read IP mode file for STMicroelectronics.X-CUBE-SFXS2LP1.4.0.0
2025-12-08 20:22:32,891 [WARN] PackLoader:240 - Cannot read IP mode file for STMicroelectronics.X-CUBE-BLEMGR.4.1.0
2025-12-08 20:22:32,906 [WARN] ConditionMgr:438 - getConditionDescription Invalid condition id : UX DEVICE CLASS RTOS Condition cause : null
2025-12-08 20:22:32,907 [WARN] ConditionMgr:438 - getConditionDescription Invalid condition id : UX DEVICE CLASS RTOS Condition cause : null
2025-12-08 20:22:32,908 [WARN] PackLoader:240 - Cannot read IP mode file for STMicroelectronics.X-CUBE-AZRTOS-WB.2.0.0
2025-12-08 20:22:32,909 [WARN] ConditionMgr:1044 - genDependencies : Invalid condition id : UX DEVICE CLASS RTOS Condition cause : null
2025-12-08 20:22:32,909 [WARN] ConditionMgr:1044 - genDependencies : Invalid condition id : UX DEVICE CLASS RTOS Condition cause : null
2025-12-08 20:22:32,909 [WARN] ConditionMgr:1044 - genDependencies : Invalid condition id : UX DEVICE CLASS RTOS Condition cause : null
2025-12-08 20:22:32,910 [WARN] ConditionMgr:1044 - genDependencies : Invalid condition id : UX DEVICE CLASS RTOS Condition cause : null
2025-12-08 20:22:32,910 [WARN] ConditionMgr:1044 - genDependencies : Invalid condition id : UX DEVICE CLASS RTOS Condition cause : null
2025-12-08 20:22:32,919 [WARN] PackLoader:240 - Cannot read IP mode file for STMicroelectronics.X-CUBE-GNSS1.7.0.1
2025-12-08 20:22:32,923 [WARN] PackLoader:240 - Cannot read IP mode file for STMicroelectronics.X-CUBE-TOUCHGFX.4.25.0
2025-12-08 20:22:32,927 [WARN] PackLoader:240 - Cannot read IP mode file for STMicroelectronics.FP-SNS-STBOX1.2.0.0
2025-12-08 20:22:32,934 [WARN] PackLoader:240 - Cannot read IP mode file for STMicroelectronics.X-CUBE-SUBG2.5.0.0
2025-12-08 20:22:32,946 [WARN] PackLoader:240 - Cannot read IP mode file for STMicroelectronics.X-CUBE-AZRTOS-H7RS.1.1.0
2025-12-08 20:22:32,950 [WARN] PackLoader:240 - Cannot read IP mode file for Cesanta.I-CUBE-Mongoose.7.13.0
2025-12-08 20:22:32,957 [WARN] PackLoader:240 - Cannot read IP mode file for STMicroelectronics.X-CUBE-AZRTOS-G4.2.0.0
2025-12-08 20:22:32,960 [WARN] PackLoader:240 - Cannot read IP mode file for wolfSSL.I-CUBE-wolfSSH.1.4.20
2025-12-08 20:22:32,963 [WARN] PackLoader:240 - Cannot read IP mode file for STMicroelectronics.X-CUBE-NFC7.2.0.0
2025-12-08 20:22:32,970 [WARN] PackLoader:240 - Cannot read IP mode file for STMicroelectronics.X-CUBE-IPS.3.1.0
2025-12-08 20:22:32,977 [WARN] PackLoader:240 - Cannot read IP mode file for STMicroelectronics.X-CUBE-ALS.1.0.2
2025-12-08 20:22:32,981 [WARN] PackLoader:240 - Cannot read IP mode file for STMicroelectronics.X-CUBE-STSE01.1.0.0
2025-12-08 20:22:32,985 [WARN] PackLoader:240 - Cannot read IP mode file for portGmbH.I-Cube-SoM-uGOAL.1.1.0
2025-12-08 20:22:32,992 [WARN] PackLoader:240 - Cannot read IP mode file for STMicroelectronics.X-CUBE-TOF1.3.4.3
2025-12-08 20:22:33,000 [INFO] ThirdParty:978 - Integrity check success = true
2025-12-08 20:22:33,000 [INFO] IntegrityCheckThread:100 - exiting critical section [integrity check]
2025-12-08 20:22:33,000 [INFO] IntegrityCheckThread:103 - End integrity checks thread
