2025-12-28 14:44:15,435 [INFO] Activator:176 - 


2025-12-28 14:44:15,438 [INFO] Activator:177 - !SESSION log4j initialized
2025-12-28 14:44:17,898 [INFO] LogOutputStream:77 - [STDOUT_REDIRECT] 
2025-12-28 14:44:20,163 [INFO] ApplicationProperties:184 - Using Application install path: /opt/st/stm32cubeide_1.19.0/plugins/com.st.stm32cube.common.mx_6.15.0.202507011659
2025-12-28 14:44:20,179 [INFO] DbMcusXml:78 - Set database path to: /opt/st/stm32cubeide_1.19.0/plugins/com.st.stm32cube.common.mx_6.15.0.202507011659//db//mcu/
2025-12-28 14:44:20,180 [INFO] ApiDb:274 - Set plugin database path to: /opt/st/stm32cubeide_1.19.0/plugins/com.st.stm32cube.common.mx_6.15.0.202507011659//db//plugins/boardmanager/
2025-12-28 14:44:20,180 [WARN] ApiDb:259 - Overriding images path with different value:  => /opt/st/stm32cubeide_1.19.0/plugins/com.st.stm32cube.common.mx_6.15.0.202507011659//db//plugins/mcufinder/images/
2025-12-28 14:44:20,186 [INFO] ApiDb:250 - Set database path to: /home/sunbeam/.stmcufinder/plugins/mcufinder//mcu/
2025-12-28 14:44:20,188 [INFO] DbMcusAds:125 - Set database path to: /home/sunbeam/.stmcufinder/plugins/mcufinder//mcu/
2025-12-28 14:44:20,190 [INFO] CrossReferenceDbSqlite:203 - Set database path to: /home/sunbeam/.stmcufinder/plugins/mcufinder//mcu/cs/
2025-12-28 14:44:20,290 [INFO] RulesReader:64 - Compatibility file has been processed (317 Rules)
2025-12-28 14:44:20,349 [INFO] DbMcusXml:78 - Set database path to: /opt/st/stm32cubeide_1.19.0/plugins/com.st.stm32cube.common.mx_6.15.0.202507011659//db//mcu/
2025-12-28 14:44:20,349 [INFO] ApiDb:274 - Set plugin database path to: /opt/st/stm32cubeide_1.19.0/plugins/com.st.stm32cube.common.mx_6.15.0.202507011659//db//plugins/boardmanager/
2025-12-28 14:44:20,349 [INFO] ApiDb:261 - Set plugin images path to: /opt/st/stm32cubeide_1.19.0/plugins/com.st.stm32cube.common.mx_6.15.0.202507011659//db//plugins/mcufinder/images/
2025-12-28 14:44:20,350 [WARN] DbFile:41 - Overriding database path with different value: /home/sunbeam/.stmcufinder/plugins/mcufinder/ => /home/sunbeam/.stmcufinder/plugins/mcufinder
2025-12-28 14:44:20,350 [INFO] ApiDb:250 - Set database path to: /home/sunbeam/.stmcufinder/plugins/mcufinder//mcu/
2025-12-28 14:44:20,350 [WARN] DbFile:41 - Overriding database path with different value: /home/sunbeam/.stmcufinder/plugins/mcufinder/ => /home/sunbeam/.stmcufinder/plugins/mcufinder
2025-12-28 14:44:20,350 [INFO] DbMcusAds:125 - Set database path to: /home/sunbeam/.stmcufinder/plugins/mcufinder//mcu/
2025-12-28 14:44:20,350 [WARN] DbFile:41 - Overriding database path with different value: /home/sunbeam/.stmcufinder/plugins/mcufinder/ => /home/sunbeam/.stmcufinder/plugins/mcufinder
2025-12-28 14:44:20,350 [WARN] DbFile:41 - Overriding database path with different value: /home/sunbeam/.stmcufinder/plugins/mcufinder/ => /home/sunbeam/.stmcufinder/plugins/mcufinder
2025-12-28 14:44:20,350 [INFO] CrossReferenceDbSqlite:203 - Set database path to: /home/sunbeam/.stmcufinder/plugins/mcufinder//mcu/cs/
2025-12-28 14:44:20,402 [INFO] MainPanel:274 - HeapMemory: 268435456
2025-12-28 14:44:20,502 [INFO] DbMcusXml:78 - Set database path to: /opt/st/stm32cubeide_1.19.0/plugins/com.st.stm32cube.common.mx_6.15.0.202507011659//db//mcu/
2025-12-28 14:44:20,502 [INFO] ApiDb:274 - Set plugin database path to: /opt/st/stm32cubeide_1.19.0/plugins/com.st.stm32cube.common.mx_6.15.0.202507011659//db//plugins/boardmanager/
2025-12-28 14:44:20,502 [INFO] ApiDb:261 - Set plugin images path to: /opt/st/stm32cubeide_1.19.0/plugins/com.st.stm32cube.common.mx_6.15.0.202507011659//db//plugins/mcufinder/images/
2025-12-28 14:44:20,503 [WARN] DbFile:41 - Overriding database path with different value: /home/sunbeam/.stmcufinder/plugins/mcufinder/ => /home/sunbeam/.stmcufinder/plugins/mcufinder
2025-12-28 14:44:20,503 [INFO] ApiDb:250 - Set database path to: /home/sunbeam/.stmcufinder/plugins/mcufinder//mcu/
2025-12-28 14:44:20,503 [WARN] DbFile:41 - Overriding database path with different value: /home/sunbeam/.stmcufinder/plugins/mcufinder/ => /home/sunbeam/.stmcufinder/plugins/mcufinder
2025-12-28 14:44:20,503 [INFO] DbMcusAds:125 - Set database path to: /home/sunbeam/.stmcufinder/plugins/mcufinder//mcu/
2025-12-28 14:44:20,503 [WARN] DbFile:41 - Overriding database path with different value: /home/sunbeam/.stmcufinder/plugins/mcufinder/ => /home/sunbeam/.stmcufinder/plugins/mcufinder
2025-12-28 14:44:20,503 [WARN] DbFile:41 - Overriding database path with different value: /home/sunbeam/.stmcufinder/plugins/mcufinder/ => /home/sunbeam/.stmcufinder/plugins/mcufinder
2025-12-28 14:44:20,503 [INFO] CrossReferenceDbSqlite:203 - Set database path to: /home/sunbeam/.stmcufinder/plugins/mcufinder//mcu/cs/
2025-12-28 14:44:20,515 [INFO] ApplicationProperties:184 - Using Application install path: /opt/st/stm32cubeide_1.19.0/plugins/com.st.stm32cube.common.mx_6.15.0.202507011659
2025-12-28 14:44:20,517 [INFO] PluginManage:196 - Search for loadable plugins [exclusion list=, ]
2025-12-28 14:44:20,518 [INFO] PluginManage:310 - Check plugin analytics
2025-12-28 14:44:20,645 [INFO] AnalyticsPlugin:253 - Accepted Software Licenses: 
2025-12-28 14:44:20,645 [INFO] AnalyticsPlugin:255 - Accepted CMSIS Pack Licenses: 
2025-12-28 14:44:20,645 [INFO] AnalyticsPlugin:257 - Accepted Firmware Licenses: FW.F4.1.28.0
2025-12-28 14:44:20,647 [INFO] PluginManage:359 - Loaded plugin analytics (category:tool,tabindex:-1)
2025-12-28 14:44:20,647 [INFO] PluginManage:310 - Check plugin cadmodel
2025-12-28 14:44:20,651 [INFO] CADModel:105 - Init CAD model plugin
2025-12-28 14:44:20,651 [INFO] PluginManage:359 - Loaded plugin cadmodel (category:power,tabindex:5)
2025-12-28 14:44:20,651 [INFO] PluginManage:310 - Check plugin clock
2025-12-28 14:44:20,659 [INFO] PluginManage:359 - Loaded plugin clock (category:base,tabindex:2)
2025-12-28 14:44:20,659 [INFO] PluginManage:310 - Check plugin ddr
2025-12-28 14:44:20,661 [INFO] PluginManage:359 - Loaded plugin ddr (category:tool,tabindex:6)
2025-12-28 14:44:20,661 [INFO] PluginManage:310 - Check plugin filemanager
2025-12-28 14:44:20,789 [INFO] PluginManage:359 - Loaded plugin filemanager (category:base,tabindex:10)
2025-12-28 14:44:20,789 [INFO] PluginManage:310 - Check plugin ipmanager
2025-12-28 14:44:20,793 [INFO] PluginManage:359 - Loaded plugin ipmanager (category:base,tabindex:5)
2025-12-28 14:44:20,794 [INFO] PluginManage:310 - Check plugin lpbam
2025-12-28 14:44:20,802 [INFO] PluginManage:359 - Loaded plugin lpbam (category:base,tabindex:0)
2025-12-28 14:44:20,803 [INFO] PluginManage:310 - Check plugin memorymap
2025-12-28 14:44:20,811 [INFO] PluginManage:359 - Loaded plugin memorymap (category:base,tabindex:4)
2025-12-28 14:44:20,812 [INFO] PluginManage:310 - Check plugin pinoutandconfiguration
2025-12-28 14:44:20,818 [INFO] PluginManage:359 - Loaded plugin pinoutandconfiguration (category:base,tabindex:1)
2025-12-28 14:44:20,818 [INFO] PluginManage:310 - Check plugin pinoutconfig
2025-12-28 14:44:20,895 [WARN] SupportedApi:132 - Cannot load RTOS API schema: s4s-elt-must-match.1: The content of 'definitions' must match (annotation?, (simpleType | complexType)?, (unique | key | keyref)*)). A problem was found starting at: attribute.
2025-12-28 14:44:21,033 [INFO] PluginManage:359 - Loaded plugin pinoutconfig (category:base,tabindex:0)
2025-12-28 14:44:21,034 [INFO] PluginManage:310 - Check plugin power
2025-12-28 14:44:21,042 [INFO] PluginManage:359 - Loaded plugin power (category:power,tabindex:4)
2025-12-28 14:44:21,042 [INFO] PluginManage:310 - Check plugin projectmanager
2025-12-28 14:44:21,056 [INFO] PluginManage:359 - Loaded plugin projectmanager (category:projectmanager,tabindex:4)
2025-12-28 14:44:21,056 [INFO] PluginManage:310 - Check plugin rif
2025-12-28 14:44:21,068 [INFO] PluginManage:359 - Loaded plugin rif (category:base,tabindex:3)
2025-12-28 14:44:21,068 [INFO] PluginManage:310 - Check plugin thirdparty
2025-12-28 14:44:21,192 [INFO] PluginManage:359 - Loaded plugin thirdparty (category:base,tabindex:-1)
2025-12-28 14:44:21,192 [WARN] IntegrityCheckThread:84 - waiting for thirdparty lock release [integrity check]
2025-12-28 14:44:21,192 [INFO] IntegrityCheckThread:86 - entering critical section [integrity check]
2025-12-28 14:44:21,193 [INFO] PluginManage:310 - Check plugin tools
2025-12-28 14:44:21,193 [INFO] ThirdPartyUpdaterWithRetryManager:70 - Updater plugin not ready yet. [1/15]
2025-12-28 14:44:21,195 [INFO] PluginManage:359 - Loaded plugin tools (category:base,tabindex:7)
2025-12-28 14:44:21,195 [INFO] PluginManage:310 - Check plugin tutovideos
2025-12-28 14:44:21,380 [INFO] PluginManage:359 - Loaded plugin tutovideos (category:base,tabindex:-1)
2025-12-28 14:44:21,380 [INFO] PluginManage:310 - Check plugin updater
2025-12-28 14:44:21,399 [INFO] PluginManage:359 - Loaded plugin updater (category:base,tabindex:12)
2025-12-28 14:44:21,400 [INFO] PluginManage:310 - Check plugin userauth
2025-12-28 14:44:21,403 [INFO] UserAuth:118 - Init User Auth plugin
2025-12-28 14:44:21,404 [INFO] PluginManage:359 - Loaded plugin userauth (category:base,tabindex:14)
2025-12-28 14:44:21,404 [INFO] PluginManage:283 - PluginManage : Loaded plugins [18]
2025-12-28 14:44:21,577 [INFO] PinOutPanel:1589 - setPackage(No Configuration,No Configuration)
2025-12-28 14:44:21,636 [INFO] CADModel:165 - CPN selected for project level
2025-12-28 14:44:21,637 [INFO] CADModel:114 - Register for checkConnection events
2025-12-28 14:44:21,646 [INFO] IPUIPlugin:80 - create IPUIPlugin
2025-12-28 14:44:21,647 [INFO] PluginManager:220 - loadIPPluginJar : add dfsdm
2025-12-28 14:44:21,651 [INFO] IPUIPlugin:80 - create IPUIPlugin
2025-12-28 14:44:21,651 [INFO] PluginManager:220 - loadIPPluginJar : add gfxmmu
2025-12-28 14:44:21,653 [INFO] IPUIPlugin:80 - create IPUIPlugin
2025-12-28 14:44:21,653 [INFO] PluginManager:220 - loadIPPluginJar : add i3c
2025-12-28 14:44:21,656 [INFO] IPUIPlugin:80 - create IPUIPlugin
2025-12-28 14:44:21,656 [INFO] PluginManager:220 - loadIPPluginJar : add sai
2025-12-28 14:44:21,661 [INFO] IPUIPlugin:80 - create IPUIPlugin
2025-12-28 14:44:21,662 [INFO] PluginManager:220 - loadIPPluginJar : add dma
2025-12-28 14:44:21,663 [INFO] IPUIPlugin:80 - create IPUIPlugin
2025-12-28 14:44:21,663 [INFO] PluginManager:220 - loadIPPluginJar : add quadspi
2025-12-28 14:44:21,667 [INFO] IPUIPlugin:80 - create IPUIPlugin
2025-12-28 14:44:21,667 [INFO] PluginManager:220 - loadIPPluginJar : add opamp
2025-12-28 14:44:21,668 [INFO] IPUIPlugin:80 - create IPUIPlugin
2025-12-28 14:44:21,668 [INFO] PluginManager:220 - loadIPPluginJar : add comp
2025-12-28 14:44:21,674 [INFO] IPUIPlugin:80 - create IPUIPlugin
2025-12-28 14:44:21,676 [INFO] PluginManager:220 - loadIPPluginJar : add plateformsettings
2025-12-28 14:44:21,678 [INFO] IPUIPlugin:80 - create IPUIPlugin
2025-12-28 14:44:21,678 [INFO] PluginManager:220 - loadIPPluginJar : add ltdc
2025-12-28 14:44:21,681 [INFO] IPUIPlugin:80 - create IPUIPlugin
2025-12-28 14:44:21,681 [INFO] PluginManager:220 - loadIPPluginJar : add nvic
2025-12-28 14:44:21,682 [INFO] IPUIPlugin:80 - create IPUIPlugin
2025-12-28 14:44:21,682 [INFO] PluginManager:220 - loadIPPluginJar : add fatfs
2025-12-28 14:44:21,686 [INFO] IPUIPlugin:80 - create IPUIPlugin
2025-12-28 14:44:21,686 [INFO] PluginManager:220 - loadIPPluginJar : add gpio
2025-12-28 14:44:21,688 [INFO] IPUIPlugin:80 - create IPUIPlugin
2025-12-28 14:44:21,688 [INFO] PluginManager:220 - loadIPPluginJar : add aes
2025-12-28 14:44:21,693 [INFO] IPUIPlugin:80 - create IPUIPlugin
2025-12-28 14:44:21,694 [INFO] PluginManager:220 - loadIPPluginJar : add mdma
2025-12-28 14:44:21,696 [INFO] IPUIPlugin:80 - create IPUIPlugin
2025-12-28 14:44:21,696 [INFO] PluginManager:220 - loadIPPluginJar : add pdm2pcm
2025-12-28 14:44:21,702 [INFO] IPUIPlugin:80 - create IPUIPlugin
2025-12-28 14:44:21,702 [INFO] PluginManager:220 - loadIPPluginJar : add linkedlist
2025-12-28 14:44:21,704 [INFO] IPUIPlugin:80 - create IPUIPlugin
2025-12-28 14:44:21,704 [INFO] PluginManager:220 - loadIPPluginJar : add usart
2025-12-28 14:44:21,706 [INFO] IPUIPlugin:80 - create IPUIPlugin
2025-12-28 14:44:21,706 [INFO] PluginManager:220 - loadIPPluginJar : add i2c
2025-12-28 14:44:21,708 [INFO] IPUIPlugin:80 - create IPUIPlugin
2025-12-28 14:44:21,708 [INFO] PluginManager:220 - loadIPPluginJar : add lorawan
2025-12-28 14:44:21,711 [INFO] IPUIPlugin:80 - create IPUIPlugin
2025-12-28 14:44:21,711 [INFO] PluginManager:220 - loadIPPluginJar : add usbx
2025-12-28 14:44:21,715 [INFO] IPUIPlugin:80 - create IPUIPlugin
2025-12-28 14:44:21,715 [INFO] PluginManager:220 - loadIPPluginJar : add fmc
2025-12-28 14:44:21,718 [INFO] IPUIPlugin:80 - create IPUIPlugin
2025-12-28 14:44:21,718 [INFO] PluginManager:220 - loadIPPluginJar : add extmemmanager
2025-12-28 14:44:21,723 [INFO] IPUIPlugin:80 - create IPUIPlugin
2025-12-28 14:44:21,723 [INFO] PluginManager:220 - loadIPPluginJar : add freertos
2025-12-28 14:44:21,726 [INFO] IPUIPlugin:80 - create IPUIPlugin
2025-12-28 14:44:21,726 [INFO] PluginManager:220 - loadIPPluginJar : add can
2025-12-28 14:44:21,728 [INFO] IPUIPlugin:80 - create IPUIPlugin
2025-12-28 14:44:21,728 [INFO] PluginManager:220 - loadIPPluginJar : add touchsensing
2025-12-28 14:44:21,730 [INFO] IPUIPlugin:80 - create IPUIPlugin
2025-12-28 14:44:21,730 [INFO] PluginManager:220 - loadIPPluginJar : add tracer_emb
2025-12-28 14:44:21,732 [INFO] IPUIPlugin:80 - create IPUIPlugin
2025-12-28 14:44:21,732 [INFO] PluginManager:220 - loadIPPluginJar : add ucpd
2025-12-28 14:44:21,733 [INFO] IPUIPlugin:80 - create IPUIPlugin
2025-12-28 14:44:21,733 [INFO] PluginManager:220 - loadIPPluginJar : add ts
2025-12-28 14:44:21,734 [INFO] IPUIPlugin:80 - create IPUIPlugin
2025-12-28 14:44:21,734 [INFO] PluginManager:220 - loadIPPluginJar : add tsc
2025-12-28 14:44:21,737 [INFO] IPUIPlugin:80 - create IPUIPlugin
2025-12-28 14:44:21,737 [INFO] PluginManager:220 - loadIPPluginJar : add resmgrutility
2025-12-28 14:44:21,739 [INFO] IPUIPlugin:80 - create IPUIPlugin
2025-12-28 14:44:21,739 [INFO] PluginManager:220 - loadIPPluginJar : add cryp
2025-12-28 14:44:21,741 [INFO] IPUIPlugin:80 - create IPUIPlugin
2025-12-28 14:44:21,741 [INFO] PluginManager:220 - loadIPPluginJar : add openamp
2025-12-28 14:44:21,747 [INFO] IPUIPlugin:80 - create IPUIPlugin
2025-12-28 14:44:21,747 [INFO] PluginManager:220 - loadIPPluginJar : add adc
2025-12-28 14:44:21,749 [INFO] IPUIPlugin:80 - create IPUIPlugin
2025-12-28 14:44:21,749 [INFO] PluginManager:220 - loadIPPluginJar : add spi
2025-12-28 14:44:21,752 [INFO] IPUIPlugin:80 - create IPUIPlugin
2025-12-28 14:44:21,752 [INFO] PluginManager:220 - loadIPPluginJar : add ipddr
2025-12-28 14:44:21,757 [INFO] IPUIPlugin:80 - create IPUIPlugin
2025-12-28 14:44:21,757 [INFO] PluginManager:220 - loadIPPluginJar : add stm32_wpan
2025-12-28 14:44:21,762 [INFO] IPUIPlugin:80 - create IPUIPlugin
2025-12-28 14:44:21,762 [INFO] PluginManager:220 - loadIPPluginJar : add gic
2025-12-28 14:44:21,765 [INFO] IPUIPlugin:80 - create IPUIPlugin
2025-12-28 14:44:21,765 [INFO] PluginManager:220 - loadIPPluginJar : add ddr_ctrl_phy
2025-12-28 14:44:21,766 [INFO] IPUIPlugin:80 - create IPUIPlugin
2025-12-28 14:44:21,766 [INFO] PluginManager:220 - loadIPPluginJar : add genericplugin
2025-12-28 14:44:21,768 [INFO] IPUIPlugin:80 - create IPUIPlugin
2025-12-28 14:44:21,768 [INFO] PluginManager:220 - loadIPPluginJar : add hash
2025-12-28 14:44:21,769 [INFO] IPUIPlugin:80 - create IPUIPlugin
2025-12-28 14:44:21,769 [INFO] PluginManager:220 - loadIPPluginJar : add tim
2025-12-28 14:44:21,770 [INFO] IPUIPlugin:80 - create IPUIPlugin
2025-12-28 14:44:21,771 [INFO] PluginManager:220 - loadIPPluginJar : add radio
2025-12-28 14:44:21,773 [INFO] IPUIPlugin:80 - create IPUIPlugin
2025-12-28 14:44:21,773 [INFO] PluginManager:220 - loadIPPluginJar : add gtzc
2025-12-28 14:44:21,775 [INFO] IPUIPlugin:80 - create IPUIPlugin
2025-12-28 14:44:21,775 [INFO] PluginManager:220 - loadIPPluginJar : add i2s
2025-12-28 14:44:21,777 [INFO] IPUIPlugin:80 - create IPUIPlugin
2025-12-28 14:44:21,777 [INFO] PluginManager:220 - loadIPPluginJar : add dma3
2025-12-28 14:44:21,878 [FATAL] Updater:351 - Updater called before beeing initialized
2025-12-28 14:44:21,936 [INFO] RulesReader:64 - Compatibility file has been processed (317 Rules)
2025-12-28 14:44:21,967 [INFO] RulesReader:64 - Compatibility file has been processed (317 Rules)
2025-12-28 14:44:21,981 [INFO] CADModel:165 - CPN selected for project level
2025-12-28 14:44:21,981 [INFO] CADModel:114 - Register for checkConnection events
2025-12-28 14:44:21,981 [FATAL] Updater:351 - Updater called before beeing initialized
2025-12-28 14:44:21,982 [ERROR] CADModel:125 - Updater not yet initialized, retry later 
2025-12-28 14:44:22,142 [FATAL] Updater:351 - Updater called before beeing initialized
2025-12-28 14:44:22,145 [INFO] CADModel:165 - CPN selected for project level
2025-12-28 14:44:22,146 [INFO] CADModel:114 - Register for checkConnection events
2025-12-28 14:44:22,146 [FATAL] Updater:351 - Updater called before beeing initialized
2025-12-28 14:44:22,146 [ERROR] CADModel:125 - Updater not yet initialized, retry later 
2025-12-28 14:44:22,153 [FATAL] Updater:351 - Updater called before beeing initialized
2025-12-28 14:44:22,253 [FATAL] Updater:351 - Updater called before beeing initialized
2025-12-28 14:44:22,257 [INFO] DbMcusAds:53 - JSON generation date=Tue Dec 16 04:41:46 IST 2025 (1765840306612)
2025-12-28 14:44:22,257 [FATAL] Updater:351 - Updater called before beeing initialized
2025-12-28 14:44:22,289 [WARN] DetailPanel:346 - Failed to get advertising image, set to default
2025-12-28 14:44:22,358 [FATAL] Updater:351 - Updater called before beeing initialized
2025-12-28 14:44:22,360 [FATAL] Updater:351 - Updater called before beeing initialized
2025-12-28 14:44:22,360 [FATAL] Updater:351 - Updater called before beeing initialized
2025-12-28 14:44:22,360 [WARN] DetailPanel:346 - Failed to get advertising image, set to default
2025-12-28 14:44:22,361 [FATAL] Updater:351 - Updater called before beeing initialized
2025-12-28 14:44:22,390 [ERROR] Updater:1198 - MainUpdater not yet initialized. External WinMGr cannot be set.
2025-12-28 14:44:22,393 [INFO] Updater:1134 - Updater Version found : 6.15.0
2025-12-28 14:44:22,411 [INFO] ApplicationProperties:184 - Using Application install path: /opt/st/stm32cubeide_1.19.0/plugins/com.st.stm32cube.common.mx_6.15.0.202507011659
2025-12-28 14:44:22,845 [INFO] MainUpdater:2872 - connection check result : 10
2025-12-28 14:44:22,846 [INFO] MainUpdater:289 - Updater Check For Update Now.
2025-12-28 14:44:22,847 [INFO] MicroXplorer:498 - Change Database Version : DB.6.0.150
2025-12-28 14:44:22,854 [INFO] McuFinderGlobals:63 - Set McuFinder mode to 2 (CubeIDE integrated)
2025-12-28 14:44:22,854 [INFO] UserAuth:171 - activating auth plugin
2025-12-28 14:44:22,858 [INFO] UserAuth:487 - Internet connection configuration mode: 1
2025-12-28 14:44:22,885 [INFO] JxBrowserEngine:152 - Initiate JxBrowser Engine with user profile folder
2025-12-28 14:44:23,074 [INFO] CheckServerUpdateThread:120 - End of CheckServer Thread
2025-12-28 14:44:23,831 [INFO] WebApp:169 - Instantiating new browser for Auth
2025-12-28 14:44:24,395 [WARN] PackLoader:240 - Cannot read IP mode file for STMicroelectronics.FP-SNS-MOTENVWB1.1.4.0
2025-12-28 14:44:24,403 [WARN] PackLoader:240 - Cannot read IP mode file for STMicroelectronics.FP-ATR-ASTRA1.2.0.2
2025-12-28 14:44:24,411 [WARN] PackLoader:240 - Cannot read IP mode file for STMicroelectronics.X-CUBE-SMBUS.2.1.0
2025-12-28 14:44:24,416 [WARN] PackLoader:240 - Cannot read IP mode file for STMicroelectronics.X-CUBE-ST60.1.0.0
2025-12-28 14:44:24,439 [WARN] PackLoader:240 - Cannot read IP mode file for STMicroelectronics.X-CUBE-AZRTOS-F7.1.1.0
2025-12-28 14:44:24,446 [WARN] PackLoader:240 - Cannot read IP mode file for STMicroelectronics.FP-SNS-MOTENV1.5.1.0
2025-12-28 14:44:24,470 [WARN] PackLoader:240 - Cannot read IP mode file for Infineon.AIROC-Wi-Fi-Bluetooth-STM32.1.7.1
2025-12-28 14:44:24,501 [WARN] PackLoader:240 - Cannot read IP mode file for STMicroelectronics.X-CUBE-AZRTOS-H7.3.4.0
2025-12-28 14:44:24,515 [WARN] PackLoader:240 - Cannot read IP mode file for STMicroelectronics.X-CUBE-DISPLAY.3.0.0
2025-12-28 14:44:24,530 [WARN] PackLoader:240 - Cannot read IP mode file for STMicroelectronics.X-CUBE-NFC10.1.0.0
2025-12-28 14:44:24,545 [WARN] PackLoader:240 - Cannot read IP mode file for STMicroelectronics.X-CUBE-BLEMGR.4.0.0
2025-12-28 14:44:24,554 [WARN] PackLoader:240 - Cannot read IP mode file for STMicroelectronics.X-CUBE-ST60.1.1.0
2025-12-28 14:44:24,560 [WARN] PackLoader:240 - Cannot read IP mode file for emotas.I-CUBE-CANOPEN.1.3.0
2025-12-28 14:44:24,566 [WARN] PackLoader:240 - Cannot read IP mode file for STMicroelectronics.X-CUBE-GNSS1.7.1.0
2025-12-28 14:44:24,572 [WARN] ConditionMgr:438 - getConditionDescription Invalid condition id : Cortex-A Device cause : null
2025-12-28 14:44:24,585 [WARN] ConditionMgr:1044 - genDependencies : Invalid condition id : Cortex-A Device cause : null
2025-12-28 14:44:24,585 [WARN] ConditionMgr:1044 - genDependencies : Invalid condition id : Cortex-A Device cause : null
2025-12-28 14:44:24,586 [WARN] ConditionMgr:1044 - genDependencies : Invalid condition id : Cortex-A Device cause : null
2025-12-28 14:44:24,593 [WARN] PackLoader:240 - Cannot read IP mode file for STMicroelectronics.FP-SNS-STBOX1.2.1.0
2025-12-28 14:44:24,599 [WARN] PackLoader:240 - Cannot read IP mode file for STMicroelectronics.FP-SNS-SMARTAG2.1.2.0
2025-12-28 14:44:24,604 [WARN] PackLoader:240 - Cannot read IP mode file for STMicroelectronics.FP-SNS-FLIGHT1.5.1.0
2025-12-28 14:44:24,615 [INFO] LogOutputStream:77 - [STDOUT_REDIRECT] 1 : Invalid condition id : UX_CORESTACK_Condition cause : null
2025-12-28 14:44:24,616 [INFO] LogOutputStream:77 - [STDOUT_REDIRECT] 1 : Invalid condition id : UX_CORESTACK_Condition cause : null
2025-12-28 14:44:24,617 [INFO] LogOutputStream:77 - [STDOUT_REDIRECT] 1 : Invalid condition id : UX_CORESTACK_Condition cause : null
2025-12-28 14:44:24,617 [INFO] LogOutputStream:77 - [STDOUT_REDIRECT] 1 : Invalid condition id : UX_CORESTACK_Condition cause : null
2025-12-28 14:44:24,617 [INFO] LogOutputStream:77 - [STDOUT_REDIRECT] 1 : Invalid condition id : UX_CORESTACK_Condition cause : null
2025-12-28 14:44:24,621 [WARN] PackLoader:240 - Cannot read IP mode file for STMicroelectronics.X-CUBE-AZRTOS-WL.2.0.0
2025-12-28 14:44:24,627 [WARN] PackLoader:240 - Cannot read IP mode file for STMicroelectronics.FP-SNS-MOTENV1.5.0.0
2025-12-28 14:44:24,651 [WARN] PackLoader:240 - Cannot read IP mode file for STMicroelectronics.X-CUBE-AZRTOS-H7RS.1.2.0
2025-12-28 14:44:24,661 [WARN] PackLoader:240 - Cannot read IP mode file for WES.I-CUBE-Cesium.1.3.0
2025-12-28 14:44:24,666 [WARN] PackLoader:240 - Cannot read IP mode file for STMicroelectronics.X-CUBE-BLE2.3.3.0
2025-12-28 14:44:24,681 [WARN] PackLoader:240 - Cannot read IP mode file for STMicroelectronics.X-CUBE-NFC9.1.0.0
2025-12-28 14:44:24,686 [WARN] PackLoader:240 - Cannot read IP mode file for wolfSSL.I-CUBE-wolfSSL.5.8.0
2025-12-28 14:44:24,691 [WARN] PackLoader:240 - Cannot read IP mode file for STMicroelectronics.X-CUBE-BLE1.7.1.0
2025-12-28 14:44:24,700 [WARN] PackLoader:240 - Cannot read IP mode file for wolfSSL.I-CUBE-wolfMQTT.1.19.2
2025-12-28 14:44:24,707 [WARN] PackLoader:240 - Cannot read IP mode file for STMicroelectronics.X-CUBE-FREERTOS.1.4.0
2025-12-28 14:44:24,715 [WARN] PackLoader:240 - Cannot read IP mode file for STMicroelectronics.X-CUBE-EEPRMA1.5.2.0
2025-12-28 14:44:24,721 [INFO] WebApp:463 - Apply proxy settings
2025-12-28 14:44:24,721 [INFO] WebApp:548 - Chromium requires no authentication
2025-12-28 14:44:24,724 [WARN] PackLoader:240 - Cannot read IP mode file for STMicroelectronics.X-CUBE-ST67W61.1.1.0
2025-12-28 14:44:24,727 [WARN] PackLoader:240 - Cannot read IP mode file for STMicroelectronics.X-CUBE-AI.10.1.0
2025-12-28 14:44:24,732 [INFO] WebApp:491 - Direct internet connection detected
2025-12-28 14:44:24,769 [INFO] WebApp:900 - Register for checkConnection events
2025-12-28 14:44:24,769 [INFO] WebApp:463 - Apply proxy settings
2025-12-28 14:44:24,770 [INFO] WebApp:548 - Chromium requires no authentication
2025-12-28 14:44:24,772 [INFO] WebApp:491 - Direct internet connection detected
2025-12-28 14:44:24,797 [WARN] PackLoader:240 - Cannot read IP mode file for STMicroelectronics.X-CUBE-MEMS1.12.0.0
2025-12-28 14:44:24,948 [WARN] PackLoader:240 - Cannot read IP mode file for STMicroelectronics.X-CUBE-AZRTOS-G0.1.1.0
2025-12-28 14:44:24,954 [WARN] PackLoader:240 - Cannot read IP mode file for STMicroelectronics.X-CUBE-SAFEA1.1.2.2
2025-12-28 14:44:24,958 [WARN] PackLoader:240 - Cannot read IP mode file for STMicroelectronics.X-CUBE-NFC4.3.0.0
2025-12-28 14:44:24,965 [WARN] PackLoader:240 - Cannot read IP mode file for EmbeddedOffice.I-CUBE-FS-RTOS.1.0.1
2025-12-28 14:44:24,969 [WARN] PackLoader:240 - Cannot read IP mode file for STMicroelectronics.X-CUBE-WB05N.2.0.0
2025-12-28 14:44:24,972 [WARN] PackLoader:240 - Cannot read IP mode file for wolfSSL.I-CUBE-wolfTPM.3.8.0
2025-12-28 14:44:24,977 [WARN] PackLoader:240 - Cannot read IP mode file for STMicroelectronics.X-CUBE-TCPP.4.2.0
2025-12-28 14:44:24,982 [WARN] PackLoader:240 - Cannot read IP mode file for RealThread.X-CUBE-RT-Thread_Nano.4.1.1
2025-12-28 14:44:24,985 [WARN] PackLoader:240 - Cannot read IP mode file for STMicroelectronics.FP-ATR-SIGFOX1.3.2.0
2025-12-28 14:44:24,990 [WARN] PackLoader:240 - Cannot read IP mode file for STMicroelectronics.X-CUBE-EEPRMA1.5.1.0
2025-12-28 14:44:24,994 [WARN] PackLoader:240 - Cannot read IP mode file for ITTIA_DB.I-CUBE-ITTIADB.8.9.0
2025-12-28 14:44:24,998 [WARN] PackLoader:240 - Cannot read IP mode file for STMicroelectronics.X-CUBE-ST67W61.1.0.0
2025-12-28 14:44:25,000 [WARN] PackLoader:240 - Cannot read IP mode file for STMicroelectronics.X-CUBE-AI.10.2.0
2025-12-28 14:44:25,010 [INFO] WebApp:225 - Starting web application
2025-12-28 14:44:25,011 [INFO] WebApp:593 - Web application path used /opt/st/stm32cubeide_1.19.0/plugins/com.st.stm32cube.common.mx_6.15.0.202507011659/db/plugins/mcufinder/reactClient1/index.html
2025-12-28 14:44:25,031 [WARN] PackLoader:240 - Cannot read IP mode file for SEGGER.I-CUBE-embOS.1.3.1
2025-12-28 14:44:25,086 [WARN] PackLoader:240 - Cannot read IP mode file for STMicroelectronics.X-CUBE-ALGOBUILD.1.4.0
2025-12-28 14:44:25,131 [WARN] PackLoader:240 - Cannot read IP mode file for STMicroelectronics.X-CUBE-MEMS1.11.3.0
2025-12-28 14:44:25,258 [WARN] PackLoader:240 - Cannot read IP mode file for STMicroelectronics.X-CUBE-PM33A1.1.0.0
2025-12-28 14:44:25,271 [WARN] PackLoader:240 - Cannot read IP mode file for STMicroelectronics.X-CUBE-AZRTOS-F4.1.1.0
2025-12-28 14:44:25,276 [WARN] PackLoader:240 - Cannot read IP mode file for Avnet-IotConnect.X-CUBE-IoTC-DA16k-PMOD.1.0.0
2025-12-28 14:44:25,278 [WARN] PackLoader:240 - Cannot read IP mode file for STMicroelectronics.X-CUBE-ISPU.2.1.0
2025-12-28 14:44:25,289 [WARN] PackLoader:240 - Cannot read IP mode file for STMicroelectronics.X-CUBE-IPS.3.2.0
2025-12-28 14:44:25,297 [WARN] PackLoader:240 - Cannot read IP mode file for STMicroelectronics.X-CUBE-NFC12.1.0.0
2025-12-28 14:44:25,310 [WARN] PackLoader:240 - Cannot read IP mode file for STMicroelectronics.X-CUBE-AZRTOS-L5.2.0.0
2025-12-28 14:44:25,315 [WARN] PackLoader:240 - Cannot read IP mode file for STMicroelectronics.X-CUBE-NFC6.3.1.0
2025-12-28 14:44:25,321 [WARN] PackLoader:240 - Cannot read IP mode file for STMicroelectronics.X-CUBE-FREERTOS.1.3.1
2025-12-28 14:44:25,326 [WARN] PackLoader:240 - Cannot read IP mode file for STMicroelectronics.X-CUBE-TOUCHGFX.4.26.0
2025-12-28 14:44:25,329 [WARN] PackLoader:240 - Cannot read IP mode file for STMicroelectronics.FP-SNS-STAIOTCFT.1.0.0
2025-12-28 14:44:25,332 [WARN] PackLoader:240 - Cannot read IP mode file for STMicroelectronics.X-CUBE-DPower.1.3.0
2025-12-28 14:44:25,345 [WARN] ConditionMgr:438 - getConditionDescription Invalid condition id : LAN8742 Phy interface Condition cause : null
2025-12-28 14:44:25,345 [WARN] PackLoader:240 - Cannot read IP mode file for STMicroelectronics.X-CUBE-AZRTOS-L4.2.0.0
2025-12-28 14:44:25,346 [WARN] ConditionMgr:1044 - genDependencies : Invalid condition id : LAN8742 Phy interface Condition cause : null
2025-12-28 14:44:25,346 [WARN] ConditionMgr:1044 - genDependencies : Invalid condition id : LAN8742 Phy interface Condition cause : null
2025-12-28 14:44:25,347 [WARN] ConditionMgr:1044 - genDependencies : Invalid condition id : LAN8742 Phy interface Condition cause : null
2025-12-28 14:44:25,351 [WARN] PackLoader:240 - Cannot read IP mode file for STMicroelectronics.X-CUBE-SFXS2LP1.4.0.0
2025-12-28 14:44:25,362 [WARN] PackLoader:240 - Cannot read IP mode file for STMicroelectronics.X-CUBE-BLEMGR.4.1.0
2025-12-28 14:44:25,375 [WARN] ConditionMgr:438 - getConditionDescription Invalid condition id : UX DEVICE CLASS RTOS Condition cause : null
2025-12-28 14:44:25,375 [WARN] ConditionMgr:438 - getConditionDescription Invalid condition id : UX DEVICE CLASS RTOS Condition cause : null
2025-12-28 14:44:25,376 [WARN] PackLoader:240 - Cannot read IP mode file for STMicroelectronics.X-CUBE-AZRTOS-WB.2.0.0
2025-12-28 14:44:25,377 [WARN] ConditionMgr:1044 - genDependencies : Invalid condition id : UX DEVICE CLASS RTOS Condition cause : null
2025-12-28 14:44:25,377 [WARN] ConditionMgr:1044 - genDependencies : Invalid condition id : UX DEVICE CLASS RTOS Condition cause : null
2025-12-28 14:44:25,377 [WARN] ConditionMgr:1044 - genDependencies : Invalid condition id : UX DEVICE CLASS RTOS Condition cause : null
2025-12-28 14:44:25,378 [WARN] ConditionMgr:1044 - genDependencies : Invalid condition id : UX DEVICE CLASS RTOS Condition cause : null
2025-12-28 14:44:25,378 [WARN] ConditionMgr:1044 - genDependencies : Invalid condition id : UX DEVICE CLASS RTOS Condition cause : null
2025-12-28 14:44:25,382 [WARN] PackLoader:240 - Cannot read IP mode file for STMicroelectronics.X-CUBE-GNSS1.7.0.1
2025-12-28 14:44:25,386 [WARN] PackLoader:240 - Cannot read IP mode file for STMicroelectronics.X-CUBE-TOUCHGFX.4.25.0
2025-12-28 14:44:25,391 [WARN] PackLoader:240 - Cannot read IP mode file for STMicroelectronics.FP-SNS-STBOX1.2.0.0
2025-12-28 14:44:25,398 [WARN] PackLoader:240 - Cannot read IP mode file for STMicroelectronics.X-CUBE-SUBG2.5.0.0
2025-12-28 14:44:25,420 [WARN] PackLoader:240 - Cannot read IP mode file for STMicroelectronics.X-CUBE-AZRTOS-H7RS.1.1.0
2025-12-28 14:44:25,426 [WARN] PackLoader:240 - Cannot read IP mode file for Cesanta.I-CUBE-Mongoose.7.13.0
2025-12-28 14:44:25,440 [WARN] PackLoader:240 - Cannot read IP mode file for STMicroelectronics.X-CUBE-AZRTOS-G4.2.0.0
2025-12-28 14:44:25,444 [WARN] PackLoader:240 - Cannot read IP mode file for wolfSSL.I-CUBE-wolfSSH.1.4.20
2025-12-28 14:44:25,447 [WARN] PackLoader:240 - Cannot read IP mode file for STMicroelectronics.X-CUBE-NFC7.2.0.0
2025-12-28 14:44:25,469 [WARN] PackLoader:240 - Cannot read IP mode file for STMicroelectronics.X-CUBE-IPS.3.1.0
2025-12-28 14:44:25,483 [WARN] PackLoader:240 - Cannot read IP mode file for STMicroelectronics.X-CUBE-ALS.1.0.2
2025-12-28 14:44:25,492 [WARN] PackLoader:240 - Cannot read IP mode file for STMicroelectronics.X-CUBE-STSE01.1.0.0
2025-12-28 14:44:25,498 [WARN] PackLoader:240 - Cannot read IP mode file for portGmbH.I-Cube-SoM-uGOAL.1.1.0
2025-12-28 14:44:25,513 [WARN] PackLoader:240 - Cannot read IP mode file for STMicroelectronics.X-CUBE-TOF1.3.4.3
2025-12-28 14:44:25,527 [INFO] ThirdParty:978 - Integrity check success = true
2025-12-28 14:44:25,527 [INFO] IntegrityCheckThread:100 - exiting critical section [integrity check]
2025-12-28 14:44:25,527 [INFO] IntegrityCheckThread:103 - End integrity checks thread
2025-12-28 14:44:25,861 [INFO] WebApp:191 - Connection restablished
2025-12-28 16:01:43,843 [INFO] WebApp:194 - Connection lost
2025-12-28 16:01:57,058 [INFO] WebApp:191 - Connection restablished
2025-12-28 16:54:37,777 [INFO] WebApp:194 - Connection lost
2025-12-28 18:52:02,899 [INFO] WebApp:191 - Connection restablished
2025-12-28 18:52:06,708 [INFO] WebApp:194 - Connection lost
2025-12-28 18:52:07,457 [INFO] WebApp:191 - Connection restablished
2025-12-28 20:47:28,399 [ERROR] LogOutputStream:75 - [STDERR_REDIRECT] 
2025-12-28 20:47:35,966 [INFO] Activator:176 - 


2025-12-28 20:47:35,967 [INFO] Activator:177 - !SESSION log4j initialized
2025-12-28 20:47:40,825 [INFO] LogOutputStream:77 - [STDOUT_REDIRECT] 
2025-12-28 20:47:42,496 [INFO] ApplicationProperties:184 - Using Application install path: /opt/st/stm32cubeide_1.19.0/plugins/com.st.stm32cube.common.mx_6.15.0.202507011659
2025-12-28 20:47:42,517 [INFO] DbMcusXml:78 - Set database path to: /opt/st/stm32cubeide_1.19.0/plugins/com.st.stm32cube.common.mx_6.15.0.202507011659//db//mcu/
2025-12-28 20:47:42,517 [INFO] ApiDb:274 - Set plugin database path to: /opt/st/stm32cubeide_1.19.0/plugins/com.st.stm32cube.common.mx_6.15.0.202507011659//db//plugins/boardmanager/
2025-12-28 20:47:42,517 [WARN] ApiDb:259 - Overriding images path with different value:  => /opt/st/stm32cubeide_1.19.0/plugins/com.st.stm32cube.common.mx_6.15.0.202507011659//db//plugins/mcufinder/images/
2025-12-28 20:47:42,522 [INFO] ApiDb:250 - Set database path to: /home/sunbeam/.stmcufinder/plugins/mcufinder//mcu/
2025-12-28 20:47:42,523 [INFO] DbMcusAds:125 - Set database path to: /home/sunbeam/.stmcufinder/plugins/mcufinder//mcu/
2025-12-28 20:47:42,526 [INFO] CrossReferenceDbSqlite:203 - Set database path to: /home/sunbeam/.stmcufinder/plugins/mcufinder//mcu/cs/
2025-12-28 20:47:42,651 [INFO] RulesReader:64 - Compatibility file has been processed (317 Rules)
2025-12-28 20:47:42,720 [INFO] DbMcusXml:78 - Set database path to: /opt/st/stm32cubeide_1.19.0/plugins/com.st.stm32cube.common.mx_6.15.0.202507011659//db//mcu/
2025-12-28 20:47:42,721 [INFO] ApiDb:274 - Set plugin database path to: /opt/st/stm32cubeide_1.19.0/plugins/com.st.stm32cube.common.mx_6.15.0.202507011659//db//plugins/boardmanager/
2025-12-28 20:47:42,721 [INFO] ApiDb:261 - Set plugin images path to: /opt/st/stm32cubeide_1.19.0/plugins/com.st.stm32cube.common.mx_6.15.0.202507011659//db//plugins/mcufinder/images/
2025-12-28 20:47:42,721 [WARN] DbFile:41 - Overriding database path with different value: /home/sunbeam/.stmcufinder/plugins/mcufinder/ => /home/sunbeam/.stmcufinder/plugins/mcufinder
2025-12-28 20:47:42,721 [INFO] ApiDb:250 - Set database path to: /home/sunbeam/.stmcufinder/plugins/mcufinder//mcu/
2025-12-28 20:47:42,721 [WARN] DbFile:41 - Overriding database path with different value: /home/sunbeam/.stmcufinder/plugins/mcufinder/ => /home/sunbeam/.stmcufinder/plugins/mcufinder
2025-12-28 20:47:42,721 [INFO] DbMcusAds:125 - Set database path to: /home/sunbeam/.stmcufinder/plugins/mcufinder//mcu/
2025-12-28 20:47:42,722 [WARN] DbFile:41 - Overriding database path with different value: /home/sunbeam/.stmcufinder/plugins/mcufinder/ => /home/sunbeam/.stmcufinder/plugins/mcufinder
2025-12-28 20:47:42,722 [WARN] DbFile:41 - Overriding database path with different value: /home/sunbeam/.stmcufinder/plugins/mcufinder/ => /home/sunbeam/.stmcufinder/plugins/mcufinder
2025-12-28 20:47:42,722 [INFO] CrossReferenceDbSqlite:203 - Set database path to: /home/sunbeam/.stmcufinder/plugins/mcufinder//mcu/cs/
2025-12-28 20:47:42,793 [INFO] MainPanel:274 - HeapMemory: 268435456
2025-12-28 20:47:42,917 [INFO] DbMcusXml:78 - Set database path to: /opt/st/stm32cubeide_1.19.0/plugins/com.st.stm32cube.common.mx_6.15.0.202507011659//db//mcu/
2025-12-28 20:47:42,917 [INFO] ApiDb:274 - Set plugin database path to: /opt/st/stm32cubeide_1.19.0/plugins/com.st.stm32cube.common.mx_6.15.0.202507011659//db//plugins/boardmanager/
2025-12-28 20:47:42,917 [INFO] ApiDb:261 - Set plugin images path to: /opt/st/stm32cubeide_1.19.0/plugins/com.st.stm32cube.common.mx_6.15.0.202507011659//db//plugins/mcufinder/images/
2025-12-28 20:47:42,917 [WARN] DbFile:41 - Overriding database path with different value: /home/sunbeam/.stmcufinder/plugins/mcufinder/ => /home/sunbeam/.stmcufinder/plugins/mcufinder
2025-12-28 20:47:42,917 [INFO] ApiDb:250 - Set database path to: /home/sunbeam/.stmcufinder/plugins/mcufinder//mcu/
2025-12-28 20:47:42,917 [WARN] DbFile:41 - Overriding database path with different value: /home/sunbeam/.stmcufinder/plugins/mcufinder/ => /home/sunbeam/.stmcufinder/plugins/mcufinder
2025-12-28 20:47:42,917 [INFO] DbMcusAds:125 - Set database path to: /home/sunbeam/.stmcufinder/plugins/mcufinder//mcu/
2025-12-28 20:47:42,918 [WARN] DbFile:41 - Overriding database path with different value: /home/sunbeam/.stmcufinder/plugins/mcufinder/ => /home/sunbeam/.stmcufinder/plugins/mcufinder
2025-12-28 20:47:42,918 [WARN] DbFile:41 - Overriding database path with different value: /home/sunbeam/.stmcufinder/plugins/mcufinder/ => /home/sunbeam/.stmcufinder/plugins/mcufinder
2025-12-28 20:47:42,918 [INFO] CrossReferenceDbSqlite:203 - Set database path to: /home/sunbeam/.stmcufinder/plugins/mcufinder//mcu/cs/
2025-12-28 20:47:42,933 [INFO] ApplicationProperties:184 - Using Application install path: /opt/st/stm32cubeide_1.19.0/plugins/com.st.stm32cube.common.mx_6.15.0.202507011659
2025-12-28 20:47:42,934 [INFO] PluginManage:196 - Search for loadable plugins [exclusion list=, ]
2025-12-28 20:47:42,935 [INFO] PluginManage:310 - Check plugin analytics
2025-12-28 20:47:43,090 [INFO] AnalyticsPlugin:253 - Accepted Software Licenses: 
2025-12-28 20:47:43,090 [INFO] AnalyticsPlugin:255 - Accepted CMSIS Pack Licenses: 
2025-12-28 20:47:43,090 [INFO] AnalyticsPlugin:257 - Accepted Firmware Licenses: FW.F4.1.28.0
2025-12-28 20:47:43,092 [INFO] PluginManage:359 - Loaded plugin analytics (category:tool,tabindex:-1)
2025-12-28 20:47:43,093 [INFO] PluginManage:310 - Check plugin cadmodel
2025-12-28 20:47:43,097 [INFO] CADModel:105 - Init CAD model plugin
2025-12-28 20:47:43,098 [INFO] PluginManage:359 - Loaded plugin cadmodel (category:power,tabindex:5)
2025-12-28 20:47:43,098 [INFO] PluginManage:310 - Check plugin clock
2025-12-28 20:47:43,107 [INFO] PluginManage:359 - Loaded plugin clock (category:base,tabindex:2)
2025-12-28 20:47:43,107 [INFO] PluginManage:310 - Check plugin ddr
2025-12-28 20:47:43,109 [INFO] PluginManage:359 - Loaded plugin ddr (category:tool,tabindex:6)
2025-12-28 20:47:43,109 [INFO] PluginManage:310 - Check plugin filemanager
2025-12-28 20:47:43,318 [INFO] PluginManage:359 - Loaded plugin filemanager (category:base,tabindex:10)
2025-12-28 20:47:43,318 [INFO] PluginManage:310 - Check plugin ipmanager
2025-12-28 20:47:43,323 [INFO] PluginManage:359 - Loaded plugin ipmanager (category:base,tabindex:5)
2025-12-28 20:47:43,323 [INFO] PluginManage:310 - Check plugin lpbam
2025-12-28 20:47:43,334 [INFO] PluginManage:359 - Loaded plugin lpbam (category:base,tabindex:0)
2025-12-28 20:47:43,334 [INFO] PluginManage:310 - Check plugin memorymap
2025-12-28 20:47:43,347 [INFO] PluginManage:359 - Loaded plugin memorymap (category:base,tabindex:4)
2025-12-28 20:47:43,347 [INFO] PluginManage:310 - Check plugin pinoutandconfiguration
2025-12-28 20:47:43,356 [INFO] PluginManage:359 - Loaded plugin pinoutandconfiguration (category:base,tabindex:1)
2025-12-28 20:47:43,356 [INFO] PluginManage:310 - Check plugin pinoutconfig
2025-12-28 20:47:43,437 [WARN] SupportedApi:132 - Cannot load RTOS API schema: s4s-elt-must-match.1: The content of 'definitions' must match (annotation?, (simpleType | complexType)?, (unique | key | keyref)*)). A problem was found starting at: attribute.
2025-12-28 20:47:43,562 [INFO] PluginManage:359 - Loaded plugin pinoutconfig (category:base,tabindex:0)
2025-12-28 20:47:43,562 [INFO] PluginManage:310 - Check plugin power
2025-12-28 20:47:43,571 [INFO] PluginManage:359 - Loaded plugin power (category:power,tabindex:4)
2025-12-28 20:47:43,571 [INFO] PluginManage:310 - Check plugin projectmanager
2025-12-28 20:47:43,585 [INFO] PluginManage:359 - Loaded plugin projectmanager (category:projectmanager,tabindex:4)
2025-12-28 20:47:43,585 [INFO] PluginManage:310 - Check plugin rif
2025-12-28 20:47:43,594 [INFO] PluginManage:359 - Loaded plugin rif (category:base,tabindex:3)
2025-12-28 20:47:43,594 [INFO] PluginManage:310 - Check plugin thirdparty
2025-12-28 20:47:43,734 [WARN] IntegrityCheckThread:84 - waiting for thirdparty lock release [integrity check]
2025-12-28 20:47:43,734 [INFO] PluginManage:359 - Loaded plugin thirdparty (category:base,tabindex:-1)
2025-12-28 20:47:43,735 [INFO] IntegrityCheckThread:86 - entering critical section [integrity check]
2025-12-28 20:47:43,735 [INFO] PluginManage:310 - Check plugin tools
2025-12-28 20:47:43,735 [INFO] ThirdPartyUpdaterWithRetryManager:70 - Updater plugin not ready yet. [1/15]
2025-12-28 20:47:43,737 [INFO] PluginManage:359 - Loaded plugin tools (category:base,tabindex:7)
2025-12-28 20:47:43,737 [INFO] PluginManage:310 - Check plugin tutovideos
2025-12-28 20:47:43,950 [INFO] PluginManage:359 - Loaded plugin tutovideos (category:base,tabindex:-1)
2025-12-28 20:47:43,950 [INFO] PluginManage:310 - Check plugin updater
2025-12-28 20:47:43,978 [INFO] PluginManage:359 - Loaded plugin updater (category:base,tabindex:12)
2025-12-28 20:47:43,978 [INFO] PluginManage:310 - Check plugin userauth
2025-12-28 20:47:43,984 [INFO] UserAuth:118 - Init User Auth plugin
2025-12-28 20:47:43,985 [INFO] PluginManage:359 - Loaded plugin userauth (category:base,tabindex:14)
2025-12-28 20:47:43,985 [INFO] PluginManage:283 - PluginManage : Loaded plugins [18]
2025-12-28 20:47:44,173 [INFO] PinOutPanel:1589 - setPackage(No Configuration,No Configuration)
2025-12-28 20:47:44,248 [INFO] CADModel:165 - CPN selected for project level
2025-12-28 20:47:44,248 [INFO] CADModel:114 - Register for checkConnection events
2025-12-28 20:47:44,259 [INFO] IPUIPlugin:80 - create IPUIPlugin
2025-12-28 20:47:44,260 [INFO] PluginManager:220 - loadIPPluginJar : add dfsdm
2025-12-28 20:47:44,265 [INFO] IPUIPlugin:80 - create IPUIPlugin
2025-12-28 20:47:44,265 [INFO] PluginManager:220 - loadIPPluginJar : add gfxmmu
2025-12-28 20:47:44,268 [INFO] IPUIPlugin:80 - create IPUIPlugin
2025-12-28 20:47:44,268 [INFO] PluginManager:220 - loadIPPluginJar : add i3c
2025-12-28 20:47:44,270 [INFO] IPUIPlugin:80 - create IPUIPlugin
2025-12-28 20:47:44,271 [INFO] PluginManager:220 - loadIPPluginJar : add sai
2025-12-28 20:47:44,278 [INFO] IPUIPlugin:80 - create IPUIPlugin
2025-12-28 20:47:44,278 [INFO] PluginManager:220 - loadIPPluginJar : add dma
2025-12-28 20:47:44,280 [INFO] IPUIPlugin:80 - create IPUIPlugin
2025-12-28 20:47:44,280 [INFO] PluginManager:220 - loadIPPluginJar : add quadspi
2025-12-28 20:47:44,284 [INFO] IPUIPlugin:80 - create IPUIPlugin
2025-12-28 20:47:44,284 [INFO] PluginManager:220 - loadIPPluginJar : add opamp
2025-12-28 20:47:44,286 [INFO] IPUIPlugin:80 - create IPUIPlugin
2025-12-28 20:47:44,286 [INFO] PluginManager:220 - loadIPPluginJar : add comp
2025-12-28 20:47:44,292 [INFO] IPUIPlugin:80 - create IPUIPlugin
2025-12-28 20:47:44,295 [INFO] PluginManager:220 - loadIPPluginJar : add plateformsettings
2025-12-28 20:47:44,297 [INFO] IPUIPlugin:80 - create IPUIPlugin
2025-12-28 20:47:44,297 [INFO] PluginManager:220 - loadIPPluginJar : add ltdc
2025-12-28 20:47:44,300 [INFO] IPUIPlugin:80 - create IPUIPlugin
2025-12-28 20:47:44,300 [INFO] PluginManager:220 - loadIPPluginJar : add nvic
2025-12-28 20:47:44,302 [INFO] IPUIPlugin:80 - create IPUIPlugin
2025-12-28 20:47:44,302 [INFO] PluginManager:220 - loadIPPluginJar : add fatfs
2025-12-28 20:47:44,307 [INFO] IPUIPlugin:80 - create IPUIPlugin
2025-12-28 20:47:44,307 [INFO] PluginManager:220 - loadIPPluginJar : add gpio
2025-12-28 20:47:44,310 [INFO] IPUIPlugin:80 - create IPUIPlugin
2025-12-28 20:47:44,310 [INFO] PluginManager:220 - loadIPPluginJar : add aes
2025-12-28 20:47:44,316 [INFO] IPUIPlugin:80 - create IPUIPlugin
2025-12-28 20:47:44,316 [INFO] PluginManager:220 - loadIPPluginJar : add mdma
2025-12-28 20:47:44,319 [INFO] IPUIPlugin:80 - create IPUIPlugin
2025-12-28 20:47:44,319 [INFO] PluginManager:220 - loadIPPluginJar : add pdm2pcm
2025-12-28 20:47:44,326 [INFO] IPUIPlugin:80 - create IPUIPlugin
2025-12-28 20:47:44,326 [INFO] PluginManager:220 - loadIPPluginJar : add linkedlist
2025-12-28 20:47:44,328 [INFO] IPUIPlugin:80 - create IPUIPlugin
2025-12-28 20:47:44,329 [INFO] PluginManager:220 - loadIPPluginJar : add usart
2025-12-28 20:47:44,331 [INFO] IPUIPlugin:80 - create IPUIPlugin
2025-12-28 20:47:44,331 [INFO] PluginManager:220 - loadIPPluginJar : add i2c
2025-12-28 20:47:44,333 [INFO] IPUIPlugin:80 - create IPUIPlugin
2025-12-28 20:47:44,333 [INFO] PluginManager:220 - loadIPPluginJar : add lorawan
2025-12-28 20:47:44,336 [INFO] IPUIPlugin:80 - create IPUIPlugin
2025-12-28 20:47:44,337 [INFO] PluginManager:220 - loadIPPluginJar : add usbx
2025-12-28 20:47:44,343 [INFO] IPUIPlugin:80 - create IPUIPlugin
2025-12-28 20:47:44,343 [INFO] PluginManager:220 - loadIPPluginJar : add fmc
2025-12-28 20:47:44,347 [INFO] IPUIPlugin:80 - create IPUIPlugin
2025-12-28 20:47:44,347 [INFO] PluginManager:220 - loadIPPluginJar : add extmemmanager
2025-12-28 20:47:44,355 [INFO] IPUIPlugin:80 - create IPUIPlugin
2025-12-28 20:47:44,355 [INFO] PluginManager:220 - loadIPPluginJar : add freertos
2025-12-28 20:47:44,359 [INFO] IPUIPlugin:80 - create IPUIPlugin
2025-12-28 20:47:44,359 [INFO] PluginManager:220 - loadIPPluginJar : add can
2025-12-28 20:47:44,363 [INFO] IPUIPlugin:80 - create IPUIPlugin
2025-12-28 20:47:44,363 [INFO] PluginManager:220 - loadIPPluginJar : add touchsensing
2025-12-28 20:47:44,366 [INFO] IPUIPlugin:80 - create IPUIPlugin
2025-12-28 20:47:44,366 [INFO] PluginManager:220 - loadIPPluginJar : add tracer_emb
2025-12-28 20:47:44,368 [INFO] IPUIPlugin:80 - create IPUIPlugin
2025-12-28 20:47:44,368 [INFO] PluginManager:220 - loadIPPluginJar : add ucpd
2025-12-28 20:47:44,370 [INFO] IPUIPlugin:80 - create IPUIPlugin
2025-12-28 20:47:44,370 [INFO] PluginManager:220 - loadIPPluginJar : add ts
2025-12-28 20:47:44,371 [INFO] IPUIPlugin:80 - create IPUIPlugin
2025-12-28 20:47:44,372 [INFO] PluginManager:220 - loadIPPluginJar : add tsc
2025-12-28 20:47:44,377 [INFO] IPUIPlugin:80 - create IPUIPlugin
2025-12-28 20:47:44,377 [INFO] PluginManager:220 - loadIPPluginJar : add resmgrutility
2025-12-28 20:47:44,380 [INFO] IPUIPlugin:80 - create IPUIPlugin
2025-12-28 20:47:44,380 [INFO] PluginManager:220 - loadIPPluginJar : add cryp
2025-12-28 20:47:44,384 [INFO] IPUIPlugin:80 - create IPUIPlugin
2025-12-28 20:47:44,384 [INFO] PluginManager:220 - loadIPPluginJar : add openamp
2025-12-28 20:47:44,392 [INFO] IPUIPlugin:80 - create IPUIPlugin
2025-12-28 20:47:44,392 [INFO] PluginManager:220 - loadIPPluginJar : add adc
2025-12-28 20:47:44,395 [INFO] IPUIPlugin:80 - create IPUIPlugin
2025-12-28 20:47:44,396 [INFO] PluginManager:220 - loadIPPluginJar : add spi
2025-12-28 20:47:44,400 [INFO] IPUIPlugin:80 - create IPUIPlugin
2025-12-28 20:47:44,400 [INFO] PluginManager:220 - loadIPPluginJar : add ipddr
2025-12-28 20:47:44,409 [INFO] IPUIPlugin:80 - create IPUIPlugin
2025-12-28 20:47:44,409 [INFO] PluginManager:220 - loadIPPluginJar : add stm32_wpan
2025-12-28 20:47:44,416 [INFO] IPUIPlugin:80 - create IPUIPlugin
2025-12-28 20:47:44,416 [INFO] PluginManager:220 - loadIPPluginJar : add gic
2025-12-28 20:47:44,419 [INFO] IPUIPlugin:80 - create IPUIPlugin
2025-12-28 20:47:44,419 [INFO] PluginManager:220 - loadIPPluginJar : add ddr_ctrl_phy
2025-12-28 20:47:44,421 [INFO] IPUIPlugin:80 - create IPUIPlugin
2025-12-28 20:47:44,421 [INFO] PluginManager:220 - loadIPPluginJar : add genericplugin
2025-12-28 20:47:44,423 [INFO] IPUIPlugin:80 - create IPUIPlugin
2025-12-28 20:47:44,423 [INFO] PluginManager:220 - loadIPPluginJar : add hash
2025-12-28 20:47:44,425 [INFO] IPUIPlugin:80 - create IPUIPlugin
2025-12-28 20:47:44,426 [INFO] PluginManager:220 - loadIPPluginJar : add tim
2025-12-28 20:47:44,427 [INFO] IPUIPlugin:80 - create IPUIPlugin
2025-12-28 20:47:44,428 [INFO] PluginManager:220 - loadIPPluginJar : add radio
2025-12-28 20:47:44,430 [INFO] IPUIPlugin:80 - create IPUIPlugin
2025-12-28 20:47:44,430 [INFO] PluginManager:220 - loadIPPluginJar : add gtzc
2025-12-28 20:47:44,432 [INFO] IPUIPlugin:80 - create IPUIPlugin
2025-12-28 20:47:44,432 [INFO] PluginManager:220 - loadIPPluginJar : add i2s
2025-12-28 20:47:44,434 [INFO] IPUIPlugin:80 - create IPUIPlugin
2025-12-28 20:47:44,434 [INFO] PluginManager:220 - loadIPPluginJar : add dma3
2025-12-28 20:47:44,546 [FATAL] Updater:351 - Updater called before beeing initialized
2025-12-28 20:47:44,587 [INFO] RulesReader:64 - Compatibility file has been processed (317 Rules)
2025-12-28 20:47:44,602 [INFO] RulesReader:64 - Compatibility file has been processed (317 Rules)
2025-12-28 20:47:44,611 [INFO] CADModel:165 - CPN selected for project level
2025-12-28 20:47:44,611 [INFO] CADModel:114 - Register for checkConnection events
2025-12-28 20:47:44,611 [FATAL] Updater:351 - Updater called before beeing initialized
2025-12-28 20:47:44,611 [ERROR] CADModel:125 - Updater not yet initialized, retry later 
2025-12-28 20:47:44,753 [FATAL] Updater:351 - Updater called before beeing initialized
2025-12-28 20:47:44,755 [INFO] CADModel:165 - CPN selected for project level
2025-12-28 20:47:44,755 [INFO] CADModel:114 - Register for checkConnection events
2025-12-28 20:47:44,755 [FATAL] Updater:351 - Updater called before beeing initialized
2025-12-28 20:47:44,755 [ERROR] CADModel:125 - Updater not yet initialized, retry later 
2025-12-28 20:47:44,760 [FATAL] Updater:351 - Updater called before beeing initialized
2025-12-28 20:47:44,852 [FATAL] Updater:351 - Updater called before beeing initialized
2025-12-28 20:47:44,856 [INFO] DbMcusAds:53 - JSON generation date=Tue Dec 16 04:41:46 IST 2025 (1765840306612)
2025-12-28 20:47:44,856 [FATAL] Updater:351 - Updater called before beeing initialized
2025-12-28 20:47:44,888 [WARN] DetailPanel:346 - Failed to get advertising image, set to default
2025-12-28 20:47:44,959 [FATAL] Updater:351 - Updater called before beeing initialized
2025-12-28 20:47:44,962 [FATAL] Updater:351 - Updater called before beeing initialized
2025-12-28 20:47:44,962 [FATAL] Updater:351 - Updater called before beeing initialized
2025-12-28 20:47:44,962 [WARN] DetailPanel:346 - Failed to get advertising image, set to default
2025-12-28 20:47:44,964 [FATAL] Updater:351 - Updater called before beeing initialized
2025-12-28 20:47:44,997 [ERROR] Updater:1198 - MainUpdater not yet initialized. External WinMGr cannot be set.
2025-12-28 20:47:44,999 [INFO] Updater:1134 - Updater Version found : 6.15.0
2025-12-28 20:47:45,017 [INFO] ApplicationProperties:184 - Using Application install path: /opt/st/stm32cubeide_1.19.0/plugins/com.st.stm32cube.common.mx_6.15.0.202507011659
2025-12-28 20:47:46,309 [INFO] MainUpdater:2872 - connection check result : 10
2025-12-28 20:47:46,310 [INFO] MainUpdater:289 - Updater Check For Update Now.
2025-12-28 20:47:46,311 [INFO] MicroXplorer:498 - Change Database Version : DB.6.0.150
2025-12-28 20:47:46,318 [INFO] McuFinderGlobals:63 - Set McuFinder mode to 2 (CubeIDE integrated)
2025-12-28 20:47:46,318 [INFO] UserAuth:171 - activating auth plugin
2025-12-28 20:47:46,321 [INFO] UserAuth:487 - Internet connection configuration mode: 1
2025-12-28 20:47:46,347 [INFO] JxBrowserEngine:152 - Initiate JxBrowser Engine with user profile folder
2025-12-28 20:47:46,509 [INFO] CheckServerUpdateThread:120 - End of CheckServer Thread
2025-12-28 20:47:46,900 [WARN] PackLoader:240 - Cannot read IP mode file for STMicroelectronics.FP-SNS-MOTENVWB1.1.4.0
2025-12-28 20:47:46,909 [WARN] PackLoader:240 - Cannot read IP mode file for STMicroelectronics.FP-ATR-ASTRA1.2.0.2
2025-12-28 20:47:46,919 [WARN] PackLoader:240 - Cannot read IP mode file for STMicroelectronics.X-CUBE-SMBUS.2.1.0
2025-12-28 20:47:46,925 [WARN] PackLoader:240 - Cannot read IP mode file for STMicroelectronics.X-CUBE-ST60.1.0.0
2025-12-28 20:47:46,964 [WARN] PackLoader:240 - Cannot read IP mode file for STMicroelectronics.X-CUBE-AZRTOS-F7.1.1.0
2025-12-28 20:47:46,975 [WARN] PackLoader:240 - Cannot read IP mode file for STMicroelectronics.FP-SNS-MOTENV1.5.1.0
2025-12-28 20:47:47,053 [WARN] PackLoader:240 - Cannot read IP mode file for Infineon.AIROC-Wi-Fi-Bluetooth-STM32.1.7.1
2025-12-28 20:47:47,104 [WARN] PackLoader:240 - Cannot read IP mode file for STMicroelectronics.X-CUBE-AZRTOS-H7.3.4.0
2025-12-28 20:47:47,119 [WARN] PackLoader:240 - Cannot read IP mode file for STMicroelectronics.X-CUBE-DISPLAY.3.0.0
2025-12-28 20:47:47,154 [WARN] PackLoader:240 - Cannot read IP mode file for STMicroelectronics.X-CUBE-NFC10.1.0.0
2025-12-28 20:47:47,170 [WARN] PackLoader:240 - Cannot read IP mode file for STMicroelectronics.X-CUBE-BLEMGR.4.0.0
2025-12-28 20:47:47,181 [WARN] PackLoader:240 - Cannot read IP mode file for STMicroelectronics.X-CUBE-ST60.1.1.0
2025-12-28 20:47:47,188 [WARN] PackLoader:240 - Cannot read IP mode file for emotas.I-CUBE-CANOPEN.1.3.0
2025-12-28 20:47:47,195 [WARN] PackLoader:240 - Cannot read IP mode file for STMicroelectronics.X-CUBE-GNSS1.7.1.0
2025-12-28 20:47:47,201 [WARN] ConditionMgr:438 - getConditionDescription Invalid condition id : Cortex-A Device cause : null
2025-12-28 20:47:47,211 [WARN] ConditionMgr:1044 - genDependencies : Invalid condition id : Cortex-A Device cause : null
2025-12-28 20:47:47,211 [WARN] ConditionMgr:1044 - genDependencies : Invalid condition id : Cortex-A Device cause : null
2025-12-28 20:47:47,211 [WARN] ConditionMgr:1044 - genDependencies : Invalid condition id : Cortex-A Device cause : null
2025-12-28 20:47:47,218 [WARN] PackLoader:240 - Cannot read IP mode file for STMicroelectronics.FP-SNS-STBOX1.2.1.0
2025-12-28 20:47:47,223 [WARN] PackLoader:240 - Cannot read IP mode file for STMicroelectronics.FP-SNS-SMARTAG2.1.2.0
2025-12-28 20:47:47,227 [WARN] PackLoader:240 - Cannot read IP mode file for STMicroelectronics.FP-SNS-FLIGHT1.5.1.0
2025-12-28 20:47:47,236 [INFO] LogOutputStream:77 - [STDOUT_REDIRECT] 1 : Invalid condition id : UX_CORESTACK_Condition cause : null
2025-12-28 20:47:47,237 [INFO] LogOutputStream:77 - [STDOUT_REDIRECT] 1 : Invalid condition id : UX_CORESTACK_Condition cause : null
2025-12-28 20:47:47,237 [INFO] LogOutputStream:77 - [STDOUT_REDIRECT] 1 : Invalid condition id : UX_CORESTACK_Condition cause : null
2025-12-28 20:47:47,237 [INFO] LogOutputStream:77 - [STDOUT_REDIRECT] 1 : Invalid condition id : UX_CORESTACK_Condition cause : null
2025-12-28 20:47:47,237 [INFO] LogOutputStream:77 - [STDOUT_REDIRECT] 1 : Invalid condition id : UX_CORESTACK_Condition cause : null
2025-12-28 20:47:47,242 [WARN] PackLoader:240 - Cannot read IP mode file for STMicroelectronics.X-CUBE-AZRTOS-WL.2.0.0
2025-12-28 20:47:47,248 [WARN] PackLoader:240 - Cannot read IP mode file for STMicroelectronics.FP-SNS-MOTENV1.5.0.0
2025-12-28 20:47:47,254 [INFO] WebApp:169 - Instantiating new browser for Auth
2025-12-28 20:47:47,270 [WARN] PackLoader:240 - Cannot read IP mode file for STMicroelectronics.X-CUBE-AZRTOS-H7RS.1.2.0
2025-12-28 20:47:47,282 [WARN] PackLoader:240 - Cannot read IP mode file for WES.I-CUBE-Cesium.1.3.0
2025-12-28 20:47:47,287 [WARN] PackLoader:240 - Cannot read IP mode file for STMicroelectronics.X-CUBE-BLE2.3.3.0
2025-12-28 20:47:47,305 [WARN] PackLoader:240 - Cannot read IP mode file for STMicroelectronics.X-CUBE-NFC9.1.0.0
2025-12-28 20:47:47,311 [WARN] PackLoader:240 - Cannot read IP mode file for wolfSSL.I-CUBE-wolfSSL.5.8.0
2025-12-28 20:47:47,316 [WARN] PackLoader:240 - Cannot read IP mode file for STMicroelectronics.X-CUBE-BLE1.7.1.0
2025-12-28 20:47:47,320 [WARN] PackLoader:240 - Cannot read IP mode file for wolfSSL.I-CUBE-wolfMQTT.1.19.2
2025-12-28 20:47:47,325 [WARN] PackLoader:240 - Cannot read IP mode file for STMicroelectronics.X-CUBE-FREERTOS.1.4.0
2025-12-28 20:47:47,332 [WARN] PackLoader:240 - Cannot read IP mode file for STMicroelectronics.X-CUBE-EEPRMA1.5.2.0
2025-12-28 20:47:47,342 [WARN] PackLoader:240 - Cannot read IP mode file for STMicroelectronics.X-CUBE-ST67W61.1.1.0
2025-12-28 20:47:47,346 [WARN] PackLoader:240 - Cannot read IP mode file for STMicroelectronics.X-CUBE-AI.10.1.0
2025-12-28 20:47:47,406 [WARN] PackLoader:240 - Cannot read IP mode file for STMicroelectronics.X-CUBE-MEMS1.12.0.0
2025-12-28 20:47:47,518 [WARN] PackLoader:240 - Cannot read IP mode file for STMicroelectronics.X-CUBE-AZRTOS-G0.1.1.0
2025-12-28 20:47:47,523 [WARN] PackLoader:240 - Cannot read IP mode file for STMicroelectronics.X-CUBE-SAFEA1.1.2.2
2025-12-28 20:47:47,531 [WARN] PackLoader:240 - Cannot read IP mode file for STMicroelectronics.X-CUBE-NFC4.3.0.0
2025-12-28 20:47:47,538 [WARN] PackLoader:240 - Cannot read IP mode file for EmbeddedOffice.I-CUBE-FS-RTOS.1.0.1
2025-12-28 20:47:47,541 [WARN] PackLoader:240 - Cannot read IP mode file for STMicroelectronics.X-CUBE-WB05N.2.0.0
2025-12-28 20:47:47,544 [WARN] PackLoader:240 - Cannot read IP mode file for wolfSSL.I-CUBE-wolfTPM.3.8.0
2025-12-28 20:47:47,548 [WARN] PackLoader:240 - Cannot read IP mode file for STMicroelectronics.X-CUBE-TCPP.4.2.0
2025-12-28 20:47:47,552 [WARN] PackLoader:240 - Cannot read IP mode file for RealThread.X-CUBE-RT-Thread_Nano.4.1.1
2025-12-28 20:47:47,554 [WARN] PackLoader:240 - Cannot read IP mode file for STMicroelectronics.FP-ATR-SIGFOX1.3.2.0
2025-12-28 20:47:47,558 [WARN] PackLoader:240 - Cannot read IP mode file for STMicroelectronics.X-CUBE-EEPRMA1.5.1.0
2025-12-28 20:47:47,563 [WARN] PackLoader:240 - Cannot read IP mode file for ITTIA_DB.I-CUBE-ITTIADB.8.9.0
2025-12-28 20:47:47,567 [WARN] PackLoader:240 - Cannot read IP mode file for STMicroelectronics.X-CUBE-ST67W61.1.0.0
2025-12-28 20:47:47,571 [WARN] PackLoader:240 - Cannot read IP mode file for STMicroelectronics.X-CUBE-AI.10.2.0
2025-12-28 20:47:47,588 [WARN] PackLoader:240 - Cannot read IP mode file for SEGGER.I-CUBE-embOS.1.3.1
2025-12-28 20:47:47,637 [WARN] PackLoader:240 - Cannot read IP mode file for STMicroelectronics.X-CUBE-ALGOBUILD.1.4.0
2025-12-28 20:47:47,686 [WARN] PackLoader:240 - Cannot read IP mode file for STMicroelectronics.X-CUBE-MEMS1.11.3.0
2025-12-28 20:47:47,814 [WARN] PackLoader:240 - Cannot read IP mode file for STMicroelectronics.X-CUBE-PM33A1.1.0.0
2025-12-28 20:47:47,839 [WARN] PackLoader:240 - Cannot read IP mode file for STMicroelectronics.X-CUBE-AZRTOS-F4.1.1.0
2025-12-28 20:47:47,846 [WARN] PackLoader:240 - Cannot read IP mode file for Avnet-IotConnect.X-CUBE-IoTC-DA16k-PMOD.1.0.0
2025-12-28 20:47:47,850 [WARN] PackLoader:240 - Cannot read IP mode file for STMicroelectronics.X-CUBE-ISPU.2.1.0
2025-12-28 20:47:47,868 [WARN] PackLoader:240 - Cannot read IP mode file for STMicroelectronics.X-CUBE-IPS.3.2.0
2025-12-28 20:47:47,881 [WARN] PackLoader:240 - Cannot read IP mode file for STMicroelectronics.X-CUBE-NFC12.1.0.0
2025-12-28 20:47:47,901 [WARN] PackLoader:240 - Cannot read IP mode file for STMicroelectronics.X-CUBE-AZRTOS-L5.2.0.0
2025-12-28 20:47:47,910 [WARN] PackLoader:240 - Cannot read IP mode file for STMicroelectronics.X-CUBE-NFC6.3.1.0
2025-12-28 20:47:47,918 [WARN] PackLoader:240 - Cannot read IP mode file for STMicroelectronics.X-CUBE-FREERTOS.1.3.1
2025-12-28 20:47:47,923 [WARN] PackLoader:240 - Cannot read IP mode file for STMicroelectronics.X-CUBE-TOUCHGFX.4.26.0
2025-12-28 20:47:47,928 [WARN] PackLoader:240 - Cannot read IP mode file for STMicroelectronics.FP-SNS-STAIOTCFT.1.0.0
2025-12-28 20:47:47,933 [WARN] PackLoader:240 - Cannot read IP mode file for STMicroelectronics.X-CUBE-DPower.1.3.0
2025-12-28 20:47:47,979 [WARN] ConditionMgr:438 - getConditionDescription Invalid condition id : LAN8742 Phy interface Condition cause : null
2025-12-28 20:47:47,980 [WARN] PackLoader:240 - Cannot read IP mode file for STMicroelectronics.X-CUBE-AZRTOS-L4.2.0.0
2025-12-28 20:47:47,982 [WARN] ConditionMgr:1044 - genDependencies : Invalid condition id : LAN8742 Phy interface Condition cause : null
2025-12-28 20:47:47,983 [WARN] ConditionMgr:1044 - genDependencies : Invalid condition id : LAN8742 Phy interface Condition cause : null
2025-12-28 20:47:47,983 [WARN] ConditionMgr:1044 - genDependencies : Invalid condition id : LAN8742 Phy interface Condition cause : null
2025-12-28 20:47:48,009 [WARN] PackLoader:240 - Cannot read IP mode file for STMicroelectronics.X-CUBE-SFXS2LP1.4.0.0
2025-12-28 20:47:48,041 [WARN] PackLoader:240 - Cannot read IP mode file for STMicroelectronics.X-CUBE-BLEMGR.4.1.0
2025-12-28 20:47:48,060 [WARN] ConditionMgr:438 - getConditionDescription Invalid condition id : UX DEVICE CLASS RTOS Condition cause : null
2025-12-28 20:47:48,060 [WARN] ConditionMgr:438 - getConditionDescription Invalid condition id : UX DEVICE CLASS RTOS Condition cause : null
2025-12-28 20:47:48,064 [WARN] PackLoader:240 - Cannot read IP mode file for STMicroelectronics.X-CUBE-AZRTOS-WB.2.0.0
2025-12-28 20:47:48,064 [WARN] ConditionMgr:1044 - genDependencies : Invalid condition id : UX DEVICE CLASS RTOS Condition cause : null
2025-12-28 20:47:48,064 [WARN] ConditionMgr:1044 - genDependencies : Invalid condition id : UX DEVICE CLASS RTOS Condition cause : null
2025-12-28 20:47:48,065 [WARN] ConditionMgr:1044 - genDependencies : Invalid condition id : UX DEVICE CLASS RTOS Condition cause : null
2025-12-28 20:47:48,065 [WARN] ConditionMgr:1044 - genDependencies : Invalid condition id : UX DEVICE CLASS RTOS Condition cause : null
2025-12-28 20:47:48,065 [WARN] ConditionMgr:1044 - genDependencies : Invalid condition id : UX DEVICE CLASS RTOS Condition cause : null
2025-12-28 20:47:48,071 [WARN] PackLoader:240 - Cannot read IP mode file for STMicroelectronics.X-CUBE-GNSS1.7.0.1
2025-12-28 20:47:48,075 [WARN] PackLoader:240 - Cannot read IP mode file for STMicroelectronics.X-CUBE-TOUCHGFX.4.25.0
2025-12-28 20:47:48,083 [WARN] PackLoader:240 - Cannot read IP mode file for STMicroelectronics.FP-SNS-STBOX1.2.0.0
2025-12-28 20:47:48,096 [WARN] PackLoader:240 - Cannot read IP mode file for STMicroelectronics.X-CUBE-SUBG2.5.0.0
2025-12-28 20:47:48,122 [WARN] PackLoader:240 - Cannot read IP mode file for STMicroelectronics.X-CUBE-AZRTOS-H7RS.1.1.0
2025-12-28 20:47:48,128 [WARN] PackLoader:240 - Cannot read IP mode file for Cesanta.I-CUBE-Mongoose.7.13.0
2025-12-28 20:47:48,142 [WARN] PackLoader:240 - Cannot read IP mode file for STMicroelectronics.X-CUBE-AZRTOS-G4.2.0.0
2025-12-28 20:47:48,147 [WARN] PackLoader:240 - Cannot read IP mode file for wolfSSL.I-CUBE-wolfSSH.1.4.20
2025-12-28 20:47:48,151 [WARN] PackLoader:240 - Cannot read IP mode file for STMicroelectronics.X-CUBE-NFC7.2.0.0
2025-12-28 20:47:48,162 [WARN] PackLoader:240 - Cannot read IP mode file for STMicroelectronics.X-CUBE-IPS.3.1.0
2025-12-28 20:47:48,171 [WARN] PackLoader:240 - Cannot read IP mode file for STMicroelectronics.X-CUBE-ALS.1.0.2
2025-12-28 20:47:48,178 [WARN] PackLoader:240 - Cannot read IP mode file for STMicroelectronics.X-CUBE-STSE01.1.0.0
2025-12-28 20:47:48,185 [WARN] PackLoader:240 - Cannot read IP mode file for portGmbH.I-Cube-SoM-uGOAL.1.1.0
2025-12-28 20:47:48,187 [INFO] WebApp:463 - Apply proxy settings
2025-12-28 20:47:48,187 [INFO] WebApp:548 - Chromium requires no authentication
2025-12-28 20:47:48,196 [INFO] WebApp:491 - Direct internet connection detected
2025-12-28 20:47:48,198 [WARN] PackLoader:240 - Cannot read IP mode file for STMicroelectronics.X-CUBE-TOF1.3.4.3
2025-12-28 20:47:48,216 [INFO] ThirdParty:978 - Integrity check success = true
2025-12-28 20:47:48,216 [INFO] IntegrityCheckThread:100 - exiting critical section [integrity check]
2025-12-28 20:47:48,216 [INFO] IntegrityCheckThread:103 - End integrity checks thread
2025-12-28 20:47:48,228 [INFO] WebApp:900 - Register for checkConnection events
2025-12-28 20:47:48,229 [INFO] WebApp:463 - Apply proxy settings
2025-12-28 20:47:48,229 [INFO] WebApp:548 - Chromium requires no authentication
2025-12-28 20:47:48,229 [INFO] WebApp:491 - Direct internet connection detected
2025-12-28 20:47:48,368 [INFO] WebApp:225 - Starting web application
2025-12-28 20:47:48,369 [INFO] WebApp:593 - Web application path used /opt/st/stm32cubeide_1.19.0/plugins/com.st.stm32cube.common.mx_6.15.0.202507011659/db/plugins/mcufinder/reactClient1/index.html
2025-12-28 20:47:50,237 [INFO] WebApp:191 - Connection restablished
2025-12-28 21:15:14,531 [INFO] WebApp:194 - Connection lost
2025-12-28 21:15:24,073 [INFO] WebApp:191 - Connection restablished
2025-12-28 22:08:42,034 [INFO] WebApp:194 - Connection lost
2025-12-28 23:04:32,001 [ERROR] ConfigurationRetriever:142 - IOException on connection: sw-center.st.com
2025-12-28 23:04:32,002 [ERROR] ConfigurationRetriever:142 - IOException on connection: sw-center.st.com
2025-12-28 23:04:32,003 [ERROR] ConfigurationRetriever:142 - IOException on connection: sw-center.st.com
2025-12-28 23:04:32,743 [ERROR] LogOutputStream:75 - [STDERR_REDIRECT] 
