2026-07-25 14:50:40,315 [INFO] Activator:176 - 


2026-07-25 14:50:40,318 [INFO] Activator:177 - !SESSION log4j initialized
2026-07-25 14:50:43,795 [INFO] LogOutputStream:77 - [STDOUT_REDIRECT] 
2026-07-25 14:50:45,368 [INFO] ApplicationProperties:184 - Using Application install path: /opt/st/stm32cubeide_1.19.0/plugins/com.st.stm32cube.common.mx_6.15.0.202507011659
2026-07-25 14:50:45,390 [INFO] DbMcusXml:78 - Set database path to: /opt/st/stm32cubeide_1.19.0/plugins/com.st.stm32cube.common.mx_6.15.0.202507011659//db//mcu/
2026-07-25 14:50:45,391 [INFO] ApiDb:274 - Set plugin database path to: /opt/st/stm32cubeide_1.19.0/plugins/com.st.stm32cube.common.mx_6.15.0.202507011659//db//plugins/boardmanager/
2026-07-25 14:50:45,391 [WARN] ApiDb:259 - Overriding images path with different value:  => /opt/st/stm32cubeide_1.19.0/plugins/com.st.stm32cube.common.mx_6.15.0.202507011659//db//plugins/mcufinder/images/
2026-07-25 14:50:45,398 [INFO] ApiDb:250 - Set database path to: /home/sunbeam/.stmcufinder/plugins/mcufinder//mcu/
2026-07-25 14:50:45,400 [INFO] DbMcusAds:125 - Set database path to: /home/sunbeam/.stmcufinder/plugins/mcufinder//mcu/
2026-07-25 14:50:45,404 [INFO] CrossReferenceDbSqlite:203 - Set database path to: /home/sunbeam/.stmcufinder/plugins/mcufinder//mcu/cs/
2026-07-25 14:50:45,523 [INFO] RulesReader:64 - Compatibility file has been processed (317 Rules)
2026-07-25 14:50:45,583 [INFO] DbMcusXml:78 - Set database path to: /opt/st/stm32cubeide_1.19.0/plugins/com.st.stm32cube.common.mx_6.15.0.202507011659//db//mcu/
2026-07-25 14:50:45,583 [INFO] ApiDb:274 - Set plugin database path to: /opt/st/stm32cubeide_1.19.0/plugins/com.st.stm32cube.common.mx_6.15.0.202507011659//db//plugins/boardmanager/
2026-07-25 14:50:45,583 [INFO] ApiDb:261 - Set plugin images path to: /opt/st/stm32cubeide_1.19.0/plugins/com.st.stm32cube.common.mx_6.15.0.202507011659//db//plugins/mcufinder/images/
2026-07-25 14:50:45,584 [WARN] DbFile:41 - Overriding database path with different value: /home/sunbeam/.stmcufinder/plugins/mcufinder/ => /home/sunbeam/.stmcufinder/plugins/mcufinder
2026-07-25 14:50:45,584 [INFO] ApiDb:250 - Set database path to: /home/sunbeam/.stmcufinder/plugins/mcufinder//mcu/
2026-07-25 14:50:45,584 [WARN] DbFile:41 - Overriding database path with different value: /home/sunbeam/.stmcufinder/plugins/mcufinder/ => /home/sunbeam/.stmcufinder/plugins/mcufinder
2026-07-25 14:50:45,584 [INFO] DbMcusAds:125 - Set database path to: /home/sunbeam/.stmcufinder/plugins/mcufinder//mcu/
2026-07-25 14:50:45,584 [WARN] DbFile:41 - Overriding database path with different value: /home/sunbeam/.stmcufinder/plugins/mcufinder/ => /home/sunbeam/.stmcufinder/plugins/mcufinder
2026-07-25 14:50:45,584 [WARN] DbFile:41 - Overriding database path with different value: /home/sunbeam/.stmcufinder/plugins/mcufinder/ => /home/sunbeam/.stmcufinder/plugins/mcufinder
2026-07-25 14:50:45,584 [INFO] CrossReferenceDbSqlite:203 - Set database path to: /home/sunbeam/.stmcufinder/plugins/mcufinder//mcu/cs/
2026-07-25 14:50:45,647 [INFO] MainPanel:274 - HeapMemory: 268435456
2026-07-25 14:50:45,852 [INFO] DbMcusXml:78 - Set database path to: /opt/st/stm32cubeide_1.19.0/plugins/com.st.stm32cube.common.mx_6.15.0.202507011659//db//mcu/
2026-07-25 14:50:45,853 [INFO] ApiDb:274 - Set plugin database path to: /opt/st/stm32cubeide_1.19.0/plugins/com.st.stm32cube.common.mx_6.15.0.202507011659//db//plugins/boardmanager/
2026-07-25 14:50:45,853 [INFO] ApiDb:261 - Set plugin images path to: /opt/st/stm32cubeide_1.19.0/plugins/com.st.stm32cube.common.mx_6.15.0.202507011659//db//plugins/mcufinder/images/
2026-07-25 14:50:45,853 [WARN] DbFile:41 - Overriding database path with different value: /home/sunbeam/.stmcufinder/plugins/mcufinder/ => /home/sunbeam/.stmcufinder/plugins/mcufinder
2026-07-25 14:50:45,853 [INFO] ApiDb:250 - Set database path to: /home/sunbeam/.stmcufinder/plugins/mcufinder//mcu/
2026-07-25 14:50:45,853 [WARN] DbFile:41 - Overriding database path with different value: /home/sunbeam/.stmcufinder/plugins/mcufinder/ => /home/sunbeam/.stmcufinder/plugins/mcufinder
2026-07-25 14:50:45,853 [INFO] DbMcusAds:125 - Set database path to: /home/sunbeam/.stmcufinder/plugins/mcufinder//mcu/
2026-07-25 14:50:45,853 [WARN] DbFile:41 - Overriding database path with different value: /home/sunbeam/.stmcufinder/plugins/mcufinder/ => /home/sunbeam/.stmcufinder/plugins/mcufinder
2026-07-25 14:50:45,854 [WARN] DbFile:41 - Overriding database path with different value: /home/sunbeam/.stmcufinder/plugins/mcufinder/ => /home/sunbeam/.stmcufinder/plugins/mcufinder
2026-07-25 14:50:45,854 [INFO] CrossReferenceDbSqlite:203 - Set database path to: /home/sunbeam/.stmcufinder/plugins/mcufinder//mcu/cs/
2026-07-25 14:50:45,869 [INFO] ApplicationProperties:184 - Using Application install path: /opt/st/stm32cubeide_1.19.0/plugins/com.st.stm32cube.common.mx_6.15.0.202507011659
2026-07-25 14:50:45,870 [INFO] PluginManage:196 - Search for loadable plugins [exclusion list=, ]
2026-07-25 14:50:45,871 [INFO] PluginManage:310 - Check plugin analytics
2026-07-25 14:50:46,022 [INFO] AnalyticsPlugin:253 - Accepted Software Licenses: 
2026-07-25 14:50:46,022 [INFO] AnalyticsPlugin:255 - Accepted CMSIS Pack Licenses: 
2026-07-25 14:50:46,022 [INFO] AnalyticsPlugin:257 - Accepted Firmware Licenses: FW.F4.1.28.0
2026-07-25 14:50:46,025 [INFO] PluginManage:359 - Loaded plugin analytics (category:tool,tabindex:-1)
2026-07-25 14:50:46,025 [INFO] PluginManage:310 - Check plugin cadmodel
2026-07-25 14:50:46,029 [INFO] CADModel:105 - Init CAD model plugin
2026-07-25 14:50:46,029 [INFO] PluginManage:359 - Loaded plugin cadmodel (category:power,tabindex:5)
2026-07-25 14:50:46,029 [INFO] PluginManage:310 - Check plugin clock
2026-07-25 14:50:46,040 [INFO] PluginManage:359 - Loaded plugin clock (category:base,tabindex:2)
2026-07-25 14:50:46,041 [INFO] PluginManage:310 - Check plugin ddr
2026-07-25 14:50:46,042 [INFO] PluginManage:359 - Loaded plugin ddr (category:tool,tabindex:6)
2026-07-25 14:50:46,043 [INFO] PluginManage:310 - Check plugin filemanager
2026-07-25 14:50:46,180 [INFO] PluginManage:359 - Loaded plugin filemanager (category:base,tabindex:10)
2026-07-25 14:50:46,180 [INFO] PluginManage:310 - Check plugin ipmanager
2026-07-25 14:50:46,187 [INFO] PluginManage:359 - Loaded plugin ipmanager (category:base,tabindex:5)
2026-07-25 14:50:46,187 [INFO] PluginManage:310 - Check plugin lpbam
2026-07-25 14:50:46,197 [INFO] PluginManage:359 - Loaded plugin lpbam (category:base,tabindex:0)
2026-07-25 14:50:46,197 [INFO] PluginManage:310 - Check plugin memorymap
2026-07-25 14:50:46,209 [INFO] PluginManage:359 - Loaded plugin memorymap (category:base,tabindex:4)
2026-07-25 14:50:46,209 [INFO] PluginManage:310 - Check plugin pinoutandconfiguration
2026-07-25 14:50:46,217 [INFO] PluginManage:359 - Loaded plugin pinoutandconfiguration (category:base,tabindex:1)
2026-07-25 14:50:46,217 [INFO] PluginManage:310 - Check plugin pinoutconfig
2026-07-25 14:50:46,297 [WARN] SupportedApi:132 - Cannot load RTOS API schema: s4s-elt-must-match.1: The content of 'definitions' must match (annotation?, (simpleType | complexType)?, (unique | key | keyref)*)). A problem was found starting at: attribute.
2026-07-25 14:50:46,411 [INFO] PluginManage:359 - Loaded plugin pinoutconfig (category:base,tabindex:0)
2026-07-25 14:50:46,411 [INFO] PluginManage:310 - Check plugin power
2026-07-25 14:50:46,419 [INFO] PluginManage:359 - Loaded plugin power (category:power,tabindex:4)
2026-07-25 14:50:46,419 [INFO] PluginManage:310 - Check plugin projectmanager
2026-07-25 14:50:46,433 [INFO] PluginManage:359 - Loaded plugin projectmanager (category:projectmanager,tabindex:4)
2026-07-25 14:50:46,434 [INFO] PluginManage:310 - Check plugin rif
2026-07-25 14:50:46,441 [INFO] PluginManage:359 - Loaded plugin rif (category:base,tabindex:3)
2026-07-25 14:50:46,442 [INFO] PluginManage:310 - Check plugin thirdparty
2026-07-25 14:50:46,546 [INFO] PluginManage:359 - Loaded plugin thirdparty (category:base,tabindex:-1)
2026-07-25 14:50:46,546 [INFO] PluginManage:310 - Check plugin tools
2026-07-25 14:50:46,546 [WARN] IntegrityCheckThread:84 - waiting for thirdparty lock release [integrity check]
2026-07-25 14:50:46,546 [INFO] IntegrityCheckThread:86 - entering critical section [integrity check]
2026-07-25 14:50:46,547 [INFO] ThirdPartyUpdaterWithRetryManager:70 - Updater plugin not ready yet. [1/15]
2026-07-25 14:50:46,548 [INFO] PluginManage:359 - Loaded plugin tools (category:base,tabindex:7)
2026-07-25 14:50:46,548 [INFO] PluginManage:310 - Check plugin tutovideos
2026-07-25 14:50:46,698 [INFO] PluginManage:359 - Loaded plugin tutovideos (category:base,tabindex:-1)
2026-07-25 14:50:46,699 [INFO] PluginManage:310 - Check plugin updater
2026-07-25 14:50:46,720 [INFO] PluginManage:359 - Loaded plugin updater (category:base,tabindex:12)
2026-07-25 14:50:46,720 [INFO] PluginManage:310 - Check plugin userauth
2026-07-25 14:50:46,723 [INFO] UserAuth:118 - Init User Auth plugin
2026-07-25 14:50:46,724 [INFO] PluginManage:359 - Loaded plugin userauth (category:base,tabindex:14)
2026-07-25 14:50:46,724 [INFO] PluginManage:283 - PluginManage : Loaded plugins [18]
2026-07-25 14:50:46,866 [INFO] PinOutPanel:1589 - setPackage(No Configuration,No Configuration)
2026-07-25 14:50:46,923 [INFO] CADModel:165 - CPN selected for project level
2026-07-25 14:50:46,923 [INFO] CADModel:114 - Register for checkConnection events
2026-07-25 14:50:46,932 [INFO] IPUIPlugin:80 - create IPUIPlugin
2026-07-25 14:50:46,932 [INFO] PluginManager:220 - loadIPPluginJar : add dfsdm
2026-07-25 14:50:46,937 [INFO] IPUIPlugin:80 - create IPUIPlugin
2026-07-25 14:50:46,937 [INFO] PluginManager:220 - loadIPPluginJar : add gfxmmu
2026-07-25 14:50:46,940 [INFO] IPUIPlugin:80 - create IPUIPlugin
2026-07-25 14:50:46,940 [INFO] PluginManager:220 - loadIPPluginJar : add i3c
2026-07-25 14:50:46,943 [INFO] IPUIPlugin:80 - create IPUIPlugin
2026-07-25 14:50:46,943 [INFO] PluginManager:220 - loadIPPluginJar : add sai
2026-07-25 14:50:46,948 [INFO] IPUIPlugin:80 - create IPUIPlugin
2026-07-25 14:50:46,948 [INFO] PluginManager:220 - loadIPPluginJar : add dma
2026-07-25 14:50:46,950 [INFO] IPUIPlugin:80 - create IPUIPlugin
2026-07-25 14:50:46,950 [INFO] PluginManager:220 - loadIPPluginJar : add quadspi
2026-07-25 14:50:46,953 [INFO] IPUIPlugin:80 - create IPUIPlugin
2026-07-25 14:50:46,954 [INFO] PluginManager:220 - loadIPPluginJar : add opamp
2026-07-25 14:50:46,955 [INFO] IPUIPlugin:80 - create IPUIPlugin
2026-07-25 14:50:46,955 [INFO] PluginManager:220 - loadIPPluginJar : add comp
2026-07-25 14:50:46,961 [INFO] IPUIPlugin:80 - create IPUIPlugin
2026-07-25 14:50:46,964 [INFO] PluginManager:220 - loadIPPluginJar : add plateformsettings
2026-07-25 14:50:46,965 [INFO] IPUIPlugin:80 - create IPUIPlugin
2026-07-25 14:50:46,965 [INFO] PluginManager:220 - loadIPPluginJar : add ltdc
2026-07-25 14:50:46,968 [INFO] IPUIPlugin:80 - create IPUIPlugin
2026-07-25 14:50:46,968 [INFO] PluginManager:220 - loadIPPluginJar : add nvic
2026-07-25 14:50:46,969 [INFO] IPUIPlugin:80 - create IPUIPlugin
2026-07-25 14:50:46,969 [INFO] PluginManager:220 - loadIPPluginJar : add fatfs
2026-07-25 14:50:46,974 [INFO] IPUIPlugin:80 - create IPUIPlugin
2026-07-25 14:50:46,974 [INFO] PluginManager:220 - loadIPPluginJar : add gpio
2026-07-25 14:50:46,977 [INFO] IPUIPlugin:80 - create IPUIPlugin
2026-07-25 14:50:46,978 [INFO] PluginManager:220 - loadIPPluginJar : add aes
2026-07-25 14:50:46,983 [INFO] IPUIPlugin:80 - create IPUIPlugin
2026-07-25 14:50:46,983 [INFO] PluginManager:220 - loadIPPluginJar : add mdma
2026-07-25 14:50:46,986 [INFO] IPUIPlugin:80 - create IPUIPlugin
2026-07-25 14:50:46,986 [INFO] PluginManager:220 - loadIPPluginJar : add pdm2pcm
2026-07-25 14:50:46,994 [INFO] IPUIPlugin:80 - create IPUIPlugin
2026-07-25 14:50:46,994 [INFO] PluginManager:220 - loadIPPluginJar : add linkedlist
2026-07-25 14:50:46,996 [INFO] IPUIPlugin:80 - create IPUIPlugin
2026-07-25 14:50:46,996 [INFO] PluginManager:220 - loadIPPluginJar : add usart
2026-07-25 14:50:46,998 [INFO] IPUIPlugin:80 - create IPUIPlugin
2026-07-25 14:50:46,998 [INFO] PluginManager:220 - loadIPPluginJar : add i2c
2026-07-25 14:50:47,001 [INFO] IPUIPlugin:80 - create IPUIPlugin
2026-07-25 14:50:47,001 [INFO] PluginManager:220 - loadIPPluginJar : add lorawan
2026-07-25 14:50:47,004 [INFO] IPUIPlugin:80 - create IPUIPlugin
2026-07-25 14:50:47,005 [INFO] PluginManager:220 - loadIPPluginJar : add usbx
2026-07-25 14:50:47,010 [INFO] IPUIPlugin:80 - create IPUIPlugin
2026-07-25 14:50:47,011 [INFO] PluginManager:220 - loadIPPluginJar : add fmc
2026-07-25 14:50:47,014 [INFO] IPUIPlugin:80 - create IPUIPlugin
2026-07-25 14:50:47,014 [INFO] PluginManager:220 - loadIPPluginJar : add extmemmanager
2026-07-25 14:50:47,020 [INFO] IPUIPlugin:80 - create IPUIPlugin
2026-07-25 14:50:47,021 [INFO] PluginManager:220 - loadIPPluginJar : add freertos
2026-07-25 14:50:47,024 [INFO] IPUIPlugin:80 - create IPUIPlugin
2026-07-25 14:50:47,024 [INFO] PluginManager:220 - loadIPPluginJar : add can
2026-07-25 14:50:47,028 [INFO] IPUIPlugin:80 - create IPUIPlugin
2026-07-25 14:50:47,028 [INFO] PluginManager:220 - loadIPPluginJar : add touchsensing
2026-07-25 14:50:47,030 [INFO] IPUIPlugin:80 - create IPUIPlugin
2026-07-25 14:50:47,030 [INFO] PluginManager:220 - loadIPPluginJar : add tracer_emb
2026-07-25 14:50:47,032 [INFO] IPUIPlugin:80 - create IPUIPlugin
2026-07-25 14:50:47,033 [INFO] PluginManager:220 - loadIPPluginJar : add ucpd
2026-07-25 14:50:47,035 [INFO] IPUIPlugin:80 - create IPUIPlugin
2026-07-25 14:50:47,035 [INFO] PluginManager:220 - loadIPPluginJar : add ts
2026-07-25 14:50:47,037 [INFO] IPUIPlugin:80 - create IPUIPlugin
2026-07-25 14:50:47,037 [INFO] PluginManager:220 - loadIPPluginJar : add tsc
2026-07-25 14:50:47,041 [INFO] IPUIPlugin:80 - create IPUIPlugin
2026-07-25 14:50:47,042 [INFO] PluginManager:220 - loadIPPluginJar : add resmgrutility
2026-07-25 14:50:47,044 [INFO] IPUIPlugin:80 - create IPUIPlugin
2026-07-25 14:50:47,044 [INFO] PluginManager:220 - loadIPPluginJar : add cryp
2026-07-25 14:50:47,048 [INFO] IPUIPlugin:80 - create IPUIPlugin
2026-07-25 14:50:47,048 [INFO] PluginManager:220 - loadIPPluginJar : add openamp
2026-07-25 14:50:47,055 [INFO] IPUIPlugin:80 - create IPUIPlugin
2026-07-25 14:50:47,055 [INFO] PluginManager:220 - loadIPPluginJar : add adc
2026-07-25 14:50:47,058 [INFO] IPUIPlugin:80 - create IPUIPlugin
2026-07-25 14:50:47,058 [INFO] PluginManager:220 - loadIPPluginJar : add spi
2026-07-25 14:50:47,062 [INFO] IPUIPlugin:80 - create IPUIPlugin
2026-07-25 14:50:47,062 [INFO] PluginManager:220 - loadIPPluginJar : add ipddr
2026-07-25 14:50:47,068 [INFO] IPUIPlugin:80 - create IPUIPlugin
2026-07-25 14:50:47,068 [INFO] PluginManager:220 - loadIPPluginJar : add stm32_wpan
2026-07-25 14:50:47,072 [INFO] IPUIPlugin:80 - create IPUIPlugin
2026-07-25 14:50:47,072 [INFO] PluginManager:220 - loadIPPluginJar : add gic
2026-07-25 14:50:47,076 [INFO] IPUIPlugin:80 - create IPUIPlugin
2026-07-25 14:50:47,076 [INFO] PluginManager:220 - loadIPPluginJar : add ddr_ctrl_phy
2026-07-25 14:50:47,077 [INFO] IPUIPlugin:80 - create IPUIPlugin
2026-07-25 14:50:47,077 [INFO] PluginManager:220 - loadIPPluginJar : add genericplugin
2026-07-25 14:50:47,080 [INFO] IPUIPlugin:80 - create IPUIPlugin
2026-07-25 14:50:47,080 [INFO] PluginManager:220 - loadIPPluginJar : add hash
2026-07-25 14:50:47,082 [INFO] IPUIPlugin:80 - create IPUIPlugin
2026-07-25 14:50:47,082 [INFO] PluginManager:220 - loadIPPluginJar : add tim
2026-07-25 14:50:47,083 [INFO] IPUIPlugin:80 - create IPUIPlugin
2026-07-25 14:50:47,083 [INFO] PluginManager:220 - loadIPPluginJar : add radio
2026-07-25 14:50:47,086 [INFO] IPUIPlugin:80 - create IPUIPlugin
2026-07-25 14:50:47,086 [INFO] PluginManager:220 - loadIPPluginJar : add gtzc
2026-07-25 14:50:47,088 [INFO] IPUIPlugin:80 - create IPUIPlugin
2026-07-25 14:50:47,088 [INFO] PluginManager:220 - loadIPPluginJar : add i2s
2026-07-25 14:50:47,090 [INFO] IPUIPlugin:80 - create IPUIPlugin
2026-07-25 14:50:47,090 [INFO] PluginManager:220 - loadIPPluginJar : add dma3
2026-07-25 14:50:47,190 [FATAL] Updater:351 - Updater called before beeing initialized
2026-07-25 14:50:47,224 [INFO] RulesReader:64 - Compatibility file has been processed (317 Rules)
2026-07-25 14:50:47,238 [INFO] RulesReader:64 - Compatibility file has been processed (317 Rules)
2026-07-25 14:50:47,246 [INFO] CADModel:165 - CPN selected for project level
2026-07-25 14:50:47,246 [INFO] CADModel:114 - Register for checkConnection events
2026-07-25 14:50:47,246 [FATAL] Updater:351 - Updater called before beeing initialized
2026-07-25 14:50:47,246 [ERROR] CADModel:125 - Updater not yet initialized, retry later 
2026-07-25 14:50:47,346 [FATAL] Updater:351 - Updater called before beeing initialized
2026-07-25 14:50:47,348 [INFO] CADModel:165 - CPN selected for project level
2026-07-25 14:50:47,348 [INFO] CADModel:114 - Register for checkConnection events
2026-07-25 14:50:47,348 [FATAL] Updater:351 - Updater called before beeing initialized
2026-07-25 14:50:47,348 [ERROR] CADModel:125 - Updater not yet initialized, retry later 
2026-07-25 14:50:47,351 [FATAL] Updater:351 - Updater called before beeing initialized
2026-07-25 14:50:47,429 [FATAL] Updater:351 - Updater called before beeing initialized
2026-07-25 14:50:47,432 [INFO] DbMcusAds:53 - JSON generation date=Tue Apr 07 13:03:18 IST 2026 (1775547198697)
2026-07-25 14:50:47,432 [FATAL] Updater:351 - Updater called before beeing initialized
2026-07-25 14:50:47,464 [WARN] DetailPanel:346 - Failed to get advertising image, set to default
2026-07-25 14:50:47,521 [FATAL] Updater:351 - Updater called before beeing initialized
2026-07-25 14:50:47,524 [FATAL] Updater:351 - Updater called before beeing initialized
2026-07-25 14:50:47,524 [FATAL] Updater:351 - Updater called before beeing initialized
2026-07-25 14:50:47,524 [WARN] DetailPanel:346 - Failed to get advertising image, set to default
2026-07-25 14:50:47,525 [FATAL] Updater:351 - Updater called before beeing initialized
2026-07-25 14:50:47,552 [ERROR] Updater:1198 - MainUpdater not yet initialized. External WinMGr cannot be set.
2026-07-25 14:50:47,553 [INFO] Updater:1134 - Updater Version found : 6.15.0
2026-07-25 14:50:47,568 [INFO] ApplicationProperties:184 - Using Application install path: /opt/st/stm32cubeide_1.19.0/plugins/com.st.stm32cube.common.mx_6.15.0.202507011659
2026-07-25 14:50:47,884 [INFO] MainUpdater:2872 - connection check result : 10
2026-07-25 14:50:47,884 [INFO] MainUpdater:3604 - Updater definition file requires update
2026-07-25 14:50:47,885 [INFO] MainUpdater:289 - Updater Check For Update Now.
2026-07-25 14:50:47,885 [INFO] MicroXplorer:498 - Change Database Version : DB.6.0.150
2026-07-25 14:50:47,892 [INFO] McuFinderGlobals:63 - Set McuFinder mode to 2 (CubeIDE integrated)
2026-07-25 14:50:47,892 [INFO] UserAuth:171 - activating auth plugin
2026-07-25 14:50:47,895 [INFO] UserAuth:487 - Internet connection configuration mode: 1
2026-07-25 14:50:47,915 [INFO] JxBrowserEngine:152 - Initiate JxBrowser Engine with user profile folder
2026-07-25 14:50:47,925 [INFO] ServerAccessManage:452 - Complete download http(s) 200
2026-07-25 14:50:47,926 [INFO] ServerAccessManage:509 - Download File updaters.zip
2026-07-25 14:50:48,121 [INFO] FileExtend:248 - Unzip File : updaters.zip
2026-07-25 14:50:48,123 [INFO] FileExtend:263 - Standard Zip Deflate
2026-07-25 14:50:48,338 [INFO] ServerAccessManage:452 - Complete download http(s) 200
2026-07-25 14:50:48,338 [INFO] ServerAccessManage:509 - Download File PacksControlFlags.xml
2026-07-25 14:50:48,432 [INFO] ServerAccessManage:452 - Complete download http(s) 200
2026-07-25 14:50:48,432 [INFO] ServerAccessManage:509 - Download File cubemx.pidx
2026-07-25 14:50:48,663 [INFO] ServerAccessManage:452 - Complete download http(s) 200
2026-07-25 14:50:48,664 [INFO] ServerAccessManage:509 - Download File STMicroelectronics.FP-ATR-ASTRA1.pdsc
2026-07-25 14:50:48,978 [INFO] WebApp:169 - Instantiating new browser for Auth
2026-07-25 14:50:49,369 [INFO] ServerAccessManage:452 - Complete download http(s) 200
2026-07-25 14:50:49,369 [INFO] ServerAccessManage:509 - Download File STMicroelectronics.X-CUBE-AI.pdsc
2026-07-25 14:50:49,547 [WARN] MainUpdater:1193 - Updater busy. Cannot search thirdparties
2026-07-25 14:50:49,548 [INFO] ThirdPartyUpdaterWithRetryManager:96 - Updater plugin is busy. [1/15]
2026-07-25 14:50:49,607 [INFO] WebApp:463 - Apply proxy settings
2026-07-25 14:50:49,607 [INFO] WebApp:548 - Chromium requires no authentication
2026-07-25 14:50:49,614 [INFO] WebApp:491 - Direct internet connection detected
2026-07-25 14:50:49,632 [INFO] WebApp:900 - Register for checkConnection events
2026-07-25 14:50:49,633 [INFO] WebApp:463 - Apply proxy settings
2026-07-25 14:50:49,633 [INFO] WebApp:548 - Chromium requires no authentication
2026-07-25 14:50:49,633 [INFO] WebApp:491 - Direct internet connection detected
2026-07-25 14:50:49,740 [INFO] WebApp:225 - Starting web application
2026-07-25 14:50:49,741 [INFO] WebApp:593 - Web application path used /opt/st/stm32cubeide_1.19.0/plugins/com.st.stm32cube.common.mx_6.15.0.202507011659/db/plugins/mcufinder/reactClient1/index.html
2026-07-25 14:50:50,301 [INFO] WebApp:191 - Connection restablished
2026-07-25 14:50:51,061 [INFO] ServerAccessManage:452 - Complete download http(s) 200
2026-07-25 14:50:51,061 [INFO] ServerAccessManage:509 - Download File STMicroelectronics.X-CUBE-BLEMGR.pdsc
2026-07-25 14:50:51,776 [ERROR] ServerAccessManage:1212 - Problem, file not found on Server
2026-07-25 14:50:52,375 [INFO] ServerAccessManage:452 - Complete download http(s) 200
2026-07-25 14:50:52,375 [INFO] ServerAccessManage:509 - Download File STMicroelectronics.X-CUBE-FREERTOS.pdsc
2026-07-25 14:50:52,548 [WARN] MainUpdater:1193 - Updater busy. Cannot search thirdparties
2026-07-25 14:50:52,548 [INFO] ThirdPartyUpdaterWithRetryManager:96 - Updater plugin is busy. [2/15]
2026-07-25 14:50:53,083 [INFO] ServerAccessManage:452 - Complete download http(s) 200
2026-07-25 14:50:53,083 [INFO] ServerAccessManage:509 - Download File STMicroelectronics.X-CUBE-GNSS1.pdsc
2026-07-25 14:50:54,195 [ERROR] ServerAccessManage:1212 - Problem, file not found on Server
2026-07-25 14:50:54,674 [ERROR] ServerAccessManage:1212 - Problem, file not found on Server
2026-07-25 14:50:55,037 [ERROR] ServerAccessManage:1212 - Problem, file not found on Server
2026-07-25 14:50:55,549 [WARN] MainUpdater:1193 - Updater busy. Cannot search thirdparties
2026-07-25 14:50:55,549 [INFO] ThirdPartyUpdaterWithRetryManager:96 - Updater plugin is busy. [3/15]
2026-07-25 14:50:55,966 [ERROR] ServerAccessManage:1212 - Problem, file not found on Server
2026-07-25 14:50:56,666 [ERROR] ServerAccessManage:1212 - Problem, file not found on Server
2026-07-25 14:50:56,894 [ERROR] ServerAccessManage:1212 - Problem, file not found on Server
2026-07-25 14:50:57,558 [INFO] ServerAccessManage:452 - Complete download http(s) 200
2026-07-25 14:50:57,558 [INFO] ServerAccessManage:509 - Download File STMicroelectronics.X-CUBE-MEMS1.pdsc
2026-07-25 14:50:58,550 [WARN] MainUpdater:1193 - Updater busy. Cannot search thirdparties
2026-07-25 14:50:58,550 [INFO] ThirdPartyUpdaterWithRetryManager:96 - Updater plugin is busy. [4/15]
2026-07-25 14:51:01,028 [INFO] ServerAccessManage:452 - Complete download http(s) 200
2026-07-25 14:51:01,028 [INFO] ServerAccessManage:509 - Download File STMicroelectronics.X-CUBE-NFC13.pdsc
2026-07-25 14:51:01,233 [INFO] ServerAccessManage:452 - Complete download http(s) 200
2026-07-25 14:51:01,233 [INFO] ServerAccessManage:509 - Download File STMicroelectronics.X-CUBE-SMBUS.pdsc
2026-07-25 14:51:01,550 [WARN] MainUpdater:1193 - Updater busy. Cannot search thirdparties
2026-07-25 14:51:01,551 [INFO] ThirdPartyUpdaterWithRetryManager:96 - Updater plugin is busy. [5/15]
2026-07-25 14:51:02,023 [ERROR] ServerAccessManage:1212 - Problem, file not found on Server
2026-07-25 14:51:02,178 [INFO] ServerAccessManage:452 - Complete download http(s) 200
2026-07-25 14:51:02,178 [INFO] ServerAccessManage:509 - Download File STMicroelectronics.X-CUBE-ALGOBUILD.pdsc
2026-07-25 14:51:02,806 [INFO] ServerAccessManage:452 - Complete download http(s) 200
2026-07-25 14:51:02,807 [INFO] ServerAccessManage:509 - Download File STMicroelectronics.X-CUBE-AZRTOS-H7RS.pdsc
2026-07-25 14:51:03,376 [INFO] ServerAccessManage:452 - Complete download http(s) 200
2026-07-25 14:51:03,376 [INFO] ServerAccessManage:509 - Download File STMicroelectronics.X-CUBE-WBA.pdsc
2026-07-25 14:51:03,636 [WARN] PackLoader:240 - Cannot read IP mode file for STMicroelectronics.FP-ATR-ASTRA1.2.0.3
2026-07-25 14:51:03,640 [WARN] PackLoader:240 - Cannot read IP mode file for STMicroelectronics.X-CUBE-AI.10.2.1
2026-07-25 14:51:03,644 [WARN] PopulateThirdPartyThread:106 - Error when creating pack: /home/sunbeam/.stm32cubemx/thirdparties/pdsc/STMicroelectronics.X-CUBE-BLEMGR.pdsc
2026-07-25 14:51:03,649 [WARN] PackLoader:240 - Cannot read IP mode file for STMicroelectronics.X-CUBE-FREERTOS.1.6.0
2026-07-25 14:51:03,654 [WARN] PackLoader:240 - Cannot read IP mode file for STMicroelectronics.X-CUBE-GNSS1.7.1.1
2026-07-25 14:51:03,707 [WARN] PackLoader:240 - Cannot read IP mode file for STMicroelectronics.X-CUBE-MEMS1.12.1.0
2026-07-25 14:51:03,763 [INFO] CheckServerUpdateThread:120 - End of CheckServer Thread
2026-07-25 14:51:03,776 [WARN] PackLoader:240 - Cannot read IP mode file for STMicroelectronics.X-CUBE-NFC13.1.0.0
2026-07-25 14:51:03,780 [WARN] PopulateThirdPartyThread:106 - Error when creating pack: /home/sunbeam/.stm32cubemx/thirdparties/pdsc/STMicroelectronics.X-CUBE-SMBUS.pdsc
2026-07-25 14:51:03,783 [WARN] PackLoader:240 - Cannot read IP mode file for STMicroelectronics.X-CUBE-ALGOBUILD.1.5.0
2026-07-25 14:51:03,793 [WARN] PackLoader:240 - Cannot read IP mode file for STMicroelectronics.X-CUBE-AZRTOS-H7RS.1.3.0
2026-07-25 14:51:03,796 [WARN] PopulateThirdPartyThread:106 - Error when creating pack: /home/sunbeam/.stm32cubemx/thirdparties/pdsc/STMicroelectronics.X-CUBE-WBA.pdsc
2026-07-25 14:51:03,796 [INFO] PopulateThirdPartyThread:66 - Ending populate Thread
2026-07-25 14:51:03,797 [INFO] ThirdParty:1030 - CMSIS Pack Vendor :STMicroelectronics X-CUBE-AI 10.2.1
2026-07-25 14:51:03,797 [INFO] ThirdParty:1030 - CMSIS Pack Vendor :STMicroelectronics X-CUBE-MEMS1 12.1.0
2026-07-25 14:51:03,797 [INFO] ThirdParty:1030 - CMSIS Pack Vendor :STMicroelectronics X-CUBE-GNSS1 7.1.1
2026-07-25 14:51:03,797 [INFO] ThirdParty:1030 - CMSIS Pack Vendor :STMicroelectronics FP-ATR-ASTRA1 2.0.3
2026-07-25 14:51:03,797 [INFO] ThirdParty:1030 - CMSIS Pack Vendor :STMicroelectronics X-CUBE-ALGOBUILD 1.5.0
2026-07-25 14:51:03,798 [INFO] ThirdParty:1030 - CMSIS Pack Vendor :STMicroelectronics X-CUBE-AZRTOS-H7RS 1.3.0
2026-07-25 14:51:03,798 [INFO] ThirdParty:1030 - CMSIS Pack Vendor :STMicroelectronics X-CUBE-NFC13 1.0.0
2026-07-25 14:51:03,798 [INFO] ThirdParty:1030 - CMSIS Pack Vendor :STMicroelectronics X-CUBE-FREERTOS 1.6.0
2026-07-25 14:51:03,798 [INFO] LoadServerUpdatesThread:375 - End of LoadServerUpdate Thread
2026-07-25 14:51:04,647 [WARN] PackLoader:240 - Cannot read IP mode file for STMicroelectronics.X-CUBE-AZRTOS-H7.3.5.0
2026-07-25 14:51:04,651 [WARN] PackLoader:240 - Cannot read IP mode file for STMicroelectronics.FP-SNS-MOTENVWB1.1.4.0
2026-07-25 14:51:04,653 [WARN] PackLoader:240 - Cannot read IP mode file for STMicroelectronics.FP-ATR-ASTRA1.2.0.3
2026-07-25 14:51:04,654 [WARN] PackLoader:240 - Cannot read IP mode file for STMicroelectronics.FP-ATR-ASTRA1.2.0.2
2026-07-25 14:51:04,656 [ERROR] Engine:466 - /home/sunbeam/.stm32cubemx/thirdparties/pdsc/STMicroelectronics.X-CUBE-SMBUS.2.1.1.pdsc: PDSC version is not supported
2026-07-25 14:51:04,657 [WARN] PackLoader:240 - Cannot read IP mode file for STMicroelectronics.X-CUBE-SMBUS.2.1.0
2026-07-25 14:51:04,659 [WARN] PackLoader:240 - Cannot read IP mode file for STMicroelectronics.X-CUBE-ST60.1.0.0
2026-07-25 14:51:04,668 [WARN] PackLoader:240 - Cannot read IP mode file for STMicroelectronics.X-CUBE-AZRTOS-F7.1.1.0
2026-07-25 14:51:04,672 [WARN] PackLoader:240 - Cannot read IP mode file for STMicroelectronics.X-CUBE-FREERTOS.1.6.0
2026-07-25 14:51:04,674 [WARN] PackLoader:240 - Cannot read IP mode file for STMicroelectronics.FP-SNS-MOTENV1.5.1.0
2026-07-25 14:51:04,683 [WARN] PackLoader:240 - Cannot read IP mode file for STMicroelectronics.X-CUBE-AZRTOS-H7RS.1.3.0
2026-07-25 14:51:04,696 [WARN] PackLoader:240 - Cannot read IP mode file for Infineon.AIROC-Wi-Fi-Bluetooth-STM32.1.7.1
2026-07-25 14:51:04,709 [WARN] PackLoader:240 - Cannot read IP mode file for STMicroelectronics.X-CUBE-AZRTOS-H7.3.4.0
2026-07-25 14:51:04,715 [WARN] PackLoader:240 - Cannot read IP mode file for STMicroelectronics.X-CUBE-DISPLAY.3.0.0
2026-07-25 14:51:04,719 [WARN] PackLoader:240 - Cannot read IP mode file for STMicroelectronics.X-CUBE-GNSS1.7.1.1
2026-07-25 14:51:04,721 [WARN] PackLoader:240 - Cannot read IP mode file for STMicroelectronics.FP-SNS-MOTENVWB1.1.5.0
2026-07-25 14:51:04,724 [WARN] PackLoader:240 - Cannot read IP mode file for STMicroelectronics.X-CUBE-NFC10.1.0.0
2026-07-25 14:51:04,730 [WARN] PackLoader:240 - Cannot read IP mode file for STMicroelectronics.X-CUBE-BLEMGR.4.0.0
2026-07-25 14:51:04,734 [WARN] PackLoader:240 - Cannot read IP mode file for STMicroelectronics.X-CUBE-ST60.1.1.0
2026-07-25 14:51:04,737 [WARN] PackLoader:240 - Cannot read IP mode file for emotas.I-CUBE-CANOPEN.1.3.0
2026-07-25 14:51:04,738 [ERROR] Engine:466 - /home/sunbeam/.stm32cubemx/thirdparties/pdsc/STMicroelectronics.X-CUBE-WBA.1.1.0.pdsc: PDSC version is not supported
2026-07-25 14:51:04,740 [WARN] PackLoader:240 - Cannot read IP mode file for STMicroelectronics.X-CUBE-GNSS1.7.1.0
2026-07-25 14:51:04,743 [WARN] ConditionMgr:438 - getConditionDescription Invalid condition id : Cortex-A Device cause : null
2026-07-25 14:51:04,748 [WARN] ConditionMgr:1044 - genDependencies : Invalid condition id : Cortex-A Device cause : null
2026-07-25 14:51:04,748 [WARN] ConditionMgr:1044 - genDependencies : Invalid condition id : Cortex-A Device cause : null
2026-07-25 14:51:04,748 [WARN] ConditionMgr:1044 - genDependencies : Invalid condition id : Cortex-A Device cause : null
2026-07-25 14:51:04,752 [WARN] PackLoader:240 - Cannot read IP mode file for STMicroelectronics.FP-SNS-STBOX1.2.1.0
2026-07-25 14:51:04,755 [WARN] PackLoader:240 - Cannot read IP mode file for STMicroelectronics.FP-SNS-SMARTAG2.1.2.0
2026-07-25 14:51:04,758 [WARN] PackLoader:240 - Cannot read IP mode file for STMicroelectronics.FP-SNS-FLIGHT1.5.1.0
2026-07-25 14:51:04,763 [INFO] LogOutputStream:77 - [STDOUT_REDIRECT] 1 : Invalid condition id : UX_CORESTACK_Condition cause : null
2026-07-25 14:51:04,764 [INFO] LogOutputStream:77 - [STDOUT_REDIRECT] 1 : Invalid condition id : UX_CORESTACK_Condition cause : null
2026-07-25 14:51:04,764 [INFO] LogOutputStream:77 - [STDOUT_REDIRECT] 1 : Invalid condition id : UX_CORESTACK_Condition cause : null
2026-07-25 14:51:04,764 [INFO] LogOutputStream:77 - [STDOUT_REDIRECT] 1 : Invalid condition id : UX_CORESTACK_Condition cause : null
2026-07-25 14:51:04,764 [INFO] LogOutputStream:77 - [STDOUT_REDIRECT] 1 : Invalid condition id : UX_CORESTACK_Condition cause : null
2026-07-25 14:51:04,765 [WARN] PackLoader:240 - Cannot read IP mode file for STMicroelectronics.X-CUBE-AZRTOS-WL.2.0.0
2026-07-25 14:51:04,768 [WARN] PackLoader:240 - Cannot read IP mode file for STMicroelectronics.FP-SNS-MOTENV1.5.0.0
2026-07-25 14:51:04,779 [WARN] PackLoader:240 - Cannot read IP mode file for STMicroelectronics.X-CUBE-AZRTOS-H7RS.1.2.0
2026-07-25 14:51:04,784 [WARN] PackLoader:240 - Cannot read IP mode file for WES.I-CUBE-Cesium.1.3.0
2026-07-25 14:51:04,787 [WARN] PackLoader:240 - Cannot read IP mode file for STMicroelectronics.X-CUBE-BLE2.3.3.0
2026-07-25 14:51:04,793 [WARN] PackLoader:240 - Cannot read IP mode file for STMicroelectronics.X-CUBE-NFC9.1.0.0
2026-07-25 14:51:04,796 [WARN] PackLoader:240 - Cannot read IP mode file for wolfSSL.I-CUBE-wolfSSL.5.8.0
2026-07-25 14:51:04,798 [WARN] PackLoader:240 - Cannot read IP mode file for STMicroelectronics.X-CUBE-BLE1.7.1.0
2026-07-25 14:51:04,800 [WARN] PackLoader:240 - Cannot read IP mode file for wolfSSL.I-CUBE-wolfMQTT.1.19.2
2026-07-25 14:51:04,803 [WARN] PackLoader:240 - Cannot read IP mode file for STMicroelectronics.X-CUBE-FREERTOS.1.4.0
2026-07-25 14:51:04,806 [WARN] PackLoader:240 - Cannot read IP mode file for STMicroelectronics.X-CUBE-EEPRMA1.5.2.0
2026-07-25 14:51:04,810 [WARN] PackLoader:240 - Cannot read IP mode file for STMicroelectronics.X-CUBE-ST67W61.1.1.0
2026-07-25 14:51:04,812 [WARN] PackLoader:240 - Cannot read IP mode file for STMicroelectronics.X-CUBE-AI.10.1.0
2026-07-25 14:51:04,815 [WARN] PackLoader:240 - Cannot read IP mode file for STMicroelectronics.FP-SNS-STAIOTCFT.1.1.0
2026-07-25 14:51:04,840 [WARN] PackLoader:240 - Cannot read IP mode file for STMicroelectronics.X-CUBE-MEMS1.12.0.0
2026-07-25 14:51:04,898 [WARN] PackLoader:240 - Cannot read IP mode file for STMicroelectronics.X-CUBE-AZRTOS-G0.1.1.0
2026-07-25 14:51:04,902 [WARN] PackLoader:240 - Cannot read IP mode file for STMicroelectronics.X-CUBE-SAFEA1.1.2.2
2026-07-25 14:51:04,905 [WARN] PackLoader:240 - Cannot read IP mode file for STMicroelectronics.X-CUBE-NFC4.3.0.0
2026-07-25 14:51:04,910 [WARN] PackLoader:240 - Cannot read IP mode file for EmbeddedOffice.I-CUBE-FS-RTOS.1.0.1
2026-07-25 14:51:04,913 [WARN] PackLoader:240 - Cannot read IP mode file for STMicroelectronics.X-CUBE-WB05N.2.0.0
2026-07-25 14:51:04,915 [WARN] PackLoader:240 - Cannot read IP mode file for wolfSSL.I-CUBE-wolfTPM.3.8.0
2026-07-25 14:51:04,917 [WARN] PackLoader:240 - Cannot read IP mode file for STMicroelectronics.X-CUBE-TCPP.4.2.0
2026-07-25 14:51:04,921 [WARN] PackLoader:240 - Cannot read IP mode file for RealThread.X-CUBE-RT-Thread_Nano.4.1.1
2026-07-25 14:51:04,923 [WARN] PackLoader:240 - Cannot read IP mode file for STMicroelectronics.FP-ATR-SIGFOX1.3.2.0
2026-07-25 14:51:04,926 [WARN] PackLoader:240 - Cannot read IP mode file for STMicroelectronics.X-CUBE-EEPRMA1.5.1.0
2026-07-25 14:51:04,929 [WARN] PackLoader:240 - Cannot read IP mode file for STMicroelectronics.X-CUBE-FREERTOS.1.5.0
2026-07-25 14:51:04,932 [WARN] PackLoader:240 - Cannot read IP mode file for ITTIA_DB.I-CUBE-ITTIADB.8.9.0
2026-07-25 14:51:04,936 [WARN] PackLoader:240 - Cannot read IP mode file for STMicroelectronics.X-CUBE-NFC6.3.2.0
2026-07-25 14:51:04,940 [WARN] PackLoader:240 - Cannot read IP mode file for STMicroelectronics.X-CUBE-ST67W61.1.0.0
2026-07-25 14:51:04,942 [WARN] PackLoader:240 - Cannot read IP mode file for STMicroelectronics.X-CUBE-AI.10.2.1
2026-07-25 14:51:04,944 [WARN] PackLoader:240 - Cannot read IP mode file for STMicroelectronics.X-CUBE-AI.10.2.0
2026-07-25 14:51:04,987 [WARN] PackLoader:240 - Cannot read IP mode file for STMicroelectronics.X-CUBE-MEMS1.12.1.0
2026-07-25 14:51:05,096 [WARN] PackLoader:240 - Cannot read IP mode file for SEGGER.I-CUBE-embOS.1.3.1
2026-07-25 14:51:05,116 [WARN] PackLoader:240 - Cannot read IP mode file for STMicroelectronics.X-CUBE-ALGOBUILD.1.4.0
2026-07-25 14:51:05,141 [WARN] PackLoader:240 - Cannot read IP mode file for STMicroelectronics.X-CUBE-MEMS1.11.3.0
2026-07-25 14:51:05,212 [WARN] PackLoader:240 - Cannot read IP mode file for STMicroelectronics.X-CUBE-NFC13.1.0.0
2026-07-25 14:51:05,217 [WARN] PackLoader:240 - Cannot read IP mode file for STMicroelectronics.X-CUBE-PM33A1.1.0.0
2026-07-25 14:51:05,225 [WARN] PackLoader:240 - Cannot read IP mode file for STMicroelectronics.X-CUBE-AZRTOS-F4.1.1.0
2026-07-25 14:51:05,228 [WARN] PackLoader:240 - Cannot read IP mode file for Avnet-IotConnect.X-CUBE-IoTC-DA16k-PMOD.1.0.0
2026-07-25 14:51:05,230 [WARN] PackLoader:240 - Cannot read IP mode file for STMicroelectronics.X-CUBE-ISPU.2.1.0
2026-07-25 14:51:05,236 [WARN] PackLoader:240 - Cannot read IP mode file for STMicroelectronics.X-CUBE-IPS.3.2.0
2026-07-25 14:51:05,241 [WARN] PackLoader:240 - Cannot read IP mode file for STMicroelectronics.eDS-WB_DPC_TT-BIDIR.2.1.1
2026-07-25 14:51:05,244 [WARN] PackLoader:240 - Cannot read IP mode file for STMicroelectronics.X-CUBE-NFC12.1.0.0
2026-07-25 14:51:05,252 [WARN] PackLoader:240 - Cannot read IP mode file for STMicroelectronics.X-CUBE-AZRTOS-L5.2.0.0
2026-07-25 14:51:05,257 [WARN] PackLoader:240 - Cannot read IP mode file for STMicroelectronics.X-CUBE-NFC6.3.1.0
2026-07-25 14:51:05,260 [WARN] PackLoader:240 - Cannot read IP mode file for STMicroelectronics.X-CUBE-ALGOBUILD.1.5.0
2026-07-25 14:51:05,262 [WARN] PackLoader:240 - Cannot read IP mode file for STMicroelectronics.eDS-WB_DPC_VIENNA.1.2.0
2026-07-25 14:51:05,263 [WARN] PackLoader:240 - Cannot read IP mode file for STMicroelectronics.eDS-WB_DPC_3PH2L-BIDIR.1.1.1
2026-07-25 14:51:05,265 [ERROR] Engine:466 - /home/sunbeam/.stm32cubemx/thirdparties/pdsc/STMicroelectronics.X-CUBE-ST67W61.1.3.0.pdsc: PDSC version is not supported
2026-07-25 14:51:05,266 [WARN] PackLoader:240 - Cannot read IP mode file for STMicroelectronics.X-CUBE-FREERTOS.1.3.1
2026-07-25 14:51:05,269 [WARN] PackLoader:240 - Cannot read IP mode file for STMicroelectronics.X-CUBE-TOUCHGFX.4.26.0
2026-07-25 14:51:05,271 [WARN] PackLoader:240 - Cannot read IP mode file for STMicroelectronics.FP-SNS-STAIOTCFT.1.0.0
2026-07-25 14:51:05,273 [WARN] PackLoader:240 - Cannot read IP mode file for STMicroelectronics.X-CUBE-DPower.1.3.0
2026-07-25 14:51:05,282 [WARN] ConditionMgr:438 - getConditionDescription Invalid condition id : LAN8742 Phy interface Condition cause : null
2026-07-25 14:51:05,282 [WARN] PackLoader:240 - Cannot read IP mode file for STMicroelectronics.X-CUBE-AZRTOS-L4.2.0.0
2026-07-25 14:51:05,283 [WARN] ConditionMgr:1044 - genDependencies : Invalid condition id : LAN8742 Phy interface Condition cause : null
2026-07-25 14:51:05,283 [WARN] ConditionMgr:1044 - genDependencies : Invalid condition id : LAN8742 Phy interface Condition cause : null
2026-07-25 14:51:05,283 [WARN] ConditionMgr:1044 - genDependencies : Invalid condition id : LAN8742 Phy interface Condition cause : null
2026-07-25 14:51:05,286 [WARN] PackLoader:240 - Cannot read IP mode file for STMicroelectronics.X-CUBE-SFXS2LP1.4.0.0
2026-07-25 14:51:05,289 [WARN] PackLoader:240 - Cannot read IP mode file for STMicroelectronics.X-CUBE-WB05N.2.1.0
2026-07-25 14:51:05,293 [WARN] PackLoader:240 - Cannot read IP mode file for STMicroelectronics.X-CUBE-ST67W61.1.2.0
2026-07-25 14:51:05,299 [WARN] PackLoader:240 - Cannot read IP mode file for STMicroelectronics.X-CUBE-BLEMGR.4.1.0
2026-07-25 14:51:05,307 [WARN] ConditionMgr:438 - getConditionDescription Invalid condition id : UX DEVICE CLASS RTOS Condition cause : null
2026-07-25 14:51:05,308 [WARN] ConditionMgr:438 - getConditionDescription Invalid condition id : UX DEVICE CLASS RTOS Condition cause : null
2026-07-25 14:51:05,309 [WARN] PackLoader:240 - Cannot read IP mode file for STMicroelectronics.X-CUBE-AZRTOS-WB.2.0.0
2026-07-25 14:51:05,309 [WARN] ConditionMgr:1044 - genDependencies : Invalid condition id : UX DEVICE CLASS RTOS Condition cause : null
2026-07-25 14:51:05,309 [WARN] ConditionMgr:1044 - genDependencies : Invalid condition id : UX DEVICE CLASS RTOS Condition cause : null
2026-07-25 14:51:05,309 [WARN] ConditionMgr:1044 - genDependencies : Invalid condition id : UX DEVICE CLASS RTOS Condition cause : null
2026-07-25 14:51:05,309 [WARN] ConditionMgr:1044 - genDependencies : Invalid condition id : UX DEVICE CLASS RTOS Condition cause : null
2026-07-25 14:51:05,309 [WARN] ConditionMgr:1044 - genDependencies : Invalid condition id : UX DEVICE CLASS RTOS Condition cause : null
2026-07-25 14:51:05,313 [WARN] PackLoader:240 - Cannot read IP mode file for STMicroelectronics.X-CUBE-GNSS1.7.0.1
2026-07-25 14:51:05,314 [WARN] PackLoader:240 - Cannot read IP mode file for STMicroelectronics.X-CUBE-TOUCHGFX.4.25.0
2026-07-25 14:51:05,317 [WARN] PackLoader:240 - Cannot read IP mode file for STMicroelectronics.FP-SNS-STBOX1.2.0.0
2026-07-25 14:51:05,321 [WARN] PackLoader:240 - Cannot read IP mode file for STMicroelectronics.X-CUBE-STSE01.2.0.0
2026-07-25 14:51:05,326 [WARN] PackLoader:240 - Cannot read IP mode file for STMicroelectronics.X-CUBE-SUBG2.5.0.0
2026-07-25 14:51:05,337 [WARN] PackLoader:240 - Cannot read IP mode file for STMicroelectronics.X-CUBE-AZRTOS-H7RS.1.1.0
2026-07-25 14:51:05,340 [WARN] PackLoader:240 - Cannot read IP mode file for Cesanta.I-CUBE-Mongoose.7.13.0
2026-07-25 14:51:05,358 [WARN] PackLoader:240 - Cannot read IP mode file for STMicroelectronics.X-CUBE-AZRTOS-G4.2.0.0
2026-07-25 14:51:05,360 [WARN] PackLoader:240 - Cannot read IP mode file for wolfSSL.I-CUBE-wolfSSH.1.4.20
2026-07-25 14:51:05,362 [WARN] PackLoader:240 - Cannot read IP mode file for STMicroelectronics.X-CUBE-NFC7.2.0.0
2026-07-25 14:51:05,369 [WARN] PackLoader:240 - Cannot read IP mode file for STMicroelectronics.X-CUBE-IPS.3.1.0
2026-07-25 14:51:05,374 [ERROR] Engine:466 - /home/sunbeam/.stm32cubemx/thirdparties/pdsc/STMicroelectronics.X-CUBE-BLEMGR.4.2.0.pdsc: PDSC version is not supported
2026-07-25 14:51:05,376 [WARN] PackLoader:240 - Cannot read IP mode file for STMicroelectronics.X-CUBE-ALS.1.0.2
2026-07-25 14:51:05,379 [WARN] PackLoader:240 - Cannot read IP mode file for STMicroelectronics.X-CUBE-STSE01.1.0.0
2026-07-25 14:51:05,382 [WARN] PackLoader:240 - Cannot read IP mode file for portGmbH.I-Cube-SoM-uGOAL.1.1.0
2026-07-25 14:51:05,389 [WARN] PackLoader:240 - Cannot read IP mode file for STMicroelectronics.X-CUBE-TOF1.3.4.3
2026-07-25 14:51:05,395 [INFO] ThirdParty:978 - Integrity check success = true
2026-07-25 14:51:05,395 [INFO] IntegrityCheckThread:100 - exiting critical section [integrity check]
2026-07-25 14:51:05,395 [INFO] IntegrityCheckThread:103 - End integrity checks thread
2026-07-25 14:51:47,374 [ERROR] LogOutputStream:75 - [STDERR_REDIRECT] 
