2025-12-04 09:34:25,302 [INFO] Activator:176 - 


2025-12-04 09:34:25,306 [INFO] Activator:177 - !SESSION log4j initialized
2025-12-04 09:34:29,465 [INFO] LogOutputStream:77 - [STDOUT_REDIRECT] 
2025-12-04 09:34:31,531 [INFO] ApplicationProperties:184 - Using Application install path: /opt/st/stm32cubeide_1.19.0/plugins/com.st.stm32cube.common.mx_6.15.0.202507011659
2025-12-04 09:34:31,548 [INFO] DbMcusXml:78 - Set database path to: /opt/st/stm32cubeide_1.19.0/plugins/com.st.stm32cube.common.mx_6.15.0.202507011659//db//mcu/
2025-12-04 09:34:31,548 [INFO] ApiDb:274 - Set plugin database path to: /opt/st/stm32cubeide_1.19.0/plugins/com.st.stm32cube.common.mx_6.15.0.202507011659//db//plugins/boardmanager/
2025-12-04 09:34:31,548 [WARN] ApiDb:259 - Overriding images path with different value:  => /opt/st/stm32cubeide_1.19.0/plugins/com.st.stm32cube.common.mx_6.15.0.202507011659//db//plugins/mcufinder/images/
2025-12-04 09:34:31,556 [INFO] ApiDb:250 - Set database path to: /home/sunbeam/.stmcufinder/plugins/mcufinder//mcu/
2025-12-04 09:34:31,558 [INFO] DbMcusAds:125 - Set database path to: /home/sunbeam/.stmcufinder/plugins/mcufinder//mcu/
2025-12-04 09:34:31,801 [INFO] CrossReferenceDbSqlite:203 - Set database path to: /home/sunbeam/.stmcufinder/plugins/mcufinder//mcu/cs/
2025-12-04 09:34:31,911 [INFO] RulesReader:64 - Compatibility file has been processed (317 Rules)
2025-12-04 09:34:31,970 [INFO] DbMcusXml:78 - Set database path to: /opt/st/stm32cubeide_1.19.0/plugins/com.st.stm32cube.common.mx_6.15.0.202507011659//db//mcu/
2025-12-04 09:34:31,970 [INFO] ApiDb:274 - Set plugin database path to: /opt/st/stm32cubeide_1.19.0/plugins/com.st.stm32cube.common.mx_6.15.0.202507011659//db//plugins/boardmanager/
2025-12-04 09:34:31,970 [INFO] ApiDb:261 - Set plugin images path to: /opt/st/stm32cubeide_1.19.0/plugins/com.st.stm32cube.common.mx_6.15.0.202507011659//db//plugins/mcufinder/images/
2025-12-04 09:34:31,970 [WARN] DbFile:41 - Overriding database path with different value: /home/sunbeam/.stmcufinder/plugins/mcufinder/ => /home/sunbeam/.stmcufinder/plugins/mcufinder
2025-12-04 09:34:31,970 [INFO] ApiDb:250 - Set database path to: /home/sunbeam/.stmcufinder/plugins/mcufinder//mcu/
2025-12-04 09:34:31,970 [WARN] DbFile:41 - Overriding database path with different value: /home/sunbeam/.stmcufinder/plugins/mcufinder/ => /home/sunbeam/.stmcufinder/plugins/mcufinder
2025-12-04 09:34:31,970 [INFO] DbMcusAds:125 - Set database path to: /home/sunbeam/.stmcufinder/plugins/mcufinder//mcu/
2025-12-04 09:34:31,970 [WARN] DbFile:41 - Overriding database path with different value: /home/sunbeam/.stmcufinder/plugins/mcufinder/ => /home/sunbeam/.stmcufinder/plugins/mcufinder
2025-12-04 09:34:31,971 [WARN] DbFile:41 - Overriding database path with different value: /home/sunbeam/.stmcufinder/plugins/mcufinder/ => /home/sunbeam/.stmcufinder/plugins/mcufinder
2025-12-04 09:34:32,210 [INFO] CrossReferenceDbSqlite:203 - Set database path to: /home/sunbeam/.stmcufinder/plugins/mcufinder//mcu/cs/
2025-12-04 09:34:32,275 [INFO] MainPanel:274 - HeapMemory: 268435456
2025-12-04 09:34:32,384 [INFO] DbMcusXml:78 - Set database path to: /opt/st/stm32cubeide_1.19.0/plugins/com.st.stm32cube.common.mx_6.15.0.202507011659//db//mcu/
2025-12-04 09:34:32,384 [INFO] ApiDb:274 - Set plugin database path to: /opt/st/stm32cubeide_1.19.0/plugins/com.st.stm32cube.common.mx_6.15.0.202507011659//db//plugins/boardmanager/
2025-12-04 09:34:32,384 [INFO] ApiDb:261 - Set plugin images path to: /opt/st/stm32cubeide_1.19.0/plugins/com.st.stm32cube.common.mx_6.15.0.202507011659//db//plugins/mcufinder/images/
2025-12-04 09:34:32,384 [WARN] DbFile:41 - Overriding database path with different value: /home/sunbeam/.stmcufinder/plugins/mcufinder/ => /home/sunbeam/.stmcufinder/plugins/mcufinder
2025-12-04 09:34:32,384 [INFO] ApiDb:250 - Set database path to: /home/sunbeam/.stmcufinder/plugins/mcufinder//mcu/
2025-12-04 09:34:32,384 [WARN] DbFile:41 - Overriding database path with different value: /home/sunbeam/.stmcufinder/plugins/mcufinder/ => /home/sunbeam/.stmcufinder/plugins/mcufinder
2025-12-04 09:34:32,384 [INFO] DbMcusAds:125 - Set database path to: /home/sunbeam/.stmcufinder/plugins/mcufinder//mcu/
2025-12-04 09:34:32,384 [WARN] DbFile:41 - Overriding database path with different value: /home/sunbeam/.stmcufinder/plugins/mcufinder/ => /home/sunbeam/.stmcufinder/plugins/mcufinder
2025-12-04 09:34:32,384 [WARN] DbFile:41 - Overriding database path with different value: /home/sunbeam/.stmcufinder/plugins/mcufinder/ => /home/sunbeam/.stmcufinder/plugins/mcufinder
2025-12-04 09:34:32,617 [INFO] CrossReferenceDbSqlite:203 - Set database path to: /home/sunbeam/.stmcufinder/plugins/mcufinder//mcu/cs/
2025-12-04 09:34:32,641 [INFO] ApplicationProperties:184 - Using Application install path: /opt/st/stm32cubeide_1.19.0/plugins/com.st.stm32cube.common.mx_6.15.0.202507011659
2025-12-04 09:34:32,642 [INFO] PluginManage:196 - Search for loadable plugins [exclusion list=, ]
2025-12-04 09:34:32,643 [INFO] PluginManage:310 - Check plugin analytics
2025-12-04 09:34:32,989 [INFO] AnalyticsPlugin:253 - Accepted Software Licenses: 
2025-12-04 09:34:32,989 [INFO] AnalyticsPlugin:255 - Accepted CMSIS Pack Licenses: 
2025-12-04 09:34:32,989 [INFO] AnalyticsPlugin:257 - Accepted Firmware Licenses: FW.F4.1.28.0
2025-12-04 09:34:32,992 [INFO] PluginManage:359 - Loaded plugin analytics (category:tool,tabindex:-1)
2025-12-04 09:34:32,992 [INFO] PluginManage:310 - Check plugin cadmodel
2025-12-04 09:34:32,996 [INFO] CADModel:105 - Init CAD model plugin
2025-12-04 09:34:32,997 [INFO] PluginManage:359 - Loaded plugin cadmodel (category:power,tabindex:5)
2025-12-04 09:34:32,997 [INFO] PluginManage:310 - Check plugin clock
2025-12-04 09:34:33,005 [INFO] PluginManage:359 - Loaded plugin clock (category:base,tabindex:2)
2025-12-04 09:34:33,005 [INFO] PluginManage:310 - Check plugin ddr
2025-12-04 09:34:33,007 [INFO] PluginManage:359 - Loaded plugin ddr (category:tool,tabindex:6)
2025-12-04 09:34:33,007 [INFO] PluginManage:310 - Check plugin filemanager
2025-12-04 09:34:33,112 [INFO] PluginManage:359 - Loaded plugin filemanager (category:base,tabindex:10)
2025-12-04 09:34:33,113 [INFO] PluginManage:310 - Check plugin ipmanager
2025-12-04 09:34:33,116 [INFO] PluginManage:359 - Loaded plugin ipmanager (category:base,tabindex:5)
2025-12-04 09:34:33,117 [INFO] PluginManage:310 - Check plugin lpbam
2025-12-04 09:34:33,124 [INFO] PluginManage:359 - Loaded plugin lpbam (category:base,tabindex:0)
2025-12-04 09:34:33,124 [INFO] PluginManage:310 - Check plugin memorymap
2025-12-04 09:34:33,133 [INFO] PluginManage:359 - Loaded plugin memorymap (category:base,tabindex:4)
2025-12-04 09:34:33,133 [INFO] PluginManage:310 - Check plugin pinoutandconfiguration
2025-12-04 09:34:33,140 [INFO] PluginManage:359 - Loaded plugin pinoutandconfiguration (category:base,tabindex:1)
2025-12-04 09:34:33,140 [INFO] PluginManage:310 - Check plugin pinoutconfig
2025-12-04 09:34:33,201 [WARN] SupportedApi:132 - Cannot load RTOS API schema: s4s-elt-must-match.1: The content of 'definitions' must match (annotation?, (simpleType | complexType)?, (unique | key | keyref)*)). A problem was found starting at: attribute.
2025-12-04 09:34:33,306 [INFO] PluginManage:359 - Loaded plugin pinoutconfig (category:base,tabindex:0)
2025-12-04 09:34:33,307 [INFO] PluginManage:310 - Check plugin power
2025-12-04 09:34:33,318 [INFO] PluginManage:359 - Loaded plugin power (category:power,tabindex:4)
2025-12-04 09:34:33,318 [INFO] PluginManage:310 - Check plugin projectmanager
2025-12-04 09:34:33,329 [INFO] PluginManage:359 - Loaded plugin projectmanager (category:projectmanager,tabindex:4)
2025-12-04 09:34:33,329 [INFO] PluginManage:310 - Check plugin rif
2025-12-04 09:34:33,341 [INFO] PluginManage:359 - Loaded plugin rif (category:base,tabindex:3)
2025-12-04 09:34:33,341 [INFO] PluginManage:310 - Check plugin thirdparty
2025-12-04 09:34:33,448 [INFO] PluginManage:359 - Loaded plugin thirdparty (category:base,tabindex:-1)
2025-12-04 09:34:33,448 [INFO] PluginManage:310 - Check plugin tools
2025-12-04 09:34:33,448 [WARN] IntegrityCheckThread:84 - waiting for thirdparty lock release [integrity check]
2025-12-04 09:34:33,448 [INFO] IntegrityCheckThread:86 - entering critical section [integrity check]
2025-12-04 09:34:33,448 [INFO] ThirdPartyUpdaterWithRetryManager:70 - Updater plugin not ready yet. [1/15]
2025-12-04 09:34:33,450 [INFO] PluginManage:359 - Loaded plugin tools (category:base,tabindex:7)
2025-12-04 09:34:33,450 [INFO] PluginManage:310 - Check plugin tutovideos
2025-12-04 09:34:33,600 [INFO] PluginManage:359 - Loaded plugin tutovideos (category:base,tabindex:-1)
2025-12-04 09:34:33,600 [INFO] PluginManage:310 - Check plugin updater
2025-12-04 09:34:33,618 [INFO] PluginManage:359 - Loaded plugin updater (category:base,tabindex:12)
2025-12-04 09:34:33,618 [INFO] PluginManage:310 - Check plugin userauth
2025-12-04 09:34:33,621 [INFO] UserAuth:118 - Init User Auth plugin
2025-12-04 09:34:33,622 [INFO] PluginManage:359 - Loaded plugin userauth (category:base,tabindex:14)
2025-12-04 09:34:33,622 [INFO] PluginManage:283 - PluginManage : Loaded plugins [18]
2025-12-04 09:34:33,765 [INFO] PinOutPanel:1589 - setPackage(No Configuration,No Configuration)
2025-12-04 09:34:33,815 [INFO] CADModel:165 - CPN selected for project level
2025-12-04 09:34:33,816 [INFO] CADModel:114 - Register for checkConnection events
2025-12-04 09:34:33,824 [INFO] IPUIPlugin:80 - create IPUIPlugin
2025-12-04 09:34:33,824 [INFO] PluginManager:220 - loadIPPluginJar : add dfsdm
2025-12-04 09:34:33,828 [INFO] IPUIPlugin:80 - create IPUIPlugin
2025-12-04 09:34:33,828 [INFO] PluginManager:220 - loadIPPluginJar : add gfxmmu
2025-12-04 09:34:33,830 [INFO] IPUIPlugin:80 - create IPUIPlugin
2025-12-04 09:34:33,830 [INFO] PluginManager:220 - loadIPPluginJar : add i3c
2025-12-04 09:34:33,832 [INFO] IPUIPlugin:80 - create IPUIPlugin
2025-12-04 09:34:33,832 [INFO] PluginManager:220 - loadIPPluginJar : add sai
2025-12-04 09:34:33,836 [INFO] IPUIPlugin:80 - create IPUIPlugin
2025-12-04 09:34:33,837 [INFO] PluginManager:220 - loadIPPluginJar : add dma
2025-12-04 09:34:33,838 [INFO] IPUIPlugin:80 - create IPUIPlugin
2025-12-04 09:34:33,838 [INFO] PluginManager:220 - loadIPPluginJar : add quadspi
2025-12-04 09:34:33,841 [INFO] IPUIPlugin:80 - create IPUIPlugin
2025-12-04 09:34:33,841 [INFO] PluginManager:220 - loadIPPluginJar : add opamp
2025-12-04 09:34:33,842 [INFO] IPUIPlugin:80 - create IPUIPlugin
2025-12-04 09:34:33,842 [INFO] PluginManager:220 - loadIPPluginJar : add comp
2025-12-04 09:34:33,848 [INFO] IPUIPlugin:80 - create IPUIPlugin
2025-12-04 09:34:33,849 [INFO] PluginManager:220 - loadIPPluginJar : add plateformsettings
2025-12-04 09:34:33,851 [INFO] IPUIPlugin:80 - create IPUIPlugin
2025-12-04 09:34:33,851 [INFO] PluginManager:220 - loadIPPluginJar : add ltdc
2025-12-04 09:34:33,854 [INFO] IPUIPlugin:80 - create IPUIPlugin
2025-12-04 09:34:33,854 [INFO] PluginManager:220 - loadIPPluginJar : add nvic
2025-12-04 09:34:33,855 [INFO] IPUIPlugin:80 - create IPUIPlugin
2025-12-04 09:34:33,855 [INFO] PluginManager:220 - loadIPPluginJar : add fatfs
2025-12-04 09:34:33,858 [INFO] IPUIPlugin:80 - create IPUIPlugin
2025-12-04 09:34:33,858 [INFO] PluginManager:220 - loadIPPluginJar : add gpio
2025-12-04 09:34:33,860 [INFO] IPUIPlugin:80 - create IPUIPlugin
2025-12-04 09:34:33,860 [INFO] PluginManager:220 - loadIPPluginJar : add aes
2025-12-04 09:34:33,865 [INFO] IPUIPlugin:80 - create IPUIPlugin
2025-12-04 09:34:33,865 [INFO] PluginManager:220 - loadIPPluginJar : add mdma
2025-12-04 09:34:33,867 [INFO] IPUIPlugin:80 - create IPUIPlugin
2025-12-04 09:34:33,867 [INFO] PluginManager:220 - loadIPPluginJar : add pdm2pcm
2025-12-04 09:34:33,872 [INFO] IPUIPlugin:80 - create IPUIPlugin
2025-12-04 09:34:33,872 [INFO] PluginManager:220 - loadIPPluginJar : add linkedlist
2025-12-04 09:34:33,874 [INFO] IPUIPlugin:80 - create IPUIPlugin
2025-12-04 09:34:33,874 [INFO] PluginManager:220 - loadIPPluginJar : add usart
2025-12-04 09:34:33,875 [INFO] IPUIPlugin:80 - create IPUIPlugin
2025-12-04 09:34:33,875 [INFO] PluginManager:220 - loadIPPluginJar : add i2c
2025-12-04 09:34:33,877 [INFO] IPUIPlugin:80 - create IPUIPlugin
2025-12-04 09:34:33,877 [INFO] PluginManager:220 - loadIPPluginJar : add lorawan
2025-12-04 09:34:33,879 [INFO] IPUIPlugin:80 - create IPUIPlugin
2025-12-04 09:34:33,879 [INFO] PluginManager:220 - loadIPPluginJar : add usbx
2025-12-04 09:34:33,882 [INFO] IPUIPlugin:80 - create IPUIPlugin
2025-12-04 09:34:33,882 [INFO] PluginManager:220 - loadIPPluginJar : add fmc
2025-12-04 09:34:33,884 [INFO] IPUIPlugin:80 - create IPUIPlugin
2025-12-04 09:34:33,884 [INFO] PluginManager:220 - loadIPPluginJar : add extmemmanager
2025-12-04 09:34:33,889 [INFO] IPUIPlugin:80 - create IPUIPlugin
2025-12-04 09:34:33,889 [INFO] PluginManager:220 - loadIPPluginJar : add freertos
2025-12-04 09:34:33,891 [INFO] IPUIPlugin:80 - create IPUIPlugin
2025-12-04 09:34:33,891 [INFO] PluginManager:220 - loadIPPluginJar : add can
2025-12-04 09:34:33,893 [INFO] IPUIPlugin:80 - create IPUIPlugin
2025-12-04 09:34:33,894 [INFO] PluginManager:220 - loadIPPluginJar : add touchsensing
2025-12-04 09:34:33,895 [INFO] IPUIPlugin:80 - create IPUIPlugin
2025-12-04 09:34:33,895 [INFO] PluginManager:220 - loadIPPluginJar : add tracer_emb
2025-12-04 09:34:33,896 [INFO] IPUIPlugin:80 - create IPUIPlugin
2025-12-04 09:34:33,896 [INFO] PluginManager:220 - loadIPPluginJar : add ucpd
2025-12-04 09:34:33,897 [INFO] IPUIPlugin:80 - create IPUIPlugin
2025-12-04 09:34:33,897 [INFO] PluginManager:220 - loadIPPluginJar : add ts
2025-12-04 09:34:33,898 [INFO] IPUIPlugin:80 - create IPUIPlugin
2025-12-04 09:34:33,898 [INFO] PluginManager:220 - loadIPPluginJar : add tsc
2025-12-04 09:34:33,901 [INFO] IPUIPlugin:80 - create IPUIPlugin
2025-12-04 09:34:33,901 [INFO] PluginManager:220 - loadIPPluginJar : add resmgrutility
2025-12-04 09:34:33,902 [INFO] IPUIPlugin:80 - create IPUIPlugin
2025-12-04 09:34:33,902 [INFO] PluginManager:220 - loadIPPluginJar : add cryp
2025-12-04 09:34:33,904 [INFO] IPUIPlugin:80 - create IPUIPlugin
2025-12-04 09:34:33,904 [INFO] PluginManager:220 - loadIPPluginJar : add openamp
2025-12-04 09:34:33,908 [INFO] IPUIPlugin:80 - create IPUIPlugin
2025-12-04 09:34:33,908 [INFO] PluginManager:220 - loadIPPluginJar : add adc
2025-12-04 09:34:33,910 [INFO] IPUIPlugin:80 - create IPUIPlugin
2025-12-04 09:34:33,910 [INFO] PluginManager:220 - loadIPPluginJar : add spi
2025-12-04 09:34:33,912 [INFO] IPUIPlugin:80 - create IPUIPlugin
2025-12-04 09:34:33,912 [INFO] PluginManager:220 - loadIPPluginJar : add ipddr
2025-12-04 09:34:33,926 [INFO] IPUIPlugin:80 - create IPUIPlugin
2025-12-04 09:34:33,926 [INFO] PluginManager:220 - loadIPPluginJar : add stm32_wpan
2025-12-04 09:34:33,931 [INFO] IPUIPlugin:80 - create IPUIPlugin
2025-12-04 09:34:33,931 [INFO] PluginManager:220 - loadIPPluginJar : add gic
2025-12-04 09:34:33,934 [INFO] IPUIPlugin:80 - create IPUIPlugin
2025-12-04 09:34:33,934 [INFO] PluginManager:220 - loadIPPluginJar : add ddr_ctrl_phy
2025-12-04 09:34:33,935 [INFO] IPUIPlugin:80 - create IPUIPlugin
2025-12-04 09:34:33,935 [INFO] PluginManager:220 - loadIPPluginJar : add genericplugin
2025-12-04 09:34:33,937 [INFO] IPUIPlugin:80 - create IPUIPlugin
2025-12-04 09:34:33,937 [INFO] PluginManager:220 - loadIPPluginJar : add hash
2025-12-04 09:34:33,938 [INFO] IPUIPlugin:80 - create IPUIPlugin
2025-12-04 09:34:33,939 [INFO] PluginManager:220 - loadIPPluginJar : add tim
2025-12-04 09:34:33,940 [INFO] IPUIPlugin:80 - create IPUIPlugin
2025-12-04 09:34:33,940 [INFO] PluginManager:220 - loadIPPluginJar : add radio
2025-12-04 09:34:33,942 [INFO] IPUIPlugin:80 - create IPUIPlugin
2025-12-04 09:34:33,942 [INFO] PluginManager:220 - loadIPPluginJar : add gtzc
2025-12-04 09:34:33,943 [INFO] IPUIPlugin:80 - create IPUIPlugin
2025-12-04 09:34:33,944 [INFO] PluginManager:220 - loadIPPluginJar : add i2s
2025-12-04 09:34:33,945 [INFO] IPUIPlugin:80 - create IPUIPlugin
2025-12-04 09:34:33,945 [INFO] PluginManager:220 - loadIPPluginJar : add dma3
2025-12-04 09:34:34,046 [FATAL] Updater:351 - Updater called before beeing initialized
2025-12-04 09:34:34,076 [INFO] RulesReader:64 - Compatibility file has been processed (317 Rules)
2025-12-04 09:34:34,085 [INFO] RulesReader:64 - Compatibility file has been processed (317 Rules)
2025-12-04 09:34:34,090 [INFO] CADModel:165 - CPN selected for project level
2025-12-04 09:34:34,090 [INFO] CADModel:114 - Register for checkConnection events
2025-12-04 09:34:34,090 [FATAL] Updater:351 - Updater called before beeing initialized
2025-12-04 09:34:34,090 [ERROR] CADModel:125 - Updater not yet initialized, retry later 
2025-12-04 09:34:34,181 [FATAL] Updater:351 - Updater called before beeing initialized
2025-12-04 09:34:34,182 [INFO] CADModel:165 - CPN selected for project level
2025-12-04 09:34:34,183 [INFO] CADModel:114 - Register for checkConnection events
2025-12-04 09:34:34,183 [FATAL] Updater:351 - Updater called before beeing initialized
2025-12-04 09:34:34,183 [ERROR] CADModel:125 - Updater not yet initialized, retry later 
2025-12-04 09:34:34,185 [FATAL] Updater:351 - Updater called before beeing initialized
2025-12-04 09:34:34,249 [FATAL] Updater:351 - Updater called before beeing initialized
2025-12-04 09:34:34,254 [INFO] DbMcusAds:53 - JSON generation date=Tue Nov 25 19:38:32 IST 2025 (1764079712287)
2025-12-04 09:34:34,254 [FATAL] Updater:351 - Updater called before beeing initialized
2025-12-04 09:34:34,286 [WARN] DetailPanel:346 - Failed to get advertising image, set to default
2025-12-04 09:34:34,349 [FATAL] Updater:351 - Updater called before beeing initialized
2025-12-04 09:34:34,351 [FATAL] Updater:351 - Updater called before beeing initialized
2025-12-04 09:34:34,351 [FATAL] Updater:351 - Updater called before beeing initialized
2025-12-04 09:34:34,352 [WARN] DetailPanel:346 - Failed to get advertising image, set to default
2025-12-04 09:34:34,352 [FATAL] Updater:351 - Updater called before beeing initialized
2025-12-04 09:34:34,387 [ERROR] Updater:1198 - MainUpdater not yet initialized. External WinMGr cannot be set.
2025-12-04 09:34:34,389 [INFO] Updater:1134 - Updater Version found : 6.15.0
2025-12-04 09:34:34,407 [INFO] ApplicationProperties:184 - Using Application install path: /opt/st/stm32cubeide_1.19.0/plugins/com.st.stm32cube.common.mx_6.15.0.202507011659
2025-12-04 09:34:34,944 [INFO] MainUpdater:2872 - connection check result : 10
2025-12-04 09:34:34,946 [INFO] MainUpdater:289 - Updater Check For Update Now.
2025-12-04 09:34:34,946 [INFO] MicroXplorer:498 - Change Database Version : DB.6.0.150
2025-12-04 09:34:34,952 [INFO] McuFinderGlobals:63 - Set McuFinder mode to 2 (CubeIDE integrated)
2025-12-04 09:34:34,953 [INFO] UserAuth:487 - Internet connection configuration mode: 1
2025-12-04 09:34:34,976 [INFO] JxBrowserEngine:152 - Initiate JxBrowser Engine with user profile folder
2025-12-04 09:34:35,139 [INFO] CheckServerUpdateThread:120 - End of CheckServer Thread
2025-12-04 09:34:35,733 [INFO] WebApp:169 - Instantiating new browser for Auth
2025-12-04 09:34:36,359 [INFO] WebApp:463 - Apply proxy settings
2025-12-04 09:34:36,359 [INFO] WebApp:548 - Chromium requires no authentication
2025-12-04 09:34:36,367 [INFO] WebApp:491 - Direct internet connection detected
2025-12-04 09:34:36,389 [INFO] WebApp:900 - Register for checkConnection events
2025-12-04 09:34:36,389 [INFO] WebApp:463 - Apply proxy settings
2025-12-04 09:34:36,389 [INFO] WebApp:548 - Chromium requires no authentication
2025-12-04 09:34:36,390 [INFO] WebApp:491 - Direct internet connection detected
2025-12-04 09:34:36,527 [INFO] WebApp:225 - Starting web application
2025-12-04 09:34:36,528 [INFO] WebApp:593 - Web application path used /opt/st/stm32cubeide_1.19.0/plugins/com.st.stm32cube.common.mx_6.15.0.202507011659/db/plugins/mcufinder/reactClient1/index.html
2025-12-04 09:34:36,576 [WARN] PackLoader:240 - Cannot read IP mode file for STMicroelectronics.FP-SNS-MOTENVWB1.1.4.0
2025-12-04 09:34:36,584 [WARN] PackLoader:240 - Cannot read IP mode file for STMicroelectronics.FP-ATR-ASTRA1.2.0.2
2025-12-04 09:34:36,592 [WARN] PackLoader:240 - Cannot read IP mode file for STMicroelectronics.X-CUBE-SMBUS.2.1.0
2025-12-04 09:34:36,596 [WARN] PackLoader:240 - Cannot read IP mode file for STMicroelectronics.X-CUBE-ST60.1.0.0
2025-12-04 09:34:36,646 [INFO] UserAuth:487 - Internet connection configuration mode: 1
2025-12-04 09:34:36,649 [WARN] PackLoader:240 - Cannot read IP mode file for STMicroelectronics.X-CUBE-AZRTOS-F7.1.1.0
2025-12-04 09:34:36,662 [WARN] PackLoader:240 - Cannot read IP mode file for STMicroelectronics.FP-SNS-MOTENV1.5.1.0
2025-12-04 09:34:36,694 [WARN] PackLoader:240 - Cannot read IP mode file for Infineon.AIROC-Wi-Fi-Bluetooth-STM32.1.7.1
2025-12-04 09:34:36,728 [WARN] PackLoader:240 - Cannot read IP mode file for STMicroelectronics.X-CUBE-AZRTOS-H7.3.4.0
2025-12-04 09:34:36,740 [WARN] PackLoader:240 - Cannot read IP mode file for STMicroelectronics.X-CUBE-DISPLAY.3.0.0
2025-12-04 09:34:36,756 [WARN] PackLoader:240 - Cannot read IP mode file for STMicroelectronics.X-CUBE-NFC10.1.0.0
2025-12-04 09:34:36,769 [WARN] PackLoader:240 - Cannot read IP mode file for STMicroelectronics.X-CUBE-BLEMGR.4.0.0
2025-12-04 09:34:36,777 [WARN] PackLoader:240 - Cannot read IP mode file for STMicroelectronics.X-CUBE-ST60.1.1.0
2025-12-04 09:34:36,783 [WARN] PackLoader:240 - Cannot read IP mode file for emotas.I-CUBE-CANOPEN.1.3.0
2025-12-04 09:34:36,789 [WARN] PackLoader:240 - Cannot read IP mode file for STMicroelectronics.X-CUBE-GNSS1.7.1.0
2025-12-04 09:34:36,795 [WARN] ConditionMgr:438 - getConditionDescription Invalid condition id : Cortex-A Device cause : null
2025-12-04 09:34:36,807 [WARN] ConditionMgr:1044 - genDependencies : Invalid condition id : Cortex-A Device cause : null
2025-12-04 09:34:36,807 [WARN] ConditionMgr:1044 - genDependencies : Invalid condition id : Cortex-A Device cause : null
2025-12-04 09:34:36,807 [WARN] ConditionMgr:1044 - genDependencies : Invalid condition id : Cortex-A Device cause : null
2025-12-04 09:34:36,814 [WARN] PackLoader:240 - Cannot read IP mode file for STMicroelectronics.FP-SNS-STBOX1.2.1.0
2025-12-04 09:34:36,820 [WARN] PackLoader:240 - Cannot read IP mode file for STMicroelectronics.FP-SNS-SMARTAG2.1.2.0
2025-12-04 09:34:36,824 [WARN] PackLoader:240 - Cannot read IP mode file for STMicroelectronics.FP-SNS-FLIGHT1.5.1.0
2025-12-04 09:34:36,833 [INFO] LogOutputStream:77 - [STDOUT_REDIRECT] 1 : Invalid condition id : UX_CORESTACK_Condition cause : null
2025-12-04 09:34:36,833 [INFO] LogOutputStream:77 - [STDOUT_REDIRECT] 1 : Invalid condition id : UX_CORESTACK_Condition cause : null
2025-12-04 09:34:36,834 [INFO] LogOutputStream:77 - [STDOUT_REDIRECT] 1 : Invalid condition id : UX_CORESTACK_Condition cause : null
2025-12-04 09:34:36,834 [INFO] LogOutputStream:77 - [STDOUT_REDIRECT] 1 : Invalid condition id : UX_CORESTACK_Condition cause : null
2025-12-04 09:34:36,834 [INFO] LogOutputStream:77 - [STDOUT_REDIRECT] 1 : Invalid condition id : UX_CORESTACK_Condition cause : null
2025-12-04 09:34:36,837 [WARN] PackLoader:240 - Cannot read IP mode file for STMicroelectronics.X-CUBE-AZRTOS-WL.2.0.0
2025-12-04 09:34:36,842 [WARN] PackLoader:240 - Cannot read IP mode file for STMicroelectronics.FP-SNS-MOTENV1.5.0.0
2025-12-04 09:34:36,863 [WARN] PackLoader:240 - Cannot read IP mode file for STMicroelectronics.X-CUBE-AZRTOS-H7RS.1.2.0
2025-12-04 09:34:36,872 [WARN] PackLoader:240 - Cannot read IP mode file for WES.I-CUBE-Cesium.1.3.0
2025-12-04 09:34:36,876 [WARN] PackLoader:240 - Cannot read IP mode file for STMicroelectronics.X-CUBE-BLE2.3.3.0
2025-12-04 09:34:36,889 [WARN] PackLoader:240 - Cannot read IP mode file for STMicroelectronics.X-CUBE-NFC9.1.0.0
2025-12-04 09:34:36,895 [WARN] PackLoader:240 - Cannot read IP mode file for wolfSSL.I-CUBE-wolfSSL.5.8.0
2025-12-04 09:34:36,900 [WARN] PackLoader:240 - Cannot read IP mode file for STMicroelectronics.X-CUBE-BLE1.7.1.0
2025-12-04 09:34:36,904 [WARN] PackLoader:240 - Cannot read IP mode file for wolfSSL.I-CUBE-wolfMQTT.1.19.2
2025-12-04 09:34:36,910 [WARN] PackLoader:240 - Cannot read IP mode file for STMicroelectronics.X-CUBE-FREERTOS.1.4.0
2025-12-04 09:34:36,916 [WARN] PackLoader:240 - Cannot read IP mode file for STMicroelectronics.X-CUBE-EEPRMA1.5.2.0
2025-12-04 09:34:36,923 [WARN] PackLoader:240 - Cannot read IP mode file for STMicroelectronics.X-CUBE-ST67W61.1.1.0
2025-12-04 09:34:36,927 [WARN] PackLoader:240 - Cannot read IP mode file for STMicroelectronics.X-CUBE-AI.10.1.0
2025-12-04 09:34:37,003 [WARN] PackLoader:240 - Cannot read IP mode file for STMicroelectronics.X-CUBE-MEMS1.12.0.0
2025-12-04 09:34:37,057 [INFO] WebApp:191 - Connection restablished
2025-12-04 09:34:37,151 [WARN] PackLoader:240 - Cannot read IP mode file for STMicroelectronics.X-CUBE-AZRTOS-G0.1.1.0
2025-12-04 09:34:37,159 [WARN] PackLoader:240 - Cannot read IP mode file for STMicroelectronics.X-CUBE-SAFEA1.1.2.2
2025-12-04 09:34:37,163 [WARN] PackLoader:240 - Cannot read IP mode file for STMicroelectronics.X-CUBE-NFC4.3.0.0
2025-12-04 09:34:37,173 [WARN] PackLoader:240 - Cannot read IP mode file for EmbeddedOffice.I-CUBE-FS-RTOS.1.0.1
2025-12-04 09:34:37,178 [WARN] PackLoader:240 - Cannot read IP mode file for STMicroelectronics.X-CUBE-WB05N.2.0.0
2025-12-04 09:34:37,182 [WARN] PackLoader:240 - Cannot read IP mode file for wolfSSL.I-CUBE-wolfTPM.3.8.0
2025-12-04 09:34:37,187 [WARN] PackLoader:240 - Cannot read IP mode file for STMicroelectronics.X-CUBE-TCPP.4.2.0
2025-12-04 09:34:37,193 [WARN] PackLoader:240 - Cannot read IP mode file for RealThread.X-CUBE-RT-Thread_Nano.4.1.1
2025-12-04 09:34:37,197 [WARN] PackLoader:240 - Cannot read IP mode file for STMicroelectronics.FP-ATR-SIGFOX1.3.2.0
2025-12-04 09:34:37,204 [WARN] PackLoader:240 - Cannot read IP mode file for STMicroelectronics.X-CUBE-EEPRMA1.5.1.0
2025-12-04 09:34:37,211 [WARN] PackLoader:240 - Cannot read IP mode file for ITTIA_DB.I-CUBE-ITTIADB.8.9.0
2025-12-04 09:34:37,216 [WARN] PackLoader:240 - Cannot read IP mode file for STMicroelectronics.X-CUBE-ST67W61.1.0.0
2025-12-04 09:34:37,219 [WARN] PackLoader:240 - Cannot read IP mode file for STMicroelectronics.X-CUBE-AI.10.2.0
2025-12-04 09:34:37,236 [WARN] PackLoader:240 - Cannot read IP mode file for SEGGER.I-CUBE-embOS.1.3.1
2025-12-04 09:34:37,281 [WARN] PackLoader:240 - Cannot read IP mode file for STMicroelectronics.X-CUBE-ALGOBUILD.1.4.0
2025-12-04 09:34:37,325 [WARN] PackLoader:240 - Cannot read IP mode file for STMicroelectronics.X-CUBE-MEMS1.11.3.0
2025-12-04 09:34:37,450 [WARN] PackLoader:240 - Cannot read IP mode file for STMicroelectronics.X-CUBE-PM33A1.1.0.0
2025-12-04 09:34:37,463 [WARN] PackLoader:240 - Cannot read IP mode file for STMicroelectronics.X-CUBE-AZRTOS-F4.1.1.0
2025-12-04 09:34:37,467 [WARN] PackLoader:240 - Cannot read IP mode file for Avnet-IotConnect.X-CUBE-IoTC-DA16k-PMOD.1.0.0
2025-12-04 09:34:37,469 [WARN] PackLoader:240 - Cannot read IP mode file for STMicroelectronics.X-CUBE-ISPU.2.1.0
2025-12-04 09:34:37,488 [WARN] PackLoader:240 - Cannot read IP mode file for STMicroelectronics.X-CUBE-IPS.3.2.0
2025-12-04 09:34:37,501 [WARN] PackLoader:240 - Cannot read IP mode file for STMicroelectronics.X-CUBE-NFC12.1.0.0
2025-12-04 09:34:37,510 [WARN] PackLoader:240 - Cannot read IP mode file for STMicroelectronics.X-CUBE-AZRTOS-L5.2.0.0
2025-12-04 09:34:37,516 [WARN] PackLoader:240 - Cannot read IP mode file for STMicroelectronics.X-CUBE-NFC6.3.1.0
2025-12-04 09:34:37,520 [WARN] PackLoader:240 - Cannot read IP mode file for STMicroelectronics.X-CUBE-FREERTOS.1.3.1
2025-12-04 09:34:37,525 [WARN] PackLoader:240 - Cannot read IP mode file for STMicroelectronics.X-CUBE-TOUCHGFX.4.26.0
2025-12-04 09:34:37,527 [WARN] PackLoader:240 - Cannot read IP mode file for STMicroelectronics.FP-SNS-STAIOTCFT.1.0.0
2025-12-04 09:34:37,530 [WARN] PackLoader:240 - Cannot read IP mode file for STMicroelectronics.X-CUBE-DPower.1.3.0
2025-12-04 09:34:37,540 [WARN] ConditionMgr:438 - getConditionDescription Invalid condition id : LAN8742 Phy interface Condition cause : null
2025-12-04 09:34:37,541 [WARN] PackLoader:240 - Cannot read IP mode file for STMicroelectronics.X-CUBE-AZRTOS-L4.2.0.0
2025-12-04 09:34:37,541 [WARN] ConditionMgr:1044 - genDependencies : Invalid condition id : LAN8742 Phy interface Condition cause : null
2025-12-04 09:34:37,541 [WARN] ConditionMgr:1044 - genDependencies : Invalid condition id : LAN8742 Phy interface Condition cause : null
2025-12-04 09:34:37,542 [WARN] ConditionMgr:1044 - genDependencies : Invalid condition id : LAN8742 Phy interface Condition cause : null
2025-12-04 09:34:37,547 [WARN] PackLoader:240 - Cannot read IP mode file for STMicroelectronics.X-CUBE-SFXS2LP1.4.0.0
2025-12-04 09:34:37,554 [WARN] PackLoader:240 - Cannot read IP mode file for STMicroelectronics.X-CUBE-BLEMGR.4.1.0
2025-12-04 09:34:37,566 [WARN] ConditionMgr:438 - getConditionDescription Invalid condition id : UX DEVICE CLASS RTOS Condition cause : null
2025-12-04 09:34:37,566 [WARN] ConditionMgr:438 - getConditionDescription Invalid condition id : UX DEVICE CLASS RTOS Condition cause : null
2025-12-04 09:34:37,567 [WARN] PackLoader:240 - Cannot read IP mode file for STMicroelectronics.X-CUBE-AZRTOS-WB.2.0.0
2025-12-04 09:34:37,568 [WARN] ConditionMgr:1044 - genDependencies : Invalid condition id : UX DEVICE CLASS RTOS Condition cause : null
2025-12-04 09:34:37,568 [WARN] ConditionMgr:1044 - genDependencies : Invalid condition id : UX DEVICE CLASS RTOS Condition cause : null
2025-12-04 09:34:37,568 [WARN] ConditionMgr:1044 - genDependencies : Invalid condition id : UX DEVICE CLASS RTOS Condition cause : null
2025-12-04 09:34:37,568 [WARN] ConditionMgr:1044 - genDependencies : Invalid condition id : UX DEVICE CLASS RTOS Condition cause : null
2025-12-04 09:34:37,568 [WARN] ConditionMgr:1044 - genDependencies : Invalid condition id : UX DEVICE CLASS RTOS Condition cause : null
2025-12-04 09:34:37,572 [WARN] PackLoader:240 - Cannot read IP mode file for STMicroelectronics.X-CUBE-GNSS1.7.0.1
2025-12-04 09:34:37,575 [WARN] PackLoader:240 - Cannot read IP mode file for STMicroelectronics.X-CUBE-TOUCHGFX.4.25.0
2025-12-04 09:34:37,579 [WARN] PackLoader:240 - Cannot read IP mode file for STMicroelectronics.FP-SNS-STBOX1.2.0.0
2025-12-04 09:34:37,588 [WARN] PackLoader:240 - Cannot read IP mode file for STMicroelectronics.X-CUBE-SUBG2.5.0.0
2025-12-04 09:34:37,607 [WARN] PackLoader:240 - Cannot read IP mode file for STMicroelectronics.X-CUBE-AZRTOS-H7RS.1.1.0
2025-12-04 09:34:37,613 [WARN] PackLoader:240 - Cannot read IP mode file for Cesanta.I-CUBE-Mongoose.7.13.0
2025-12-04 09:34:37,621 [WARN] PackLoader:240 - Cannot read IP mode file for STMicroelectronics.X-CUBE-AZRTOS-G4.2.0.0
2025-12-04 09:34:37,625 [WARN] PackLoader:240 - Cannot read IP mode file for wolfSSL.I-CUBE-wolfSSH.1.4.20
2025-12-04 09:34:37,628 [WARN] PackLoader:240 - Cannot read IP mode file for STMicroelectronics.X-CUBE-NFC7.2.0.0
2025-12-04 09:34:37,635 [WARN] PackLoader:240 - Cannot read IP mode file for STMicroelectronics.X-CUBE-IPS.3.1.0
2025-12-04 09:34:37,639 [WARN] PackLoader:240 - Cannot read IP mode file for STMicroelectronics.X-CUBE-ALS.1.0.2
2025-12-04 09:34:37,644 [WARN] PackLoader:240 - Cannot read IP mode file for STMicroelectronics.X-CUBE-STSE01.1.0.0
2025-12-04 09:34:37,648 [WARN] PackLoader:240 - Cannot read IP mode file for portGmbH.I-Cube-SoM-uGOAL.1.1.0
2025-12-04 09:34:37,658 [WARN] PackLoader:240 - Cannot read IP mode file for STMicroelectronics.X-CUBE-TOF1.3.4.3
2025-12-04 09:34:37,667 [INFO] ThirdParty:978 - Integrity check success = true
2025-12-04 09:34:37,667 [INFO] IntegrityCheckThread:100 - exiting critical section [integrity check]
2025-12-04 09:34:37,667 [INFO] IntegrityCheckThread:103 - End integrity checks thread
2025-12-04 17:56:52,739 [INFO] WebApp:194 - Connection lost
2025-12-04 17:57:54,549 [INFO] WebApp:191 - Connection restablished
2025-12-04 17:57:56,796 [INFO] WebApp:194 - Connection lost
2025-12-04 17:57:57,568 [INFO] WebApp:191 - Connection restablished
2025-12-04 19:08:39,713 [INFO] WebApp:194 - Connection lost
2025-12-04 19:08:48,063 [INFO] WebApp:191 - Connection restablished
2025-12-04 19:09:02,514 [INFO] WebApp:194 - Connection lost
2025-12-04 19:09:07,735 [INFO] WebApp:191 - Connection restablished
2025-12-04 19:09:11,234 [INFO] WebApp:194 - Connection lost
2025-12-04 19:09:12,121 [INFO] WebApp:191 - Connection restablished
2025-12-04 19:09:33,008 [INFO] WebApp:194 - Connection lost
2025-12-04 19:09:46,693 [INFO] WebApp:191 - Connection restablished
2025-12-04 19:10:03,494 [INFO] WebApp:194 - Connection lost
2025-12-04 19:10:12,381 [INFO] WebApp:191 - Connection restablished
2025-12-04 19:10:34,335 [INFO] WebApp:194 - Connection lost
2025-12-04 19:10:40,145 [INFO] WebApp:191 - Connection restablished
2025-12-04 19:10:43,354 [INFO] WebApp:194 - Connection lost
2025-12-04 19:10:44,199 [INFO] WebApp:191 - Connection restablished
2025-12-04 19:11:04,826 [INFO] WebApp:194 - Connection lost
2025-12-04 19:11:11,417 [INFO] WebApp:191 - Connection restablished
2025-12-04 19:11:13,623 [INFO] WebApp:194 - Connection lost
2025-12-04 19:11:14,455 [INFO] WebApp:191 - Connection restablished
2025-12-04 19:11:35,482 [INFO] WebApp:194 - Connection lost
2025-12-04 19:11:44,523 [INFO] WebApp:191 - Connection restablished
2025-12-04 19:12:05,982 [INFO] WebApp:194 - Connection lost
2025-12-04 19:12:15,124 [INFO] WebApp:191 - Connection restablished
2025-12-04 19:12:36,490 [INFO] WebApp:194 - Connection lost
2025-12-04 19:12:41,699 [INFO] WebApp:191 - Connection restablished
2025-12-04 19:12:45,428 [INFO] WebApp:194 - Connection lost
2025-12-04 19:12:46,231 [INFO] WebApp:191 - Connection restablished
2025-12-04 19:13:07,461 [INFO] WebApp:194 - Connection lost
2025-12-04 19:13:16,660 [INFO] WebApp:191 - Connection restablished
2025-12-04 19:13:37,945 [INFO] WebApp:194 - Connection lost
2025-12-04 19:13:47,136 [INFO] WebApp:191 - Connection restablished
2025-12-04 19:14:08,520 [INFO] WebApp:194 - Connection lost
2025-12-04 19:14:14,220 [INFO] WebApp:191 - Connection restablished
2025-12-04 19:14:17,671 [INFO] WebApp:194 - Connection lost
2025-12-04 19:14:17,954 [INFO] WebApp:191 - Connection restablished
2025-12-04 19:14:39,018 [INFO] WebApp:194 - Connection lost
2025-12-04 19:14:47,390 [INFO] WebApp:191 - Connection restablished
2025-12-04 19:15:09,526 [INFO] WebApp:194 - Connection lost
2025-12-04 19:15:14,721 [INFO] WebApp:191 - Connection restablished
2025-12-04 19:15:18,536 [INFO] WebApp:194 - Connection lost
2025-12-04 19:15:19,438 [INFO] WebApp:191 - Connection restablished
2025-12-04 19:15:40,032 [INFO] WebApp:194 - Connection lost
2025-12-04 19:15:49,026 [INFO] WebApp:191 - Connection restablished
2025-12-04 19:16:10,512 [INFO] WebApp:194 - Connection lost
2025-12-04 19:16:20,439 [INFO] WebApp:191 - Connection restablished
2025-12-04 19:16:41,458 [INFO] WebApp:194 - Connection lost
2025-12-04 19:16:46,718 [INFO] WebApp:191 - Connection restablished
2025-12-04 19:16:50,621 [INFO] WebApp:194 - Connection lost
2025-12-04 19:16:51,392 [INFO] WebApp:191 - Connection restablished
2025-12-04 19:17:12,370 [INFO] WebApp:194 - Connection lost
2025-12-04 19:17:21,167 [INFO] WebApp:191 - Connection restablished
2025-12-04 19:17:43,506 [INFO] WebApp:194 - Connection lost
2025-12-04 19:17:48,791 [INFO] WebApp:191 - Connection restablished
2025-12-04 19:17:50,749 [INFO] WebApp:194 - Connection lost
2025-12-04 19:17:51,517 [INFO] WebApp:191 - Connection restablished
2025-12-04 19:17:55,550 [INFO] WebApp:194 - Connection lost
2025-12-04 19:17:56,381 [INFO] WebApp:191 - Connection restablished
2025-12-04 19:18:14,020 [INFO] WebApp:194 - Connection lost
2025-12-04 19:18:22,095 [INFO] WebApp:191 - Connection restablished
2025-12-04 19:18:44,506 [INFO] WebApp:194 - Connection lost
2025-12-04 19:18:53,080 [INFO] WebApp:191 - Connection restablished
2025-12-04 19:19:15,012 [INFO] WebApp:194 - Connection lost
2025-12-04 19:19:20,336 [INFO] WebApp:191 - Connection restablished
2025-12-04 19:19:24,442 [INFO] WebApp:194 - Connection lost
2025-12-04 19:19:25,262 [INFO] WebApp:191 - Connection restablished
2025-12-04 19:19:45,521 [INFO] WebApp:194 - Connection lost
2025-12-04 19:19:55,014 [INFO] WebApp:191 - Connection restablished
2025-12-04 19:20:16,489 [INFO] WebApp:194 - Connection lost
2025-12-04 19:20:25,149 [INFO] WebApp:191 - Connection restablished
2025-12-04 19:20:46,985 [INFO] WebApp:194 - Connection lost
2025-12-04 19:20:56,556 [INFO] WebApp:191 - Connection restablished
2025-12-04 19:21:17,505 [INFO] WebApp:194 - Connection lost
2025-12-04 19:21:23,241 [INFO] WebApp:191 - Connection restablished
2025-12-04 19:21:24,507 [INFO] WebApp:194 - Connection lost
2025-12-04 19:21:25,330 [INFO] WebApp:191 - Connection restablished
2025-12-04 19:21:28,668 [INFO] WebApp:194 - Connection lost
2025-12-04 19:21:29,773 [INFO] WebApp:191 - Connection restablished
2025-12-04 19:21:48,022 [INFO] WebApp:194 - Connection lost
2025-12-04 19:21:56,951 [INFO] WebApp:191 - Connection restablished
2025-12-04 19:22:18,519 [INFO] WebApp:194 - Connection lost
2025-12-04 19:22:24,204 [INFO] WebApp:191 - Connection restablished
2025-12-04 19:22:25,562 [INFO] WebApp:194 - Connection lost
2025-12-04 19:22:26,295 [INFO] WebApp:191 - Connection restablished
2025-12-04 19:22:29,536 [INFO] WebApp:194 - Connection lost
2025-12-04 19:22:29,836 [INFO] WebApp:191 - Connection restablished
2025-12-04 19:22:49,015 [INFO] WebApp:194 - Connection lost
2025-12-04 19:22:57,847 [INFO] WebApp:191 - Connection restablished
2025-12-04 19:23:19,519 [INFO] WebApp:194 - Connection lost
2025-12-04 19:23:24,840 [INFO] WebApp:191 - Connection restablished
2025-12-04 19:23:28,859 [INFO] WebApp:194 - Connection lost
2025-12-04 19:23:29,720 [INFO] WebApp:191 - Connection restablished
2025-12-04 19:23:50,474 [INFO] WebApp:194 - Connection lost
2025-12-04 19:23:55,699 [INFO] WebApp:191 - Connection restablished
2025-12-04 19:23:59,207 [INFO] WebApp:194 - Connection lost
2025-12-04 19:23:59,964 [INFO] WebApp:191 - Connection restablished
2025-12-04 19:24:20,980 [INFO] WebApp:194 - Connection lost
2025-12-04 19:24:26,352 [INFO] WebApp:191 - Connection restablished
2025-12-04 19:24:30,501 [INFO] WebApp:194 - Connection lost
2025-12-04 19:24:31,258 [INFO] WebApp:191 - Connection restablished
2025-12-04 19:24:51,481 [INFO] WebApp:194 - Connection lost
2025-12-04 19:25:00,635 [INFO] WebApp:191 - Connection restablished
2025-12-04 19:25:21,976 [INFO] WebApp:194 - Connection lost
2025-12-04 19:25:30,906 [INFO] WebApp:191 - Connection restablished
2025-12-04 19:25:52,477 [INFO] WebApp:194 - Connection lost
2025-12-04 19:26:00,662 [INFO] WebApp:191 - Connection restablished
2025-12-04 19:26:23,437 [INFO] WebApp:194 - Connection lost
2025-12-04 19:26:32,066 [INFO] WebApp:191 - Connection restablished
2025-12-04 19:26:53,944 [INFO] WebApp:194 - Connection lost
2025-12-04 19:27:02,975 [INFO] WebApp:191 - Connection restablished
2025-12-04 19:27:24,472 [INFO] WebApp:194 - Connection lost
2025-12-04 19:27:33,987 [INFO] WebApp:191 - Connection restablished
2025-12-04 19:27:54,984 [INFO] WebApp:194 - Connection lost
2025-12-04 19:28:03,829 [INFO] WebApp:191 - Connection restablished
2025-12-04 19:28:25,473 [INFO] WebApp:194 - Connection lost
2025-12-04 19:28:34,157 [INFO] WebApp:191 - Connection restablished
2025-12-04 19:28:55,965 [INFO] WebApp:194 - Connection lost
2025-12-04 19:29:01,888 [INFO] WebApp:191 - Connection restablished
2025-12-04 19:29:05,427 [INFO] WebApp:194 - Connection lost
2025-12-04 19:29:05,708 [INFO] WebApp:191 - Connection restablished
2025-12-04 19:29:26,524 [INFO] WebApp:194 - Connection lost
2025-12-04 19:29:35,672 [INFO] WebApp:191 - Connection restablished
2025-12-04 19:29:57,453 [INFO] WebApp:194 - Connection lost
2025-12-04 19:30:06,769 [INFO] WebApp:191 - Connection restablished
2025-12-04 19:30:27,972 [INFO] WebApp:194 - Connection lost
2025-12-04 19:30:36,580 [INFO] WebApp:191 - Connection restablished
2025-12-04 19:30:58,509 [INFO] WebApp:194 - Connection lost
2025-12-04 19:31:08,280 [INFO] WebApp:191 - Connection restablished
2025-12-04 19:31:28,989 [INFO] WebApp:194 - Connection lost
2025-12-04 19:31:34,217 [INFO] WebApp:191 - Connection restablished
2025-12-04 19:31:37,558 [INFO] WebApp:194 - Connection lost
2025-12-04 19:31:38,385 [INFO] WebApp:191 - Connection restablished
2025-12-04 19:31:59,489 [INFO] WebApp:194 - Connection lost
2025-12-04 19:32:08,731 [INFO] WebApp:191 - Connection restablished
2025-12-04 19:32:30,001 [INFO] WebApp:194 - Connection lost
2025-12-04 19:32:39,342 [INFO] WebApp:191 - Connection restablished
2025-12-04 19:33:00,500 [INFO] WebApp:194 - Connection lost
2025-12-04 19:33:09,375 [INFO] WebApp:191 - Connection restablished
2025-12-04 19:33:31,567 [INFO] WebApp:194 - Connection lost
2025-12-04 19:33:40,791 [INFO] WebApp:191 - Connection restablished
2025-12-04 19:34:02,003 [INFO] WebApp:194 - Connection lost
2025-12-04 19:34:11,465 [INFO] WebApp:191 - Connection restablished
2025-12-04 19:34:32,510 [INFO] WebApp:194 - Connection lost
2025-12-04 19:34:41,769 [INFO] WebApp:191 - Connection restablished
2025-12-04 19:35:03,020 [INFO] WebApp:194 - Connection lost
2025-12-04 19:35:08,271 [INFO] WebApp:191 - Connection restablished
2025-12-04 19:35:11,847 [INFO] WebApp:194 - Connection lost
2025-12-04 19:35:12,139 [INFO] WebApp:191 - Connection restablished
2025-12-04 19:35:33,514 [INFO] WebApp:194 - Connection lost
2025-12-04 19:35:42,830 [INFO] WebApp:191 - Connection restablished
2025-12-04 19:36:04,433 [INFO] WebApp:194 - Connection lost
2025-12-04 19:36:12,950 [INFO] WebApp:191 - Connection restablished
2025-12-04 19:36:34,937 [INFO] WebApp:194 - Connection lost
2025-12-04 19:36:40,704 [INFO] WebApp:191 - Connection restablished
2025-12-04 19:36:43,590 [INFO] WebApp:194 - Connection lost
2025-12-04 19:36:44,647 [INFO] WebApp:191 - Connection restablished
2025-12-04 19:37:05,514 [INFO] WebApp:194 - Connection lost
2025-12-04 19:37:15,164 [INFO] WebApp:191 - Connection restablished
2025-12-04 19:37:36,028 [INFO] WebApp:194 - Connection lost
2025-12-04 19:37:51,545 [INFO] WebApp:191 - Connection restablished
2025-12-04 19:38:06,519 [INFO] WebApp:194 - Connection lost
2025-12-04 19:38:15,803 [INFO] WebApp:191 - Connection restablished
2025-12-04 19:38:37,016 [INFO] WebApp:194 - Connection lost
2025-12-04 19:38:47,086 [INFO] WebApp:191 - Connection restablished
2025-12-04 19:39:07,516 [INFO] WebApp:194 - Connection lost
2025-12-04 19:39:16,359 [INFO] WebApp:191 - Connection restablished
2025-12-04 19:39:38,515 [INFO] WebApp:194 - Connection lost
2025-12-04 19:39:47,434 [INFO] WebApp:191 - Connection restablished
2025-12-04 19:40:09,004 [INFO] WebApp:194 - Connection lost
2025-12-04 19:40:14,667 [INFO] WebApp:191 - Connection restablished
2025-12-04 19:40:17,544 [INFO] WebApp:194 - Connection lost
2025-12-04 19:40:18,296 [INFO] WebApp:191 - Connection restablished
2025-12-04 19:40:39,518 [INFO] WebApp:194 - Connection lost
2025-12-04 19:40:48,062 [INFO] WebApp:191 - Connection restablished
2025-12-04 19:41:10,017 [INFO] WebApp:194 - Connection lost
2025-12-04 19:41:15,781 [INFO] WebApp:191 - Connection restablished
2025-12-04 19:41:18,924 [INFO] WebApp:194 - Connection lost
2025-12-04 19:41:19,674 [INFO] WebApp:191 - Connection restablished
2025-12-04 19:41:35,759 [INFO] WebApp:194 - Connection lost
2025-12-04 19:41:45,761 [INFO] WebApp:191 - Connection restablished
2025-12-04 19:41:59,826 [INFO] WebApp:194 - Connection lost
2025-12-04 19:42:08,463 [INFO] WebApp:191 - Connection restablished
2025-12-04 19:42:30,482 [INFO] WebApp:194 - Connection lost
2025-12-04 19:42:39,560 [INFO] WebApp:191 - Connection restablished
2025-12-04 19:43:00,980 [INFO] WebApp:194 - Connection lost
2025-12-04 19:43:09,971 [INFO] WebApp:191 - Connection restablished
2025-12-04 19:43:31,511 [INFO] WebApp:194 - Connection lost
2025-12-04 19:43:37,199 [INFO] WebApp:191 - Connection restablished
2025-12-04 19:43:38,722 [INFO] WebApp:194 - Connection lost
2025-12-04 19:43:39,467 [INFO] WebApp:191 - Connection restablished
2025-12-04 19:43:43,204 [INFO] WebApp:194 - Connection lost
2025-12-04 19:43:44,067 [INFO] WebApp:191 - Connection restablished
2025-12-04 19:44:02,004 [INFO] WebApp:194 - Connection lost
2025-12-04 19:44:11,170 [INFO] WebApp:191 - Connection restablished
2025-12-04 19:44:32,508 [INFO] WebApp:194 - Connection lost
2025-12-04 19:44:41,939 [INFO] WebApp:191 - Connection restablished
2025-12-04 19:45:03,032 [INFO] WebApp:194 - Connection lost
2025-12-04 19:45:12,799 [INFO] WebApp:191 - Connection restablished
2025-12-04 19:45:34,231 [INFO] WebApp:194 - Connection lost
2025-12-04 19:45:39,430 [INFO] WebApp:191 - Connection restablished
2025-12-04 19:45:42,904 [INFO] WebApp:194 - Connection lost
2025-12-04 19:45:43,685 [INFO] WebApp:191 - Connection restablished
2025-12-04 19:46:04,744 [INFO] WebApp:194 - Connection lost
2025-12-04 19:46:13,527 [INFO] WebApp:191 - Connection restablished
2025-12-04 19:46:35,245 [INFO] WebApp:194 - Connection lost
2025-12-04 19:46:44,767 [INFO] WebApp:191 - Connection restablished
2025-12-04 19:47:05,734 [INFO] WebApp:194 - Connection lost
2025-12-04 19:47:15,083 [INFO] WebApp:191 - Connection restablished
2025-12-04 19:47:36,236 [INFO] WebApp:194 - Connection lost
2025-12-04 19:47:45,481 [INFO] WebApp:191 - Connection restablished
2025-12-04 19:48:06,741 [INFO] WebApp:194 - Connection lost
2025-12-04 19:48:15,798 [INFO] WebApp:191 - Connection restablished
2025-12-04 19:48:37,240 [INFO] WebApp:194 - Connection lost
2025-12-04 19:48:46,414 [INFO] WebApp:191 - Connection restablished
2025-12-04 19:49:07,749 [INFO] WebApp:194 - Connection lost
2025-12-04 19:49:13,522 [INFO] WebApp:191 - Connection restablished
2025-12-04 19:49:17,048 [INFO] WebApp:194 - Connection lost
2025-12-04 19:49:17,912 [INFO] WebApp:191 - Connection restablished
2025-12-04 19:49:38,234 [INFO] WebApp:194 - Connection lost
2025-12-04 19:49:53,819 [INFO] WebApp:191 - Connection restablished
2025-12-04 19:50:08,734 [INFO] WebApp:194 - Connection lost
2025-12-04 19:50:18,024 [INFO] WebApp:191 - Connection restablished
2025-12-04 19:50:39,722 [INFO] WebApp:194 - Connection lost
2025-12-04 19:50:44,902 [INFO] WebApp:191 - Connection restablished
2025-12-04 19:50:48,657 [INFO] WebApp:194 - Connection lost
2025-12-04 19:50:49,507 [INFO] WebApp:191 - Connection restablished
2025-12-04 19:51:10,210 [INFO] WebApp:194 - Connection lost
2025-12-04 19:51:15,589 [INFO] WebApp:191 - Connection restablished
2025-12-04 19:51:19,568 [INFO] WebApp:194 - Connection lost
2025-12-04 19:51:19,891 [INFO] WebApp:191 - Connection restablished
2025-12-04 19:51:40,733 [INFO] WebApp:194 - Connection lost
2025-12-04 19:51:49,670 [INFO] WebApp:191 - Connection restablished
2025-12-04 19:52:11,194 [INFO] WebApp:194 - Connection lost
2025-12-04 19:52:16,508 [INFO] WebApp:191 - Connection restablished
2025-12-04 19:52:20,560 [INFO] WebApp:194 - Connection lost
2025-12-04 19:52:21,412 [INFO] WebApp:191 - Connection restablished
2025-12-04 19:52:41,700 [INFO] WebApp:194 - Connection lost
2025-12-04 19:52:51,077 [INFO] WebApp:191 - Connection restablished
2025-12-04 19:53:12,226 [INFO] WebApp:194 - Connection lost
2025-12-04 19:53:21,779 [INFO] WebApp:191 - Connection restablished
2025-12-04 19:53:42,714 [INFO] WebApp:194 - Connection lost
2025-12-04 19:53:51,920 [INFO] WebApp:191 - Connection restablished
2025-12-04 19:54:13,206 [INFO] WebApp:194 - Connection lost
2025-12-04 19:54:22,259 [INFO] WebApp:191 - Connection restablished
                                                            2025-12-04 21:47:40,977 [INFO] Activator:176 - 


2025-12-04 21:47:40,979 [INFO] Activator:177 - !SESSION log4j initialized
2025-12-04 21:47:45,393 [INFO] LogOutputStream:77 - [STDOUT_REDIRECT] 
2025-12-04 21:47:47,456 [INFO] ApplicationProperties:184 - Using Application install path: /opt/st/stm32cubeide_1.19.0/plugins/com.st.stm32cube.common.mx_6.15.0.202507011659
2025-12-04 21:47:47,471 [INFO] DbMcusXml:78 - Set database path to: /opt/st/stm32cubeide_1.19.0/plugins/com.st.stm32cube.common.mx_6.15.0.202507011659//db//mcu/
2025-12-04 21:47:47,471 [INFO] ApiDb:274 - Set plugin database path to: /opt/st/stm32cubeide_1.19.0/plugins/com.st.stm32cube.common.mx_6.15.0.202507011659//db//plugins/boardmanager/
2025-12-04 21:47:47,472 [WARN] ApiDb:259 - Overriding images path with different value:  => /opt/st/stm32cubeide_1.19.0/plugins/com.st.stm32cube.common.mx_6.15.0.202507011659//db//plugins/mcufinder/images/
2025-12-04 21:47:47,478 [INFO] ApiDb:250 - Set database path to: /home/sunbeam/.stmcufinder/plugins/mcufinder//mcu/
2025-12-04 21:47:47,479 [INFO] DbMcusAds:125 - Set database path to: /home/sunbeam/.stmcufinder/plugins/mcufinder//mcu/
2025-12-04 21:47:47,724 [INFO] CrossReferenceDbSqlite:203 - Set database path to: /home/sunbeam/.stmcufinder/plugins/mcufinder//mcu/cs/
2025-12-04 21:47:47,823 [INFO] RulesReader:64 - Compatibility file has been processed (317 Rules)
2025-12-04 21:47:47,874 [INFO] DbMcusXml:78 - Set database path to: /opt/st/stm32cubeide_1.19.0/plugins/com.st.stm32cube.common.mx_6.15.0.202507011659//db//mcu/
2025-12-04 21:47:47,875 [INFO] ApiDb:274 - Set plugin database path to: /opt/st/stm32cubeide_1.19.0/plugins/com.st.stm32cube.common.mx_6.15.0.202507011659//db//plugins/boardmanager/
2025-12-04 21:47:47,875 [INFO] ApiDb:261 - Set plugin images path to: /opt/st/stm32cubeide_1.19.0/plugins/com.st.stm32cube.common.mx_6.15.0.202507011659//db//plugins/mcufinder/images/
2025-12-04 21:47:47,875 [WARN] DbFile:41 - Overriding database path with different value: /home/sunbeam/.stmcufinder/plugins/mcufinder/ => /home/sunbeam/.stmcufinder/plugins/mcufinder
2025-12-04 21:47:47,875 [INFO] ApiDb:250 - Set database path to: /home/sunbeam/.stmcufinder/plugins/mcufinder//mcu/
2025-12-04 21:47:47,875 [WARN] DbFile:41 - Overriding database path with different value: /home/sunbeam/.stmcufinder/plugins/mcufinder/ => /home/sunbeam/.stmcufinder/plugins/mcufinder
2025-12-04 21:47:47,875 [INFO] DbMcusAds:125 - Set database path to: /home/sunbeam/.stmcufinder/plugins/mcufinder//mcu/
2025-12-04 21:47:47,875 [WARN] DbFile:41 - Overriding database path with different value: /home/sunbeam/.stmcufinder/plugins/mcufinder/ => /home/sunbeam/.stmcufinder/plugins/mcufinder
2025-12-04 21:47:47,875 [WARN] DbFile:41 - Overriding database path with different value: /home/sunbeam/.stmcufinder/plugins/mcufinder/ => /home/sunbeam/.stmcufinder/plugins/mcufinder
2025-12-04 21:47:48,207 [INFO] CrossReferenceDbSqlite:203 - Set database path to: /home/sunbeam/.stmcufinder/plugins/mcufinder//mcu/cs/
2025-12-04 21:47:48,285 [INFO] MainPanel:274 - HeapMemory: 268435456
2025-12-04 21:47:48,396 [INFO] DbMcusXml:78 - Set database path to: /opt/st/stm32cubeide_1.19.0/plugins/com.st.stm32cube.common.mx_6.15.0.202507011659//db//mcu/
2025-12-04 21:47:48,397 [INFO] ApiDb:274 - Set plugin database path to: /opt/st/stm32cubeide_1.19.0/plugins/com.st.stm32cube.common.mx_6.15.0.202507011659//db//plugins/boardmanager/
2025-12-04 21:47:48,397 [INFO] ApiDb:261 - Set plugin images path to: /opt/st/stm32cubeide_1.19.0/plugins/com.st.stm32cube.common.mx_6.15.0.202507011659//db//plugins/mcufinder/images/
2025-12-04 21:47:48,397 [WARN] DbFile:41 - Overriding database path with different value: /home/sunbeam/.stmcufinder/plugins/mcufinder/ => /home/sunbeam/.stmcufinder/plugins/mcufinder
2025-12-04 21:47:48,397 [INFO] ApiDb:250 - Set database path to: /home/sunbeam/.stmcufinder/plugins/mcufinder//mcu/
2025-12-04 21:47:48,397 [WARN] DbFile:41 - Overriding database path with different value: /home/sunbeam/.stmcufinder/plugins/mcufinder/ => /home/sunbeam/.stmcufinder/plugins/mcufinder
2025-12-04 21:47:48,397 [INFO] DbMcusAds:125 - Set database path to: /home/sunbeam/.stmcufinder/plugins/mcufinder//mcu/
2025-12-04 21:47:48,397 [WARN] DbFile:41 - Overriding database path with different value: /home/sunbeam/.stmcufinder/plugins/mcufinder/ => /home/sunbeam/.stmcufinder/plugins/mcufinder
2025-12-04 21:47:48,397 [WARN] DbFile:41 - Overriding database path with different value: /home/sunbeam/.stmcufinder/plugins/mcufinder/ => /home/sunbeam/.stmcufinder/plugins/mcufinder
2025-12-04 21:47:48,552 [INFO] CrossReferenceDbSqlite:203 - Set database path to: /home/sunbeam/.stmcufinder/plugins/mcufinder//mcu/cs/
2025-12-04 21:47:48,569 [INFO] ApplicationProperties:184 - Using Application install path: /opt/st/stm32cubeide_1.19.0/plugins/com.st.stm32cube.common.mx_6.15.0.202507011659
2025-12-04 21:47:48,571 [INFO] PluginManage:196 - Search for loadable plugins [exclusion list=, ]
2025-12-04 21:47:48,572 [INFO] PluginManage:310 - Check plugin analytics
2025-12-04 21:47:48,915 [INFO] AnalyticsPlugin:253 - Accepted Software Licenses: 
2025-12-04 21:47:48,915 [INFO] AnalyticsPlugin:255 - Accepted CMSIS Pack Licenses: 
2025-12-04 21:47:48,915 [INFO] AnalyticsPlugin:257 - Accepted Firmware Licenses: FW.F4.1.28.0
2025-12-04 21:47:48,917 [INFO] PluginManage:359 - Loaded plugin analytics (category:tool,tabindex:-1)
2025-12-04 21:47:48,917 [INFO] PluginManage:310 - Check plugin cadmodel
2025-12-04 21:47:48,921 [INFO] CADModel:105 - Init CAD model plugin
2025-12-04 21:47:48,922 [INFO] PluginManage:359 - Loaded plugin cadmodel (category:power,tabindex:5)
2025-12-04 21:47:48,922 [INFO] PluginManage:310 - Check plugin clock
2025-12-04 21:47:48,930 [INFO] PluginManage:359 - Loaded plugin clock (category:base,tabindex:2)
2025-12-04 21:47:48,930 [INFO] PluginManage:310 - Check plugin ddr
2025-12-04 21:47:48,933 [INFO] PluginManage:359 - Loaded plugin ddr (category:tool,tabindex:6)
2025-12-04 21:47:48,933 [INFO] PluginManage:310 - Check plugin filemanager
2025-12-04 21:47:49,061 [INFO] PluginManage:359 - Loaded plugin filemanager (category:base,tabindex:10)
2025-12-04 21:47:49,061 [INFO] PluginManage:310 - Check plugin ipmanager
2025-12-04 21:47:49,065 [INFO] PluginManage:359 - Loaded plugin ipmanager (category:base,tabindex:5)
2025-12-04 21:47:49,065 [INFO] PluginManage:310 - Check plugin lpbam
2025-12-04 21:47:49,074 [INFO] PluginManage:359 - Loaded plugin lpbam (category:base,tabindex:0)
2025-12-04 21:47:49,074 [INFO] PluginManage:310 - Check plugin memorymap
2025-12-04 21:47:49,086 [INFO] PluginManage:359 - Loaded plugin memorymap (category:base,tabindex:4)
2025-12-04 21:47:49,086 [INFO] PluginManage:310 - Check plugin pinoutandconfiguration
2025-12-04 21:47:49,096 [INFO] PluginManage:359 - Loaded plugin pinoutandconfiguration (category:base,tabindex:1)
2025-12-04 21:47:49,096 [INFO] PluginManage:310 - Check plugin pinoutconfig
2025-12-04 21:47:49,182 [WARN] SupportedApi:132 - Cannot load RTOS API schema: s4s-elt-must-match.1: The content of 'definitions' must match (annotation?, (simpleType | complexType)?, (unique | key | keyref)*)). A problem was found starting at: attribute.
2025-12-04 21:47:49,318 [INFO] PluginManage:359 - Loaded plugin pinoutconfig (category:base,tabindex:0)
2025-12-04 21:47:49,318 [INFO] PluginManage:310 - Check plugin power
2025-12-04 21:47:49,327 [INFO] PluginManage:359 - Loaded plugin power (category:power,tabindex:4)
2025-12-04 21:47:49,327 [INFO] PluginManage:310 - Check plugin projectmanager
2025-12-04 21:47:49,341 [INFO] PluginManage:359 - Loaded plugin projectmanager (category:projectmanager,tabindex:4)
2025-12-04 21:47:49,341 [INFO] PluginManage:310 - Check plugin rif
2025-12-04 21:47:49,352 [INFO] PluginManage:359 - Loaded plugin rif (category:base,tabindex:3)
2025-12-04 21:47:49,353 [INFO] PluginManage:310 - Check plugin thirdparty
2025-12-04 21:47:49,469 [INFO] PluginManage:359 - Loaded plugin thirdparty (category:base,tabindex:-1)
2025-12-04 21:47:49,469 [WARN] IntegrityCheckThread:84 - waiting for thirdparty lock release [integrity check]
2025-12-04 21:47:49,469 [INFO] PluginManage:310 - Check plugin tools
2025-12-04 21:47:49,469 [INFO] IntegrityCheckThread:86 - entering critical section [integrity check]
2025-12-04 21:47:49,469 [INFO] ThirdPartyUpdaterWithRetryManager:70 - Updater plugin not ready yet. [1/15]
2025-12-04 21:47:49,471 [INFO] PluginManage:359 - Loaded plugin tools (category:base,tabindex:7)
2025-12-04 21:47:49,471 [INFO] PluginManage:310 - Check plugin tutovideos
2025-12-04 21:47:49,648 [INFO] PluginManage:359 - Loaded plugin tutovideos (category:base,tabindex:-1)
2025-12-04 21:47:49,649 [INFO] PluginManage:310 - Check plugin updater
2025-12-04 21:47:49,670 [INFO] PluginManage:359 - Loaded plugin updater (category:base,tabindex:12)
2025-12-04 21:47:49,671 [INFO] PluginManage:310 - Check plugin userauth
2025-12-04 21:47:49,676 [INFO] UserAuth:118 - Init User Auth plugin
2025-12-04 21:47:49,678 [INFO] PluginManage:359 - Loaded plugin userauth (category:base,tabindex:14)
2025-12-04 21:47:49,678 [INFO] PluginManage:283 - PluginManage : Loaded plugins [18]
2025-12-04 21:47:49,866 [INFO] PinOutPanel:1589 - setPackage(No Configuration,No Configuration)
2025-12-04 21:47:49,927 [INFO] CADModel:165 - CPN selected for project level
2025-12-04 21:47:49,927 [INFO] CADModel:114 - Register for checkConnection events
2025-12-04 21:47:49,939 [INFO] IPUIPlugin:80 - create IPUIPlugin
2025-12-04 21:47:49,939 [INFO] PluginManager:220 - loadIPPluginJar : add dfsdm
2025-12-04 21:47:49,944 [INFO] IPUIPlugin:80 - create IPUIPlugin
2025-12-04 21:47:49,945 [INFO] PluginManager:220 - loadIPPluginJar : add gfxmmu
2025-12-04 21:47:49,947 [INFO] IPUIPlugin:80 - create IPUIPlugin
2025-12-04 21:47:49,947 [INFO] PluginManager:220 - loadIPPluginJar : add i3c
2025-12-04 21:47:49,951 [INFO] IPUIPlugin:80 - create IPUIPlugin
2025-12-04 21:47:49,951 [INFO] PluginManager:220 - loadIPPluginJar : add sai
2025-12-04 21:47:49,958 [INFO] IPUIPlugin:80 - create IPUIPlugin
2025-12-04 21:47:49,958 [INFO] PluginManager:220 - loadIPPluginJar : add dma
2025-12-04 21:47:49,960 [INFO] IPUIPlugin:80 - create IPUIPlugin
2025-12-04 21:47:49,960 [INFO] PluginManager:220 - loadIPPluginJar : add quadspi
2025-12-04 21:47:49,964 [INFO] IPUIPlugin:80 - create IPUIPlugin
2025-12-04 21:47:49,964 [INFO] PluginManager:220 - loadIPPluginJar : add opamp
2025-12-04 21:47:49,966 [INFO] IPUIPlugin:80 - create IPUIPlugin
2025-12-04 21:47:49,966 [INFO] PluginManager:220 - loadIPPluginJar : add comp
2025-12-04 21:47:49,973 [INFO] IPUIPlugin:80 - create IPUIPlugin
2025-12-04 21:47:49,976 [INFO] PluginManager:220 - loadIPPluginJar : add plateformsettings
2025-12-04 21:47:49,978 [INFO] IPUIPlugin:80 - create IPUIPlugin
2025-12-04 21:47:49,978 [INFO] PluginManager:220 - loadIPPluginJar : add ltdc
2025-12-04 21:47:49,982 [INFO] IPUIPlugin:80 - create IPUIPlugin
2025-12-04 21:47:49,982 [INFO] PluginManager:220 - loadIPPluginJar : add nvic
2025-12-04 21:47:49,983 [INFO] IPUIPlugin:80 - create IPUIPlugin
2025-12-04 21:47:49,983 [INFO] PluginManager:220 - loadIPPluginJar : add fatfs
2025-12-04 21:47:49,988 [INFO] IPUIPlugin:80 - create IPUIPlugin
2025-12-04 21:47:49,989 [INFO] PluginManager:220 - loadIPPluginJar : add gpio
2025-12-04 21:47:49,991 [INFO] IPUIPlugin:80 - create IPUIPlugin
2025-12-04 21:47:49,991 [INFO] PluginManager:220 - loadIPPluginJar : add aes
2025-12-04 21:47:49,998 [INFO] IPUIPlugin:80 - create IPUIPlugin
2025-12-04 21:47:49,998 [INFO] PluginManager:220 - loadIPPluginJar : add mdma
2025-12-04 21:47:50,001 [INFO] IPUIPlugin:80 - create IPUIPlugin
2025-12-04 21:47:50,001 [INFO] PluginManager:220 - loadIPPluginJar : add pdm2pcm
2025-12-04 21:47:50,008 [INFO] IPUIPlugin:80 - create IPUIPlugin
2025-12-04 21:47:50,009 [INFO] PluginManager:220 - loadIPPluginJar : add linkedlist
2025-12-04 21:47:50,011 [INFO] IPUIPlugin:80 - create IPUIPlugin
2025-12-04 21:47:50,011 [INFO] PluginManager:220 - loadIPPluginJar : add usart
2025-12-04 21:47:50,013 [INFO] IPUIPlugin:80 - create IPUIPlugin
2025-12-04 21:47:50,013 [INFO] PluginManager:220 - loadIPPluginJar : add i2c
2025-12-04 21:47:50,016 [INFO] IPUIPlugin:80 - create IPUIPlugin
2025-12-04 21:47:50,016 [INFO] PluginManager:220 - loadIPPluginJar : add lorawan
2025-12-04 21:47:50,019 [INFO] IPUIPlugin:80 - create IPUIPlugin
2025-12-04 21:47:50,019 [INFO] PluginManager:220 - loadIPPluginJar : add usbx
2025-12-04 21:47:50,023 [INFO] IPUIPlugin:80 - create IPUIPlugin
2025-12-04 21:47:50,023 [INFO] PluginManager:220 - loadIPPluginJar : add fmc
2025-12-04 21:47:50,026 [INFO] IPUIPlugin:80 - create IPUIPlugin
2025-12-04 21:47:50,026 [INFO] PluginManager:220 - loadIPPluginJar : add extmemmanager
2025-12-04 21:47:50,032 [INFO] IPUIPlugin:80 - create IPUIPlugin
2025-12-04 21:47:50,032 [INFO] PluginManager:220 - loadIPPluginJar : add freertos
2025-12-04 21:47:50,034 [INFO] IPUIPlugin:80 - create IPUIPlugin
2025-12-04 21:47:50,034 [INFO] PluginManager:220 - loadIPPluginJar : add can
2025-12-04 21:47:50,039 [INFO] IPUIPlugin:80 - create IPUIPlugin
2025-12-04 21:47:50,039 [INFO] PluginManager:220 - loadIPPluginJar : add touchsensing
2025-12-04 21:47:50,041 [INFO] IPUIPlugin:80 - create IPUIPlugin
2025-12-04 21:47:50,041 [INFO] PluginManager:220 - loadIPPluginJar : add tracer_emb
2025-12-04 21:47:50,042 [INFO] IPUIPlugin:80 - create IPUIPlugin
2025-12-04 21:47:50,042 [INFO] PluginManager:220 - loadIPPluginJar : add ucpd
2025-12-04 21:47:50,044 [INFO] IPUIPlugin:80 - create IPUIPlugin
2025-12-04 21:47:50,044 [INFO] PluginManager:220 - loadIPPluginJar : add ts
2025-12-04 21:47:50,046 [INFO] IPUIPlugin:80 - create IPUIPlugin
2025-12-04 21:47:50,046 [INFO] PluginManager:220 - loadIPPluginJar : add tsc
2025-12-04 21:47:50,050 [INFO] IPUIPlugin:80 - create IPUIPlugin
2025-12-04 21:47:50,050 [INFO] PluginManager:220 - loadIPPluginJar : add resmgrutility
2025-12-04 21:47:50,052 [INFO] IPUIPlugin:80 - create IPUIPlugin
2025-12-04 21:47:50,053 [INFO] PluginManager:220 - loadIPPluginJar : add cryp
2025-12-04 21:47:50,056 [INFO] IPUIPlugin:80 - create IPUIPlugin
2025-12-04 21:47:50,056 [INFO] PluginManager:220 - loadIPPluginJar : add openamp
2025-12-04 21:47:50,062 [INFO] IPUIPlugin:80 - create IPUIPlugin
2025-12-04 21:47:50,062 [INFO] PluginManager:220 - loadIPPluginJar : add adc
2025-12-04 21:47:50,065 [INFO] IPUIPlugin:80 - create IPUIPlugin
2025-12-04 21:47:50,065 [INFO] PluginManager:220 - loadIPPluginJar : add spi
2025-12-04 21:47:50,068 [INFO] IPUIPlugin:80 - create IPUIPlugin
2025-12-04 21:47:50,068 [INFO] PluginManager:220 - loadIPPluginJar : add ipddr
2025-12-04 21:47:50,073 [INFO] IPUIPlugin:80 - create IPUIPlugin
2025-12-04 21:47:50,074 [INFO] PluginManager:220 - loadIPPluginJar : add stm32_wpan
2025-12-04 21:47:50,078 [INFO] IPUIPlugin:80 - create IPUIPlugin
2025-12-04 21:47:50,078 [INFO] PluginManager:220 - loadIPPluginJar : add gic
2025-12-04 21:47:50,081 [INFO] IPUIPlugin:80 - create IPUIPlugin
2025-12-04 21:47:50,081 [INFO] PluginManager:220 - loadIPPluginJar : add ddr_ctrl_phy
2025-12-04 21:47:50,082 [INFO] IPUIPlugin:80 - create IPUIPlugin
2025-12-04 21:47:50,082 [INFO] PluginManager:220 - loadIPPluginJar : add genericplugin
2025-12-04 21:47:50,084 [INFO] IPUIPlugin:80 - create IPUIPlugin
2025-12-04 21:47:50,084 [INFO] PluginManager:220 - loadIPPluginJar : add hash
2025-12-04 21:47:50,085 [INFO] IPUIPlugin:80 - create IPUIPlugin
2025-12-04 21:47:50,085 [INFO] PluginManager:220 - loadIPPluginJar : add tim
2025-12-04 21:47:50,087 [INFO] IPUIPlugin:80 - create IPUIPlugin
2025-12-04 21:47:50,088 [INFO] PluginManager:220 - loadIPPluginJar : add radio
2025-12-04 21:47:50,090 [INFO] IPUIPlugin:80 - create IPUIPlugin
2025-12-04 21:47:50,090 [INFO] PluginManager:220 - loadIPPluginJar : add gtzc
2025-12-04 21:47:50,091 [INFO] IPUIPlugin:80 - create IPUIPlugin
2025-12-04 21:47:50,091 [INFO] PluginManager:220 - loadIPPluginJar : add i2s
2025-12-04 21:47:50,093 [INFO] IPUIPlugin:80 - create IPUIPlugin
2025-12-04 21:47:50,093 [INFO] PluginManager:220 - loadIPPluginJar : add dma3
2025-12-04 21:47:50,193 [FATAL] Updater:351 - Updater called before beeing initialized
2025-12-04 21:47:50,234 [INFO] RulesReader:64 - Compatibility file has been processed (317 Rules)
2025-12-04 21:47:50,247 [INFO] RulesReader:64 - Compatibility file has been processed (317 Rules)
2025-12-04 21:47:50,253 [INFO] CADModel:165 - CPN selected for project level
2025-12-04 21:47:50,253 [INFO] CADModel:114 - Register for checkConnection events
2025-12-04 21:47:50,253 [FATAL] Updater:351 - Updater called before beeing initialized
2025-12-04 21:47:50,253 [ERROR] CADModel:125 - Updater not yet initialized, retry later 
2025-12-04 21:47:50,345 [FATAL] Updater:351 - Updater called before beeing initialized
2025-12-04 21:47:50,346 [INFO] CADModel:165 - CPN selected for project level
2025-12-04 21:47:50,347 [INFO] CADModel:114 - Register for checkConnection events
2025-12-04 21:47:50,347 [FATAL] Updater:351 - Updater called before beeing initialized
2025-12-04 21:47:50,347 [ERROR] CADModel:125 - Updater not yet initialized, retry later 
2025-12-04 21:47:50,349 [FATAL] Updater:351 - Updater called before beeing initialized
2025-12-04 21:47:50,414 [FATAL] Updater:351 - Updater called before beeing initialized
2025-12-04 21:47:50,417 [INFO] DbMcusAds:53 - JSON generation date=Tue Nov 25 19:38:32 IST 2025 (1764079712287)
2025-12-04 21:47:50,417 [FATAL] Updater:351 - Updater called before beeing initialized
2025-12-04 21:47:50,445 [WARN] DetailPanel:346 - Failed to get advertising image, set to default
2025-12-04 21:47:50,504 [FATAL] Updater:351 - Updater called before beeing initialized
2025-12-04 21:47:50,505 [FATAL] Updater:351 - Updater called before beeing initialized
2025-12-04 21:47:50,505 [FATAL] Updater:351 - Updater called before beeing initialized
2025-12-04 21:47:50,505 [WARN] DetailPanel:346 - Failed to get advertising image, set to default
2025-12-04 21:47:50,506 [FATAL] Updater:351 - Updater called before beeing initialized
2025-12-04 21:47:50,536 [ERROR] Updater:1198 - MainUpdater not yet initialized. External WinMGr cannot be set.
2025-12-04 21:47:50,537 [INFO] Updater:1134 - Updater Version found : 6.15.0
2025-12-04 21:47:50,555 [INFO] ApplicationProperties:184 - Using Application install path: /opt/st/stm32cubeide_1.19.0/plugins/com.st.stm32cube.common.mx_6.15.0.202507011659
2025-12-04 21:47:51,018 [INFO] MainUpdater:2872 - connection check result : 10
2025-12-04 21:47:51,019 [INFO] MainUpdater:289 - Updater Check For Update Now.
2025-12-04 21:47:51,019 [INFO] MicroXplorer:498 - Change Database Version : DB.6.0.150
2025-12-04 21:47:51,025 [INFO] McuFinderGlobals:63 - Set McuFinder mode to 2 (CubeIDE integrated)
2025-12-04 21:47:51,027 [INFO] UserAuth:487 - Internet connection configuration mode: 1
2025-12-04 21:47:51,047 [INFO] JxBrowserEngine:152 - Initiate JxBrowser Engine with user profile folder
2025-12-04 21:47:51,194 [INFO] CheckServerUpdateThread:120 - End of CheckServer Thread
2025-12-04 21:47:51,873 [INFO] WebApp:169 - Instantiating new browser for Auth
2025-12-04 21:47:52,477 [INFO] WebApp:463 - Apply proxy settings
2025-12-04 21:47:52,477 [INFO] WebApp:548 - Chromium requires no authentication
2025-12-04 21:47:52,486 [INFO] WebApp:491 - Direct internet connection detected
2025-12-04 21:47:52,507 [INFO] WebApp:900 - Register for checkConnection events
2025-12-04 21:47:52,508 [INFO] WebApp:463 - Apply proxy settings
2025-12-04 21:47:52,508 [INFO] WebApp:548 - Chromium requires no authentication
2025-12-04 21:47:52,509 [INFO] WebApp:491 - Direct internet connection detected
2025-12-04 21:47:52,619 [WARN] PackLoader:240 - Cannot read IP mode file for STMicroelectronics.FP-SNS-MOTENVWB1.1.4.0
2025-12-04 21:47:52,625 [WARN] PackLoader:240 - Cannot read IP mode file for STMicroelectronics.FP-ATR-ASTRA1.2.0.2
2025-12-04 21:47:52,631 [WARN] PackLoader:240 - Cannot read IP mode file for STMicroelectronics.X-CUBE-SMBUS.2.1.0
2025-12-04 21:47:52,635 [WARN] PackLoader:240 - Cannot read IP mode file for STMicroelectronics.X-CUBE-ST60.1.0.0
2025-12-04 21:47:52,668 [WARN] PackLoader:240 - Cannot read IP mode file for STMicroelectronics.X-CUBE-AZRTOS-F7.1.1.0
2025-12-04 21:47:52,677 [WARN] PackLoader:240 - Cannot read IP mode file for STMicroelectronics.FP-SNS-MOTENV1.5.1.0
2025-12-04 21:47:52,696 [INFO] WebApp:225 - Starting web application
2025-12-04 21:47:52,697 [INFO] WebApp:593 - Web application path used /opt/st/stm32cubeide_1.19.0/plugins/com.st.stm32cube.common.mx_6.15.0.202507011659/db/plugins/mcufinder/reactClient1/index.html
2025-12-04 21:47:52,703 [WARN] PackLoader:240 - Cannot read IP mode file for Infineon.AIROC-Wi-Fi-Bluetooth-STM32.1.7.1
2025-12-04 21:47:52,734 [WARN] PackLoader:240 - Cannot read IP mode file for STMicroelectronics.X-CUBE-AZRTOS-H7.3.4.0
2025-12-04 21:47:52,746 [WARN] PackLoader:240 - Cannot read IP mode file for STMicroelectronics.X-CUBE-DISPLAY.3.0.0
2025-12-04 21:47:52,760 [WARN] PackLoader:240 - Cannot read IP mode file for STMicroelectronics.X-CUBE-NFC10.1.0.0
2025-12-04 21:47:52,769 [WARN] PackLoader:240 - Cannot read IP mode file for STMicroelectronics.X-CUBE-BLEMGR.4.0.0
2025-12-04 21:47:52,775 [WARN] PackLoader:240 - Cannot read IP mode file for STMicroelectronics.X-CUBE-ST60.1.1.0
2025-12-04 21:47:52,780 [WARN] PackLoader:240 - Cannot read IP mode file for emotas.I-CUBE-CANOPEN.1.3.0
2025-12-04 21:47:52,784 [WARN] PackLoader:240 - Cannot read IP mode file for STMicroelectronics.X-CUBE-GNSS1.7.1.0
2025-12-04 21:47:52,788 [WARN] ConditionMgr:438 - getConditionDescription Invalid condition id : Cortex-A Device cause : null
2025-12-04 21:47:52,800 [WARN] ConditionMgr:1044 - genDependencies : Invalid condition id : Cortex-A Device cause : null
2025-12-04 21:47:52,800 [WARN] ConditionMgr:1044 - genDependencies : Invalid condition id : Cortex-A Device cause : null
2025-12-04 21:47:52,800 [WARN] ConditionMgr:1044 - genDependencies : Invalid condition id : Cortex-A Device cause : null
2025-12-04 21:47:52,806 [WARN] PackLoader:240 - Cannot read IP mode file for STMicroelectronics.FP-SNS-STBOX1.2.1.0
2025-12-04 21:47:52,814 [WARN] PackLoader:240 - Cannot read IP mode file for STMicroelectronics.FP-SNS-SMARTAG2.1.2.0
2025-12-04 21:47:52,819 [WARN] PackLoader:240 - Cannot read IP mode file for STMicroelectronics.FP-SNS-FLIGHT1.5.1.0
2025-12-04 21:47:52,829 [INFO] LogOutputStream:77 - [STDOUT_REDIRECT] 1 : Invalid condition id : UX_CORESTACK_Condition cause : null
2025-12-04 21:47:52,830 [INFO] LogOutputStream:77 - [STDOUT_REDIRECT] 1 : Invalid condition id : UX_CORESTACK_Condition cause : null
2025-12-04 21:47:52,831 [INFO] LogOutputStream:77 - [STDOUT_REDIRECT] 1 : Invalid condition id : UX_CORESTACK_Condition cause : null
2025-12-04 21:47:52,831 [INFO] LogOutputStream:77 - [STDOUT_REDIRECT] 1 : Invalid condition id : UX_CORESTACK_Condition cause : null
2025-12-04 21:47:52,831 [INFO] LogOutputStream:77 - [STDOUT_REDIRECT] 1 : Invalid condition id : UX_CORESTACK_Condition cause : null
2025-12-04 21:47:52,835 [WARN] PackLoader:240 - Cannot read IP mode file for STMicroelectronics.X-CUBE-AZRTOS-WL.2.0.0
2025-12-04 21:47:52,842 [WARN] PackLoader:240 - Cannot read IP mode file for STMicroelectronics.FP-SNS-MOTENV1.5.0.0
2025-12-04 21:47:52,847 [INFO] UserAuth:487 - Internet connection configuration mode: 1
2025-12-04 21:47:52,865 [WARN] PackLoader:240 - Cannot read IP mode file for STMicroelectronics.X-CUBE-AZRTOS-H7RS.1.2.0
2025-12-04 21:47:52,887 [WARN] PackLoader:240 - Cannot read IP mode file for WES.I-CUBE-Cesium.1.3.0
2025-12-04 21:47:52,902 [WARN] PackLoader:240 - Cannot read IP mode file for STMicroelectronics.X-CUBE-BLE2.3.3.0
2025-12-04 21:47:52,927 [WARN] PackLoader:240 - Cannot read IP mode file for STMicroelectronics.X-CUBE-NFC9.1.0.0
2025-12-04 21:47:52,939 [WARN] PackLoader:240 - Cannot read IP mode file for wolfSSL.I-CUBE-wolfSSL.5.8.0
2025-12-04 21:47:52,947 [WARN] PackLoader:240 - Cannot read IP mode file for STMicroelectronics.X-CUBE-BLE1.7.1.0
2025-12-04 21:47:52,952 [WARN] PackLoader:240 - Cannot read IP mode file for wolfSSL.I-CUBE-wolfMQTT.1.19.2
2025-12-04 21:47:52,959 [WARN] PackLoader:240 - Cannot read IP mode file for STMicroelectronics.X-CUBE-FREERTOS.1.4.0
2025-12-04 21:47:52,970 [WARN] PackLoader:240 - Cannot read IP mode file for STMicroelectronics.X-CUBE-EEPRMA1.5.2.0
2025-12-04 21:47:53,003 [WARN] PackLoader:240 - Cannot read IP mode file for STMicroelectronics.X-CUBE-ST67W61.1.1.0
2025-12-04 21:47:53,009 [WARN] PackLoader:240 - Cannot read IP mode file for STMicroelectronics.X-CUBE-AI.10.1.0
2025-12-04 21:47:53,021 [INFO] WebApp:191 - Connection restablished
2025-12-04 21:47:53,096 [WARN] PackLoader:240 - Cannot read IP mode file for STMicroelectronics.X-CUBE-MEMS1.12.0.0
2025-12-04 21:47:53,273 [WARN] PackLoader:240 - Cannot read IP mode file for STMicroelectronics.X-CUBE-AZRTOS-G0.1.1.0
2025-12-04 21:47:53,284 [WARN] PackLoader:240 - Cannot read IP mode file for STMicroelectronics.X-CUBE-SAFEA1.1.2.2
2025-12-04 21:47:53,290 [WARN] PackLoader:240 - Cannot read IP mode file for STMicroelectronics.X-CUBE-NFC4.3.0.0
2025-12-04 21:47:53,303 [WARN] PackLoader:240 - Cannot read IP mode file for EmbeddedOffice.I-CUBE-FS-RTOS.1.0.1
2025-12-04 21:47:53,310 [WARN] PackLoader:240 - Cannot read IP mode file for STMicroelectronics.X-CUBE-WB05N.2.0.0
2025-12-04 21:47:53,314 [WARN] PackLoader:240 - Cannot read IP mode file for wolfSSL.I-CUBE-wolfTPM.3.8.0
2025-12-04 21:47:53,319 [WARN] PackLoader:240 - Cannot read IP mode file for STMicroelectronics.X-CUBE-TCPP.4.2.0
2025-12-04 21:47:53,324 [WARN] PackLoader:240 - Cannot read IP mode file for RealThread.X-CUBE-RT-Thread_Nano.4.1.1
2025-12-04 21:47:53,328 [WARN] PackLoader:240 - Cannot read IP mode file for STMicroelectronics.FP-ATR-SIGFOX1.3.2.0
2025-12-04 21:47:53,335 [WARN] PackLoader:240 - Cannot read IP mode file for STMicroelectronics.X-CUBE-EEPRMA1.5.1.0
2025-12-04 21:47:53,341 [WARN] PackLoader:240 - Cannot read IP mode file for ITTIA_DB.I-CUBE-ITTIADB.8.9.0
2025-12-04 21:47:53,347 [WARN] PackLoader:240 - Cannot read IP mode file for STMicroelectronics.X-CUBE-ST67W61.1.0.0
2025-12-04 21:47:53,351 [WARN] PackLoader:240 - Cannot read IP mode file for STMicroelectronics.X-CUBE-AI.10.2.0
2025-12-04 21:47:53,384 [WARN] PackLoader:240 - Cannot read IP mode file for SEGGER.I-CUBE-embOS.1.3.1
2025-12-04 21:47:53,429 [WARN] PackLoader:240 - Cannot read IP mode file for STMicroelectronics.X-CUBE-ALGOBUILD.1.4.0
2025-12-04 21:47:53,475 [WARN] PackLoader:240 - Cannot read IP mode file for STMicroelectronics.X-CUBE-MEMS1.11.3.0
2025-12-04 21:47:53,609 [WARN] PackLoader:240 - Cannot read IP mode file for STMicroelectronics.X-CUBE-PM33A1.1.0.0
2025-12-04 21:47:53,624 [WARN] PackLoader:240 - Cannot read IP mode file for STMicroelectronics.X-CUBE-AZRTOS-F4.1.1.0
2025-12-04 21:47:53,629 [WARN] PackLoader:240 - Cannot read IP mode file for Avnet-IotConnect.X-CUBE-IoTC-DA16k-PMOD.1.0.0
2025-12-04 21:47:53,641 [WARN] PackLoader:240 - Cannot read IP mode file for STMicroelectronics.X-CUBE-ISPU.2.1.0
2025-12-04 21:47:53,651 [WARN] PackLoader:240 - Cannot read IP mode file for STMicroelectronics.X-CUBE-IPS.3.2.0
2025-12-04 21:47:53,659 [WARN] PackLoader:240 - Cannot read IP mode file for STMicroelectronics.X-CUBE-NFC12.1.0.0
2025-12-04 21:47:53,669 [WARN] PackLoader:240 - Cannot read IP mode file for STMicroelectronics.X-CUBE-AZRTOS-L5.2.0.0
2025-12-04 21:47:53,677 [WARN] PackLoader:240 - Cannot read IP mode file for STMicroelectronics.X-CUBE-NFC6.3.1.0
2025-12-04 21:47:53,684 [WARN] PackLoader:240 - Cannot read IP mode file for STMicroelectronics.X-CUBE-FREERTOS.1.3.1
2025-12-04 21:47:53,691 [WARN] PackLoader:240 - Cannot read IP mode file for STMicroelectronics.X-CUBE-TOUCHGFX.4.26.0
2025-12-04 21:47:53,695 [WARN] PackLoader:240 - Cannot read IP mode file for STMicroelectronics.FP-SNS-STAIOTCFT.1.0.0
2025-12-04 21:47:53,699 [WARN] PackLoader:240 - Cannot read IP mode file for STMicroelectronics.X-CUBE-DPower.1.3.0
2025-12-04 21:47:53,715 [WARN] ConditionMgr:438 - getConditionDescription Invalid condition id : LAN8742 Phy interface Condition cause : null
2025-12-04 21:47:53,716 [WARN] PackLoader:240 - Cannot read IP mode file for STMicroelectronics.X-CUBE-AZRTOS-L4.2.0.0
2025-12-04 21:47:53,717 [WARN] ConditionMgr:1044 - genDependencies : Invalid condition id : LAN8742 Phy interface Condition cause : null
2025-12-04 21:47:53,717 [WARN] ConditionMgr:1044 - genDependencies : Invalid condition id : LAN8742 Phy interface Condition cause : null
2025-12-04 21:47:53,718 [WARN] ConditionMgr:1044 - genDependencies : Invalid condition id : LAN8742 Phy interface Condition cause : null
2025-12-04 21:47:53,724 [WARN] PackLoader:240 - Cannot read IP mode file for STMicroelectronics.X-CUBE-SFXS2LP1.4.0.0
2025-12-04 21:47:53,735 [WARN] PackLoader:240 - Cannot read IP mode file for STMicroelectronics.X-CUBE-BLEMGR.4.1.0
2025-12-04 21:47:53,749 [WARN] ConditionMgr:438 - getConditionDescription Invalid condition id : UX DEVICE CLASS RTOS Condition cause : null
2025-12-04 21:47:53,750 [WARN] ConditionMgr:438 - getConditionDescription Invalid condition id : UX DEVICE CLASS RTOS Condition cause : null
2025-12-04 21:47:53,752 [WARN] PackLoader:240 - Cannot read IP mode file for STMicroelectronics.X-CUBE-AZRTOS-WB.2.0.0
2025-12-04 21:47:53,752 [WARN] ConditionMgr:1044 - genDependencies : Invalid condition id : UX DEVICE CLASS RTOS Condition cause : null
2025-12-04 21:47:53,753 [WARN] ConditionMgr:1044 - genDependencies : Invalid condition id : UX DEVICE CLASS RTOS Condition cause : null
2025-12-04 21:47:53,753 [WARN] ConditionMgr:1044 - genDependencies : Invalid condition id : UX DEVICE CLASS RTOS Condition cause : null
2025-12-04 21:47:53,753 [WARN] ConditionMgr:1044 - genDependencies : Invalid condition id : UX DEVICE CLASS RTOS Condition cause : null
2025-12-04 21:47:53,753 [WARN] ConditionMgr:1044 - genDependencies : Invalid condition id : UX DEVICE CLASS RTOS Condition cause : null
2025-12-04 21:47:53,759 [WARN] PackLoader:240 - Cannot read IP mode file for STMicroelectronics.X-CUBE-GNSS1.7.0.1
2025-12-04 21:47:53,763 [WARN] PackLoader:240 - Cannot read IP mode file for STMicroelectronics.X-CUBE-TOUCHGFX.4.25.0
2025-12-04 21:47:53,772 [WARN] PackLoader:240 - Cannot read IP mode file for STMicroelectronics.FP-SNS-STBOX1.2.0.0
2025-12-04 21:47:53,783 [WARN] PackLoader:240 - Cannot read IP mode file for STMicroelectronics.X-CUBE-SUBG2.5.0.0
2025-12-04 21:47:53,804 [WARN] PackLoader:240 - Cannot read IP mode file for STMicroelectronics.X-CUBE-AZRTOS-H7RS.1.1.0
2025-12-04 21:47:53,809 [WARN] PackLoader:240 - Cannot read IP mode file for Cesanta.I-CUBE-Mongoose.7.13.0
2025-12-04 21:47:53,822 [WARN] PackLoader:240 - Cannot read IP mode file for STMicroelectronics.X-CUBE-AZRTOS-G4.2.0.0
2025-12-04 21:47:53,826 [WARN] PackLoader:240 - Cannot read IP mode file for wolfSSL.I-CUBE-wolfSSH.1.4.20
2025-12-04 21:47:53,830 [WARN] PackLoader:240 - Cannot read IP mode file for STMicroelectronics.X-CUBE-NFC7.2.0.0
2025-12-04 21:47:53,840 [WARN] PackLoader:240 - Cannot read IP mode file for STMicroelectronics.X-CUBE-IPS.3.1.0
2025-12-04 21:47:53,849 [WARN] PackLoader:240 - Cannot read IP mode file for STMicroelectronics.X-CUBE-ALS.1.0.2
2025-12-04 21:47:53,855 [WARN] PackLoader:240 - Cannot read IP mode file for STMicroelectronics.X-CUBE-STSE01.1.0.0
2025-12-04 21:47:53,860 [WARN] PackLoader:240 - Cannot read IP mode file for portGmbH.I-Cube-SoM-uGOAL.1.1.0
2025-12-04 21:47:53,866 [WARN] PackLoader:240 - Cannot read IP mode file for STMicroelectronics.X-CUBE-TOF1.3.4.3
2025-12-04 21:47:53,873 [INFO] ThirdParty:978 - Integrity check success = true
2025-12-04 21:47:53,873 [INFO] IntegrityCheckThread:100 - exiting critical section [integrity check]
2025-12-04 21:47:53,873 [INFO] IntegrityCheckThread:103 - End integrity checks thread
2025-12-04 23:20:00,075 [ERROR] LogOutputStream:75 - [STDERR_REDIRECT] 
