2025-12-15 11:09:52,871 [INFO] Activator:176 - 


2025-12-15 11:09:52,874 [INFO] Activator:177 - !SESSION log4j initialized
2025-12-15 11:09:57,313 [INFO] LogOutputStream:77 - [STDOUT_REDIRECT] 
2025-12-15 11:09:59,827 [INFO] ApplicationProperties:184 - Using Application install path: /opt/st/stm32cubeide_1.19.0/plugins/com.st.stm32cube.common.mx_6.15.0.202507011659
2025-12-15 11:09:59,846 [INFO] DbMcusXml:78 - Set database path to: /opt/st/stm32cubeide_1.19.0/plugins/com.st.stm32cube.common.mx_6.15.0.202507011659//db//mcu/
2025-12-15 11:09:59,847 [INFO] ApiDb:274 - Set plugin database path to: /opt/st/stm32cubeide_1.19.0/plugins/com.st.stm32cube.common.mx_6.15.0.202507011659//db//plugins/boardmanager/
2025-12-15 11:09:59,847 [WARN] ApiDb:259 - Overriding images path with different value:  => /opt/st/stm32cubeide_1.19.0/plugins/com.st.stm32cube.common.mx_6.15.0.202507011659//db//plugins/mcufinder/images/
2025-12-15 11:09:59,855 [INFO] ApiDb:250 - Set database path to: /home/sunbeam/.stmcufinder/plugins/mcufinder//mcu/
2025-12-15 11:09:59,857 [INFO] DbMcusAds:125 - Set database path to: /home/sunbeam/.stmcufinder/plugins/mcufinder//mcu/
2025-12-15 11:10:00,214 [INFO] CrossReferenceDbSqlite:203 - Set database path to: /home/sunbeam/.stmcufinder/plugins/mcufinder//mcu/cs/
2025-12-15 11:10:00,318 [INFO] RulesReader:64 - Compatibility file has been processed (317 Rules)
2025-12-15 11:10:00,370 [INFO] DbMcusXml:78 - Set database path to: /opt/st/stm32cubeide_1.19.0/plugins/com.st.stm32cube.common.mx_6.15.0.202507011659//db//mcu/
2025-12-15 11:10:00,370 [INFO] ApiDb:274 - Set plugin database path to: /opt/st/stm32cubeide_1.19.0/plugins/com.st.stm32cube.common.mx_6.15.0.202507011659//db//plugins/boardmanager/
2025-12-15 11:10:00,370 [INFO] ApiDb:261 - Set plugin images path to: /opt/st/stm32cubeide_1.19.0/plugins/com.st.stm32cube.common.mx_6.15.0.202507011659//db//plugins/mcufinder/images/
2025-12-15 11:10:00,370 [WARN] DbFile:41 - Overriding database path with different value: /home/sunbeam/.stmcufinder/plugins/mcufinder/ => /home/sunbeam/.stmcufinder/plugins/mcufinder
2025-12-15 11:10:00,370 [INFO] ApiDb:250 - Set database path to: /home/sunbeam/.stmcufinder/plugins/mcufinder//mcu/
2025-12-15 11:10:00,370 [WARN] DbFile:41 - Overriding database path with different value: /home/sunbeam/.stmcufinder/plugins/mcufinder/ => /home/sunbeam/.stmcufinder/plugins/mcufinder
2025-12-15 11:10:00,370 [INFO] DbMcusAds:125 - Set database path to: /home/sunbeam/.stmcufinder/plugins/mcufinder//mcu/
2025-12-15 11:10:00,370 [WARN] DbFile:41 - Overriding database path with different value: /home/sunbeam/.stmcufinder/plugins/mcufinder/ => /home/sunbeam/.stmcufinder/plugins/mcufinder
2025-12-15 11:10:00,370 [WARN] DbFile:41 - Overriding database path with different value: /home/sunbeam/.stmcufinder/plugins/mcufinder/ => /home/sunbeam/.stmcufinder/plugins/mcufinder
2025-12-15 11:10:00,582 [INFO] CrossReferenceDbSqlite:203 - Set database path to: /home/sunbeam/.stmcufinder/plugins/mcufinder//mcu/cs/
2025-12-15 11:10:00,646 [INFO] MainPanel:274 - HeapMemory: 268435456
2025-12-15 11:10:00,756 [INFO] DbMcusXml:78 - Set database path to: /opt/st/stm32cubeide_1.19.0/plugins/com.st.stm32cube.common.mx_6.15.0.202507011659//db//mcu/
2025-12-15 11:10:00,756 [INFO] ApiDb:274 - Set plugin database path to: /opt/st/stm32cubeide_1.19.0/plugins/com.st.stm32cube.common.mx_6.15.0.202507011659//db//plugins/boardmanager/
2025-12-15 11:10:00,756 [INFO] ApiDb:261 - Set plugin images path to: /opt/st/stm32cubeide_1.19.0/plugins/com.st.stm32cube.common.mx_6.15.0.202507011659//db//plugins/mcufinder/images/
2025-12-15 11:10:00,756 [WARN] DbFile:41 - Overriding database path with different value: /home/sunbeam/.stmcufinder/plugins/mcufinder/ => /home/sunbeam/.stmcufinder/plugins/mcufinder
2025-12-15 11:10:00,756 [INFO] ApiDb:250 - Set database path to: /home/sunbeam/.stmcufinder/plugins/mcufinder//mcu/
2025-12-15 11:10:00,756 [WARN] DbFile:41 - Overriding database path with different value: /home/sunbeam/.stmcufinder/plugins/mcufinder/ => /home/sunbeam/.stmcufinder/plugins/mcufinder
2025-12-15 11:10:00,756 [INFO] DbMcusAds:125 - Set database path to: /home/sunbeam/.stmcufinder/plugins/mcufinder//mcu/
2025-12-15 11:10:00,756 [WARN] DbFile:41 - Overriding database path with different value: /home/sunbeam/.stmcufinder/plugins/mcufinder/ => /home/sunbeam/.stmcufinder/plugins/mcufinder
2025-12-15 11:10:00,756 [WARN] DbFile:41 - Overriding database path with different value: /home/sunbeam/.stmcufinder/plugins/mcufinder/ => /home/sunbeam/.stmcufinder/plugins/mcufinder
2025-12-15 11:10:00,924 [INFO] CrossReferenceDbSqlite:203 - Set database path to: /home/sunbeam/.stmcufinder/plugins/mcufinder//mcu/cs/
2025-12-15 11:10:00,937 [INFO] ApplicationProperties:184 - Using Application install path: /opt/st/stm32cubeide_1.19.0/plugins/com.st.stm32cube.common.mx_6.15.0.202507011659
2025-12-15 11:10:00,938 [INFO] PluginManage:196 - Search for loadable plugins [exclusion list=, ]
2025-12-15 11:10:00,939 [INFO] PluginManage:310 - Check plugin analytics
2025-12-15 11:10:01,369 [INFO] AnalyticsPlugin:253 - Accepted Software Licenses: 
2025-12-15 11:10:01,369 [INFO] AnalyticsPlugin:255 - Accepted CMSIS Pack Licenses: 
2025-12-15 11:10:01,369 [INFO] AnalyticsPlugin:257 - Accepted Firmware Licenses: FW.F4.1.28.0
2025-12-15 11:10:01,372 [INFO] PluginManage:359 - Loaded plugin analytics (category:tool,tabindex:-1)
2025-12-15 11:10:01,372 [INFO] PluginManage:310 - Check plugin cadmodel
2025-12-15 11:10:01,381 [INFO] CADModel:105 - Init CAD model plugin
2025-12-15 11:10:01,382 [INFO] PluginManage:359 - Loaded plugin cadmodel (category:power,tabindex:5)
2025-12-15 11:10:01,382 [INFO] PluginManage:310 - Check plugin clock
2025-12-15 11:10:01,395 [INFO] PluginManage:359 - Loaded plugin clock (category:base,tabindex:2)
2025-12-15 11:10:01,396 [INFO] PluginManage:310 - Check plugin ddr
2025-12-15 11:10:01,398 [INFO] PluginManage:359 - Loaded plugin ddr (category:tool,tabindex:6)
2025-12-15 11:10:01,399 [INFO] PluginManage:310 - Check plugin filemanager
2025-12-15 11:10:01,579 [INFO] PluginManage:359 - Loaded plugin filemanager (category:base,tabindex:10)
2025-12-15 11:10:01,579 [INFO] PluginManage:310 - Check plugin ipmanager
2025-12-15 11:10:01,589 [INFO] PluginManage:359 - Loaded plugin ipmanager (category:base,tabindex:5)
2025-12-15 11:10:01,590 [INFO] PluginManage:310 - Check plugin lpbam
2025-12-15 11:10:01,601 [INFO] PluginManage:359 - Loaded plugin lpbam (category:base,tabindex:0)
2025-12-15 11:10:01,601 [INFO] PluginManage:310 - Check plugin memorymap
2025-12-15 11:10:01,619 [INFO] PluginManage:359 - Loaded plugin memorymap (category:base,tabindex:4)
2025-12-15 11:10:01,619 [INFO] PluginManage:310 - Check plugin pinoutandconfiguration
2025-12-15 11:10:01,630 [INFO] PluginManage:359 - Loaded plugin pinoutandconfiguration (category:base,tabindex:1)
2025-12-15 11:10:01,630 [INFO] PluginManage:310 - Check plugin pinoutconfig
2025-12-15 11:10:01,731 [WARN] SupportedApi:132 - Cannot load RTOS API schema: s4s-elt-must-match.1: The content of 'definitions' must match (annotation?, (simpleType | complexType)?, (unique | key | keyref)*)). A problem was found starting at: attribute.
2025-12-15 11:10:01,863 [INFO] PluginManage:359 - Loaded plugin pinoutconfig (category:base,tabindex:0)
2025-12-15 11:10:01,863 [INFO] PluginManage:310 - Check plugin power
2025-12-15 11:10:01,872 [INFO] PluginManage:359 - Loaded plugin power (category:power,tabindex:4)
2025-12-15 11:10:01,872 [INFO] PluginManage:310 - Check plugin projectmanager
2025-12-15 11:10:01,884 [INFO] PluginManage:359 - Loaded plugin projectmanager (category:projectmanager,tabindex:4)
2025-12-15 11:10:01,884 [INFO] PluginManage:310 - Check plugin rif
2025-12-15 11:10:01,892 [INFO] PluginManage:359 - Loaded plugin rif (category:base,tabindex:3)
2025-12-15 11:10:01,892 [INFO] PluginManage:310 - Check plugin thirdparty
2025-12-15 11:10:01,995 [INFO] PluginManage:359 - Loaded plugin thirdparty (category:base,tabindex:-1)
2025-12-15 11:10:01,995 [WARN] IntegrityCheckThread:84 - waiting for thirdparty lock release [integrity check]
2025-12-15 11:10:01,996 [INFO] PluginManage:310 - Check plugin tools
2025-12-15 11:10:01,996 [INFO] IntegrityCheckThread:86 - entering critical section [integrity check]
2025-12-15 11:10:01,996 [INFO] ThirdPartyUpdaterWithRetryManager:70 - Updater plugin not ready yet. [1/15]
2025-12-15 11:10:01,998 [INFO] PluginManage:359 - Loaded plugin tools (category:base,tabindex:7)
2025-12-15 11:10:01,998 [INFO] PluginManage:310 - Check plugin tutovideos
2025-12-15 11:10:02,150 [INFO] PluginManage:359 - Loaded plugin tutovideos (category:base,tabindex:-1)
2025-12-15 11:10:02,151 [INFO] PluginManage:310 - Check plugin updater
2025-12-15 11:10:02,169 [INFO] PluginManage:359 - Loaded plugin updater (category:base,tabindex:12)
2025-12-15 11:10:02,169 [INFO] PluginManage:310 - Check plugin userauth
2025-12-15 11:10:02,173 [INFO] UserAuth:118 - Init User Auth plugin
2025-12-15 11:10:02,174 [INFO] PluginManage:359 - Loaded plugin userauth (category:base,tabindex:14)
2025-12-15 11:10:02,174 [INFO] PluginManage:283 - PluginManage : Loaded plugins [18]
2025-12-15 11:10:02,329 [INFO] PinOutPanel:1589 - setPackage(No Configuration,No Configuration)
2025-12-15 11:10:02,404 [INFO] CADModel:165 - CPN selected for project level
2025-12-15 11:10:02,404 [INFO] CADModel:114 - Register for checkConnection events
2025-12-15 11:10:02,413 [INFO] IPUIPlugin:80 - create IPUIPlugin
2025-12-15 11:10:02,413 [INFO] PluginManager:220 - loadIPPluginJar : add dfsdm
2025-12-15 11:10:02,417 [INFO] IPUIPlugin:80 - create IPUIPlugin
2025-12-15 11:10:02,417 [INFO] PluginManager:220 - loadIPPluginJar : add gfxmmu
2025-12-15 11:10:02,420 [INFO] IPUIPlugin:80 - create IPUIPlugin
2025-12-15 11:10:02,420 [INFO] PluginManager:220 - loadIPPluginJar : add i3c
2025-12-15 11:10:02,422 [INFO] IPUIPlugin:80 - create IPUIPlugin
2025-12-15 11:10:02,422 [INFO] PluginManager:220 - loadIPPluginJar : add sai
2025-12-15 11:10:02,427 [INFO] IPUIPlugin:80 - create IPUIPlugin
2025-12-15 11:10:02,427 [INFO] PluginManager:220 - loadIPPluginJar : add dma
2025-12-15 11:10:02,428 [INFO] IPUIPlugin:80 - create IPUIPlugin
2025-12-15 11:10:02,429 [INFO] PluginManager:220 - loadIPPluginJar : add quadspi
2025-12-15 11:10:02,432 [INFO] IPUIPlugin:80 - create IPUIPlugin
2025-12-15 11:10:02,432 [INFO] PluginManager:220 - loadIPPluginJar : add opamp
2025-12-15 11:10:02,434 [INFO] IPUIPlugin:80 - create IPUIPlugin
2025-12-15 11:10:02,434 [INFO] PluginManager:220 - loadIPPluginJar : add comp
2025-12-15 11:10:02,439 [INFO] IPUIPlugin:80 - create IPUIPlugin
2025-12-15 11:10:02,441 [INFO] PluginManager:220 - loadIPPluginJar : add plateformsettings
2025-12-15 11:10:02,442 [INFO] IPUIPlugin:80 - create IPUIPlugin
2025-12-15 11:10:02,442 [INFO] PluginManager:220 - loadIPPluginJar : add ltdc
2025-12-15 11:10:02,445 [INFO] IPUIPlugin:80 - create IPUIPlugin
2025-12-15 11:10:02,445 [INFO] PluginManager:220 - loadIPPluginJar : add nvic
2025-12-15 11:10:02,446 [INFO] IPUIPlugin:80 - create IPUIPlugin
2025-12-15 11:10:02,446 [INFO] PluginManager:220 - loadIPPluginJar : add fatfs
2025-12-15 11:10:02,450 [INFO] IPUIPlugin:80 - create IPUIPlugin
2025-12-15 11:10:02,450 [INFO] PluginManager:220 - loadIPPluginJar : add gpio
2025-12-15 11:10:02,452 [INFO] IPUIPlugin:80 - create IPUIPlugin
2025-12-15 11:10:02,452 [INFO] PluginManager:220 - loadIPPluginJar : add aes
2025-12-15 11:10:02,457 [INFO] IPUIPlugin:80 - create IPUIPlugin
2025-12-15 11:10:02,457 [INFO] PluginManager:220 - loadIPPluginJar : add mdma
2025-12-15 11:10:02,460 [INFO] IPUIPlugin:80 - create IPUIPlugin
2025-12-15 11:10:02,460 [INFO] PluginManager:220 - loadIPPluginJar : add pdm2pcm
2025-12-15 11:10:02,466 [INFO] IPUIPlugin:80 - create IPUIPlugin
2025-12-15 11:10:02,466 [INFO] PluginManager:220 - loadIPPluginJar : add linkedlist
2025-12-15 11:10:02,468 [INFO] IPUIPlugin:80 - create IPUIPlugin
2025-12-15 11:10:02,468 [INFO] PluginManager:220 - loadIPPluginJar : add usart
2025-12-15 11:10:02,470 [INFO] IPUIPlugin:80 - create IPUIPlugin
2025-12-15 11:10:02,470 [INFO] PluginManager:220 - loadIPPluginJar : add i2c
2025-12-15 11:10:02,472 [INFO] IPUIPlugin:80 - create IPUIPlugin
2025-12-15 11:10:02,472 [INFO] PluginManager:220 - loadIPPluginJar : add lorawan
2025-12-15 11:10:02,474 [INFO] IPUIPlugin:80 - create IPUIPlugin
2025-12-15 11:10:02,475 [INFO] PluginManager:220 - loadIPPluginJar : add usbx
2025-12-15 11:10:02,478 [INFO] IPUIPlugin:80 - create IPUIPlugin
2025-12-15 11:10:02,478 [INFO] PluginManager:220 - loadIPPluginJar : add fmc
2025-12-15 11:10:02,480 [INFO] IPUIPlugin:80 - create IPUIPlugin
2025-12-15 11:10:02,481 [INFO] PluginManager:220 - loadIPPluginJar : add extmemmanager
2025-12-15 11:10:02,485 [INFO] IPUIPlugin:80 - create IPUIPlugin
2025-12-15 11:10:02,486 [INFO] PluginManager:220 - loadIPPluginJar : add freertos
2025-12-15 11:10:02,488 [INFO] IPUIPlugin:80 - create IPUIPlugin
2025-12-15 11:10:02,488 [INFO] PluginManager:220 - loadIPPluginJar : add can
2025-12-15 11:10:02,491 [INFO] IPUIPlugin:80 - create IPUIPlugin
2025-12-15 11:10:02,491 [INFO] PluginManager:220 - loadIPPluginJar : add touchsensing
2025-12-15 11:10:02,492 [INFO] IPUIPlugin:80 - create IPUIPlugin
2025-12-15 11:10:02,492 [INFO] PluginManager:220 - loadIPPluginJar : add tracer_emb
2025-12-15 11:10:02,494 [INFO] IPUIPlugin:80 - create IPUIPlugin
2025-12-15 11:10:02,494 [INFO] PluginManager:220 - loadIPPluginJar : add ucpd
2025-12-15 11:10:02,495 [INFO] IPUIPlugin:80 - create IPUIPlugin
2025-12-15 11:10:02,495 [INFO] PluginManager:220 - loadIPPluginJar : add ts
2025-12-15 11:10:02,496 [INFO] IPUIPlugin:80 - create IPUIPlugin
2025-12-15 11:10:02,496 [INFO] PluginManager:220 - loadIPPluginJar : add tsc
2025-12-15 11:10:02,499 [INFO] IPUIPlugin:80 - create IPUIPlugin
2025-12-15 11:10:02,499 [INFO] PluginManager:220 - loadIPPluginJar : add resmgrutility
2025-12-15 11:10:02,501 [INFO] IPUIPlugin:80 - create IPUIPlugin
2025-12-15 11:10:02,501 [INFO] PluginManager:220 - loadIPPluginJar : add cryp
2025-12-15 11:10:02,503 [INFO] IPUIPlugin:80 - create IPUIPlugin
2025-12-15 11:10:02,503 [INFO] PluginManager:220 - loadIPPluginJar : add openamp
2025-12-15 11:10:02,509 [INFO] IPUIPlugin:80 - create IPUIPlugin
2025-12-15 11:10:02,509 [INFO] PluginManager:220 - loadIPPluginJar : add adc
2025-12-15 11:10:02,511 [INFO] IPUIPlugin:80 - create IPUIPlugin
2025-12-15 11:10:02,511 [INFO] PluginManager:220 - loadIPPluginJar : add spi
2025-12-15 11:10:02,514 [INFO] IPUIPlugin:80 - create IPUIPlugin
2025-12-15 11:10:02,514 [INFO] PluginManager:220 - loadIPPluginJar : add ipddr
2025-12-15 11:10:02,519 [INFO] IPUIPlugin:80 - create IPUIPlugin
2025-12-15 11:10:02,519 [INFO] PluginManager:220 - loadIPPluginJar : add stm32_wpan
2025-12-15 11:10:02,523 [INFO] IPUIPlugin:80 - create IPUIPlugin
2025-12-15 11:10:02,524 [INFO] PluginManager:220 - loadIPPluginJar : add gic
2025-12-15 11:10:02,526 [INFO] IPUIPlugin:80 - create IPUIPlugin
2025-12-15 11:10:02,526 [INFO] PluginManager:220 - loadIPPluginJar : add ddr_ctrl_phy
2025-12-15 11:10:02,527 [INFO] IPUIPlugin:80 - create IPUIPlugin
2025-12-15 11:10:02,527 [INFO] PluginManager:220 - loadIPPluginJar : add genericplugin
2025-12-15 11:10:02,529 [INFO] IPUIPlugin:80 - create IPUIPlugin
2025-12-15 11:10:02,529 [INFO] PluginManager:220 - loadIPPluginJar : add hash
2025-12-15 11:10:02,531 [INFO] IPUIPlugin:80 - create IPUIPlugin
2025-12-15 11:10:02,531 [INFO] PluginManager:220 - loadIPPluginJar : add tim
2025-12-15 11:10:02,532 [INFO] IPUIPlugin:80 - create IPUIPlugin
2025-12-15 11:10:02,533 [INFO] PluginManager:220 - loadIPPluginJar : add radio
2025-12-15 11:10:02,535 [INFO] IPUIPlugin:80 - create IPUIPlugin
2025-12-15 11:10:02,535 [INFO] PluginManager:220 - loadIPPluginJar : add gtzc
2025-12-15 11:10:02,536 [INFO] IPUIPlugin:80 - create IPUIPlugin
2025-12-15 11:10:02,536 [INFO] PluginManager:220 - loadIPPluginJar : add i2s
2025-12-15 11:10:02,538 [INFO] IPUIPlugin:80 - create IPUIPlugin
2025-12-15 11:10:02,538 [INFO] PluginManager:220 - loadIPPluginJar : add dma3
2025-12-15 11:10:02,635 [FATAL] Updater:351 - Updater called before beeing initialized
2025-12-15 11:10:02,684 [INFO] RulesReader:64 - Compatibility file has been processed (317 Rules)
2025-12-15 11:10:02,697 [INFO] RulesReader:64 - Compatibility file has been processed (317 Rules)
2025-12-15 11:10:02,703 [INFO] CADModel:165 - CPN selected for project level
2025-12-15 11:10:02,703 [INFO] CADModel:114 - Register for checkConnection events
2025-12-15 11:10:02,703 [FATAL] Updater:351 - Updater called before beeing initialized
2025-12-15 11:10:02,704 [ERROR] CADModel:125 - Updater not yet initialized, retry later 
2025-12-15 11:10:02,804 [FATAL] Updater:351 - Updater called before beeing initialized
2025-12-15 11:10:02,806 [INFO] CADModel:165 - CPN selected for project level
2025-12-15 11:10:02,806 [INFO] CADModel:114 - Register for checkConnection events
2025-12-15 11:10:02,806 [FATAL] Updater:351 - Updater called before beeing initialized
2025-12-15 11:10:02,806 [ERROR] CADModel:125 - Updater not yet initialized, retry later 
2025-12-15 11:10:02,809 [FATAL] Updater:351 - Updater called before beeing initialized
2025-12-15 11:10:02,900 [FATAL] Updater:351 - Updater called before beeing initialized
2025-12-15 11:10:02,905 [INFO] DbMcusAds:53 - JSON generation date=Tue Nov 25 19:38:32 IST 2025 (1764079712835)
2025-12-15 11:10:02,905 [FATAL] Updater:351 - Updater called before beeing initialized
2025-12-15 11:10:02,937 [WARN] DetailPanel:346 - Failed to get advertising image, set to default
2025-12-15 11:10:02,994 [FATAL] Updater:351 - Updater called before beeing initialized
2025-12-15 11:10:02,996 [FATAL] Updater:351 - Updater called before beeing initialized
2025-12-15 11:10:02,996 [FATAL] Updater:351 - Updater called before beeing initialized
2025-12-15 11:10:02,996 [WARN] DetailPanel:346 - Failed to get advertising image, set to default
2025-12-15 11:10:02,996 [FATAL] Updater:351 - Updater called before beeing initialized
2025-12-15 11:10:03,024 [ERROR] Updater:1198 - MainUpdater not yet initialized. External WinMGr cannot be set.
2025-12-15 11:10:03,026 [INFO] Updater:1134 - Updater Version found : 6.15.0
2025-12-15 11:10:03,043 [INFO] ApplicationProperties:184 - Using Application install path: /opt/st/stm32cubeide_1.19.0/plugins/com.st.stm32cube.common.mx_6.15.0.202507011659
2025-12-15 11:10:03,459 [INFO] MainUpdater:2872 - connection check result : 10
2025-12-15 11:10:03,460 [INFO] MainUpdater:289 - Updater Check For Update Now.
2025-12-15 11:10:03,461 [INFO] MicroXplorer:498 - Change Database Version : DB.6.0.150
2025-12-15 11:10:03,471 [INFO] McuFinderGlobals:63 - Set McuFinder mode to 2 (CubeIDE integrated)
2025-12-15 11:10:03,472 [INFO] UserAuth:171 - activating auth plugin
2025-12-15 11:10:03,476 [INFO] UserAuth:487 - Internet connection configuration mode: 1
2025-12-15 11:10:03,499 [INFO] JxBrowserEngine:152 - Initiate JxBrowser Engine with user profile folder
2025-12-15 11:10:03,634 [INFO] CheckServerUpdateThread:120 - End of CheckServer Thread
2025-12-15 11:10:04,275 [INFO] WebApp:169 - Instantiating new browser for Auth
2025-12-15 11:10:04,898 [INFO] WebApp:463 - Apply proxy settings
2025-12-15 11:10:04,899 [INFO] WebApp:548 - Chromium requires no authentication
2025-12-15 11:10:04,907 [INFO] WebApp:491 - Direct internet connection detected
2025-12-15 11:10:04,921 [INFO] WebApp:900 - Register for checkConnection events
2025-12-15 11:10:04,922 [INFO] WebApp:463 - Apply proxy settings
2025-12-15 11:10:04,922 [INFO] WebApp:548 - Chromium requires no authentication
2025-12-15 11:10:04,922 [INFO] WebApp:491 - Direct internet connection detected
2025-12-15 11:10:05,097 [INFO] WebApp:225 - Starting web application
2025-12-15 11:10:05,097 [INFO] WebApp:593 - Web application path used /opt/st/stm32cubeide_1.19.0/plugins/com.st.stm32cube.common.mx_6.15.0.202507011659/db/plugins/mcufinder/reactClient1/index.html
2025-12-15 11:10:05,175 [WARN] PackLoader:240 - Cannot read IP mode file for STMicroelectronics.FP-SNS-MOTENVWB1.1.4.0
2025-12-15 11:10:05,181 [WARN] PackLoader:240 - Cannot read IP mode file for STMicroelectronics.FP-ATR-ASTRA1.2.0.2
2025-12-15 11:10:05,187 [WARN] PackLoader:240 - Cannot read IP mode file for STMicroelectronics.X-CUBE-SMBUS.2.1.0
2025-12-15 11:10:05,190 [WARN] PackLoader:240 - Cannot read IP mode file for STMicroelectronics.X-CUBE-ST60.1.0.0
2025-12-15 11:10:05,219 [WARN] PackLoader:240 - Cannot read IP mode file for STMicroelectronics.X-CUBE-AZRTOS-F7.1.1.0
2025-12-15 11:10:05,228 [WARN] PackLoader:240 - Cannot read IP mode file for STMicroelectronics.FP-SNS-MOTENV1.5.1.0
2025-12-15 11:10:05,263 [WARN] PackLoader:240 - Cannot read IP mode file for Infineon.AIROC-Wi-Fi-Bluetooth-STM32.1.7.1
2025-12-15 11:10:05,297 [WARN] PackLoader:240 - Cannot read IP mode file for STMicroelectronics.X-CUBE-AZRTOS-H7.3.4.0
2025-12-15 11:10:05,315 [WARN] PackLoader:240 - Cannot read IP mode file for STMicroelectronics.X-CUBE-DISPLAY.3.0.0
2025-12-15 11:10:05,331 [WARN] PackLoader:240 - Cannot read IP mode file for STMicroelectronics.X-CUBE-NFC10.1.0.0
2025-12-15 11:10:05,347 [WARN] PackLoader:240 - Cannot read IP mode file for STMicroelectronics.X-CUBE-BLEMGR.4.0.0
2025-12-15 11:10:05,356 [WARN] PackLoader:240 - Cannot read IP mode file for STMicroelectronics.X-CUBE-ST60.1.1.0
2025-12-15 11:10:05,365 [WARN] PackLoader:240 - Cannot read IP mode file for emotas.I-CUBE-CANOPEN.1.3.0
2025-12-15 11:10:05,374 [WARN] PackLoader:240 - Cannot read IP mode file for STMicroelectronics.X-CUBE-GNSS1.7.1.0
2025-12-15 11:10:05,379 [WARN] ConditionMgr:438 - getConditionDescription Invalid condition id : Cortex-A Device cause : null
2025-12-15 11:10:05,390 [WARN] ConditionMgr:1044 - genDependencies : Invalid condition id : Cortex-A Device cause : null
2025-12-15 11:10:05,390 [WARN] ConditionMgr:1044 - genDependencies : Invalid condition id : Cortex-A Device cause : null
2025-12-15 11:10:05,391 [WARN] ConditionMgr:1044 - genDependencies : Invalid condition id : Cortex-A Device cause : null
2025-12-15 11:10:05,397 [WARN] PackLoader:240 - Cannot read IP mode file for STMicroelectronics.FP-SNS-STBOX1.2.1.0
2025-12-15 11:10:05,404 [WARN] PackLoader:240 - Cannot read IP mode file for STMicroelectronics.FP-SNS-SMARTAG2.1.2.0
2025-12-15 11:10:05,408 [WARN] PackLoader:240 - Cannot read IP mode file for STMicroelectronics.FP-SNS-FLIGHT1.5.1.0
2025-12-15 11:10:05,440 [INFO] LogOutputStream:77 - [STDOUT_REDIRECT] 1 : Invalid condition id : UX_CORESTACK_Condition cause : null
2025-12-15 11:10:05,447 [INFO] LogOutputStream:77 - [STDOUT_REDIRECT] 1 : Invalid condition id : UX_CORESTACK_Condition cause : null
2025-12-15 11:10:05,449 [INFO] LogOutputStream:77 - [STDOUT_REDIRECT] 1 : Invalid condition id : UX_CORESTACK_Condition cause : null
2025-12-15 11:10:05,450 [INFO] LogOutputStream:77 - [STDOUT_REDIRECT] 1 : Invalid condition id : UX_CORESTACK_Condition cause : null
2025-12-15 11:10:05,453 [INFO] LogOutputStream:77 - [STDOUT_REDIRECT] 1 : Invalid condition id : UX_CORESTACK_Condition cause : null
2025-12-15 11:10:05,461 [WARN] PackLoader:240 - Cannot read IP mode file for STMicroelectronics.X-CUBE-AZRTOS-WL.2.0.0
2025-12-15 11:10:05,471 [WARN] PackLoader:240 - Cannot read IP mode file for STMicroelectronics.FP-SNS-MOTENV1.5.0.0
2025-12-15 11:10:05,494 [WARN] PackLoader:240 - Cannot read IP mode file for STMicroelectronics.X-CUBE-AZRTOS-H7RS.1.2.0
2025-12-15 11:10:05,507 [INFO] WebApp:191 - Connection restablished
2025-12-15 11:10:05,511 [WARN] PackLoader:240 - Cannot read IP mode file for WES.I-CUBE-Cesium.1.3.0
2025-12-15 11:10:05,518 [WARN] PackLoader:240 - Cannot read IP mode file for STMicroelectronics.X-CUBE-BLE2.3.3.0
2025-12-15 11:10:05,533 [WARN] PackLoader:240 - Cannot read IP mode file for STMicroelectronics.X-CUBE-NFC9.1.0.0
2025-12-15 11:10:05,539 [WARN] PackLoader:240 - Cannot read IP mode file for wolfSSL.I-CUBE-wolfSSL.5.8.0
2025-12-15 11:10:05,543 [WARN] PackLoader:240 - Cannot read IP mode file for STMicroelectronics.X-CUBE-BLE1.7.1.0
2025-12-15 11:10:05,545 [WARN] PackLoader:240 - Cannot read IP mode file for wolfSSL.I-CUBE-wolfMQTT.1.19.2
2025-12-15 11:10:05,549 [WARN] PackLoader:240 - Cannot read IP mode file for STMicroelectronics.X-CUBE-FREERTOS.1.4.0
2025-12-15 11:10:05,572 [WARN] PackLoader:240 - Cannot read IP mode file for STMicroelectronics.X-CUBE-EEPRMA1.5.2.0
2025-12-15 11:10:05,584 [WARN] PackLoader:240 - Cannot read IP mode file for STMicroelectronics.X-CUBE-ST67W61.1.1.0
2025-12-15 11:10:05,589 [WARN] PackLoader:240 - Cannot read IP mode file for STMicroelectronics.X-CUBE-AI.10.1.0
2025-12-15 11:10:05,643 [WARN] PackLoader:240 - Cannot read IP mode file for STMicroelectronics.X-CUBE-MEMS1.12.0.0
2025-12-15 11:10:05,772 [WARN] PackLoader:240 - Cannot read IP mode file for STMicroelectronics.X-CUBE-AZRTOS-G0.1.1.0
2025-12-15 11:10:05,779 [WARN] PackLoader:240 - Cannot read IP mode file for STMicroelectronics.X-CUBE-SAFEA1.1.2.2
2025-12-15 11:10:05,785 [WARN] PackLoader:240 - Cannot read IP mode file for STMicroelectronics.X-CUBE-NFC4.3.0.0
2025-12-15 11:10:05,792 [WARN] PackLoader:240 - Cannot read IP mode file for EmbeddedOffice.I-CUBE-FS-RTOS.1.0.1
2025-12-15 11:10:05,798 [WARN] PackLoader:240 - Cannot read IP mode file for STMicroelectronics.X-CUBE-WB05N.2.0.0
2025-12-15 11:10:05,801 [WARN] PackLoader:240 - Cannot read IP mode file for wolfSSL.I-CUBE-wolfTPM.3.8.0
2025-12-15 11:10:05,806 [WARN] PackLoader:240 - Cannot read IP mode file for STMicroelectronics.X-CUBE-TCPP.4.2.0
2025-12-15 11:10:05,811 [WARN] PackLoader:240 - Cannot read IP mode file for RealThread.X-CUBE-RT-Thread_Nano.4.1.1
2025-12-15 11:10:05,815 [WARN] PackLoader:240 - Cannot read IP mode file for STMicroelectronics.FP-ATR-SIGFOX1.3.2.0
2025-12-15 11:10:05,820 [WARN] PackLoader:240 - Cannot read IP mode file for STMicroelectronics.X-CUBE-EEPRMA1.5.1.0
2025-12-15 11:10:05,826 [WARN] PackLoader:240 - Cannot read IP mode file for ITTIA_DB.I-CUBE-ITTIADB.8.9.0
2025-12-15 11:10:05,832 [WARN] PackLoader:240 - Cannot read IP mode file for STMicroelectronics.X-CUBE-ST67W61.1.0.0
2025-12-15 11:10:05,836 [WARN] PackLoader:240 - Cannot read IP mode file for STMicroelectronics.X-CUBE-AI.10.2.0
2025-12-15 11:10:05,861 [WARN] PackLoader:240 - Cannot read IP mode file for SEGGER.I-CUBE-embOS.1.3.1
2025-12-15 11:10:05,902 [WARN] PackLoader:240 - Cannot read IP mode file for STMicroelectronics.X-CUBE-ALGOBUILD.1.4.0
2025-12-15 11:10:05,947 [WARN] PackLoader:240 - Cannot read IP mode file for STMicroelectronics.X-CUBE-MEMS1.11.3.0
2025-12-15 11:10:06,094 [WARN] PackLoader:240 - Cannot read IP mode file for STMicroelectronics.X-CUBE-PM33A1.1.0.0
2025-12-15 11:10:06,110 [WARN] PackLoader:240 - Cannot read IP mode file for STMicroelectronics.X-CUBE-AZRTOS-F4.1.1.0
2025-12-15 11:10:06,116 [WARN] PackLoader:240 - Cannot read IP mode file for Avnet-IotConnect.X-CUBE-IoTC-DA16k-PMOD.1.0.0
2025-12-15 11:10:06,118 [WARN] PackLoader:240 - Cannot read IP mode file for STMicroelectronics.X-CUBE-ISPU.2.1.0
2025-12-15 11:10:06,130 [WARN] PackLoader:240 - Cannot read IP mode file for STMicroelectronics.X-CUBE-IPS.3.2.0
2025-12-15 11:10:06,142 [WARN] PackLoader:240 - Cannot read IP mode file for STMicroelectronics.X-CUBE-NFC12.1.0.0
2025-12-15 11:10:06,158 [WARN] PackLoader:240 - Cannot read IP mode file for STMicroelectronics.X-CUBE-AZRTOS-L5.2.0.0
2025-12-15 11:10:06,165 [WARN] PackLoader:240 - Cannot read IP mode file for STMicroelectronics.X-CUBE-NFC6.3.1.0
2025-12-15 11:10:06,171 [WARN] PackLoader:240 - Cannot read IP mode file for STMicroelectronics.X-CUBE-FREERTOS.1.3.1
2025-12-15 11:10:06,174 [WARN] PackLoader:240 - Cannot read IP mode file for STMicroelectronics.X-CUBE-TOUCHGFX.4.26.0
2025-12-15 11:10:06,178 [WARN] PackLoader:240 - Cannot read IP mode file for STMicroelectronics.FP-SNS-STAIOTCFT.1.0.0
2025-12-15 11:10:06,182 [WARN] PackLoader:240 - Cannot read IP mode file for STMicroelectronics.X-CUBE-DPower.1.3.0
2025-12-15 11:10:06,208 [WARN] ConditionMgr:438 - getConditionDescription Invalid condition id : LAN8742 Phy interface Condition cause : null
2025-12-15 11:10:06,209 [WARN] PackLoader:240 - Cannot read IP mode file for STMicroelectronics.X-CUBE-AZRTOS-L4.2.0.0
2025-12-15 11:10:06,210 [WARN] ConditionMgr:1044 - genDependencies : Invalid condition id : LAN8742 Phy interface Condition cause : null
2025-12-15 11:10:06,211 [WARN] ConditionMgr:1044 - genDependencies : Invalid condition id : LAN8742 Phy interface Condition cause : null
2025-12-15 11:10:06,211 [WARN] ConditionMgr:1044 - genDependencies : Invalid condition id : LAN8742 Phy interface Condition cause : null
2025-12-15 11:10:06,222 [WARN] PackLoader:240 - Cannot read IP mode file for STMicroelectronics.X-CUBE-SFXS2LP1.4.0.0
2025-12-15 11:10:06,234 [WARN] PackLoader:240 - Cannot read IP mode file for STMicroelectronics.X-CUBE-BLEMGR.4.1.0
2025-12-15 11:10:06,256 [WARN] ConditionMgr:438 - getConditionDescription Invalid condition id : UX DEVICE CLASS RTOS Condition cause : null
2025-12-15 11:10:06,256 [WARN] ConditionMgr:438 - getConditionDescription Invalid condition id : UX DEVICE CLASS RTOS Condition cause : null
2025-12-15 11:10:06,258 [WARN] PackLoader:240 - Cannot read IP mode file for STMicroelectronics.X-CUBE-AZRTOS-WB.2.0.0
2025-12-15 11:10:06,259 [WARN] ConditionMgr:1044 - genDependencies : Invalid condition id : UX DEVICE CLASS RTOS Condition cause : null
2025-12-15 11:10:06,259 [WARN] ConditionMgr:1044 - genDependencies : Invalid condition id : UX DEVICE CLASS RTOS Condition cause : null
2025-12-15 11:10:06,259 [WARN] ConditionMgr:1044 - genDependencies : Invalid condition id : UX DEVICE CLASS RTOS Condition cause : null
2025-12-15 11:10:06,260 [WARN] ConditionMgr:1044 - genDependencies : Invalid condition id : UX DEVICE CLASS RTOS Condition cause : null
2025-12-15 11:10:06,260 [WARN] ConditionMgr:1044 - genDependencies : Invalid condition id : UX DEVICE CLASS RTOS Condition cause : null
2025-12-15 11:10:06,265 [WARN] PackLoader:240 - Cannot read IP mode file for STMicroelectronics.X-CUBE-GNSS1.7.0.1
2025-12-15 11:10:06,270 [WARN] PackLoader:240 - Cannot read IP mode file for STMicroelectronics.X-CUBE-TOUCHGFX.4.25.0
2025-12-15 11:10:06,279 [WARN] PackLoader:240 - Cannot read IP mode file for STMicroelectronics.FP-SNS-STBOX1.2.0.0
2025-12-15 11:10:06,296 [WARN] PackLoader:240 - Cannot read IP mode file for STMicroelectronics.X-CUBE-SUBG2.5.0.0
2025-12-15 11:10:06,367 [WARN] PackLoader:240 - Cannot read IP mode file for STMicroelectronics.X-CUBE-AZRTOS-H7RS.1.1.0
2025-12-15 11:10:06,376 [WARN] PackLoader:240 - Cannot read IP mode file for Cesanta.I-CUBE-Mongoose.7.13.0
2025-12-15 11:10:06,391 [WARN] PackLoader:240 - Cannot read IP mode file for STMicroelectronics.X-CUBE-AZRTOS-G4.2.0.0
2025-12-15 11:10:06,397 [WARN] PackLoader:240 - Cannot read IP mode file for wolfSSL.I-CUBE-wolfSSH.1.4.20
2025-12-15 11:10:06,406 [WARN] PackLoader:240 - Cannot read IP mode file for STMicroelectronics.X-CUBE-NFC7.2.0.0
2025-12-15 11:10:06,423 [WARN] PackLoader:240 - Cannot read IP mode file for STMicroelectronics.X-CUBE-IPS.3.1.0
2025-12-15 11:10:06,432 [WARN] PackLoader:240 - Cannot read IP mode file for STMicroelectronics.X-CUBE-ALS.1.0.2
2025-12-15 11:10:06,438 [WARN] PackLoader:240 - Cannot read IP mode file for STMicroelectronics.X-CUBE-STSE01.1.0.0
2025-12-15 11:10:06,444 [WARN] PackLoader:240 - Cannot read IP mode file for portGmbH.I-Cube-SoM-uGOAL.1.1.0
2025-12-15 11:10:06,453 [WARN] PackLoader:240 - Cannot read IP mode file for STMicroelectronics.X-CUBE-TOF1.3.4.3
2025-12-15 11:10:06,460 [INFO] ThirdParty:978 - Integrity check success = true
2025-12-15 11:10:06,460 [INFO] IntegrityCheckThread:100 - exiting critical section [integrity check]
2025-12-15 11:10:06,460 [INFO] IntegrityCheckThread:103 - End integrity checks thread
2025-12-15 12:04:47,010 [ERROR] LogOutputStream:75 - [STDERR_REDIRECT] 
2025-12-15 21:35:52,652 [INFO] Activator:176 - 


2025-12-15 21:35:52,656 [INFO] Activator:177 - !SESSION log4j initialized
2025-12-15 21:35:57,801 [INFO] LogOutputStream:77 - [STDOUT_REDIRECT] 
2025-12-15 21:36:00,945 [INFO] ApplicationProperties:184 - Using Application install path: /opt/st/stm32cubeide_1.19.0/plugins/com.st.stm32cube.common.mx_6.15.0.202507011659
2025-12-15 21:36:00,967 [INFO] DbMcusXml:78 - Set database path to: /opt/st/stm32cubeide_1.19.0/plugins/com.st.stm32cube.common.mx_6.15.0.202507011659//db//mcu/
2025-12-15 21:36:00,967 [INFO] ApiDb:274 - Set plugin database path to: /opt/st/stm32cubeide_1.19.0/plugins/com.st.stm32cube.common.mx_6.15.0.202507011659//db//plugins/boardmanager/
2025-12-15 21:36:00,967 [WARN] ApiDb:259 - Overriding images path with different value:  => /opt/st/stm32cubeide_1.19.0/plugins/com.st.stm32cube.common.mx_6.15.0.202507011659//db//plugins/mcufinder/images/
2025-12-15 21:36:00,975 [INFO] ApiDb:250 - Set database path to: /home/sunbeam/.stmcufinder/plugins/mcufinder//mcu/
2025-12-15 21:36:00,976 [INFO] DbMcusAds:125 - Set database path to: /home/sunbeam/.stmcufinder/plugins/mcufinder//mcu/
2025-12-15 21:36:01,263 [INFO] CrossReferenceDbSqlite:203 - Set database path to: /home/sunbeam/.stmcufinder/plugins/mcufinder//mcu/cs/
2025-12-15 21:36:01,429 [INFO] RulesReader:64 - Compatibility file has been processed (317 Rules)
2025-12-15 21:36:01,497 [INFO] DbMcusXml:78 - Set database path to: /opt/st/stm32cubeide_1.19.0/plugins/com.st.stm32cube.common.mx_6.15.0.202507011659//db//mcu/
2025-12-15 21:36:01,498 [INFO] ApiDb:274 - Set plugin database path to: /opt/st/stm32cubeide_1.19.0/plugins/com.st.stm32cube.common.mx_6.15.0.202507011659//db//plugins/boardmanager/
2025-12-15 21:36:01,498 [INFO] ApiDb:261 - Set plugin images path to: /opt/st/stm32cubeide_1.19.0/plugins/com.st.stm32cube.common.mx_6.15.0.202507011659//db//plugins/mcufinder/images/
2025-12-15 21:36:01,498 [WARN] DbFile:41 - Overriding database path with different value: /home/sunbeam/.stmcufinder/plugins/mcufinder/ => /home/sunbeam/.stmcufinder/plugins/mcufinder
2025-12-15 21:36:01,498 [INFO] ApiDb:250 - Set database path to: /home/sunbeam/.stmcufinder/plugins/mcufinder//mcu/
2025-12-15 21:36:01,498 [WARN] DbFile:41 - Overriding database path with different value: /home/sunbeam/.stmcufinder/plugins/mcufinder/ => /home/sunbeam/.stmcufinder/plugins/mcufinder
2025-12-15 21:36:01,499 [INFO] DbMcusAds:125 - Set database path to: /home/sunbeam/.stmcufinder/plugins/mcufinder//mcu/
2025-12-15 21:36:01,499 [WARN] DbFile:41 - Overriding database path with different value: /home/sunbeam/.stmcufinder/plugins/mcufinder/ => /home/sunbeam/.stmcufinder/plugins/mcufinder
2025-12-15 21:36:01,499 [WARN] DbFile:41 - Overriding database path with different value: /home/sunbeam/.stmcufinder/plugins/mcufinder/ => /home/sunbeam/.stmcufinder/plugins/mcufinder
2025-12-15 21:36:01,772 [INFO] CrossReferenceDbSqlite:203 - Set database path to: /home/sunbeam/.stmcufinder/plugins/mcufinder//mcu/cs/
2025-12-15 21:36:01,877 [INFO] MainPanel:274 - HeapMemory: 268435456
2025-12-15 21:36:02,043 [INFO] DbMcusXml:78 - Set database path to: /opt/st/stm32cubeide_1.19.0/plugins/com.st.stm32cube.common.mx_6.15.0.202507011659//db//mcu/
2025-12-15 21:36:02,044 [INFO] ApiDb:274 - Set plugin database path to: /opt/st/stm32cubeide_1.19.0/plugins/com.st.stm32cube.common.mx_6.15.0.202507011659//db//plugins/boardmanager/
2025-12-15 21:36:02,044 [INFO] ApiDb:261 - Set plugin images path to: /opt/st/stm32cubeide_1.19.0/plugins/com.st.stm32cube.common.mx_6.15.0.202507011659//db//plugins/mcufinder/images/
2025-12-15 21:36:02,044 [WARN] DbFile:41 - Overriding database path with different value: /home/sunbeam/.stmcufinder/plugins/mcufinder/ => /home/sunbeam/.stmcufinder/plugins/mcufinder
2025-12-15 21:36:02,044 [INFO] ApiDb:250 - Set database path to: /home/sunbeam/.stmcufinder/plugins/mcufinder//mcu/
2025-12-15 21:36:02,044 [WARN] DbFile:41 - Overriding database path with different value: /home/sunbeam/.stmcufinder/plugins/mcufinder/ => /home/sunbeam/.stmcufinder/plugins/mcufinder
2025-12-15 21:36:02,044 [INFO] DbMcusAds:125 - Set database path to: /home/sunbeam/.stmcufinder/plugins/mcufinder//mcu/
2025-12-15 21:36:02,045 [WARN] DbFile:41 - Overriding database path with different value: /home/sunbeam/.stmcufinder/plugins/mcufinder/ => /home/sunbeam/.stmcufinder/plugins/mcufinder
2025-12-15 21:36:02,045 [WARN] DbFile:41 - Overriding database path with different value: /home/sunbeam/.stmcufinder/plugins/mcufinder/ => /home/sunbeam/.stmcufinder/plugins/mcufinder
2025-12-15 21:36:02,388 [INFO] CrossReferenceDbSqlite:203 - Set database path to: /home/sunbeam/.stmcufinder/plugins/mcufinder//mcu/cs/
2025-12-15 21:36:02,411 [INFO] ApplicationProperties:184 - Using Application install path: /opt/st/stm32cubeide_1.19.0/plugins/com.st.stm32cube.common.mx_6.15.0.202507011659
2025-12-15 21:36:02,414 [INFO] PluginManage:196 - Search for loadable plugins [exclusion list=, ]
2025-12-15 21:36:02,416 [INFO] PluginManage:310 - Check plugin analytics
2025-12-15 21:36:02,985 [INFO] AnalyticsPlugin:253 - Accepted Software Licenses: 
2025-12-15 21:36:02,985 [INFO] AnalyticsPlugin:255 - Accepted CMSIS Pack Licenses: 
2025-12-15 21:36:02,985 [INFO] AnalyticsPlugin:257 - Accepted Firmware Licenses: FW.F4.1.28.0
2025-12-15 21:36:02,988 [INFO] PluginManage:359 - Loaded plugin analytics (category:tool,tabindex:-1)
2025-12-15 21:36:02,988 [INFO] PluginManage:310 - Check plugin cadmodel
2025-12-15 21:36:02,993 [INFO] CADModel:105 - Init CAD model plugin
2025-12-15 21:36:02,993 [INFO] PluginManage:359 - Loaded plugin cadmodel (category:power,tabindex:5)
2025-12-15 21:36:02,994 [INFO] PluginManage:310 - Check plugin clock
2025-12-15 21:36:03,004 [INFO] PluginManage:359 - Loaded plugin clock (category:base,tabindex:2)
2025-12-15 21:36:03,004 [INFO] PluginManage:310 - Check plugin ddr
2025-12-15 21:36:03,006 [INFO] PluginManage:359 - Loaded plugin ddr (category:tool,tabindex:6)
2025-12-15 21:36:03,007 [INFO] PluginManage:310 - Check plugin filemanager
2025-12-15 21:36:03,194 [INFO] PluginManage:359 - Loaded plugin filemanager (category:base,tabindex:10)
2025-12-15 21:36:03,194 [INFO] PluginManage:310 - Check plugin ipmanager
2025-12-15 21:36:03,200 [INFO] PluginManage:359 - Loaded plugin ipmanager (category:base,tabindex:5)
2025-12-15 21:36:03,201 [INFO] PluginManage:310 - Check plugin lpbam
2025-12-15 21:36:03,212 [INFO] PluginManage:359 - Loaded plugin lpbam (category:base,tabindex:0)
2025-12-15 21:36:03,212 [INFO] PluginManage:310 - Check plugin memorymap
2025-12-15 21:36:03,228 [INFO] PluginManage:359 - Loaded plugin memorymap (category:base,tabindex:4)
2025-12-15 21:36:03,228 [INFO] PluginManage:310 - Check plugin pinoutandconfiguration
2025-12-15 21:36:03,239 [INFO] PluginManage:359 - Loaded plugin pinoutandconfiguration (category:base,tabindex:1)
2025-12-15 21:36:03,240 [INFO] PluginManage:310 - Check plugin pinoutconfig
2025-12-15 21:36:03,322 [WARN] SupportedApi:132 - Cannot load RTOS API schema: s4s-elt-must-match.1: The content of 'definitions' must match (annotation?, (simpleType | complexType)?, (unique | key | keyref)*)). A problem was found starting at: attribute.
2025-12-15 21:36:03,445 [INFO] PluginManage:359 - Loaded plugin pinoutconfig (category:base,tabindex:0)
2025-12-15 21:36:03,445 [INFO] PluginManage:310 - Check plugin power
2025-12-15 21:36:03,453 [INFO] PluginManage:359 - Loaded plugin power (category:power,tabindex:4)
2025-12-15 21:36:03,453 [INFO] PluginManage:310 - Check plugin projectmanager
2025-12-15 21:36:03,469 [INFO] PluginManage:359 - Loaded plugin projectmanager (category:projectmanager,tabindex:4)
2025-12-15 21:36:03,469 [INFO] PluginManage:310 - Check plugin rif
2025-12-15 21:36:03,478 [INFO] PluginManage:359 - Loaded plugin rif (category:base,tabindex:3)
2025-12-15 21:36:03,478 [INFO] PluginManage:310 - Check plugin thirdparty
2025-12-15 21:36:03,604 [INFO] PluginManage:359 - Loaded plugin thirdparty (category:base,tabindex:-1)
2025-12-15 21:36:03,604 [WARN] IntegrityCheckThread:84 - waiting for thirdparty lock release [integrity check]
2025-12-15 21:36:03,604 [INFO] PluginManage:310 - Check plugin tools
2025-12-15 21:36:03,604 [INFO] IntegrityCheckThread:86 - entering critical section [integrity check]
2025-12-15 21:36:03,604 [INFO] ThirdPartyUpdaterWithRetryManager:70 - Updater plugin not ready yet. [1/15]
2025-12-15 21:36:03,606 [INFO] PluginManage:359 - Loaded plugin tools (category:base,tabindex:7)
2025-12-15 21:36:03,606 [INFO] PluginManage:310 - Check plugin tutovideos
2025-12-15 21:36:03,848 [INFO] PluginManage:359 - Loaded plugin tutovideos (category:base,tabindex:-1)
2025-12-15 21:36:03,848 [INFO] PluginManage:310 - Check plugin updater
2025-12-15 21:36:03,871 [INFO] PluginManage:359 - Loaded plugin updater (category:base,tabindex:12)
2025-12-15 21:36:03,872 [INFO] PluginManage:310 - Check plugin userauth
2025-12-15 21:36:03,877 [INFO] UserAuth:118 - Init User Auth plugin
2025-12-15 21:36:03,878 [INFO] PluginManage:359 - Loaded plugin userauth (category:base,tabindex:14)
2025-12-15 21:36:03,879 [INFO] PluginManage:283 - PluginManage : Loaded plugins [18]
2025-12-15 21:36:04,089 [INFO] PinOutPanel:1589 - setPackage(No Configuration,No Configuration)
2025-12-15 21:36:04,156 [INFO] CADModel:165 - CPN selected for project level
2025-12-15 21:36:04,156 [INFO] CADModel:114 - Register for checkConnection events
2025-12-15 21:36:04,167 [INFO] IPUIPlugin:80 - create IPUIPlugin
2025-12-15 21:36:04,167 [INFO] PluginManager:220 - loadIPPluginJar : add dfsdm
2025-12-15 21:36:04,172 [INFO] IPUIPlugin:80 - create IPUIPlugin
2025-12-15 21:36:04,172 [INFO] PluginManager:220 - loadIPPluginJar : add gfxmmu
2025-12-15 21:36:04,174 [INFO] IPUIPlugin:80 - create IPUIPlugin
2025-12-15 21:36:04,175 [INFO] PluginManager:220 - loadIPPluginJar : add i3c
2025-12-15 21:36:04,178 [INFO] IPUIPlugin:80 - create IPUIPlugin
2025-12-15 21:36:04,178 [INFO] PluginManager:220 - loadIPPluginJar : add sai
2025-12-15 21:36:04,184 [INFO] IPUIPlugin:80 - create IPUIPlugin
2025-12-15 21:36:04,185 [INFO] PluginManager:220 - loadIPPluginJar : add dma
2025-12-15 21:36:04,186 [INFO] IPUIPlugin:80 - create IPUIPlugin
2025-12-15 21:36:04,186 [INFO] PluginManager:220 - loadIPPluginJar : add quadspi
2025-12-15 21:36:04,191 [INFO] IPUIPlugin:80 - create IPUIPlugin
2025-12-15 21:36:04,191 [INFO] PluginManager:220 - loadIPPluginJar : add opamp
2025-12-15 21:36:04,192 [INFO] IPUIPlugin:80 - create IPUIPlugin
2025-12-15 21:36:04,192 [INFO] PluginManager:220 - loadIPPluginJar : add comp
2025-12-15 21:36:04,199 [INFO] IPUIPlugin:80 - create IPUIPlugin
2025-12-15 21:36:04,202 [INFO] PluginManager:220 - loadIPPluginJar : add plateformsettings
2025-12-15 21:36:04,203 [INFO] IPUIPlugin:80 - create IPUIPlugin
2025-12-15 21:36:04,203 [INFO] PluginManager:220 - loadIPPluginJar : add ltdc
2025-12-15 21:36:04,207 [INFO] IPUIPlugin:80 - create IPUIPlugin
2025-12-15 21:36:04,207 [INFO] PluginManager:220 - loadIPPluginJar : add nvic
2025-12-15 21:36:04,208 [INFO] IPUIPlugin:80 - create IPUIPlugin
2025-12-15 21:36:04,209 [INFO] PluginManager:220 - loadIPPluginJar : add fatfs
2025-12-15 21:36:04,213 [INFO] IPUIPlugin:80 - create IPUIPlugin
2025-12-15 21:36:04,213 [INFO] PluginManager:220 - loadIPPluginJar : add gpio
2025-12-15 21:36:04,216 [INFO] IPUIPlugin:80 - create IPUIPlugin
2025-12-15 21:36:04,216 [INFO] PluginManager:220 - loadIPPluginJar : add aes
2025-12-15 21:36:04,222 [INFO] IPUIPlugin:80 - create IPUIPlugin
2025-12-15 21:36:04,222 [INFO] PluginManager:220 - loadIPPluginJar : add mdma
2025-12-15 21:36:04,225 [INFO] IPUIPlugin:80 - create IPUIPlugin
2025-12-15 21:36:04,225 [INFO] PluginManager:220 - loadIPPluginJar : add pdm2pcm
2025-12-15 21:36:04,232 [INFO] IPUIPlugin:80 - create IPUIPlugin
2025-12-15 21:36:04,233 [INFO] PluginManager:220 - loadIPPluginJar : add linkedlist
2025-12-15 21:36:04,235 [INFO] IPUIPlugin:80 - create IPUIPlugin
2025-12-15 21:36:04,235 [INFO] PluginManager:220 - loadIPPluginJar : add usart
2025-12-15 21:36:04,237 [INFO] IPUIPlugin:80 - create IPUIPlugin
2025-12-15 21:36:04,238 [INFO] PluginManager:220 - loadIPPluginJar : add i2c
2025-12-15 21:36:04,240 [INFO] IPUIPlugin:80 - create IPUIPlugin
2025-12-15 21:36:04,240 [INFO] PluginManager:220 - loadIPPluginJar : add lorawan
2025-12-15 21:36:04,242 [INFO] IPUIPlugin:80 - create IPUIPlugin
2025-12-15 21:36:04,243 [INFO] PluginManager:220 - loadIPPluginJar : add usbx
2025-12-15 21:36:04,247 [INFO] IPUIPlugin:80 - create IPUIPlugin
2025-12-15 21:36:04,247 [INFO] PluginManager:220 - loadIPPluginJar : add fmc
2025-12-15 21:36:04,250 [INFO] IPUIPlugin:80 - create IPUIPlugin
2025-12-15 21:36:04,251 [INFO] PluginManager:220 - loadIPPluginJar : add extmemmanager
2025-12-15 21:36:04,257 [INFO] IPUIPlugin:80 - create IPUIPlugin
2025-12-15 21:36:04,257 [INFO] PluginManager:220 - loadIPPluginJar : add freertos
2025-12-15 21:36:04,260 [INFO] IPUIPlugin:80 - create IPUIPlugin
2025-12-15 21:36:04,260 [INFO] PluginManager:220 - loadIPPluginJar : add can
2025-12-15 21:36:04,263 [INFO] IPUIPlugin:80 - create IPUIPlugin
2025-12-15 21:36:04,263 [INFO] PluginManager:220 - loadIPPluginJar : add touchsensing
2025-12-15 21:36:04,266 [INFO] IPUIPlugin:80 - create IPUIPlugin
2025-12-15 21:36:04,266 [INFO] PluginManager:220 - loadIPPluginJar : add tracer_emb
2025-12-15 21:36:04,268 [INFO] IPUIPlugin:80 - create IPUIPlugin
2025-12-15 21:36:04,268 [INFO] PluginManager:220 - loadIPPluginJar : add ucpd
2025-12-15 21:36:04,270 [INFO] IPUIPlugin:80 - create IPUIPlugin
2025-12-15 21:36:04,270 [INFO] PluginManager:220 - loadIPPluginJar : add ts
2025-12-15 21:36:04,271 [INFO] IPUIPlugin:80 - create IPUIPlugin
2025-12-15 21:36:04,271 [INFO] PluginManager:220 - loadIPPluginJar : add tsc
2025-12-15 21:36:04,275 [INFO] IPUIPlugin:80 - create IPUIPlugin
2025-12-15 21:36:04,275 [INFO] PluginManager:220 - loadIPPluginJar : add resmgrutility
2025-12-15 21:36:04,277 [INFO] IPUIPlugin:80 - create IPUIPlugin
2025-12-15 21:36:04,277 [INFO] PluginManager:220 - loadIPPluginJar : add cryp
2025-12-15 21:36:04,281 [INFO] IPUIPlugin:80 - create IPUIPlugin
2025-12-15 21:36:04,281 [INFO] PluginManager:220 - loadIPPluginJar : add openamp
2025-12-15 21:36:04,289 [INFO] IPUIPlugin:80 - create IPUIPlugin
2025-12-15 21:36:04,290 [INFO] PluginManager:220 - loadIPPluginJar : add adc
2025-12-15 21:36:04,292 [INFO] IPUIPlugin:80 - create IPUIPlugin
2025-12-15 21:36:04,292 [INFO] PluginManager:220 - loadIPPluginJar : add spi
2025-12-15 21:36:04,295 [INFO] IPUIPlugin:80 - create IPUIPlugin
2025-12-15 21:36:04,295 [INFO] PluginManager:220 - loadIPPluginJar : add ipddr
2025-12-15 21:36:04,303 [INFO] IPUIPlugin:80 - create IPUIPlugin
2025-12-15 21:36:04,303 [INFO] PluginManager:220 - loadIPPluginJar : add stm32_wpan
2025-12-15 21:36:04,308 [INFO] IPUIPlugin:80 - create IPUIPlugin
2025-12-15 21:36:04,308 [INFO] PluginManager:220 - loadIPPluginJar : add gic
2025-12-15 21:36:04,311 [INFO] IPUIPlugin:80 - create IPUIPlugin
2025-12-15 21:36:04,311 [INFO] PluginManager:220 - loadIPPluginJar : add ddr_ctrl_phy
2025-12-15 21:36:04,313 [INFO] IPUIPlugin:80 - create IPUIPlugin
2025-12-15 21:36:04,313 [INFO] PluginManager:220 - loadIPPluginJar : add genericplugin
2025-12-15 21:36:04,315 [INFO] IPUIPlugin:80 - create IPUIPlugin
2025-12-15 21:36:04,315 [INFO] PluginManager:220 - loadIPPluginJar : add hash
2025-12-15 21:36:04,317 [INFO] IPUIPlugin:80 - create IPUIPlugin
2025-12-15 21:36:04,317 [INFO] PluginManager:220 - loadIPPluginJar : add tim
2025-12-15 21:36:04,318 [INFO] IPUIPlugin:80 - create IPUIPlugin
2025-12-15 21:36:04,319 [INFO] PluginManager:220 - loadIPPluginJar : add radio
2025-12-15 21:36:04,321 [INFO] IPUIPlugin:80 - create IPUIPlugin
2025-12-15 21:36:04,321 [INFO] PluginManager:220 - loadIPPluginJar : add gtzc
2025-12-15 21:36:04,323 [INFO] IPUIPlugin:80 - create IPUIPlugin
2025-12-15 21:36:04,323 [INFO] PluginManager:220 - loadIPPluginJar : add i2s
2025-12-15 21:36:04,325 [INFO] IPUIPlugin:80 - create IPUIPlugin
2025-12-15 21:36:04,325 [INFO] PluginManager:220 - loadIPPluginJar : add dma3
2025-12-15 21:36:04,429 [FATAL] Updater:351 - Updater called before beeing initialized
2025-12-15 21:36:04,486 [INFO] RulesReader:64 - Compatibility file has been processed (317 Rules)
2025-12-15 21:36:04,507 [INFO] RulesReader:64 - Compatibility file has been processed (317 Rules)
2025-12-15 21:36:04,519 [INFO] CADModel:165 - CPN selected for project level
2025-12-15 21:36:04,519 [INFO] CADModel:114 - Register for checkConnection events
2025-12-15 21:36:04,519 [FATAL] Updater:351 - Updater called before beeing initialized
2025-12-15 21:36:04,519 [ERROR] CADModel:125 - Updater not yet initialized, retry later 
2025-12-15 21:36:04,671 [FATAL] Updater:351 - Updater called before beeing initialized
2025-12-15 21:36:04,672 [INFO] CADModel:165 - CPN selected for project level
2025-12-15 21:36:04,672 [INFO] CADModel:114 - Register for checkConnection events
2025-12-15 21:36:04,673 [FATAL] Updater:351 - Updater called before beeing initialized
2025-12-15 21:36:04,673 [ERROR] CADModel:125 - Updater not yet initialized, retry later 
2025-12-15 21:36:04,676 [FATAL] Updater:351 - Updater called before beeing initialized
2025-12-15 21:36:04,779 [FATAL] Updater:351 - Updater called before beeing initialized
2025-12-15 21:36:04,783 [INFO] DbMcusAds:53 - JSON generation date=Tue Nov 25 19:38:32 IST 2025 (1764079712835)
2025-12-15 21:36:04,783 [FATAL] Updater:351 - Updater called before beeing initialized
2025-12-15 21:36:04,817 [WARN] DetailPanel:346 - Failed to get advertising image, set to default
2025-12-15 21:36:04,892 [FATAL] Updater:351 - Updater called before beeing initialized
2025-12-15 21:36:04,895 [FATAL] Updater:351 - Updater called before beeing initialized
2025-12-15 21:36:04,896 [FATAL] Updater:351 - Updater called before beeing initialized
2025-12-15 21:36:04,896 [WARN] DetailPanel:346 - Failed to get advertising image, set to default
2025-12-15 21:36:04,897 [FATAL] Updater:351 - Updater called before beeing initialized
2025-12-15 21:36:04,930 [ERROR] Updater:1198 - MainUpdater not yet initialized. External WinMGr cannot be set.
2025-12-15 21:36:04,932 [INFO] Updater:1134 - Updater Version found : 6.15.0
2025-12-15 21:36:04,954 [INFO] ApplicationProperties:184 - Using Application install path: /opt/st/stm32cubeide_1.19.0/plugins/com.st.stm32cube.common.mx_6.15.0.202507011659
2025-12-15 21:36:05,686 [INFO] MainUpdater:2872 - connection check result : 10
2025-12-15 21:36:05,687 [INFO] MainUpdater:289 - Updater Check For Update Now.
2025-12-15 21:36:05,687 [INFO] MicroXplorer:498 - Change Database Version : DB.6.0.150
2025-12-15 21:36:05,702 [INFO] McuFinderGlobals:63 - Set McuFinder mode to 2 (CubeIDE integrated)
2025-12-15 21:36:05,704 [INFO] UserAuth:171 - activating auth plugin
2025-12-15 21:36:05,712 [INFO] UserAuth:487 - Internet connection configuration mode: 1
2025-12-15 21:36:05,774 [INFO] JxBrowserEngine:152 - Initiate JxBrowser Engine with user profile folder
2025-12-15 21:36:05,965 [INFO] CheckServerUpdateThread:120 - End of CheckServer Thread
2025-12-15 21:36:06,821 [WARN] PackLoader:240 - Cannot read IP mode file for STMicroelectronics.FP-SNS-MOTENVWB1.1.4.0
2025-12-15 21:36:06,835 [WARN] PackLoader:240 - Cannot read IP mode file for STMicroelectronics.FP-ATR-ASTRA1.2.0.2
2025-12-15 21:36:06,845 [WARN] PackLoader:240 - Cannot read IP mode file for STMicroelectronics.X-CUBE-SMBUS.2.1.0
2025-12-15 21:36:06,852 [WARN] PackLoader:240 - Cannot read IP mode file for STMicroelectronics.X-CUBE-ST60.1.0.0
2025-12-15 21:36:06,908 [WARN] PackLoader:240 - Cannot read IP mode file for STMicroelectronics.X-CUBE-AZRTOS-F7.1.1.0
2025-12-15 21:36:06,920 [WARN] PackLoader:240 - Cannot read IP mode file for STMicroelectronics.FP-SNS-MOTENV1.5.1.0
2025-12-15 21:36:06,954 [WARN] PackLoader:240 - Cannot read IP mode file for Infineon.AIROC-Wi-Fi-Bluetooth-STM32.1.7.1
2025-12-15 21:36:06,990 [WARN] PackLoader:240 - Cannot read IP mode file for STMicroelectronics.X-CUBE-AZRTOS-H7.3.4.0
2025-12-15 21:36:07,003 [WARN] PackLoader:240 - Cannot read IP mode file for STMicroelectronics.X-CUBE-DISPLAY.3.0.0
2025-12-15 21:36:07,018 [WARN] PackLoader:240 - Cannot read IP mode file for STMicroelectronics.X-CUBE-NFC10.1.0.0
2025-12-15 21:36:07,031 [WARN] PackLoader:240 - Cannot read IP mode file for STMicroelectronics.X-CUBE-BLEMGR.4.0.0
2025-12-15 21:36:07,040 [WARN] PackLoader:240 - Cannot read IP mode file for STMicroelectronics.X-CUBE-ST60.1.1.0
2025-12-15 21:36:07,044 [INFO] WebApp:169 - Instantiating new browser for Auth
2025-12-15 21:36:07,046 [WARN] PackLoader:240 - Cannot read IP mode file for emotas.I-CUBE-CANOPEN.1.3.0
2025-12-15 21:36:07,051 [WARN] PackLoader:240 - Cannot read IP mode file for STMicroelectronics.X-CUBE-GNSS1.7.1.0
2025-12-15 21:36:07,057 [WARN] ConditionMgr:438 - getConditionDescription Invalid condition id : Cortex-A Device cause : null
2025-12-15 21:36:07,072 [WARN] ConditionMgr:1044 - genDependencies : Invalid condition id : Cortex-A Device cause : null
2025-12-15 21:36:07,072 [WARN] ConditionMgr:1044 - genDependencies : Invalid condition id : Cortex-A Device cause : null
2025-12-15 21:36:07,072 [WARN] ConditionMgr:1044 - genDependencies : Invalid condition id : Cortex-A Device cause : null
2025-12-15 21:36:07,080 [WARN] PackLoader:240 - Cannot read IP mode file for STMicroelectronics.FP-SNS-STBOX1.2.1.0
2025-12-15 21:36:07,087 [WARN] PackLoader:240 - Cannot read IP mode file for STMicroelectronics.FP-SNS-SMARTAG2.1.2.0
2025-12-15 21:36:07,102 [WARN] PackLoader:240 - Cannot read IP mode file for STMicroelectronics.FP-SNS-FLIGHT1.5.1.0
2025-12-15 21:36:07,112 [INFO] LogOutputStream:77 - [STDOUT_REDIRECT] 1 : Invalid condition id : UX_CORESTACK_Condition cause : null
2025-12-15 21:36:07,112 [INFO] LogOutputStream:77 - [STDOUT_REDIRECT] 1 : Invalid condition id : UX_CORESTACK_Condition cause : null
2025-12-15 21:36:07,113 [INFO] LogOutputStream:77 - [STDOUT_REDIRECT] 1 : Invalid condition id : UX_CORESTACK_Condition cause : null
2025-12-15 21:36:07,113 [INFO] LogOutputStream:77 - [STDOUT_REDIRECT] 1 : Invalid condition id : UX_CORESTACK_Condition cause : null
2025-12-15 21:36:07,113 [INFO] LogOutputStream:77 - [STDOUT_REDIRECT] 1 : Invalid condition id : UX_CORESTACK_Condition cause : null
2025-12-15 21:36:07,117 [WARN] PackLoader:240 - Cannot read IP mode file for STMicroelectronics.X-CUBE-AZRTOS-WL.2.0.0
2025-12-15 21:36:07,124 [WARN] PackLoader:240 - Cannot read IP mode file for STMicroelectronics.FP-SNS-MOTENV1.5.0.0
2025-12-15 21:36:07,148 [WARN] PackLoader:240 - Cannot read IP mode file for STMicroelectronics.X-CUBE-AZRTOS-H7RS.1.2.0
2025-12-15 21:36:07,161 [WARN] PackLoader:240 - Cannot read IP mode file for WES.I-CUBE-Cesium.1.3.0
2025-12-15 21:36:07,166 [WARN] PackLoader:240 - Cannot read IP mode file for STMicroelectronics.X-CUBE-BLE2.3.3.0
2025-12-15 21:36:07,182 [WARN] PackLoader:240 - Cannot read IP mode file for STMicroelectronics.X-CUBE-NFC9.1.0.0
2025-12-15 21:36:07,189 [WARN] PackLoader:240 - Cannot read IP mode file for wolfSSL.I-CUBE-wolfSSL.5.8.0
2025-12-15 21:36:07,193 [WARN] PackLoader:240 - Cannot read IP mode file for STMicroelectronics.X-CUBE-BLE1.7.1.0
2025-12-15 21:36:07,197 [WARN] PackLoader:240 - Cannot read IP mode file for wolfSSL.I-CUBE-wolfMQTT.1.19.2
2025-12-15 21:36:07,204 [WARN] PackLoader:240 - Cannot read IP mode file for STMicroelectronics.X-CUBE-FREERTOS.1.4.0
2025-12-15 21:36:07,211 [WARN] PackLoader:240 - Cannot read IP mode file for STMicroelectronics.X-CUBE-EEPRMA1.5.2.0
2025-12-15 21:36:07,219 [WARN] PackLoader:240 - Cannot read IP mode file for STMicroelectronics.X-CUBE-ST67W61.1.1.0
2025-12-15 21:36:07,223 [WARN] PackLoader:240 - Cannot read IP mode file for STMicroelectronics.X-CUBE-AI.10.1.0
2025-12-15 21:36:07,311 [WARN] PackLoader:240 - Cannot read IP mode file for STMicroelectronics.X-CUBE-MEMS1.12.0.0
2025-12-15 21:36:07,501 [WARN] PackLoader:240 - Cannot read IP mode file for STMicroelectronics.X-CUBE-AZRTOS-G0.1.1.0
2025-12-15 21:36:07,508 [WARN] PackLoader:240 - Cannot read IP mode file for STMicroelectronics.X-CUBE-SAFEA1.1.2.2
2025-12-15 21:36:07,512 [WARN] PackLoader:240 - Cannot read IP mode file for STMicroelectronics.X-CUBE-NFC4.3.0.0
2025-12-15 21:36:07,519 [WARN] PackLoader:240 - Cannot read IP mode file for EmbeddedOffice.I-CUBE-FS-RTOS.1.0.1
2025-12-15 21:36:07,523 [WARN] PackLoader:240 - Cannot read IP mode file for STMicroelectronics.X-CUBE-WB05N.2.0.0
2025-12-15 21:36:07,526 [WARN] PackLoader:240 - Cannot read IP mode file for wolfSSL.I-CUBE-wolfTPM.3.8.0
2025-12-15 21:36:07,531 [WARN] PackLoader:240 - Cannot read IP mode file for STMicroelectronics.X-CUBE-TCPP.4.2.0
2025-12-15 21:36:07,536 [WARN] PackLoader:240 - Cannot read IP mode file for RealThread.X-CUBE-RT-Thread_Nano.4.1.1
2025-12-15 21:36:07,539 [WARN] PackLoader:240 - Cannot read IP mode file for STMicroelectronics.FP-ATR-SIGFOX1.3.2.0
2025-12-15 21:36:07,543 [WARN] PackLoader:240 - Cannot read IP mode file for STMicroelectronics.X-CUBE-EEPRMA1.5.1.0
2025-12-15 21:36:07,548 [WARN] PackLoader:240 - Cannot read IP mode file for ITTIA_DB.I-CUBE-ITTIADB.8.9.0
2025-12-15 21:36:07,553 [WARN] PackLoader:240 - Cannot read IP mode file for STMicroelectronics.X-CUBE-ST67W61.1.0.0
2025-12-15 21:36:07,557 [WARN] PackLoader:240 - Cannot read IP mode file for STMicroelectronics.X-CUBE-AI.10.2.0
2025-12-15 21:36:07,584 [WARN] PackLoader:240 - Cannot read IP mode file for SEGGER.I-CUBE-embOS.1.3.1
2025-12-15 21:36:07,626 [WARN] PackLoader:240 - Cannot read IP mode file for STMicroelectronics.X-CUBE-ALGOBUILD.1.4.0
2025-12-15 21:36:07,674 [WARN] PackLoader:240 - Cannot read IP mode file for STMicroelectronics.X-CUBE-MEMS1.11.3.0
2025-12-15 21:36:07,798 [WARN] PackLoader:240 - Cannot read IP mode file for STMicroelectronics.X-CUBE-PM33A1.1.0.0
2025-12-15 21:36:07,827 [WARN] PackLoader:240 - Cannot read IP mode file for STMicroelectronics.X-CUBE-AZRTOS-F4.1.1.0
2025-12-15 21:36:07,833 [WARN] PackLoader:240 - Cannot read IP mode file for Avnet-IotConnect.X-CUBE-IoTC-DA16k-PMOD.1.0.0
2025-12-15 21:36:07,838 [WARN] PackLoader:240 - Cannot read IP mode file for STMicroelectronics.X-CUBE-ISPU.2.1.0
2025-12-15 21:36:07,847 [WARN] PackLoader:240 - Cannot read IP mode file for STMicroelectronics.X-CUBE-IPS.3.2.0
2025-12-15 21:36:07,856 [WARN] PackLoader:240 - Cannot read IP mode file for STMicroelectronics.X-CUBE-NFC12.1.0.0
2025-12-15 21:36:07,871 [WARN] PackLoader:240 - Cannot read IP mode file for STMicroelectronics.X-CUBE-AZRTOS-L5.2.0.0
2025-12-15 21:36:07,881 [WARN] PackLoader:240 - Cannot read IP mode file for STMicroelectronics.X-CUBE-NFC6.3.1.0
2025-12-15 21:36:07,889 [WARN] PackLoader:240 - Cannot read IP mode file for STMicroelectronics.X-CUBE-FREERTOS.1.3.1
2025-12-15 21:36:07,895 [WARN] PackLoader:240 - Cannot read IP mode file for STMicroelectronics.X-CUBE-TOUCHGFX.4.26.0
2025-12-15 21:36:07,900 [WARN] PackLoader:240 - Cannot read IP mode file for STMicroelectronics.FP-SNS-STAIOTCFT.1.0.0
2025-12-15 21:36:07,904 [WARN] PackLoader:240 - Cannot read IP mode file for STMicroelectronics.X-CUBE-DPower.1.3.0
2025-12-15 21:36:07,919 [WARN] ConditionMgr:438 - getConditionDescription Invalid condition id : LAN8742 Phy interface Condition cause : null
2025-12-15 21:36:07,919 [WARN] PackLoader:240 - Cannot read IP mode file for STMicroelectronics.X-CUBE-AZRTOS-L4.2.0.0
2025-12-15 21:36:07,920 [WARN] ConditionMgr:1044 - genDependencies : Invalid condition id : LAN8742 Phy interface Condition cause : null
2025-12-15 21:36:07,920 [WARN] ConditionMgr:1044 - genDependencies : Invalid condition id : LAN8742 Phy interface Condition cause : null
2025-12-15 21:36:07,921 [WARN] ConditionMgr:1044 - genDependencies : Invalid condition id : LAN8742 Phy interface Condition cause : null
2025-12-15 21:36:07,927 [WARN] PackLoader:240 - Cannot read IP mode file for STMicroelectronics.X-CUBE-SFXS2LP1.4.0.0
2025-12-15 21:36:07,936 [WARN] PackLoader:240 - Cannot read IP mode file for STMicroelectronics.X-CUBE-BLEMGR.4.1.0
2025-12-15 21:36:07,948 [WARN] ConditionMgr:438 - getConditionDescription Invalid condition id : UX DEVICE CLASS RTOS Condition cause : null
2025-12-15 21:36:07,949 [WARN] ConditionMgr:438 - getConditionDescription Invalid condition id : UX DEVICE CLASS RTOS Condition cause : null
2025-12-15 21:36:07,950 [WARN] PackLoader:240 - Cannot read IP mode file for STMicroelectronics.X-CUBE-AZRTOS-WB.2.0.0
2025-12-15 21:36:07,951 [WARN] ConditionMgr:1044 - genDependencies : Invalid condition id : UX DEVICE CLASS RTOS Condition cause : null
2025-12-15 21:36:07,951 [WARN] ConditionMgr:1044 - genDependencies : Invalid condition id : UX DEVICE CLASS RTOS Condition cause : null
2025-12-15 21:36:07,951 [WARN] ConditionMgr:1044 - genDependencies : Invalid condition id : UX DEVICE CLASS RTOS Condition cause : null
2025-12-15 21:36:07,951 [WARN] ConditionMgr:1044 - genDependencies : Invalid condition id : UX DEVICE CLASS RTOS Condition cause : null
2025-12-15 21:36:07,951 [WARN] ConditionMgr:1044 - genDependencies : Invalid condition id : UX DEVICE CLASS RTOS Condition cause : null
2025-12-15 21:36:07,957 [WARN] PackLoader:240 - Cannot read IP mode file for STMicroelectronics.X-CUBE-GNSS1.7.0.1
2025-12-15 21:36:07,960 [WARN] PackLoader:240 - Cannot read IP mode file for STMicroelectronics.X-CUBE-TOUCHGFX.4.25.0
2025-12-15 21:36:07,965 [WARN] PackLoader:240 - Cannot read IP mode file for STMicroelectronics.FP-SNS-STBOX1.2.0.0
2025-12-15 21:36:07,975 [WARN] PackLoader:240 - Cannot read IP mode file for STMicroelectronics.X-CUBE-SUBG2.5.0.0
2025-12-15 21:36:07,992 [WARN] PackLoader:240 - Cannot read IP mode file for STMicroelectronics.X-CUBE-AZRTOS-H7RS.1.1.0
2025-12-15 21:36:07,999 [WARN] PackLoader:240 - Cannot read IP mode file for Cesanta.I-CUBE-Mongoose.7.13.0
2025-12-15 21:36:08,009 [WARN] PackLoader:240 - Cannot read IP mode file for STMicroelectronics.X-CUBE-AZRTOS-G4.2.0.0
2025-12-15 21:36:08,012 [WARN] PackLoader:240 - Cannot read IP mode file for wolfSSL.I-CUBE-wolfSSH.1.4.20
2025-12-15 21:36:08,015 [WARN] PackLoader:240 - Cannot read IP mode file for STMicroelectronics.X-CUBE-NFC7.2.0.0
2025-12-15 21:36:08,024 [WARN] PackLoader:240 - Cannot read IP mode file for STMicroelectronics.X-CUBE-IPS.3.1.0
2025-12-15 21:36:08,030 [WARN] PackLoader:240 - Cannot read IP mode file for STMicroelectronics.X-CUBE-ALS.1.0.2
2025-12-15 21:36:08,036 [WARN] PackLoader:240 - Cannot read IP mode file for STMicroelectronics.X-CUBE-STSE01.1.0.0
2025-12-15 21:36:08,042 [WARN] PackLoader:240 - Cannot read IP mode file for portGmbH.I-Cube-SoM-uGOAL.1.1.0
2025-12-15 21:36:08,051 [WARN] PackLoader:240 - Cannot read IP mode file for STMicroelectronics.X-CUBE-TOF1.3.4.3
2025-12-15 21:36:08,058 [INFO] ThirdParty:978 - Integrity check success = true
2025-12-15 21:36:08,058 [INFO] IntegrityCheckThread:100 - exiting critical section [integrity check]
2025-12-15 21:36:08,058 [INFO] IntegrityCheckThread:103 - End integrity checks thread
2025-12-15 21:36:08,224 [INFO] WebApp:463 - Apply proxy settings
2025-12-15 21:36:08,225 [INFO] WebApp:548 - Chromium requires no authentication
2025-12-15 21:36:08,237 [INFO] WebApp:491 - Direct internet connection detected
2025-12-15 21:36:08,260 [INFO] WebApp:900 - Register for checkConnection events
2025-12-15 21:36:08,260 [INFO] WebApp:463 - Apply proxy settings
2025-12-15 21:36:08,261 [INFO] WebApp:548 - Chromium requires no authentication
2025-12-15 21:36:08,261 [INFO] WebApp:491 - Direct internet connection detected
2025-12-15 21:36:08,458 [INFO] WebApp:225 - Starting web application
2025-12-15 21:36:08,458 [INFO] WebApp:593 - Web application path used /opt/st/stm32cubeide_1.19.0/plugins/com.st.stm32cube.common.mx_6.15.0.202507011659/db/plugins/mcufinder/reactClient1/index.html
2025-12-15 21:36:08,978 [INFO] WebApp:191 - Connection restablished
2025-12-15 22:04:34,520 [ERROR] AdobePublisher:162 - Exception while opening the connection: java.net.SocketTimeoutException: Read timed out
2025-12-15 22:04:34,522 [ERROR] AdobePublisher:162 - Exception while opening the connection: java.net.SocketException: Network is unreachable
2025-12-15 22:04:34,523 [ERROR] AdobePublisher:162 - Exception while opening the connection: java.net.SocketException: Network is unreachable
2025-12-15 22:04:34,524 [ERROR] AdobePublisher:162 - Exception while opening the connection: java.net.SocketException: Network is unreachable
2025-12-15 22:04:34,525 [ERROR] AdobePublisher:162 - Exception while opening the connection: java.net.SocketException: Network is unreachable
2025-12-15 22:04:34,566 [ERROR] AdobePublisher:162 - Exception while opening the connection: java.net.SocketException: Network is unreachable
2025-12-15 22:04:34,567 [ERROR] AdobePublisher:162 - Exception while opening the connection: java.net.SocketException: Network is unreachable
2025-12-15 22:04:34,568 [ERROR] AdobePublisher:162 - Exception while opening the connection: java.net.SocketException: Network is unreachable
2025-12-15 22:04:34,569 [ERROR] AdobePublisher:162 - Exception while opening the connection: java.net.SocketException: Network is unreachable
2025-12-15 22:04:34,570 [ERROR] AdobePublisher:162 - Exception while opening the connection: java.net.SocketException: Network is unreachable
2025-12-15 22:04:34,668 [INFO] WebApp:194 - Connection lost
2025-12-15 22:04:35,254 [ERROR] LogOutputStream:75 - [STDERR_REDIRECT] 
