2025-12-09 00:38:54,308 [ERROR] LogOutputStream:75 - [STDERR_REDIRECT] 
2025-12-09 00:39:00,873 [INFO] Activator:176 - 


2025-12-09 00:39:00,875 [INFO] Activator:177 - !SESSION log4j initialized
2025-12-09 00:39:05,587 [INFO] LogOutputStream:77 - [STDOUT_REDIRECT] 
2025-12-09 00:39:07,880 [INFO] ApplicationProperties:184 - Using Application install path: /opt/st/stm32cubeide_1.19.0/plugins/com.st.stm32cube.common.mx_6.15.0.202507011659
2025-12-09 00:39:07,895 [INFO] DbMcusXml:78 - Set database path to: /opt/st/stm32cubeide_1.19.0/plugins/com.st.stm32cube.common.mx_6.15.0.202507011659//db//mcu/
2025-12-09 00:39:07,896 [INFO] ApiDb:274 - Set plugin database path to: /opt/st/stm32cubeide_1.19.0/plugins/com.st.stm32cube.common.mx_6.15.0.202507011659//db//plugins/boardmanager/
2025-12-09 00:39:07,896 [WARN] ApiDb:259 - Overriding images path with different value:  => /opt/st/stm32cubeide_1.19.0/plugins/com.st.stm32cube.common.mx_6.15.0.202507011659//db//plugins/mcufinder/images/
2025-12-09 00:39:07,900 [INFO] ApiDb:250 - Set database path to: /home/sunbeam/.stmcufinder/plugins/mcufinder//mcu/
2025-12-09 00:39:07,901 [INFO] DbMcusAds:125 - Set database path to: /home/sunbeam/.stmcufinder/plugins/mcufinder//mcu/
2025-12-09 00:39:08,143 [INFO] CrossReferenceDbSqlite:203 - Set database path to: /home/sunbeam/.stmcufinder/plugins/mcufinder//mcu/cs/
2025-12-09 00:39:08,256 [INFO] RulesReader:64 - Compatibility file has been processed (317 Rules)
2025-12-09 00:39:08,303 [INFO] DbMcusXml:78 - Set database path to: /opt/st/stm32cubeide_1.19.0/plugins/com.st.stm32cube.common.mx_6.15.0.202507011659//db//mcu/
2025-12-09 00:39:08,303 [INFO] ApiDb:274 - Set plugin database path to: /opt/st/stm32cubeide_1.19.0/plugins/com.st.stm32cube.common.mx_6.15.0.202507011659//db//plugins/boardmanager/
2025-12-09 00:39:08,303 [INFO] ApiDb:261 - Set plugin images path to: /opt/st/stm32cubeide_1.19.0/plugins/com.st.stm32cube.common.mx_6.15.0.202507011659//db//plugins/mcufinder/images/
2025-12-09 00:39:08,303 [WARN] DbFile:41 - Overriding database path with different value: /home/sunbeam/.stmcufinder/plugins/mcufinder/ => /home/sunbeam/.stmcufinder/plugins/mcufinder
2025-12-09 00:39:08,303 [INFO] ApiDb:250 - Set database path to: /home/sunbeam/.stmcufinder/plugins/mcufinder//mcu/
2025-12-09 00:39:08,303 [WARN] DbFile:41 - Overriding database path with different value: /home/sunbeam/.stmcufinder/plugins/mcufinder/ => /home/sunbeam/.stmcufinder/plugins/mcufinder
2025-12-09 00:39:08,303 [INFO] DbMcusAds:125 - Set database path to: /home/sunbeam/.stmcufinder/plugins/mcufinder//mcu/
2025-12-09 00:39:08,303 [WARN] DbFile:41 - Overriding database path with different value: /home/sunbeam/.stmcufinder/plugins/mcufinder/ => /home/sunbeam/.stmcufinder/plugins/mcufinder
2025-12-09 00:39:08,304 [WARN] DbFile:41 - Overriding database path with different value: /home/sunbeam/.stmcufinder/plugins/mcufinder/ => /home/sunbeam/.stmcufinder/plugins/mcufinder
2025-12-09 00:39:08,479 [INFO] CrossReferenceDbSqlite:203 - Set database path to: /home/sunbeam/.stmcufinder/plugins/mcufinder//mcu/cs/
2025-12-09 00:39:08,557 [INFO] MainPanel:274 - HeapMemory: 268435456
2025-12-09 00:39:08,655 [INFO] DbMcusXml:78 - Set database path to: /opt/st/stm32cubeide_1.19.0/plugins/com.st.stm32cube.common.mx_6.15.0.202507011659//db//mcu/
2025-12-09 00:39:08,656 [INFO] ApiDb:274 - Set plugin database path to: /opt/st/stm32cubeide_1.19.0/plugins/com.st.stm32cube.common.mx_6.15.0.202507011659//db//plugins/boardmanager/
2025-12-09 00:39:08,656 [INFO] ApiDb:261 - Set plugin images path to: /opt/st/stm32cubeide_1.19.0/plugins/com.st.stm32cube.common.mx_6.15.0.202507011659//db//plugins/mcufinder/images/
2025-12-09 00:39:08,656 [WARN] DbFile:41 - Overriding database path with different value: /home/sunbeam/.stmcufinder/plugins/mcufinder/ => /home/sunbeam/.stmcufinder/plugins/mcufinder
2025-12-09 00:39:08,656 [INFO] ApiDb:250 - Set database path to: /home/sunbeam/.stmcufinder/plugins/mcufinder//mcu/
2025-12-09 00:39:08,656 [WARN] DbFile:41 - Overriding database path with different value: /home/sunbeam/.stmcufinder/plugins/mcufinder/ => /home/sunbeam/.stmcufinder/plugins/mcufinder
2025-12-09 00:39:08,656 [INFO] DbMcusAds:125 - Set database path to: /home/sunbeam/.stmcufinder/plugins/mcufinder//mcu/
2025-12-09 00:39:08,656 [WARN] DbFile:41 - Overriding database path with different value: /home/sunbeam/.stmcufinder/plugins/mcufinder/ => /home/sunbeam/.stmcufinder/plugins/mcufinder
2025-12-09 00:39:08,657 [WARN] DbFile:41 - Overriding database path with different value: /home/sunbeam/.stmcufinder/plugins/mcufinder/ => /home/sunbeam/.stmcufinder/plugins/mcufinder
2025-12-09 00:39:08,860 [INFO] CrossReferenceDbSqlite:203 - Set database path to: /home/sunbeam/.stmcufinder/plugins/mcufinder//mcu/cs/
2025-12-09 00:39:08,883 [INFO] ApplicationProperties:184 - Using Application install path: /opt/st/stm32cubeide_1.19.0/plugins/com.st.stm32cube.common.mx_6.15.0.202507011659
2025-12-09 00:39:08,885 [INFO] PluginManage:196 - Search for loadable plugins [exclusion list=, ]
2025-12-09 00:39:08,886 [INFO] PluginManage:310 - Check plugin analytics
2025-12-09 00:39:09,445 [INFO] AnalyticsPlugin:253 - Accepted Software Licenses: 
2025-12-09 00:39:09,445 [INFO] AnalyticsPlugin:255 - Accepted CMSIS Pack Licenses: 
2025-12-09 00:39:09,445 [INFO] AnalyticsPlugin:257 - Accepted Firmware Licenses: FW.F4.1.28.0
2025-12-09 00:39:09,447 [INFO] PluginManage:359 - Loaded plugin analytics (category:tool,tabindex:-1)
2025-12-09 00:39:09,447 [INFO] PluginManage:310 - Check plugin cadmodel
2025-12-09 00:39:09,452 [INFO] CADModel:105 - Init CAD model plugin
2025-12-09 00:39:09,452 [INFO] PluginManage:359 - Loaded plugin cadmodel (category:power,tabindex:5)
2025-12-09 00:39:09,452 [INFO] PluginManage:310 - Check plugin clock
2025-12-09 00:39:09,460 [INFO] PluginManage:359 - Loaded plugin clock (category:base,tabindex:2)
2025-12-09 00:39:09,460 [INFO] PluginManage:310 - Check plugin ddr
2025-12-09 00:39:09,462 [INFO] PluginManage:359 - Loaded plugin ddr (category:tool,tabindex:6)
2025-12-09 00:39:09,462 [INFO] PluginManage:310 - Check plugin filemanager
2025-12-09 00:39:09,577 [INFO] PluginManage:359 - Loaded plugin filemanager (category:base,tabindex:10)
2025-12-09 00:39:09,577 [INFO] PluginManage:310 - Check plugin ipmanager
2025-12-09 00:39:09,581 [INFO] PluginManage:359 - Loaded plugin ipmanager (category:base,tabindex:5)
2025-12-09 00:39:09,581 [INFO] PluginManage:310 - Check plugin lpbam
2025-12-09 00:39:09,591 [INFO] PluginManage:359 - Loaded plugin lpbam (category:base,tabindex:0)
2025-12-09 00:39:09,591 [INFO] PluginManage:310 - Check plugin memorymap
2025-12-09 00:39:09,601 [INFO] PluginManage:359 - Loaded plugin memorymap (category:base,tabindex:4)
2025-12-09 00:39:09,601 [INFO] PluginManage:310 - Check plugin pinoutandconfiguration
2025-12-09 00:39:09,608 [INFO] PluginManage:359 - Loaded plugin pinoutandconfiguration (category:base,tabindex:1)
2025-12-09 00:39:09,608 [INFO] PluginManage:310 - Check plugin pinoutconfig
2025-12-09 00:39:09,696 [WARN] SupportedApi:132 - Cannot load RTOS API schema: s4s-elt-must-match.1: The content of 'definitions' must match (annotation?, (simpleType | complexType)?, (unique | key | keyref)*)). A problem was found starting at: attribute.
2025-12-09 00:39:09,799 [INFO] PluginManage:359 - Loaded plugin pinoutconfig (category:base,tabindex:0)
2025-12-09 00:39:09,799 [INFO] PluginManage:310 - Check plugin power
2025-12-09 00:39:09,807 [INFO] PluginManage:359 - Loaded plugin power (category:power,tabindex:4)
2025-12-09 00:39:09,807 [INFO] PluginManage:310 - Check plugin projectmanager
2025-12-09 00:39:09,818 [INFO] PluginManage:359 - Loaded plugin projectmanager (category:projectmanager,tabindex:4)
2025-12-09 00:39:09,818 [INFO] PluginManage:310 - Check plugin rif
2025-12-09 00:39:09,826 [INFO] PluginManage:359 - Loaded plugin rif (category:base,tabindex:3)
2025-12-09 00:39:09,826 [INFO] PluginManage:310 - Check plugin thirdparty
2025-12-09 00:39:09,918 [INFO] PluginManage:359 - Loaded plugin thirdparty (category:base,tabindex:-1)
2025-12-09 00:39:09,918 [WARN] IntegrityCheckThread:84 - waiting for thirdparty lock release [integrity check]
2025-12-09 00:39:09,918 [INFO] PluginManage:310 - Check plugin tools
2025-12-09 00:39:09,918 [INFO] IntegrityCheckThread:86 - entering critical section [integrity check]
2025-12-09 00:39:09,919 [INFO] ThirdPartyUpdaterWithRetryManager:70 - Updater plugin not ready yet. [1/15]
2025-12-09 00:39:09,920 [INFO] PluginManage:359 - Loaded plugin tools (category:base,tabindex:7)
2025-12-09 00:39:09,920 [INFO] PluginManage:310 - Check plugin tutovideos
2025-12-09 00:39:10,083 [INFO] PluginManage:359 - Loaded plugin tutovideos (category:base,tabindex:-1)
2025-12-09 00:39:10,083 [INFO] PluginManage:310 - Check plugin updater
2025-12-09 00:39:10,103 [INFO] PluginManage:359 - Loaded plugin updater (category:base,tabindex:12)
2025-12-09 00:39:10,104 [INFO] PluginManage:310 - Check plugin userauth
2025-12-09 00:39:10,108 [INFO] UserAuth:118 - Init User Auth plugin
2025-12-09 00:39:10,109 [INFO] PluginManage:359 - Loaded plugin userauth (category:base,tabindex:14)
2025-12-09 00:39:10,109 [INFO] PluginManage:283 - PluginManage : Loaded plugins [18]
2025-12-09 00:39:10,260 [INFO] PinOutPanel:1589 - setPackage(No Configuration,No Configuration)
2025-12-09 00:39:10,323 [INFO] CADModel:165 - CPN selected for project level
2025-12-09 00:39:10,323 [INFO] CADModel:114 - Register for checkConnection events
2025-12-09 00:39:10,332 [INFO] IPUIPlugin:80 - create IPUIPlugin
2025-12-09 00:39:10,332 [INFO] PluginManager:220 - loadIPPluginJar : add dfsdm
2025-12-09 00:39:10,336 [INFO] IPUIPlugin:80 - create IPUIPlugin
2025-12-09 00:39:10,336 [INFO] PluginManager:220 - loadIPPluginJar : add gfxmmu
2025-12-09 00:39:10,338 [INFO] IPUIPlugin:80 - create IPUIPlugin
2025-12-09 00:39:10,338 [INFO] PluginManager:220 - loadIPPluginJar : add i3c
2025-12-09 00:39:10,341 [INFO] IPUIPlugin:80 - create IPUIPlugin
2025-12-09 00:39:10,341 [INFO] PluginManager:220 - loadIPPluginJar : add sai
2025-12-09 00:39:10,346 [INFO] IPUIPlugin:80 - create IPUIPlugin
2025-12-09 00:39:10,347 [INFO] PluginManager:220 - loadIPPluginJar : add dma
2025-12-09 00:39:10,348 [INFO] IPUIPlugin:80 - create IPUIPlugin
2025-12-09 00:39:10,348 [INFO] PluginManager:220 - loadIPPluginJar : add quadspi
2025-12-09 00:39:10,351 [INFO] IPUIPlugin:80 - create IPUIPlugin
2025-12-09 00:39:10,352 [INFO] PluginManager:220 - loadIPPluginJar : add opamp
2025-12-09 00:39:10,353 [INFO] IPUIPlugin:80 - create IPUIPlugin
2025-12-09 00:39:10,353 [INFO] PluginManager:220 - loadIPPluginJar : add comp
2025-12-09 00:39:10,358 [INFO] IPUIPlugin:80 - create IPUIPlugin
2025-12-09 00:39:10,361 [INFO] PluginManager:220 - loadIPPluginJar : add plateformsettings
2025-12-09 00:39:10,362 [INFO] IPUIPlugin:80 - create IPUIPlugin
2025-12-09 00:39:10,362 [INFO] PluginManager:220 - loadIPPluginJar : add ltdc
2025-12-09 00:39:10,365 [INFO] IPUIPlugin:80 - create IPUIPlugin
2025-12-09 00:39:10,365 [INFO] PluginManager:220 - loadIPPluginJar : add nvic
2025-12-09 00:39:10,367 [INFO] IPUIPlugin:80 - create IPUIPlugin
2025-12-09 00:39:10,367 [INFO] PluginManager:220 - loadIPPluginJar : add fatfs
2025-12-09 00:39:10,371 [INFO] IPUIPlugin:80 - create IPUIPlugin
2025-12-09 00:39:10,371 [INFO] PluginManager:220 - loadIPPluginJar : add gpio
2025-12-09 00:39:10,373 [INFO] IPUIPlugin:80 - create IPUIPlugin
2025-12-09 00:39:10,373 [INFO] PluginManager:220 - loadIPPluginJar : add aes
2025-12-09 00:39:10,378 [INFO] IPUIPlugin:80 - create IPUIPlugin
2025-12-09 00:39:10,378 [INFO] PluginManager:220 - loadIPPluginJar : add mdma
2025-12-09 00:39:10,380 [INFO] IPUIPlugin:80 - create IPUIPlugin
2025-12-09 00:39:10,380 [INFO] PluginManager:220 - loadIPPluginJar : add pdm2pcm
2025-12-09 00:39:10,386 [INFO] IPUIPlugin:80 - create IPUIPlugin
2025-12-09 00:39:10,386 [INFO] PluginManager:220 - loadIPPluginJar : add linkedlist
2025-12-09 00:39:10,388 [INFO] IPUIPlugin:80 - create IPUIPlugin
2025-12-09 00:39:10,388 [INFO] PluginManager:220 - loadIPPluginJar : add usart
2025-12-09 00:39:10,390 [INFO] IPUIPlugin:80 - create IPUIPlugin
2025-12-09 00:39:10,390 [INFO] PluginManager:220 - loadIPPluginJar : add i2c
2025-12-09 00:39:10,393 [INFO] IPUIPlugin:80 - create IPUIPlugin
2025-12-09 00:39:10,393 [INFO] PluginManager:220 - loadIPPluginJar : add lorawan
2025-12-09 00:39:10,396 [INFO] IPUIPlugin:80 - create IPUIPlugin
2025-12-09 00:39:10,396 [INFO] PluginManager:220 - loadIPPluginJar : add usbx
2025-12-09 00:39:10,400 [INFO] IPUIPlugin:80 - create IPUIPlugin
2025-12-09 00:39:10,400 [INFO] PluginManager:220 - loadIPPluginJar : add fmc
2025-12-09 00:39:10,402 [INFO] IPUIPlugin:80 - create IPUIPlugin
2025-12-09 00:39:10,403 [INFO] PluginManager:220 - loadIPPluginJar : add extmemmanager
2025-12-09 00:39:10,408 [INFO] IPUIPlugin:80 - create IPUIPlugin
2025-12-09 00:39:10,408 [INFO] PluginManager:220 - loadIPPluginJar : add freertos
2025-12-09 00:39:10,411 [INFO] IPUIPlugin:80 - create IPUIPlugin
2025-12-09 00:39:10,411 [INFO] PluginManager:220 - loadIPPluginJar : add can
2025-12-09 00:39:10,414 [INFO] IPUIPlugin:80 - create IPUIPlugin
2025-12-09 00:39:10,414 [INFO] PluginManager:220 - loadIPPluginJar : add touchsensing
2025-12-09 00:39:10,416 [INFO] IPUIPlugin:80 - create IPUIPlugin
2025-12-09 00:39:10,416 [INFO] PluginManager:220 - loadIPPluginJar : add tracer_emb
2025-12-09 00:39:10,418 [INFO] IPUIPlugin:80 - create IPUIPlugin
2025-12-09 00:39:10,418 [INFO] PluginManager:220 - loadIPPluginJar : add ucpd
2025-12-09 00:39:10,420 [INFO] IPUIPlugin:80 - create IPUIPlugin
2025-12-09 00:39:10,420 [INFO] PluginManager:220 - loadIPPluginJar : add ts
2025-12-09 00:39:10,421 [INFO] IPUIPlugin:80 - create IPUIPlugin
2025-12-09 00:39:10,421 [INFO] PluginManager:220 - loadIPPluginJar : add tsc
2025-12-09 00:39:10,424 [INFO] IPUIPlugin:80 - create IPUIPlugin
2025-12-09 00:39:10,424 [INFO] PluginManager:220 - loadIPPluginJar : add resmgrutility
2025-12-09 00:39:10,426 [INFO] IPUIPlugin:80 - create IPUIPlugin
2025-12-09 00:39:10,426 [INFO] PluginManager:220 - loadIPPluginJar : add cryp
2025-12-09 00:39:10,429 [INFO] IPUIPlugin:80 - create IPUIPlugin
2025-12-09 00:39:10,429 [INFO] PluginManager:220 - loadIPPluginJar : add openamp
2025-12-09 00:39:10,434 [INFO] IPUIPlugin:80 - create IPUIPlugin
2025-12-09 00:39:10,435 [INFO] PluginManager:220 - loadIPPluginJar : add adc
2025-12-09 00:39:10,436 [INFO] IPUIPlugin:80 - create IPUIPlugin
2025-12-09 00:39:10,437 [INFO] PluginManager:220 - loadIPPluginJar : add spi
2025-12-09 00:39:10,439 [INFO] IPUIPlugin:80 - create IPUIPlugin
2025-12-09 00:39:10,440 [INFO] PluginManager:220 - loadIPPluginJar : add ipddr
2025-12-09 00:39:10,445 [INFO] IPUIPlugin:80 - create IPUIPlugin
2025-12-09 00:39:10,445 [INFO] PluginManager:220 - loadIPPluginJar : add stm32_wpan
2025-12-09 00:39:10,449 [INFO] IPUIPlugin:80 - create IPUIPlugin
2025-12-09 00:39:10,450 [INFO] PluginManager:220 - loadIPPluginJar : add gic
2025-12-09 00:39:10,452 [INFO] IPUIPlugin:80 - create IPUIPlugin
2025-12-09 00:39:10,452 [INFO] PluginManager:220 - loadIPPluginJar : add ddr_ctrl_phy
2025-12-09 00:39:10,453 [INFO] IPUIPlugin:80 - create IPUIPlugin
2025-12-09 00:39:10,453 [INFO] PluginManager:220 - loadIPPluginJar : add genericplugin
2025-12-09 00:39:10,454 [INFO] IPUIPlugin:80 - create IPUIPlugin
2025-12-09 00:39:10,455 [INFO] PluginManager:220 - loadIPPluginJar : add hash
2025-12-09 00:39:10,456 [INFO] IPUIPlugin:80 - create IPUIPlugin
2025-12-09 00:39:10,456 [INFO] PluginManager:220 - loadIPPluginJar : add tim
2025-12-09 00:39:10,457 [INFO] IPUIPlugin:80 - create IPUIPlugin
2025-12-09 00:39:10,457 [INFO] PluginManager:220 - loadIPPluginJar : add radio
2025-12-09 00:39:10,460 [INFO] IPUIPlugin:80 - create IPUIPlugin
2025-12-09 00:39:10,460 [INFO] PluginManager:220 - loadIPPluginJar : add gtzc
2025-12-09 00:39:10,462 [INFO] IPUIPlugin:80 - create IPUIPlugin
2025-12-09 00:39:10,463 [INFO] PluginManager:220 - loadIPPluginJar : add i2s
2025-12-09 00:39:10,465 [INFO] IPUIPlugin:80 - create IPUIPlugin
2025-12-09 00:39:10,465 [INFO] PluginManager:220 - loadIPPluginJar : add dma3
2025-12-09 00:39:10,561 [FATAL] Updater:351 - Updater called before beeing initialized
2025-12-09 00:39:10,582 [INFO] RulesReader:64 - Compatibility file has been processed (317 Rules)
2025-12-09 00:39:10,591 [INFO] RulesReader:64 - Compatibility file has been processed (317 Rules)
2025-12-09 00:39:10,597 [INFO] CADModel:165 - CPN selected for project level
2025-12-09 00:39:10,597 [INFO] CADModel:114 - Register for checkConnection events
2025-12-09 00:39:10,597 [FATAL] Updater:351 - Updater called before beeing initialized
2025-12-09 00:39:10,597 [ERROR] CADModel:125 - Updater not yet initialized, retry later 
2025-12-09 00:39:10,706 [FATAL] Updater:351 - Updater called before beeing initialized
2025-12-09 00:39:10,708 [INFO] CADModel:165 - CPN selected for project level
2025-12-09 00:39:10,708 [INFO] CADModel:114 - Register for checkConnection events
2025-12-09 00:39:10,708 [FATAL] Updater:351 - Updater called before beeing initialized
2025-12-09 00:39:10,708 [ERROR] CADModel:125 - Updater not yet initialized, retry later 
2025-12-09 00:39:10,710 [FATAL] Updater:351 - Updater called before beeing initialized
2025-12-09 00:39:10,767 [FATAL] Updater:351 - Updater called before beeing initialized
2025-12-09 00:39:10,770 [INFO] DbMcusAds:53 - JSON generation date=Tue Nov 25 19:38:32 IST 2025 (1764079712835)
2025-12-09 00:39:10,771 [FATAL] Updater:351 - Updater called before beeing initialized
2025-12-09 00:39:10,796 [WARN] DetailPanel:346 - Failed to get advertising image, set to default
2025-12-09 00:39:10,852 [FATAL] Updater:351 - Updater called before beeing initialized
2025-12-09 00:39:10,854 [FATAL] Updater:351 - Updater called before beeing initialized
2025-12-09 00:39:10,854 [FATAL] Updater:351 - Updater called before beeing initialized
2025-12-09 00:39:10,854 [WARN] DetailPanel:346 - Failed to get advertising image, set to default
2025-12-09 00:39:10,855 [FATAL] Updater:351 - Updater called before beeing initialized
2025-12-09 00:39:10,879 [ERROR] Updater:1198 - MainUpdater not yet initialized. External WinMGr cannot be set.
2025-12-09 00:39:10,880 [INFO] Updater:1134 - Updater Version found : 6.15.0
2025-12-09 00:39:10,896 [INFO] ApplicationProperties:184 - Using Application install path: /opt/st/stm32cubeide_1.19.0/plugins/com.st.stm32cube.common.mx_6.15.0.202507011659
2025-12-09 00:39:11,521 [INFO] MainUpdater:2872 - connection check result : 10
2025-12-09 00:39:11,521 [INFO] MainUpdater:289 - Updater Check For Update Now.
2025-12-09 00:39:11,521 [INFO] MicroXplorer:498 - Change Database Version : DB.6.0.150
2025-12-09 00:39:11,526 [INFO] McuFinderGlobals:63 - Set McuFinder mode to 2 (CubeIDE integrated)
2025-12-09 00:39:11,526 [INFO] UserAuth:171 - activating auth plugin
2025-12-09 00:39:11,529 [INFO] UserAuth:487 - Internet connection configuration mode: 1
2025-12-09 00:39:11,551 [INFO] JxBrowserEngine:152 - Initiate JxBrowser Engine with user profile folder
2025-12-09 00:39:11,724 [INFO] CheckServerUpdateThread:120 - End of CheckServer Thread
2025-12-09 00:39:12,234 [INFO] WebApp:169 - Instantiating new browser for Auth
2025-12-09 00:39:12,845 [INFO] WebApp:463 - Apply proxy settings
2025-12-09 00:39:12,846 [INFO] WebApp:548 - Chromium requires no authentication
2025-12-09 00:39:12,853 [INFO] WebApp:491 - Direct internet connection detected
2025-12-09 00:39:12,868 [INFO] WebApp:900 - Register for checkConnection events
2025-12-09 00:39:12,868 [INFO] WebApp:463 - Apply proxy settings
2025-12-09 00:39:12,868 [INFO] WebApp:548 - Chromium requires no authentication
2025-12-09 00:39:12,869 [INFO] WebApp:491 - Direct internet connection detected
2025-12-09 00:39:12,995 [INFO] WebApp:225 - Starting web application
2025-12-09 00:39:12,996 [INFO] WebApp:593 - Web application path used /opt/st/stm32cubeide_1.19.0/plugins/com.st.stm32cube.common.mx_6.15.0.202507011659/db/plugins/mcufinder/reactClient1/index.html
2025-12-09 00:39:13,041 [WARN] PackLoader:240 - Cannot read IP mode file for STMicroelectronics.FP-SNS-MOTENVWB1.1.4.0
2025-12-09 00:39:13,048 [WARN] PackLoader:240 - Cannot read IP mode file for STMicroelectronics.FP-ATR-ASTRA1.2.0.2
2025-12-09 00:39:13,072 [WARN] PackLoader:240 - Cannot read IP mode file for STMicroelectronics.X-CUBE-SMBUS.2.1.0
2025-12-09 00:39:13,078 [WARN] PackLoader:240 - Cannot read IP mode file for STMicroelectronics.X-CUBE-ST60.1.0.0
2025-12-09 00:39:13,111 [WARN] PackLoader:240 - Cannot read IP mode file for STMicroelectronics.X-CUBE-AZRTOS-F7.1.1.0
2025-12-09 00:39:13,133 [WARN] PackLoader:240 - Cannot read IP mode file for STMicroelectronics.FP-SNS-MOTENV1.5.1.0
2025-12-09 00:39:13,184 [WARN] PackLoader:240 - Cannot read IP mode file for Infineon.AIROC-Wi-Fi-Bluetooth-STM32.1.7.1
2025-12-09 00:39:13,232 [WARN] PackLoader:240 - Cannot read IP mode file for STMicroelectronics.X-CUBE-AZRTOS-H7.3.4.0
2025-12-09 00:39:13,247 [WARN] PackLoader:240 - Cannot read IP mode file for STMicroelectronics.X-CUBE-DISPLAY.3.0.0
2025-12-09 00:39:13,260 [WARN] PackLoader:240 - Cannot read IP mode file for STMicroelectronics.X-CUBE-NFC10.1.0.0
2025-12-09 00:39:13,270 [WARN] PackLoader:240 - Cannot read IP mode file for STMicroelectronics.X-CUBE-BLEMGR.4.0.0
2025-12-09 00:39:13,278 [WARN] PackLoader:240 - Cannot read IP mode file for STMicroelectronics.X-CUBE-ST60.1.1.0
2025-12-09 00:39:13,283 [WARN] PackLoader:240 - Cannot read IP mode file for emotas.I-CUBE-CANOPEN.1.3.0
2025-12-09 00:39:13,288 [WARN] PackLoader:240 - Cannot read IP mode file for STMicroelectronics.X-CUBE-GNSS1.7.1.0
2025-12-09 00:39:13,293 [WARN] ConditionMgr:438 - getConditionDescription Invalid condition id : Cortex-A Device cause : null
2025-12-09 00:39:13,304 [WARN] ConditionMgr:1044 - genDependencies : Invalid condition id : Cortex-A Device cause : null
2025-12-09 00:39:13,304 [WARN] ConditionMgr:1044 - genDependencies : Invalid condition id : Cortex-A Device cause : null
2025-12-09 00:39:13,305 [WARN] ConditionMgr:1044 - genDependencies : Invalid condition id : Cortex-A Device cause : null
2025-12-09 00:39:13,312 [WARN] PackLoader:240 - Cannot read IP mode file for STMicroelectronics.FP-SNS-STBOX1.2.1.0
2025-12-09 00:39:13,317 [WARN] PackLoader:240 - Cannot read IP mode file for STMicroelectronics.FP-SNS-SMARTAG2.1.2.0
2025-12-09 00:39:13,320 [WARN] PackLoader:240 - Cannot read IP mode file for STMicroelectronics.FP-SNS-FLIGHT1.5.1.0
2025-12-09 00:39:13,337 [INFO] LogOutputStream:77 - [STDOUT_REDIRECT] 1 : Invalid condition id : UX_CORESTACK_Condition cause : null
2025-12-09 00:39:13,337 [INFO] LogOutputStream:77 - [STDOUT_REDIRECT] 1 : Invalid condition id : UX_CORESTACK_Condition cause : null
2025-12-09 00:39:13,338 [INFO] LogOutputStream:77 - [STDOUT_REDIRECT] 1 : Invalid condition id : UX_CORESTACK_Condition cause : null
2025-12-09 00:39:13,338 [INFO] LogOutputStream:77 - [STDOUT_REDIRECT] 1 : Invalid condition id : UX_CORESTACK_Condition cause : null
2025-12-09 00:39:13,338 [INFO] LogOutputStream:77 - [STDOUT_REDIRECT] 1 : Invalid condition id : UX_CORESTACK_Condition cause : null
2025-12-09 00:39:13,341 [WARN] PackLoader:240 - Cannot read IP mode file for STMicroelectronics.X-CUBE-AZRTOS-WL.2.0.0
2025-12-09 00:39:13,346 [WARN] PackLoader:240 - Cannot read IP mode file for STMicroelectronics.FP-SNS-MOTENV1.5.0.0
2025-12-09 00:39:13,366 [WARN] PackLoader:240 - Cannot read IP mode file for STMicroelectronics.X-CUBE-AZRTOS-H7RS.1.2.0
2025-12-09 00:39:13,375 [WARN] PackLoader:240 - Cannot read IP mode file for WES.I-CUBE-Cesium.1.3.0
2025-12-09 00:39:13,380 [WARN] PackLoader:240 - Cannot read IP mode file for STMicroelectronics.X-CUBE-BLE2.3.3.0
2025-12-09 00:39:13,401 [WARN] PackLoader:240 - Cannot read IP mode file for STMicroelectronics.X-CUBE-NFC9.1.0.0
2025-12-09 00:39:13,408 [WARN] PackLoader:240 - Cannot read IP mode file for wolfSSL.I-CUBE-wolfSSL.5.8.0
2025-12-09 00:39:13,411 [WARN] PackLoader:240 - Cannot read IP mode file for STMicroelectronics.X-CUBE-BLE1.7.1.0
2025-12-09 00:39:13,413 [WARN] PackLoader:240 - Cannot read IP mode file for wolfSSL.I-CUBE-wolfMQTT.1.19.2
2025-12-09 00:39:13,417 [WARN] PackLoader:240 - Cannot read IP mode file for STMicroelectronics.X-CUBE-FREERTOS.1.4.0
2025-12-09 00:39:13,422 [WARN] PackLoader:240 - Cannot read IP mode file for STMicroelectronics.X-CUBE-EEPRMA1.5.2.0
2025-12-09 00:39:13,428 [WARN] PackLoader:240 - Cannot read IP mode file for STMicroelectronics.X-CUBE-ST67W61.1.1.0
2025-12-09 00:39:13,432 [WARN] PackLoader:240 - Cannot read IP mode file for STMicroelectronics.X-CUBE-AI.10.1.0
2025-12-09 00:39:13,465 [INFO] WebApp:191 - Connection restablished
2025-12-09 00:39:13,467 [WARN] PackLoader:240 - Cannot read IP mode file for STMicroelectronics.X-CUBE-MEMS1.12.0.0
2025-12-09 00:39:13,558 [WARN] PackLoader:240 - Cannot read IP mode file for STMicroelectronics.X-CUBE-AZRTOS-G0.1.1.0
2025-12-09 00:39:13,565 [WARN] PackLoader:240 - Cannot read IP mode file for STMicroelectronics.X-CUBE-SAFEA1.1.2.2
2025-12-09 00:39:13,569 [WARN] PackLoader:240 - Cannot read IP mode file for STMicroelectronics.X-CUBE-NFC4.3.0.0
2025-12-09 00:39:13,573 [WARN] PackLoader:240 - Cannot read IP mode file for EmbeddedOffice.I-CUBE-FS-RTOS.1.0.1
2025-12-09 00:39:13,577 [WARN] PackLoader:240 - Cannot read IP mode file for STMicroelectronics.X-CUBE-WB05N.2.0.0
2025-12-09 00:39:13,579 [WARN] PackLoader:240 - Cannot read IP mode file for wolfSSL.I-CUBE-wolfTPM.3.8.0
2025-12-09 00:39:13,582 [WARN] PackLoader:240 - Cannot read IP mode file for STMicroelectronics.X-CUBE-TCPP.4.2.0
2025-12-09 00:39:13,586 [WARN] PackLoader:240 - Cannot read IP mode file for RealThread.X-CUBE-RT-Thread_Nano.4.1.1
2025-12-09 00:39:13,588 [WARN] PackLoader:240 - Cannot read IP mode file for STMicroelectronics.FP-ATR-SIGFOX1.3.2.0
2025-12-09 00:39:13,591 [WARN] PackLoader:240 - Cannot read IP mode file for STMicroelectronics.X-CUBE-EEPRMA1.5.1.0
2025-12-09 00:39:13,595 [WARN] PackLoader:240 - Cannot read IP mode file for ITTIA_DB.I-CUBE-ITTIADB.8.9.0
2025-12-09 00:39:13,598 [WARN] PackLoader:240 - Cannot read IP mode file for STMicroelectronics.X-CUBE-ST67W61.1.0.0
2025-12-09 00:39:13,600 [WARN] PackLoader:240 - Cannot read IP mode file for STMicroelectronics.X-CUBE-AI.10.2.0
2025-12-09 00:39:13,614 [WARN] PackLoader:240 - Cannot read IP mode file for SEGGER.I-CUBE-embOS.1.3.1
2025-12-09 00:39:13,655 [WARN] PackLoader:240 - Cannot read IP mode file for STMicroelectronics.X-CUBE-ALGOBUILD.1.4.0
2025-12-09 00:39:13,709 [WARN] PackLoader:240 - Cannot read IP mode file for STMicroelectronics.X-CUBE-MEMS1.11.3.0
2025-12-09 00:39:13,893 [WARN] PackLoader:240 - Cannot read IP mode file for STMicroelectronics.X-CUBE-PM33A1.1.0.0
2025-12-09 00:39:13,914 [WARN] PackLoader:240 - Cannot read IP mode file for STMicroelectronics.X-CUBE-AZRTOS-F4.1.1.0
2025-12-09 00:39:13,925 [WARN] PackLoader:240 - Cannot read IP mode file for Avnet-IotConnect.X-CUBE-IoTC-DA16k-PMOD.1.0.0
2025-12-09 00:39:13,929 [WARN] PackLoader:240 - Cannot read IP mode file for STMicroelectronics.X-CUBE-ISPU.2.1.0
2025-12-09 00:39:13,944 [WARN] PackLoader:240 - Cannot read IP mode file for STMicroelectronics.X-CUBE-IPS.3.2.0
2025-12-09 00:39:13,963 [WARN] PackLoader:240 - Cannot read IP mode file for STMicroelectronics.X-CUBE-NFC12.1.0.0
2025-12-09 00:39:13,982 [WARN] PackLoader:240 - Cannot read IP mode file for STMicroelectronics.X-CUBE-AZRTOS-L5.2.0.0
2025-12-09 00:39:13,996 [WARN] PackLoader:240 - Cannot read IP mode file for STMicroelectronics.X-CUBE-NFC6.3.1.0
2025-12-09 00:39:14,003 [WARN] PackLoader:240 - Cannot read IP mode file for STMicroelectronics.X-CUBE-FREERTOS.1.3.1
2025-12-09 00:39:14,009 [WARN] PackLoader:240 - Cannot read IP mode file for STMicroelectronics.X-CUBE-TOUCHGFX.4.26.0
2025-12-09 00:39:14,015 [WARN] PackLoader:240 - Cannot read IP mode file for STMicroelectronics.FP-SNS-STAIOTCFT.1.0.0
2025-12-09 00:39:14,020 [WARN] PackLoader:240 - Cannot read IP mode file for STMicroelectronics.X-CUBE-DPower.1.3.0
2025-12-09 00:39:14,034 [WARN] ConditionMgr:438 - getConditionDescription Invalid condition id : LAN8742 Phy interface Condition cause : null
2025-12-09 00:39:14,035 [WARN] PackLoader:240 - Cannot read IP mode file for STMicroelectronics.X-CUBE-AZRTOS-L4.2.0.0
2025-12-09 00:39:14,036 [WARN] ConditionMgr:1044 - genDependencies : Invalid condition id : LAN8742 Phy interface Condition cause : null
2025-12-09 00:39:14,036 [WARN] ConditionMgr:1044 - genDependencies : Invalid condition id : LAN8742 Phy interface Condition cause : null
2025-12-09 00:39:14,036 [WARN] ConditionMgr:1044 - genDependencies : Invalid condition id : LAN8742 Phy interface Condition cause : null
2025-12-09 00:39:14,042 [WARN] PackLoader:240 - Cannot read IP mode file for STMicroelectronics.X-CUBE-SFXS2LP1.4.0.0
2025-12-09 00:39:14,053 [WARN] PackLoader:240 - Cannot read IP mode file for STMicroelectronics.X-CUBE-BLEMGR.4.1.0
2025-12-09 00:39:14,069 [WARN] ConditionMgr:438 - getConditionDescription Invalid condition id : UX DEVICE CLASS RTOS Condition cause : null
2025-12-09 00:39:14,070 [WARN] ConditionMgr:438 - getConditionDescription Invalid condition id : UX DEVICE CLASS RTOS Condition cause : null
2025-12-09 00:39:14,072 [WARN] PackLoader:240 - Cannot read IP mode file for STMicroelectronics.X-CUBE-AZRTOS-WB.2.0.0
2025-12-09 00:39:14,072 [WARN] ConditionMgr:1044 - genDependencies : Invalid condition id : UX DEVICE CLASS RTOS Condition cause : null
2025-12-09 00:39:14,072 [WARN] ConditionMgr:1044 - genDependencies : Invalid condition id : UX DEVICE CLASS RTOS Condition cause : null
2025-12-09 00:39:14,073 [WARN] ConditionMgr:1044 - genDependencies : Invalid condition id : UX DEVICE CLASS RTOS Condition cause : null
2025-12-09 00:39:14,074 [WARN] ConditionMgr:1044 - genDependencies : Invalid condition id : UX DEVICE CLASS RTOS Condition cause : null
2025-12-09 00:39:14,074 [WARN] ConditionMgr:1044 - genDependencies : Invalid condition id : UX DEVICE CLASS RTOS Condition cause : null
2025-12-09 00:39:14,079 [WARN] PackLoader:240 - Cannot read IP mode file for STMicroelectronics.X-CUBE-GNSS1.7.0.1
2025-12-09 00:39:14,084 [WARN] PackLoader:240 - Cannot read IP mode file for STMicroelectronics.X-CUBE-TOUCHGFX.4.25.0
2025-12-09 00:39:14,092 [WARN] PackLoader:240 - Cannot read IP mode file for STMicroelectronics.FP-SNS-STBOX1.2.0.0
2025-12-09 00:39:14,103 [WARN] PackLoader:240 - Cannot read IP mode file for STMicroelectronics.X-CUBE-SUBG2.5.0.0
2025-12-09 00:39:14,122 [WARN] PackLoader:240 - Cannot read IP mode file for STMicroelectronics.X-CUBE-AZRTOS-H7RS.1.1.0
2025-12-09 00:39:14,126 [WARN] PackLoader:240 - Cannot read IP mode file for Cesanta.I-CUBE-Mongoose.7.13.0
2025-12-09 00:39:14,139 [WARN] PackLoader:240 - Cannot read IP mode file for STMicroelectronics.X-CUBE-AZRTOS-G4.2.0.0
2025-12-09 00:39:14,143 [WARN] PackLoader:240 - Cannot read IP mode file for wolfSSL.I-CUBE-wolfSSH.1.4.20
2025-12-09 00:39:14,148 [WARN] PackLoader:240 - Cannot read IP mode file for STMicroelectronics.X-CUBE-NFC7.2.0.0
2025-12-09 00:39:14,159 [WARN] PackLoader:240 - Cannot read IP mode file for STMicroelectronics.X-CUBE-IPS.3.1.0
2025-12-09 00:39:14,168 [WARN] PackLoader:240 - Cannot read IP mode file for STMicroelectronics.X-CUBE-ALS.1.0.2
2025-12-09 00:39:14,173 [WARN] PackLoader:240 - Cannot read IP mode file for STMicroelectronics.X-CUBE-STSE01.1.0.0
2025-12-09 00:39:14,179 [WARN] PackLoader:240 - Cannot read IP mode file for portGmbH.I-Cube-SoM-uGOAL.1.1.0
2025-12-09 00:39:14,189 [WARN] PackLoader:240 - Cannot read IP mode file for STMicroelectronics.X-CUBE-TOF1.3.4.3
2025-12-09 00:39:14,200 [INFO] ThirdParty:978 - Integrity check success = true
2025-12-09 00:39:14,200 [INFO] IntegrityCheckThread:100 - exiting critical section [integrity check]
2025-12-09 00:39:14,200 [INFO] IntegrityCheckThread:103 - End integrity checks thread
2025-12-09 01:00:15,974 [ERROR] LogOutputStream:75 - [STDERR_REDIRECT] 
2025-12-09 11:08:18,267 [INFO] Activator:176 - 


2025-12-09 11:08:18,269 [INFO] Activator:177 - !SESSION log4j initialized
2025-12-09 11:08:20,822 [INFO] LogOutputStream:77 - [STDOUT_REDIRECT] 
2025-12-09 11:08:21,118 [ERROR] ConfigurationRetriever:142 - IOException on connection: sw-center.st.com
2025-12-09 11:08:21,119 [ERROR] ConfigurationRetriever:142 - IOException on connection: sw-center.st.com
2025-12-09 11:08:21,119 [ERROR] ConfigurationRetriever:142 - IOException on connection: sw-center.st.com
2025-12-09 11:08:21,550 [INFO] ApplicationProperties:184 - Using Application install path: /opt/st/stm32cubeide_1.19.0/plugins/com.st.stm32cube.common.mx_6.15.0.202507011659
2025-12-09 11:08:21,567 [INFO] DbMcusXml:78 - Set database path to: /opt/st/stm32cubeide_1.19.0/plugins/com.st.stm32cube.common.mx_6.15.0.202507011659//db//mcu/
2025-12-09 11:08:21,567 [INFO] ApiDb:274 - Set plugin database path to: /opt/st/stm32cubeide_1.19.0/plugins/com.st.stm32cube.common.mx_6.15.0.202507011659//db//plugins/boardmanager/
2025-12-09 11:08:21,568 [WARN] ApiDb:259 - Overriding images path with different value:  => /opt/st/stm32cubeide_1.19.0/plugins/com.st.stm32cube.common.mx_6.15.0.202507011659//db//plugins/mcufinder/images/
2025-12-09 11:08:21,574 [INFO] ApiDb:250 - Set database path to: /home/sunbeam/.stmcufinder/plugins/mcufinder//mcu/
2025-12-09 11:08:21,576 [INFO] DbMcusAds:125 - Set database path to: /home/sunbeam/.stmcufinder/plugins/mcufinder//mcu/
2025-12-09 11:08:21,578 [INFO] CrossReferenceDbSqlite:203 - Set database path to: /home/sunbeam/.stmcufinder/plugins/mcufinder//mcu/cs/
2025-12-09 11:08:21,701 [INFO] RulesReader:64 - Compatibility file has been processed (317 Rules)
2025-12-09 11:08:21,761 [INFO] DbMcusXml:78 - Set database path to: /opt/st/stm32cubeide_1.19.0/plugins/com.st.stm32cube.common.mx_6.15.0.202507011659//db//mcu/
2025-12-09 11:08:21,761 [INFO] ApiDb:274 - Set plugin database path to: /opt/st/stm32cubeide_1.19.0/plugins/com.st.stm32cube.common.mx_6.15.0.202507011659//db//plugins/boardmanager/
2025-12-09 11:08:21,762 [INFO] ApiDb:261 - Set plugin images path to: /opt/st/stm32cubeide_1.19.0/plugins/com.st.stm32cube.common.mx_6.15.0.202507011659//db//plugins/mcufinder/images/
2025-12-09 11:08:21,762 [WARN] DbFile:41 - Overriding database path with different value: /home/sunbeam/.stmcufinder/plugins/mcufinder/ => /home/sunbeam/.stmcufinder/plugins/mcufinder
2025-12-09 11:08:21,762 [INFO] ApiDb:250 - Set database path to: /home/sunbeam/.stmcufinder/plugins/mcufinder//mcu/
2025-12-09 11:08:21,762 [WARN] DbFile:41 - Overriding database path with different value: /home/sunbeam/.stmcufinder/plugins/mcufinder/ => /home/sunbeam/.stmcufinder/plugins/mcufinder
2025-12-09 11:08:21,762 [INFO] DbMcusAds:125 - Set database path to: /home/sunbeam/.stmcufinder/plugins/mcufinder//mcu/
2025-12-09 11:08:21,762 [WARN] DbFile:41 - Overriding database path with different value: /home/sunbeam/.stmcufinder/plugins/mcufinder/ => /home/sunbeam/.stmcufinder/plugins/mcufinder
2025-12-09 11:08:21,762 [WARN] DbFile:41 - Overriding database path with different value: /home/sunbeam/.stmcufinder/plugins/mcufinder/ => /home/sunbeam/.stmcufinder/plugins/mcufinder
2025-12-09 11:08:21,762 [INFO] CrossReferenceDbSqlite:203 - Set database path to: /home/sunbeam/.stmcufinder/plugins/mcufinder//mcu/cs/
2025-12-09 11:08:21,831 [INFO] MainPanel:274 - HeapMemory: 268435456
2025-12-09 11:08:22,047 [INFO] DbMcusXml:78 - Set database path to: /opt/st/stm32cubeide_1.19.0/plugins/com.st.stm32cube.common.mx_6.15.0.202507011659//db//mcu/
2025-12-09 11:08:22,049 [INFO] ApiDb:274 - Set plugin database path to: /opt/st/stm32cubeide_1.19.0/plugins/com.st.stm32cube.common.mx_6.15.0.202507011659//db//plugins/boardmanager/
2025-12-09 11:08:22,049 [INFO] ApiDb:261 - Set plugin images path to: /opt/st/stm32cubeide_1.19.0/plugins/com.st.stm32cube.common.mx_6.15.0.202507011659//db//plugins/mcufinder/images/
2025-12-09 11:08:22,050 [WARN] DbFile:41 - Overriding database path with different value: /home/sunbeam/.stmcufinder/plugins/mcufinder/ => /home/sunbeam/.stmcufinder/plugins/mcufinder
2025-12-09 11:08:22,050 [INFO] ApiDb:250 - Set database path to: /home/sunbeam/.stmcufinder/plugins/mcufinder//mcu/
2025-12-09 11:08:22,050 [WARN] DbFile:41 - Overriding database path with different value: /home/sunbeam/.stmcufinder/plugins/mcufinder/ => /home/sunbeam/.stmcufinder/plugins/mcufinder
2025-12-09 11:08:22,050 [INFO] DbMcusAds:125 - Set database path to: /home/sunbeam/.stmcufinder/plugins/mcufinder//mcu/
2025-12-09 11:08:22,051 [WARN] DbFile:41 - Overriding database path with different value: /home/sunbeam/.stmcufinder/plugins/mcufinder/ => /home/sunbeam/.stmcufinder/plugins/mcufinder
2025-12-09 11:08:22,051 [WARN] DbFile:41 - Overriding database path with different value: /home/sunbeam/.stmcufinder/plugins/mcufinder/ => /home/sunbeam/.stmcufinder/plugins/mcufinder
2025-12-09 11:08:22,051 [INFO] CrossReferenceDbSqlite:203 - Set database path to: /home/sunbeam/.stmcufinder/plugins/mcufinder//mcu/cs/
2025-12-09 11:08:22,081 [INFO] ApplicationProperties:184 - Using Application install path: /opt/st/stm32cubeide_1.19.0/plugins/com.st.stm32cube.common.mx_6.15.0.202507011659
2025-12-09 11:08:22,085 [INFO] PluginManage:196 - Search for loadable plugins [exclusion list=, ]
2025-12-09 11:08:22,088 [INFO] PluginManage:310 - Check plugin analytics
2025-12-09 11:08:22,291 [INFO] AnalyticsPlugin:253 - Accepted Software Licenses: 
2025-12-09 11:08:22,291 [INFO] AnalyticsPlugin:255 - Accepted CMSIS Pack Licenses: 
2025-12-09 11:08:22,291 [INFO] AnalyticsPlugin:257 - Accepted Firmware Licenses: FW.F4.1.28.0
2025-12-09 11:08:22,294 [INFO] PluginManage:359 - Loaded plugin analytics (category:tool,tabindex:-1)
2025-12-09 11:08:22,294 [INFO] PluginManage:310 - Check plugin cadmodel
2025-12-09 11:08:22,294 [ERROR] ConfigurationRetriever:142 - IOException on connection: sw-center.st.com
2025-12-09 11:08:22,295 [ERROR] ConfigurationRetriever:142 - IOException on connection: sw-center.st.com
2025-12-09 11:08:22,296 [ERROR] ConfigurationRetriever:142 - IOException on connection: sw-center.st.com
2025-12-09 11:08:22,301 [INFO] CADModel:105 - Init CAD model plugin
2025-12-09 11:08:22,301 [INFO] PluginManage:359 - Loaded plugin cadmodel (category:power,tabindex:5)
2025-12-09 11:08:22,301 [INFO] PluginManage:310 - Check plugin clock
2025-12-09 11:08:22,310 [INFO] PluginManage:359 - Loaded plugin clock (category:base,tabindex:2)
2025-12-09 11:08:22,310 [INFO] PluginManage:310 - Check plugin ddr
2025-12-09 11:08:22,312 [INFO] PluginManage:359 - Loaded plugin ddr (category:tool,tabindex:6)
2025-12-09 11:08:22,313 [INFO] PluginManage:310 - Check plugin filemanager
2025-12-09 11:08:22,456 [INFO] PluginManage:359 - Loaded plugin filemanager (category:base,tabindex:10)
2025-12-09 11:08:22,456 [INFO] PluginManage:310 - Check plugin ipmanager
2025-12-09 11:08:22,460 [INFO] PluginManage:359 - Loaded plugin ipmanager (category:base,tabindex:5)
2025-12-09 11:08:22,460 [INFO] PluginManage:310 - Check plugin lpbam
2025-12-09 11:08:22,469 [INFO] PluginManage:359 - Loaded plugin lpbam (category:base,tabindex:0)
2025-12-09 11:08:22,469 [INFO] PluginManage:310 - Check plugin memorymap
2025-12-09 11:08:22,479 [INFO] PluginManage:359 - Loaded plugin memorymap (category:base,tabindex:4)
2025-12-09 11:08:22,479 [INFO] PluginManage:310 - Check plugin pinoutandconfiguration
2025-12-09 11:08:22,486 [INFO] PluginManage:359 - Loaded plugin pinoutandconfiguration (category:base,tabindex:1)
2025-12-09 11:08:22,487 [INFO] PluginManage:310 - Check plugin pinoutconfig
2025-12-09 11:08:22,562 [WARN] SupportedApi:132 - Cannot load RTOS API schema: s4s-elt-must-match.1: The content of 'definitions' must match (annotation?, (simpleType | complexType)?, (unique | key | keyref)*)). A problem was found starting at: attribute.
2025-12-09 11:08:22,689 [INFO] PluginManage:359 - Loaded plugin pinoutconfig (category:base,tabindex:0)
2025-12-09 11:08:22,689 [INFO] PluginManage:310 - Check plugin power
2025-12-09 11:08:22,700 [INFO] PluginManage:359 - Loaded plugin power (category:power,tabindex:4)
2025-12-09 11:08:22,700 [INFO] PluginManage:310 - Check plugin projectmanager
2025-12-09 11:08:22,715 [INFO] PluginManage:359 - Loaded plugin projectmanager (category:projectmanager,tabindex:4)
2025-12-09 11:08:22,715 [INFO] PluginManage:310 - Check plugin rif
2025-12-09 11:08:22,724 [INFO] PluginManage:359 - Loaded plugin rif (category:base,tabindex:3)
2025-12-09 11:08:22,725 [INFO] PluginManage:310 - Check plugin thirdparty
2025-12-09 11:08:22,846 [INFO] PluginManage:359 - Loaded plugin thirdparty (category:base,tabindex:-1)
2025-12-09 11:08:22,846 [WARN] IntegrityCheckThread:84 - waiting for thirdparty lock release [integrity check]
2025-12-09 11:08:22,846 [INFO] IntegrityCheckThread:86 - entering critical section [integrity check]
2025-12-09 11:08:22,846 [INFO] PluginManage:310 - Check plugin tools
2025-12-09 11:08:22,847 [INFO] ThirdPartyUpdaterWithRetryManager:70 - Updater plugin not ready yet. [1/15]
2025-12-09 11:08:22,849 [INFO] PluginManage:359 - Loaded plugin tools (category:base,tabindex:7)
2025-12-09 11:08:22,849 [INFO] PluginManage:310 - Check plugin tutovideos
2025-12-09 11:08:23,000 [INFO] PluginManage:359 - Loaded plugin tutovideos (category:base,tabindex:-1)
2025-12-09 11:08:23,000 [INFO] PluginManage:310 - Check plugin updater
2025-12-09 11:08:23,018 [INFO] PluginManage:359 - Loaded plugin updater (category:base,tabindex:12)
2025-12-09 11:08:23,018 [INFO] PluginManage:310 - Check plugin userauth
2025-12-09 11:08:23,021 [INFO] UserAuth:118 - Init User Auth plugin
2025-12-09 11:08:23,022 [INFO] PluginManage:359 - Loaded plugin userauth (category:base,tabindex:14)
2025-12-09 11:08:23,022 [INFO] PluginManage:283 - PluginManage : Loaded plugins [18]
2025-12-09 11:08:23,173 [INFO] PinOutPanel:1589 - setPackage(No Configuration,No Configuration)
2025-12-09 11:08:23,225 [INFO] CADModel:165 - CPN selected for project level
2025-12-09 11:08:23,225 [INFO] CADModel:114 - Register for checkConnection events
2025-12-09 11:08:23,233 [INFO] IPUIPlugin:80 - create IPUIPlugin
2025-12-09 11:08:23,234 [INFO] PluginManager:220 - loadIPPluginJar : add dfsdm
2025-12-09 11:08:23,237 [INFO] IPUIPlugin:80 - create IPUIPlugin
2025-12-09 11:08:23,237 [INFO] PluginManager:220 - loadIPPluginJar : add gfxmmu
2025-12-09 11:08:23,239 [INFO] IPUIPlugin:80 - create IPUIPlugin
2025-12-09 11:08:23,240 [INFO] PluginManager:220 - loadIPPluginJar : add i3c
2025-12-09 11:08:23,242 [INFO] IPUIPlugin:80 - create IPUIPlugin
2025-12-09 11:08:23,242 [INFO] PluginManager:220 - loadIPPluginJar : add sai
2025-12-09 11:08:23,247 [INFO] IPUIPlugin:80 - create IPUIPlugin
2025-12-09 11:08:23,247 [INFO] PluginManager:220 - loadIPPluginJar : add dma
2025-12-09 11:08:23,248 [INFO] IPUIPlugin:80 - create IPUIPlugin
2025-12-09 11:08:23,248 [INFO] PluginManager:220 - loadIPPluginJar : add quadspi
2025-12-09 11:08:23,252 [INFO] IPUIPlugin:80 - create IPUIPlugin
2025-12-09 11:08:23,252 [INFO] PluginManager:220 - loadIPPluginJar : add opamp
2025-12-09 11:08:23,253 [INFO] IPUIPlugin:80 - create IPUIPlugin
2025-12-09 11:08:23,253 [INFO] PluginManager:220 - loadIPPluginJar : add comp
2025-12-09 11:08:23,258 [INFO] IPUIPlugin:80 - create IPUIPlugin
2025-12-09 11:08:23,260 [INFO] PluginManager:220 - loadIPPluginJar : add plateformsettings
2025-12-09 11:08:23,261 [INFO] IPUIPlugin:80 - create IPUIPlugin
2025-12-09 11:08:23,261 [INFO] PluginManager:220 - loadIPPluginJar : add ltdc
2025-12-09 11:08:23,265 [INFO] IPUIPlugin:80 - create IPUIPlugin
2025-12-09 11:08:23,265 [INFO] PluginManager:220 - loadIPPluginJar : add nvic
2025-12-09 11:08:23,266 [INFO] IPUIPlugin:80 - create IPUIPlugin
2025-12-09 11:08:23,266 [INFO] PluginManager:220 - loadIPPluginJar : add fatfs
2025-12-09 11:08:23,269 [INFO] IPUIPlugin:80 - create IPUIPlugin
2025-12-09 11:08:23,270 [INFO] PluginManager:220 - loadIPPluginJar : add gpio
2025-12-09 11:08:23,272 [INFO] IPUIPlugin:80 - create IPUIPlugin
2025-12-09 11:08:23,272 [INFO] PluginManager:220 - loadIPPluginJar : add aes
2025-12-09 11:08:23,280 [INFO] IPUIPlugin:80 - create IPUIPlugin
2025-12-09 11:08:23,280 [INFO] PluginManager:220 - loadIPPluginJar : add mdma
2025-12-09 11:08:23,283 [INFO] IPUIPlugin:80 - create IPUIPlugin
2025-12-09 11:08:23,283 [INFO] PluginManager:220 - loadIPPluginJar : add pdm2pcm
2025-12-09 11:08:23,288 [INFO] IPUIPlugin:80 - create IPUIPlugin
2025-12-09 11:08:23,289 [INFO] PluginManager:220 - loadIPPluginJar : add linkedlist
2025-12-09 11:08:23,291 [INFO] IPUIPlugin:80 - create IPUIPlugin
2025-12-09 11:08:23,291 [INFO] PluginManager:220 - loadIPPluginJar : add usart
2025-12-09 11:08:23,293 [INFO] IPUIPlugin:80 - create IPUIPlugin
2025-12-09 11:08:23,293 [INFO] PluginManager:220 - loadIPPluginJar : add i2c
2025-12-09 11:08:23,295 [INFO] IPUIPlugin:80 - create IPUIPlugin
2025-12-09 11:08:23,295 [INFO] PluginManager:220 - loadIPPluginJar : add lorawan
2025-12-09 11:08:23,298 [INFO] IPUIPlugin:80 - create IPUIPlugin
2025-12-09 11:08:23,298 [INFO] PluginManager:220 - loadIPPluginJar : add usbx
2025-12-09 11:08:23,302 [INFO] IPUIPlugin:80 - create IPUIPlugin
2025-12-09 11:08:23,302 [INFO] PluginManager:220 - loadIPPluginJar : add fmc
2025-12-09 11:08:23,305 [INFO] IPUIPlugin:80 - create IPUIPlugin
2025-12-09 11:08:23,305 [INFO] PluginManager:220 - loadIPPluginJar : add extmemmanager
2025-12-09 11:08:23,309 [INFO] IPUIPlugin:80 - create IPUIPlugin
2025-12-09 11:08:23,310 [INFO] PluginManager:220 - loadIPPluginJar : add freertos
2025-12-09 11:08:23,312 [INFO] IPUIPlugin:80 - create IPUIPlugin
2025-12-09 11:08:23,312 [INFO] PluginManager:220 - loadIPPluginJar : add can
2025-12-09 11:08:23,314 [INFO] IPUIPlugin:80 - create IPUIPlugin
2025-12-09 11:08:23,314 [INFO] PluginManager:220 - loadIPPluginJar : add touchsensing
2025-12-09 11:08:23,316 [INFO] IPUIPlugin:80 - create IPUIPlugin
2025-12-09 11:08:23,316 [INFO] PluginManager:220 - loadIPPluginJar : add tracer_emb
2025-12-09 11:08:23,317 [INFO] IPUIPlugin:80 - create IPUIPlugin
2025-12-09 11:08:23,317 [INFO] PluginManager:220 - loadIPPluginJar : add ucpd
2025-12-09 11:08:23,319 [INFO] IPUIPlugin:80 - create IPUIPlugin
2025-12-09 11:08:23,319 [INFO] PluginManager:220 - loadIPPluginJar : add ts
2025-12-09 11:08:23,320 [INFO] IPUIPlugin:80 - create IPUIPlugin
2025-12-09 11:08:23,320 [INFO] PluginManager:220 - loadIPPluginJar : add tsc
2025-12-09 11:08:23,323 [INFO] IPUIPlugin:80 - create IPUIPlugin
2025-12-09 11:08:23,323 [INFO] PluginManager:220 - loadIPPluginJar : add resmgrutility
2025-12-09 11:08:23,324 [INFO] IPUIPlugin:80 - create IPUIPlugin
2025-12-09 11:08:23,324 [INFO] PluginManager:220 - loadIPPluginJar : add cryp
2025-12-09 11:08:23,326 [INFO] IPUIPlugin:80 - create IPUIPlugin
2025-12-09 11:08:23,326 [INFO] PluginManager:220 - loadIPPluginJar : add openamp
2025-12-09 11:08:23,331 [INFO] IPUIPlugin:80 - create IPUIPlugin
2025-12-09 11:08:23,332 [INFO] PluginManager:220 - loadIPPluginJar : add adc
2025-12-09 11:08:23,333 [INFO] IPUIPlugin:80 - create IPUIPlugin
2025-12-09 11:08:23,334 [INFO] PluginManager:220 - loadIPPluginJar : add spi
2025-12-09 11:08:23,337 [INFO] IPUIPlugin:80 - create IPUIPlugin
2025-12-09 11:08:23,337 [INFO] PluginManager:220 - loadIPPluginJar : add ipddr
2025-12-09 11:08:23,343 [INFO] IPUIPlugin:80 - create IPUIPlugin
2025-12-09 11:08:23,343 [INFO] PluginManager:220 - loadIPPluginJar : add stm32_wpan
2025-12-09 11:08:23,350 [INFO] IPUIPlugin:80 - create IPUIPlugin
2025-12-09 11:08:23,350 [INFO] PluginManager:220 - loadIPPluginJar : add gic
2025-12-09 11:08:23,353 [INFO] IPUIPlugin:80 - create IPUIPlugin
2025-12-09 11:08:23,353 [INFO] PluginManager:220 - loadIPPluginJar : add ddr_ctrl_phy
2025-12-09 11:08:23,354 [INFO] IPUIPlugin:80 - create IPUIPlugin
2025-12-09 11:08:23,354 [INFO] PluginManager:220 - loadIPPluginJar : add genericplugin
2025-12-09 11:08:23,356 [INFO] IPUIPlugin:80 - create IPUIPlugin
2025-12-09 11:08:23,356 [INFO] PluginManager:220 - loadIPPluginJar : add hash
2025-12-09 11:08:23,357 [INFO] IPUIPlugin:80 - create IPUIPlugin
2025-12-09 11:08:23,357 [INFO] PluginManager:220 - loadIPPluginJar : add tim
2025-12-09 11:08:23,359 [INFO] IPUIPlugin:80 - create IPUIPlugin
2025-12-09 11:08:23,359 [INFO] PluginManager:220 - loadIPPluginJar : add radio
2025-12-09 11:08:23,361 [INFO] IPUIPlugin:80 - create IPUIPlugin
2025-12-09 11:08:23,361 [INFO] PluginManager:220 - loadIPPluginJar : add gtzc
2025-12-09 11:08:23,363 [INFO] IPUIPlugin:80 - create IPUIPlugin
2025-12-09 11:08:23,363 [INFO] PluginManager:220 - loadIPPluginJar : add i2s
2025-12-09 11:08:23,365 [INFO] IPUIPlugin:80 - create IPUIPlugin
2025-12-09 11:08:23,365 [INFO] PluginManager:220 - loadIPPluginJar : add dma3
2025-12-09 11:08:23,462 [FATAL] Updater:351 - Updater called before beeing initialized
2025-12-09 11:08:23,484 [INFO] RulesReader:64 - Compatibility file has been processed (317 Rules)
2025-12-09 11:08:23,492 [INFO] RulesReader:64 - Compatibility file has been processed (317 Rules)
2025-12-09 11:08:23,498 [INFO] CADModel:165 - CPN selected for project level
2025-12-09 11:08:23,498 [INFO] CADModel:114 - Register for checkConnection events
2025-12-09 11:08:23,498 [FATAL] Updater:351 - Updater called before beeing initialized
2025-12-09 11:08:23,498 [ERROR] CADModel:125 - Updater not yet initialized, retry later 
2025-12-09 11:08:23,609 [FATAL] Updater:351 - Updater called before beeing initialized
2025-12-09 11:08:23,610 [INFO] CADModel:165 - CPN selected for project level
2025-12-09 11:08:23,610 [INFO] CADModel:114 - Register for checkConnection events
2025-12-09 11:08:23,610 [FATAL] Updater:351 - Updater called before beeing initialized
2025-12-09 11:08:23,610 [ERROR] CADModel:125 - Updater not yet initialized, retry later 
2025-12-09 11:08:23,613 [FATAL] Updater:351 - Updater called before beeing initialized
2025-12-09 11:08:23,688 [FATAL] Updater:351 - Updater called before beeing initialized
2025-12-09 11:08:23,692 [INFO] DbMcusAds:53 - JSON generation date=Tue Nov 25 19:38:32 IST 2025 (1764079712835)
2025-12-09 11:08:23,692 [FATAL] Updater:351 - Updater called before beeing initialized
2025-12-09 11:08:23,723 [WARN] DetailPanel:346 - Failed to get advertising image, set to default
2025-12-09 11:08:23,777 [FATAL] Updater:351 - Updater called before beeing initialized
2025-12-09 11:08:23,779 [FATAL] Updater:351 - Updater called before beeing initialized
2025-12-09 11:08:23,779 [FATAL] Updater:351 - Updater called before beeing initialized
2025-12-09 11:08:23,779 [WARN] DetailPanel:346 - Failed to get advertising image, set to default
2025-12-09 11:08:23,780 [FATAL] Updater:351 - Updater called before beeing initialized
2025-12-09 11:08:23,818 [ERROR] Updater:1198 - MainUpdater not yet initialized. External WinMGr cannot be set.
2025-12-09 11:08:23,820 [INFO] Updater:1134 - Updater Version found : 6.15.0
2025-12-09 11:08:23,842 [INFO] ApplicationProperties:184 - Using Application install path: /opt/st/stm32cubeide_1.19.0/plugins/com.st.stm32cube.common.mx_6.15.0.202507011659
2025-12-09 11:08:24,067 [INFO] MainUpdater:2872 - connection check result : 22
2025-12-09 11:08:24,068 [INFO] MainUpdater:289 - Updater Check For Update Now.
2025-12-09 11:08:24,068 [INFO] MicroXplorer:498 - Change Database Version : DB.6.0.150
2025-12-09 11:08:24,073 [INFO] McuFinderGlobals:63 - Set McuFinder mode to 2 (CubeIDE integrated)
2025-12-09 11:08:24,074 [INFO] UserAuth:171 - activating auth plugin
2025-12-09 11:08:24,077 [INFO] UserAuth:487 - Internet connection configuration mode: 2
2025-12-09 11:08:24,087 [INFO] UserAuth:487 - Internet connection configuration mode: 2
2025-12-09 11:08:24,266 [INFO] CheckServerUpdateThread:120 - End of CheckServer Thread
2025-12-09 11:08:25,954 [WARN] PackLoader:240 - Cannot read IP mode file for STMicroelectronics.FP-SNS-MOTENVWB1.1.4.0
2025-12-09 11:08:25,959 [WARN] PackLoader:240 - Cannot read IP mode file for STMicroelectronics.FP-ATR-ASTRA1.2.0.2
2025-12-09 11:08:25,964 [WARN] PackLoader:240 - Cannot read IP mode file for STMicroelectronics.X-CUBE-SMBUS.2.1.0
2025-12-09 11:08:25,967 [WARN] PackLoader:240 - Cannot read IP mode file for STMicroelectronics.X-CUBE-ST60.1.0.0
2025-12-09 11:08:26,002 [WARN] PackLoader:240 - Cannot read IP mode file for STMicroelectronics.X-CUBE-AZRTOS-F7.1.1.0
2025-12-09 11:08:26,012 [WARN] PackLoader:240 - Cannot read IP mode file for STMicroelectronics.FP-SNS-MOTENV1.5.1.0
2025-12-09 11:08:26,042 [WARN] PackLoader:240 - Cannot read IP mode file for Infineon.AIROC-Wi-Fi-Bluetooth-STM32.1.7.1
2025-12-09 11:08:26,074 [WARN] PackLoader:240 - Cannot read IP mode file for STMicroelectronics.X-CUBE-AZRTOS-H7.3.4.0
2025-12-09 11:08:26,082 [WARN] PackLoader:240 - Cannot read IP mode file for STMicroelectronics.X-CUBE-DISPLAY.3.0.0
2025-12-09 11:08:26,095 [WARN] PackLoader:240 - Cannot read IP mode file for STMicroelectronics.X-CUBE-NFC10.1.0.0
2025-12-09 11:08:26,103 [WARN] PackLoader:240 - Cannot read IP mode file for STMicroelectronics.X-CUBE-BLEMGR.4.0.0
2025-12-09 11:08:26,109 [WARN] PackLoader:240 - Cannot read IP mode file for STMicroelectronics.X-CUBE-ST60.1.1.0
2025-12-09 11:08:26,114 [WARN] PackLoader:240 - Cannot read IP mode file for emotas.I-CUBE-CANOPEN.1.3.0
2025-12-09 11:08:26,118 [WARN] PackLoader:240 - Cannot read IP mode file for STMicroelectronics.X-CUBE-GNSS1.7.1.0
2025-12-09 11:08:26,121 [WARN] ConditionMgr:438 - getConditionDescription Invalid condition id : Cortex-A Device cause : null
2025-12-09 11:08:26,131 [WARN] ConditionMgr:1044 - genDependencies : Invalid condition id : Cortex-A Device cause : null
2025-12-09 11:08:26,131 [WARN] ConditionMgr:1044 - genDependencies : Invalid condition id : Cortex-A Device cause : null
2025-12-09 11:08:26,131 [WARN] ConditionMgr:1044 - genDependencies : Invalid condition id : Cortex-A Device cause : null
2025-12-09 11:08:26,138 [WARN] PackLoader:240 - Cannot read IP mode file for STMicroelectronics.FP-SNS-STBOX1.2.1.0
2025-12-09 11:08:26,142 [WARN] PackLoader:240 - Cannot read IP mode file for STMicroelectronics.FP-SNS-SMARTAG2.1.2.0
2025-12-09 11:08:26,145 [WARN] PackLoader:240 - Cannot read IP mode file for STMicroelectronics.FP-SNS-FLIGHT1.5.1.0
2025-12-09 11:08:26,151 [INFO] LogOutputStream:77 - [STDOUT_REDIRECT] 1 : Invalid condition id : UX_CORESTACK_Condition cause : null
2025-12-09 11:08:26,152 [INFO] LogOutputStream:77 - [STDOUT_REDIRECT] 1 : Invalid condition id : UX_CORESTACK_Condition cause : null
2025-12-09 11:08:26,152 [INFO] LogOutputStream:77 - [STDOUT_REDIRECT] 1 : Invalid condition id : UX_CORESTACK_Condition cause : null
2025-12-09 11:08:26,152 [INFO] LogOutputStream:77 - [STDOUT_REDIRECT] 1 : Invalid condition id : UX_CORESTACK_Condition cause : null
2025-12-09 11:08:26,152 [INFO] LogOutputStream:77 - [STDOUT_REDIRECT] 1 : Invalid condition id : UX_CORESTACK_Condition cause : null
2025-12-09 11:08:26,154 [WARN] PackLoader:240 - Cannot read IP mode file for STMicroelectronics.X-CUBE-AZRTOS-WL.2.0.0
2025-12-09 11:08:26,157 [WARN] PackLoader:240 - Cannot read IP mode file for STMicroelectronics.FP-SNS-MOTENV1.5.0.0
2025-12-09 11:08:26,170 [WARN] PackLoader:240 - Cannot read IP mode file for STMicroelectronics.X-CUBE-AZRTOS-H7RS.1.2.0
2025-12-09 11:08:26,176 [WARN] PackLoader:240 - Cannot read IP mode file for WES.I-CUBE-Cesium.1.3.0
2025-12-09 11:08:26,180 [WARN] PackLoader:240 - Cannot read IP mode file for STMicroelectronics.X-CUBE-BLE2.3.3.0
2025-12-09 11:08:26,191 [WARN] PackLoader:240 - Cannot read IP mode file for STMicroelectronics.X-CUBE-NFC9.1.0.0
2025-12-09 11:08:26,194 [WARN] PackLoader:240 - Cannot read IP mode file for wolfSSL.I-CUBE-wolfSSL.5.8.0
2025-12-09 11:08:26,197 [WARN] PackLoader:240 - Cannot read IP mode file for STMicroelectronics.X-CUBE-BLE1.7.1.0
2025-12-09 11:08:26,199 [WARN] PackLoader:240 - Cannot read IP mode file for wolfSSL.I-CUBE-wolfMQTT.1.19.2
2025-12-09 11:08:26,202 [WARN] PackLoader:240 - Cannot read IP mode file for STMicroelectronics.X-CUBE-FREERTOS.1.4.0
2025-12-09 11:08:26,206 [WARN] PackLoader:240 - Cannot read IP mode file for STMicroelectronics.X-CUBE-EEPRMA1.5.2.0
2025-12-09 11:08:26,212 [WARN] PackLoader:240 - Cannot read IP mode file for STMicroelectronics.X-CUBE-ST67W61.1.1.0
2025-12-09 11:08:26,214 [WARN] PackLoader:240 - Cannot read IP mode file for STMicroelectronics.X-CUBE-AI.10.1.0
2025-12-09 11:08:26,248 [WARN] PackLoader:240 - Cannot read IP mode file for STMicroelectronics.X-CUBE-MEMS1.12.0.0
2025-12-09 11:08:26,364 [WARN] PackLoader:240 - Cannot read IP mode file for STMicroelectronics.X-CUBE-AZRTOS-G0.1.1.0
2025-12-09 11:08:26,372 [WARN] PackLoader:240 - Cannot read IP mode file for STMicroelectronics.X-CUBE-SAFEA1.1.2.2
2025-12-09 11:08:26,377 [WARN] PackLoader:240 - Cannot read IP mode file for STMicroelectronics.X-CUBE-NFC4.3.0.0
2025-12-09 11:08:26,384 [WARN] PackLoader:240 - Cannot read IP mode file for EmbeddedOffice.I-CUBE-FS-RTOS.1.0.1
2025-12-09 11:08:26,388 [WARN] PackLoader:240 - Cannot read IP mode file for STMicroelectronics.X-CUBE-WB05N.2.0.0
2025-12-09 11:08:26,391 [WARN] PackLoader:240 - Cannot read IP mode file for wolfSSL.I-CUBE-wolfTPM.3.8.0
2025-12-09 11:08:26,396 [WARN] PackLoader:240 - Cannot read IP mode file for STMicroelectronics.X-CUBE-TCPP.4.2.0
2025-12-09 11:08:26,400 [WARN] PackLoader:240 - Cannot read IP mode file for RealThread.X-CUBE-RT-Thread_Nano.4.1.1
2025-12-09 11:08:26,402 [WARN] PackLoader:240 - Cannot read IP mode file for STMicroelectronics.FP-ATR-SIGFOX1.3.2.0
2025-12-09 11:08:26,406 [WARN] PackLoader:240 - Cannot read IP mode file for STMicroelectronics.X-CUBE-EEPRMA1.5.1.0
2025-12-09 11:08:26,411 [WARN] PackLoader:240 - Cannot read IP mode file for ITTIA_DB.I-CUBE-ITTIADB.8.9.0
2025-12-09 11:08:26,415 [WARN] PackLoader:240 - Cannot read IP mode file for STMicroelectronics.X-CUBE-ST67W61.1.0.0
2025-12-09 11:08:26,418 [WARN] PackLoader:240 - Cannot read IP mode file for STMicroelectronics.X-CUBE-AI.10.2.0
2025-12-09 11:08:26,443 [WARN] PackLoader:240 - Cannot read IP mode file for SEGGER.I-CUBE-embOS.1.3.1
2025-12-09 11:08:26,466 [WARN] PackLoader:240 - Cannot read IP mode file for STMicroelectronics.X-CUBE-ALGOBUILD.1.4.0
2025-12-09 11:08:26,493 [WARN] PackLoader:240 - Cannot read IP mode file for STMicroelectronics.X-CUBE-MEMS1.11.3.0
2025-12-09 11:08:26,557 [WARN] PackLoader:240 - Cannot read IP mode file for STMicroelectronics.X-CUBE-PM33A1.1.0.0
2025-12-09 11:08:26,577 [WARN] PackLoader:240 - Cannot read IP mode file for STMicroelectronics.X-CUBE-AZRTOS-F4.1.1.0
2025-12-09 11:08:26,583 [WARN] PackLoader:240 - Cannot read IP mode file for Avnet-IotConnect.X-CUBE-IoTC-DA16k-PMOD.1.0.0
2025-12-09 11:08:26,585 [WARN] PackLoader:240 - Cannot read IP mode file for STMicroelectronics.X-CUBE-ISPU.2.1.0
2025-12-09 11:08:26,597 [WARN] PackLoader:240 - Cannot read IP mode file for STMicroelectronics.X-CUBE-IPS.3.2.0
2025-12-09 11:08:26,606 [WARN] PackLoader:240 - Cannot read IP mode file for STMicroelectronics.X-CUBE-NFC12.1.0.0
2025-12-09 11:08:26,620 [WARN] PackLoader:240 - Cannot read IP mode file for STMicroelectronics.X-CUBE-AZRTOS-L5.2.0.0
2025-12-09 11:08:26,627 [WARN] PackLoader:240 - Cannot read IP mode file for STMicroelectronics.X-CUBE-NFC6.3.1.0
2025-12-09 11:08:26,633 [WARN] PackLoader:240 - Cannot read IP mode file for STMicroelectronics.X-CUBE-FREERTOS.1.3.1
2025-12-09 11:08:26,636 [WARN] PackLoader:240 - Cannot read IP mode file for STMicroelectronics.X-CUBE-TOUCHGFX.4.26.0
2025-12-09 11:08:26,640 [WARN] PackLoader:240 - Cannot read IP mode file for STMicroelectronics.FP-SNS-STAIOTCFT.1.0.0
2025-12-09 11:08:26,643 [WARN] PackLoader:240 - Cannot read IP mode file for STMicroelectronics.X-CUBE-DPower.1.3.0
2025-12-09 11:08:26,657 [WARN] ConditionMgr:438 - getConditionDescription Invalid condition id : LAN8742 Phy interface Condition cause : null
2025-12-09 11:08:26,657 [WARN] PackLoader:240 - Cannot read IP mode file for STMicroelectronics.X-CUBE-AZRTOS-L4.2.0.0
2025-12-09 11:08:26,658 [WARN] ConditionMgr:1044 - genDependencies : Invalid condition id : LAN8742 Phy interface Condition cause : null
2025-12-09 11:08:26,659 [WARN] ConditionMgr:1044 - genDependencies : Invalid condition id : LAN8742 Phy interface Condition cause : null
2025-12-09 11:08:26,659 [WARN] ConditionMgr:1044 - genDependencies : Invalid condition id : LAN8742 Phy interface Condition cause : null
2025-12-09 11:08:26,664 [WARN] PackLoader:240 - Cannot read IP mode file for STMicroelectronics.X-CUBE-SFXS2LP1.4.0.0
2025-12-09 11:08:26,672 [WARN] PackLoader:240 - Cannot read IP mode file for STMicroelectronics.X-CUBE-BLEMGR.4.1.0
2025-12-09 11:08:26,682 [WARN] ConditionMgr:438 - getConditionDescription Invalid condition id : UX DEVICE CLASS RTOS Condition cause : null
2025-12-09 11:08:26,682 [WARN] ConditionMgr:438 - getConditionDescription Invalid condition id : UX DEVICE CLASS RTOS Condition cause : null
2025-12-09 11:08:26,683 [WARN] PackLoader:240 - Cannot read IP mode file for STMicroelectronics.X-CUBE-AZRTOS-WB.2.0.0
2025-12-09 11:08:26,683 [WARN] ConditionMgr:1044 - genDependencies : Invalid condition id : UX DEVICE CLASS RTOS Condition cause : null
2025-12-09 11:08:26,684 [WARN] ConditionMgr:1044 - genDependencies : Invalid condition id : UX DEVICE CLASS RTOS Condition cause : null
2025-12-09 11:08:26,684 [WARN] ConditionMgr:1044 - genDependencies : Invalid condition id : UX DEVICE CLASS RTOS Condition cause : null
2025-12-09 11:08:26,684 [WARN] ConditionMgr:1044 - genDependencies : Invalid condition id : UX DEVICE CLASS RTOS Condition cause : null
2025-12-09 11:08:26,684 [WARN] ConditionMgr:1044 - genDependencies : Invalid condition id : UX DEVICE CLASS RTOS Condition cause : null
2025-12-09 11:08:26,688 [WARN] PackLoader:240 - Cannot read IP mode file for STMicroelectronics.X-CUBE-GNSS1.7.0.1
2025-12-09 11:08:26,690 [WARN] PackLoader:240 - Cannot read IP mode file for STMicroelectronics.X-CUBE-TOUCHGFX.4.25.0
2025-12-09 11:08:26,693 [WARN] PackLoader:240 - Cannot read IP mode file for STMicroelectronics.FP-SNS-STBOX1.2.0.0
2025-12-09 11:08:26,701 [WARN] PackLoader:240 - Cannot read IP mode file for STMicroelectronics.X-CUBE-SUBG2.5.0.0
2025-12-09 11:08:26,712 [WARN] PackLoader:240 - Cannot read IP mode file for STMicroelectronics.X-CUBE-AZRTOS-H7RS.1.1.0
2025-12-09 11:08:26,716 [WARN] PackLoader:240 - Cannot read IP mode file for Cesanta.I-CUBE-Mongoose.7.13.0
2025-12-09 11:08:26,723 [WARN] PackLoader:240 - Cannot read IP mode file for STMicroelectronics.X-CUBE-AZRTOS-G4.2.0.0
2025-12-09 11:08:26,726 [WARN] PackLoader:240 - Cannot read IP mode file for wolfSSL.I-CUBE-wolfSSH.1.4.20
2025-12-09 11:08:26,729 [WARN] PackLoader:240 - Cannot read IP mode file for STMicroelectronics.X-CUBE-NFC7.2.0.0
2025-12-09 11:08:26,735 [WARN] PackLoader:240 - Cannot read IP mode file for STMicroelectronics.X-CUBE-IPS.3.1.0
2025-12-09 11:08:26,741 [WARN] PackLoader:240 - Cannot read IP mode file for STMicroelectronics.X-CUBE-ALS.1.0.2
2025-12-09 11:08:26,744 [WARN] PackLoader:240 - Cannot read IP mode file for STMicroelectronics.X-CUBE-STSE01.1.0.0
2025-12-09 11:08:26,748 [WARN] PackLoader:240 - Cannot read IP mode file for portGmbH.I-Cube-SoM-uGOAL.1.1.0
2025-12-09 11:08:26,754 [WARN] PackLoader:240 - Cannot read IP mode file for STMicroelectronics.X-CUBE-TOF1.3.4.3
2025-12-09 11:08:26,761 [INFO] ThirdParty:978 - Integrity check success = true
2025-12-09 11:08:26,761 [INFO] IntegrityCheckThread:100 - exiting critical section [integrity check]
2025-12-09 11:08:26,761 [INFO] IntegrityCheckThread:103 - End integrity checks thread
