2025-12-07 15:33:36,049 [INFO] Activator:176 - 


2025-12-07 15:33:36,053 [INFO] Activator:177 - !SESSION log4j initialized
2025-12-07 15:33:38,441 [INFO] LogOutputStream:77 - [STDOUT_REDIRECT] 
2025-12-07 15:33:41,200 [INFO] ApplicationProperties:184 - Using Application install path: /opt/st/stm32cubeide_1.19.0/plugins/com.st.stm32cube.common.mx_6.15.0.202507011659
2025-12-07 15:33:41,215 [INFO] DbMcusXml:78 - Set database path to: /opt/st/stm32cubeide_1.19.0/plugins/com.st.stm32cube.common.mx_6.15.0.202507011659//db//mcu/
2025-12-07 15:33:41,215 [INFO] ApiDb:274 - Set plugin database path to: /opt/st/stm32cubeide_1.19.0/plugins/com.st.stm32cube.common.mx_6.15.0.202507011659//db//plugins/boardmanager/
2025-12-07 15:33:41,215 [WARN] ApiDb:259 - Overriding images path with different value:  => /opt/st/stm32cubeide_1.19.0/plugins/com.st.stm32cube.common.mx_6.15.0.202507011659//db//plugins/mcufinder/images/
2025-12-07 15:33:41,222 [INFO] ApiDb:250 - Set database path to: /home/sunbeam/.stmcufinder/plugins/mcufinder//mcu/
2025-12-07 15:33:41,223 [INFO] DbMcusAds:125 - Set database path to: /home/sunbeam/.stmcufinder/plugins/mcufinder//mcu/
2025-12-07 15:33:41,394 [INFO] CrossReferenceDbSqlite:203 - Set database path to: /home/sunbeam/.stmcufinder/plugins/mcufinder//mcu/cs/
2025-12-07 15:33:41,500 [INFO] RulesReader:64 - Compatibility file has been processed (317 Rules)
2025-12-07 15:33:41,558 [INFO] DbMcusXml:78 - Set database path to: /opt/st/stm32cubeide_1.19.0/plugins/com.st.stm32cube.common.mx_6.15.0.202507011659//db//mcu/
2025-12-07 15:33:41,559 [INFO] ApiDb:274 - Set plugin database path to: /opt/st/stm32cubeide_1.19.0/plugins/com.st.stm32cube.common.mx_6.15.0.202507011659//db//plugins/boardmanager/
2025-12-07 15:33:41,559 [INFO] ApiDb:261 - Set plugin images path to: /opt/st/stm32cubeide_1.19.0/plugins/com.st.stm32cube.common.mx_6.15.0.202507011659//db//plugins/mcufinder/images/
2025-12-07 15:33:41,559 [WARN] DbFile:41 - Overriding database path with different value: /home/sunbeam/.stmcufinder/plugins/mcufinder/ => /home/sunbeam/.stmcufinder/plugins/mcufinder
2025-12-07 15:33:41,559 [INFO] ApiDb:250 - Set database path to: /home/sunbeam/.stmcufinder/plugins/mcufinder//mcu/
2025-12-07 15:33:41,559 [WARN] DbFile:41 - Overriding database path with different value: /home/sunbeam/.stmcufinder/plugins/mcufinder/ => /home/sunbeam/.stmcufinder/plugins/mcufinder
2025-12-07 15:33:41,559 [INFO] DbMcusAds:125 - Set database path to: /home/sunbeam/.stmcufinder/plugins/mcufinder//mcu/
2025-12-07 15:33:41,559 [WARN] DbFile:41 - Overriding database path with different value: /home/sunbeam/.stmcufinder/plugins/mcufinder/ => /home/sunbeam/.stmcufinder/plugins/mcufinder
2025-12-07 15:33:41,559 [WARN] DbFile:41 - Overriding database path with different value: /home/sunbeam/.stmcufinder/plugins/mcufinder/ => /home/sunbeam/.stmcufinder/plugins/mcufinder
2025-12-07 15:33:41,744 [INFO] CrossReferenceDbSqlite:203 - Set database path to: /home/sunbeam/.stmcufinder/plugins/mcufinder//mcu/cs/
2025-12-07 15:33:41,812 [INFO] MainPanel:274 - HeapMemory: 268435456
2025-12-07 15:33:41,918 [INFO] DbMcusXml:78 - Set database path to: /opt/st/stm32cubeide_1.19.0/plugins/com.st.stm32cube.common.mx_6.15.0.202507011659//db//mcu/
2025-12-07 15:33:41,918 [INFO] ApiDb:274 - Set plugin database path to: /opt/st/stm32cubeide_1.19.0/plugins/com.st.stm32cube.common.mx_6.15.0.202507011659//db//plugins/boardmanager/
2025-12-07 15:33:41,918 [INFO] ApiDb:261 - Set plugin images path to: /opt/st/stm32cubeide_1.19.0/plugins/com.st.stm32cube.common.mx_6.15.0.202507011659//db//plugins/mcufinder/images/
2025-12-07 15:33:41,918 [WARN] DbFile:41 - Overriding database path with different value: /home/sunbeam/.stmcufinder/plugins/mcufinder/ => /home/sunbeam/.stmcufinder/plugins/mcufinder
2025-12-07 15:33:41,918 [INFO] ApiDb:250 - Set database path to: /home/sunbeam/.stmcufinder/plugins/mcufinder//mcu/
2025-12-07 15:33:41,918 [WARN] DbFile:41 - Overriding database path with different value: /home/sunbeam/.stmcufinder/plugins/mcufinder/ => /home/sunbeam/.stmcufinder/plugins/mcufinder
2025-12-07 15:33:41,919 [INFO] DbMcusAds:125 - Set database path to: /home/sunbeam/.stmcufinder/plugins/mcufinder//mcu/
2025-12-07 15:33:41,919 [WARN] DbFile:41 - Overriding database path with different value: /home/sunbeam/.stmcufinder/plugins/mcufinder/ => /home/sunbeam/.stmcufinder/plugins/mcufinder
2025-12-07 15:33:41,919 [WARN] DbFile:41 - Overriding database path with different value: /home/sunbeam/.stmcufinder/plugins/mcufinder/ => /home/sunbeam/.stmcufinder/plugins/mcufinder
2025-12-07 15:33:42,155 [INFO] CrossReferenceDbSqlite:203 - Set database path to: /home/sunbeam/.stmcufinder/plugins/mcufinder//mcu/cs/
2025-12-07 15:33:42,180 [INFO] ApplicationProperties:184 - Using Application install path: /opt/st/stm32cubeide_1.19.0/plugins/com.st.stm32cube.common.mx_6.15.0.202507011659
2025-12-07 15:33:42,182 [INFO] PluginManage:196 - Search for loadable plugins [exclusion list=, ]
2025-12-07 15:33:42,183 [INFO] PluginManage:310 - Check plugin analytics
2025-12-07 15:33:42,537 [INFO] AnalyticsPlugin:253 - Accepted Software Licenses: 
2025-12-07 15:33:42,537 [INFO] AnalyticsPlugin:255 - Accepted CMSIS Pack Licenses: 
2025-12-07 15:33:42,537 [INFO] AnalyticsPlugin:257 - Accepted Firmware Licenses: FW.F4.1.28.0
2025-12-07 15:33:42,539 [INFO] PluginManage:359 - Loaded plugin analytics (category:tool,tabindex:-1)
2025-12-07 15:33:42,540 [INFO] PluginManage:310 - Check plugin cadmodel
2025-12-07 15:33:42,543 [INFO] CADModel:105 - Init CAD model plugin
2025-12-07 15:33:42,543 [INFO] PluginManage:359 - Loaded plugin cadmodel (category:power,tabindex:5)
2025-12-07 15:33:42,543 [INFO] PluginManage:310 - Check plugin clock
2025-12-07 15:33:42,550 [INFO] PluginManage:359 - Loaded plugin clock (category:base,tabindex:2)
2025-12-07 15:33:42,550 [INFO] PluginManage:310 - Check plugin ddr
2025-12-07 15:33:42,552 [INFO] PluginManage:359 - Loaded plugin ddr (category:tool,tabindex:6)
2025-12-07 15:33:42,552 [INFO] PluginManage:310 - Check plugin filemanager
2025-12-07 15:33:42,658 [INFO] PluginManage:359 - Loaded plugin filemanager (category:base,tabindex:10)
2025-12-07 15:33:42,658 [INFO] PluginManage:310 - Check plugin ipmanager
2025-12-07 15:33:42,662 [INFO] PluginManage:359 - Loaded plugin ipmanager (category:base,tabindex:5)
2025-12-07 15:33:42,662 [INFO] PluginManage:310 - Check plugin lpbam
2025-12-07 15:33:42,669 [INFO] PluginManage:359 - Loaded plugin lpbam (category:base,tabindex:0)
2025-12-07 15:33:42,669 [INFO] PluginManage:310 - Check plugin memorymap
2025-12-07 15:33:42,679 [INFO] PluginManage:359 - Loaded plugin memorymap (category:base,tabindex:4)
2025-12-07 15:33:42,679 [INFO] PluginManage:310 - Check plugin pinoutandconfiguration
2025-12-07 15:33:42,685 [INFO] PluginManage:359 - Loaded plugin pinoutandconfiguration (category:base,tabindex:1)
2025-12-07 15:33:42,686 [INFO] PluginManage:310 - Check plugin pinoutconfig
2025-12-07 15:33:42,758 [WARN] SupportedApi:132 - Cannot load RTOS API schema: s4s-elt-must-match.1: The content of 'definitions' must match (annotation?, (simpleType | complexType)?, (unique | key | keyref)*)). A problem was found starting at: attribute.
2025-12-07 15:33:42,889 [INFO] PluginManage:359 - Loaded plugin pinoutconfig (category:base,tabindex:0)
2025-12-07 15:33:42,890 [INFO] PluginManage:310 - Check plugin power
2025-12-07 15:33:42,898 [INFO] PluginManage:359 - Loaded plugin power (category:power,tabindex:4)
2025-12-07 15:33:42,898 [INFO] PluginManage:310 - Check plugin projectmanager
2025-12-07 15:33:42,911 [INFO] PluginManage:359 - Loaded plugin projectmanager (category:projectmanager,tabindex:4)
2025-12-07 15:33:42,912 [INFO] PluginManage:310 - Check plugin rif
2025-12-07 15:33:42,919 [INFO] PluginManage:359 - Loaded plugin rif (category:base,tabindex:3)
2025-12-07 15:33:42,919 [INFO] PluginManage:310 - Check plugin thirdparty
2025-12-07 15:33:43,013 [INFO] PluginManage:359 - Loaded plugin thirdparty (category:base,tabindex:-1)
2025-12-07 15:33:43,012 [WARN] IntegrityCheckThread:84 - waiting for thirdparty lock release [integrity check]
2025-12-07 15:33:43,013 [INFO] PluginManage:310 - Check plugin tools
2025-12-07 15:33:43,013 [INFO] IntegrityCheckThread:86 - entering critical section [integrity check]
2025-12-07 15:33:43,013 [INFO] ThirdPartyUpdaterWithRetryManager:70 - Updater plugin not ready yet. [1/15]
2025-12-07 15:33:43,015 [INFO] PluginManage:359 - Loaded plugin tools (category:base,tabindex:7)
2025-12-07 15:33:43,015 [INFO] PluginManage:310 - Check plugin tutovideos
2025-12-07 15:33:43,177 [INFO] PluginManage:359 - Loaded plugin tutovideos (category:base,tabindex:-1)
2025-12-07 15:33:43,177 [INFO] PluginManage:310 - Check plugin updater
2025-12-07 15:33:43,202 [INFO] PluginManage:359 - Loaded plugin updater (category:base,tabindex:12)
2025-12-07 15:33:43,202 [INFO] PluginManage:310 - Check plugin userauth
2025-12-07 15:33:43,205 [INFO] UserAuth:118 - Init User Auth plugin
2025-12-07 15:33:43,206 [INFO] PluginManage:359 - Loaded plugin userauth (category:base,tabindex:14)
2025-12-07 15:33:43,207 [INFO] PluginManage:283 - PluginManage : Loaded plugins [18]
2025-12-07 15:33:43,459 [INFO] PinOutPanel:1589 - setPackage(No Configuration,No Configuration)
2025-12-07 15:33:43,518 [INFO] CADModel:165 - CPN selected for project level
2025-12-07 15:33:43,519 [INFO] CADModel:114 - Register for checkConnection events
2025-12-07 15:33:43,530 [INFO] IPUIPlugin:80 - create IPUIPlugin
2025-12-07 15:33:43,530 [INFO] PluginManager:220 - loadIPPluginJar : add dfsdm
2025-12-07 15:33:43,534 [INFO] IPUIPlugin:80 - create IPUIPlugin
2025-12-07 15:33:43,535 [INFO] PluginManager:220 - loadIPPluginJar : add gfxmmu
2025-12-07 15:33:43,540 [INFO] IPUIPlugin:80 - create IPUIPlugin
2025-12-07 15:33:43,540 [INFO] PluginManager:220 - loadIPPluginJar : add i3c
2025-12-07 15:33:43,543 [INFO] IPUIPlugin:80 - create IPUIPlugin
2025-12-07 15:33:43,543 [INFO] PluginManager:220 - loadIPPluginJar : add sai
2025-12-07 15:33:43,548 [INFO] IPUIPlugin:80 - create IPUIPlugin
2025-12-07 15:33:43,549 [INFO] PluginManager:220 - loadIPPluginJar : add dma
2025-12-07 15:33:43,550 [INFO] IPUIPlugin:80 - create IPUIPlugin
2025-12-07 15:33:43,550 [INFO] PluginManager:220 - loadIPPluginJar : add quadspi
2025-12-07 15:33:43,555 [INFO] IPUIPlugin:80 - create IPUIPlugin
2025-12-07 15:33:43,555 [INFO] PluginManager:220 - loadIPPluginJar : add opamp
2025-12-07 15:33:43,557 [INFO] IPUIPlugin:80 - create IPUIPlugin
2025-12-07 15:33:43,557 [INFO] PluginManager:220 - loadIPPluginJar : add comp
2025-12-07 15:33:43,566 [INFO] IPUIPlugin:80 - create IPUIPlugin
2025-12-07 15:33:43,570 [INFO] PluginManager:220 - loadIPPluginJar : add plateformsettings
2025-12-07 15:33:43,571 [INFO] IPUIPlugin:80 - create IPUIPlugin
2025-12-07 15:33:43,572 [INFO] PluginManager:220 - loadIPPluginJar : add ltdc
2025-12-07 15:33:43,575 [INFO] IPUIPlugin:80 - create IPUIPlugin
2025-12-07 15:33:43,575 [INFO] PluginManager:220 - loadIPPluginJar : add nvic
2025-12-07 15:33:43,576 [INFO] IPUIPlugin:80 - create IPUIPlugin
2025-12-07 15:33:43,576 [INFO] PluginManager:220 - loadIPPluginJar : add fatfs
2025-12-07 15:33:43,582 [INFO] IPUIPlugin:80 - create IPUIPlugin
2025-12-07 15:33:43,582 [INFO] PluginManager:220 - loadIPPluginJar : add gpio
2025-12-07 15:33:43,584 [INFO] IPUIPlugin:80 - create IPUIPlugin
2025-12-07 15:33:43,584 [INFO] PluginManager:220 - loadIPPluginJar : add aes
2025-12-07 15:33:43,590 [INFO] IPUIPlugin:80 - create IPUIPlugin
2025-12-07 15:33:43,590 [INFO] PluginManager:220 - loadIPPluginJar : add mdma
2025-12-07 15:33:43,592 [INFO] IPUIPlugin:80 - create IPUIPlugin
2025-12-07 15:33:43,592 [INFO] PluginManager:220 - loadIPPluginJar : add pdm2pcm
2025-12-07 15:33:43,599 [INFO] IPUIPlugin:80 - create IPUIPlugin
2025-12-07 15:33:43,599 [INFO] PluginManager:220 - loadIPPluginJar : add linkedlist
2025-12-07 15:33:43,601 [INFO] IPUIPlugin:80 - create IPUIPlugin
2025-12-07 15:33:43,601 [INFO] PluginManager:220 - loadIPPluginJar : add usart
2025-12-07 15:33:43,603 [INFO] IPUIPlugin:80 - create IPUIPlugin
2025-12-07 15:33:43,603 [INFO] PluginManager:220 - loadIPPluginJar : add i2c
2025-12-07 15:33:43,605 [INFO] IPUIPlugin:80 - create IPUIPlugin
2025-12-07 15:33:43,605 [INFO] PluginManager:220 - loadIPPluginJar : add lorawan
2025-12-07 15:33:43,607 [INFO] IPUIPlugin:80 - create IPUIPlugin
2025-12-07 15:33:43,607 [INFO] PluginManager:220 - loadIPPluginJar : add usbx
2025-12-07 15:33:43,610 [INFO] IPUIPlugin:80 - create IPUIPlugin
2025-12-07 15:33:43,611 [INFO] PluginManager:220 - loadIPPluginJar : add fmc
2025-12-07 15:33:43,613 [INFO] IPUIPlugin:80 - create IPUIPlugin
2025-12-07 15:33:43,613 [INFO] PluginManager:220 - loadIPPluginJar : add extmemmanager
2025-12-07 15:33:43,619 [INFO] IPUIPlugin:80 - create IPUIPlugin
2025-12-07 15:33:43,619 [INFO] PluginManager:220 - loadIPPluginJar : add freertos
2025-12-07 15:33:43,621 [INFO] IPUIPlugin:80 - create IPUIPlugin
2025-12-07 15:33:43,621 [INFO] PluginManager:220 - loadIPPluginJar : add can
2025-12-07 15:33:43,623 [INFO] IPUIPlugin:80 - create IPUIPlugin
2025-12-07 15:33:43,623 [INFO] PluginManager:220 - loadIPPluginJar : add touchsensing
2025-12-07 15:33:43,625 [INFO] IPUIPlugin:80 - create IPUIPlugin
2025-12-07 15:33:43,625 [INFO] PluginManager:220 - loadIPPluginJar : add tracer_emb
2025-12-07 15:33:43,626 [INFO] IPUIPlugin:80 - create IPUIPlugin
2025-12-07 15:33:43,626 [INFO] PluginManager:220 - loadIPPluginJar : add ucpd
2025-12-07 15:33:43,627 [INFO] IPUIPlugin:80 - create IPUIPlugin
2025-12-07 15:33:43,628 [INFO] PluginManager:220 - loadIPPluginJar : add ts
2025-12-07 15:33:43,629 [INFO] IPUIPlugin:80 - create IPUIPlugin
2025-12-07 15:33:43,629 [INFO] PluginManager:220 - loadIPPluginJar : add tsc
2025-12-07 15:33:43,632 [INFO] IPUIPlugin:80 - create IPUIPlugin
2025-12-07 15:33:43,632 [INFO] PluginManager:220 - loadIPPluginJar : add resmgrutility
2025-12-07 15:33:43,634 [INFO] IPUIPlugin:80 - create IPUIPlugin
2025-12-07 15:33:43,634 [INFO] PluginManager:220 - loadIPPluginJar : add cryp
2025-12-07 15:33:43,636 [INFO] IPUIPlugin:80 - create IPUIPlugin
2025-12-07 15:33:43,637 [INFO] PluginManager:220 - loadIPPluginJar : add openamp
2025-12-07 15:33:43,641 [INFO] IPUIPlugin:80 - create IPUIPlugin
2025-12-07 15:33:43,641 [INFO] PluginManager:220 - loadIPPluginJar : add adc
2025-12-07 15:33:43,643 [INFO] IPUIPlugin:80 - create IPUIPlugin
2025-12-07 15:33:43,643 [INFO] PluginManager:220 - loadIPPluginJar : add spi
2025-12-07 15:33:43,645 [INFO] IPUIPlugin:80 - create IPUIPlugin
2025-12-07 15:33:43,646 [INFO] PluginManager:220 - loadIPPluginJar : add ipddr
2025-12-07 15:33:43,651 [INFO] IPUIPlugin:80 - create IPUIPlugin
2025-12-07 15:33:43,651 [INFO] PluginManager:220 - loadIPPluginJar : add stm32_wpan
2025-12-07 15:33:43,657 [INFO] IPUIPlugin:80 - create IPUIPlugin
2025-12-07 15:33:43,657 [INFO] PluginManager:220 - loadIPPluginJar : add gic
2025-12-07 15:33:43,660 [INFO] IPUIPlugin:80 - create IPUIPlugin
2025-12-07 15:33:43,661 [INFO] PluginManager:220 - loadIPPluginJar : add ddr_ctrl_phy
2025-12-07 15:33:43,663 [INFO] IPUIPlugin:80 - create IPUIPlugin
2025-12-07 15:33:43,663 [INFO] PluginManager:220 - loadIPPluginJar : add genericplugin
2025-12-07 15:33:43,666 [INFO] IPUIPlugin:80 - create IPUIPlugin
2025-12-07 15:33:43,666 [INFO] PluginManager:220 - loadIPPluginJar : add hash
2025-12-07 15:33:43,669 [INFO] IPUIPlugin:80 - create IPUIPlugin
2025-12-07 15:33:43,669 [INFO] PluginManager:220 - loadIPPluginJar : add tim
2025-12-07 15:33:43,671 [INFO] IPUIPlugin:80 - create IPUIPlugin
2025-12-07 15:33:43,672 [INFO] PluginManager:220 - loadIPPluginJar : add radio
2025-12-07 15:33:43,674 [INFO] IPUIPlugin:80 - create IPUIPlugin
2025-12-07 15:33:43,674 [INFO] PluginManager:220 - loadIPPluginJar : add gtzc
2025-12-07 15:33:43,676 [INFO] IPUIPlugin:80 - create IPUIPlugin
2025-12-07 15:33:43,676 [INFO] PluginManager:220 - loadIPPluginJar : add i2s
2025-12-07 15:33:43,678 [INFO] IPUIPlugin:80 - create IPUIPlugin
2025-12-07 15:33:43,678 [INFO] PluginManager:220 - loadIPPluginJar : add dma3
2025-12-07 15:33:43,783 [FATAL] Updater:351 - Updater called before beeing initialized
2025-12-07 15:33:43,834 [INFO] RulesReader:64 - Compatibility file has been processed (317 Rules)
2025-12-07 15:33:43,846 [INFO] RulesReader:64 - Compatibility file has been processed (317 Rules)
2025-12-07 15:33:43,852 [INFO] CADModel:165 - CPN selected for project level
2025-12-07 15:33:43,852 [INFO] CADModel:114 - Register for checkConnection events
2025-12-07 15:33:43,852 [FATAL] Updater:351 - Updater called before beeing initialized
2025-12-07 15:33:43,852 [ERROR] CADModel:125 - Updater not yet initialized, retry later 
2025-12-07 15:33:43,985 [FATAL] Updater:351 - Updater called before beeing initialized
2025-12-07 15:33:43,986 [INFO] CADModel:165 - CPN selected for project level
2025-12-07 15:33:43,986 [INFO] CADModel:114 - Register for checkConnection events
2025-12-07 15:33:43,986 [FATAL] Updater:351 - Updater called before beeing initialized
2025-12-07 15:33:43,987 [ERROR] CADModel:125 - Updater not yet initialized, retry later 
2025-12-07 15:33:43,989 [FATAL] Updater:351 - Updater called before beeing initialized
2025-12-07 15:33:44,078 [FATAL] Updater:351 - Updater called before beeing initialized
2025-12-07 15:33:44,082 [INFO] DbMcusAds:53 - JSON generation date=Tue Nov 25 19:38:32 IST 2025 (1764079712835)
2025-12-07 15:33:44,082 [FATAL] Updater:351 - Updater called before beeing initialized
2025-12-07 15:33:44,115 [WARN] DetailPanel:346 - Failed to get advertising image, set to default
2025-12-07 15:33:44,176 [FATAL] Updater:351 - Updater called before beeing initialized
2025-12-07 15:33:44,178 [FATAL] Updater:351 - Updater called before beeing initialized
2025-12-07 15:33:44,178 [FATAL] Updater:351 - Updater called before beeing initialized
2025-12-07 15:33:44,178 [WARN] DetailPanel:346 - Failed to get advertising image, set to default
2025-12-07 15:33:44,179 [FATAL] Updater:351 - Updater called before beeing initialized
2025-12-07 15:33:44,211 [ERROR] Updater:1198 - MainUpdater not yet initialized. External WinMGr cannot be set.
2025-12-07 15:33:44,212 [INFO] Updater:1134 - Updater Version found : 6.15.0
2025-12-07 15:33:44,233 [INFO] ApplicationProperties:184 - Using Application install path: /opt/st/stm32cubeide_1.19.0/plugins/com.st.stm32cube.common.mx_6.15.0.202507011659
2025-12-07 15:33:44,826 [INFO] MainUpdater:2872 - connection check result : 10
2025-12-07 15:33:44,826 [INFO] MainUpdater:3604 - Updater definition file requires update
2025-12-07 15:33:44,827 [INFO] MainUpdater:289 - Updater Check For Update Now.
2025-12-07 15:33:44,827 [INFO] MicroXplorer:498 - Change Database Version : DB.6.0.150
2025-12-07 15:33:44,833 [INFO] McuFinderGlobals:63 - Set McuFinder mode to 2 (CubeIDE integrated)
2025-12-07 15:33:44,833 [INFO] UserAuth:171 - activating auth plugin
2025-12-07 15:33:44,836 [INFO] UserAuth:487 - Internet connection configuration mode: 1
2025-12-07 15:33:44,855 [INFO] JxBrowserEngine:152 - Initiate JxBrowser Engine with user profile folder
2025-12-07 15:33:44,920 [INFO] ServerAccessManage:452 - Complete download http(s) 200
2025-12-07 15:33:44,921 [INFO] ServerAccessManage:509 - Download File updaters.zip
2025-12-07 15:33:45,367 [INFO] FileExtend:248 - Unzip File : updaters.zip
2025-12-07 15:33:45,368 [INFO] FileExtend:263 - Standard Zip Deflate
2025-12-07 15:33:45,635 [INFO] ServerAccessManage:452 - Complete download http(s) 200
2025-12-07 15:33:45,636 [INFO] ServerAccessManage:509 - Download File PacksControlFlags.xml
2025-12-07 15:33:45,812 [INFO] ServerAccessManage:452 - Complete download http(s) 200
2025-12-07 15:33:45,812 [INFO] ServerAccessManage:509 - Download File cubemx.pidx
2025-12-07 15:33:45,840 [INFO] WebApp:169 - Instantiating new browser for Auth
2025-12-07 15:33:45,899 [INFO] LoadServerUpdatesThread:375 - End of LoadServerUpdate Thread
2025-12-07 15:33:46,014 [WARN] MainUpdater:1193 - Updater busy. Cannot search thirdparties
2025-12-07 15:33:46,014 [INFO] ThirdPartyUpdaterWithRetryManager:96 - Updater plugin is busy. [1/15]
2025-12-07 15:33:46,050 [INFO] CheckServerUpdateThread:120 - End of CheckServer Thread
2025-12-07 15:33:46,458 [INFO] WebApp:463 - Apply proxy settings
2025-12-07 15:33:46,458 [INFO] WebApp:548 - Chromium requires no authentication
2025-12-07 15:33:46,465 [INFO] WebApp:491 - Direct internet connection detected
2025-12-07 15:33:46,485 [INFO] WebApp:900 - Register for checkConnection events
2025-12-07 15:33:46,485 [INFO] WebApp:463 - Apply proxy settings
2025-12-07 15:33:46,485 [INFO] WebApp:548 - Chromium requires no authentication
2025-12-07 15:33:46,485 [INFO] WebApp:491 - Direct internet connection detected
2025-12-07 15:33:46,600 [INFO] WebApp:225 - Starting web application
2025-12-07 15:33:46,600 [INFO] WebApp:593 - Web application path used /opt/st/stm32cubeide_1.19.0/plugins/com.st.stm32cube.common.mx_6.15.0.202507011659/db/plugins/mcufinder/reactClient1/index.html
2025-12-07 15:33:46,816 [INFO] WebApp:191 - Connection restablished
2025-12-07 15:33:49,114 [WARN] PackLoader:240 - Cannot read IP mode file for STMicroelectronics.FP-SNS-MOTENVWB1.1.4.0
2025-12-07 15:33:49,120 [WARN] PackLoader:240 - Cannot read IP mode file for STMicroelectronics.FP-ATR-ASTRA1.2.0.2
2025-12-07 15:33:49,125 [WARN] PackLoader:240 - Cannot read IP mode file for STMicroelectronics.X-CUBE-SMBUS.2.1.0
2025-12-07 15:33:49,128 [WARN] PackLoader:240 - Cannot read IP mode file for STMicroelectronics.X-CUBE-ST60.1.0.0
2025-12-07 15:33:49,151 [WARN] PackLoader:240 - Cannot read IP mode file for STMicroelectronics.X-CUBE-AZRTOS-F7.1.1.0
2025-12-07 15:33:49,159 [WARN] PackLoader:240 - Cannot read IP mode file for STMicroelectronics.FP-SNS-MOTENV1.5.1.0
2025-12-07 15:33:49,181 [WARN] PackLoader:240 - Cannot read IP mode file for Infineon.AIROC-Wi-Fi-Bluetooth-STM32.1.7.1
2025-12-07 15:33:49,213 [WARN] PackLoader:240 - Cannot read IP mode file for STMicroelectronics.X-CUBE-AZRTOS-H7.3.4.0
2025-12-07 15:33:49,226 [WARN] PackLoader:240 - Cannot read IP mode file for STMicroelectronics.X-CUBE-DISPLAY.3.0.0
2025-12-07 15:33:49,238 [WARN] PackLoader:240 - Cannot read IP mode file for STMicroelectronics.X-CUBE-NFC10.1.0.0
2025-12-07 15:33:49,247 [WARN] PackLoader:240 - Cannot read IP mode file for STMicroelectronics.X-CUBE-BLEMGR.4.0.0
2025-12-07 15:33:49,252 [WARN] PackLoader:240 - Cannot read IP mode file for STMicroelectronics.X-CUBE-ST60.1.1.0
2025-12-07 15:33:49,257 [WARN] PackLoader:240 - Cannot read IP mode file for emotas.I-CUBE-CANOPEN.1.3.0
2025-12-07 15:33:49,261 [WARN] PackLoader:240 - Cannot read IP mode file for STMicroelectronics.X-CUBE-GNSS1.7.1.0
2025-12-07 15:33:49,264 [WARN] ConditionMgr:438 - getConditionDescription Invalid condition id : Cortex-A Device cause : null
2025-12-07 15:33:49,271 [WARN] ConditionMgr:1044 - genDependencies : Invalid condition id : Cortex-A Device cause : null
2025-12-07 15:33:49,271 [WARN] ConditionMgr:1044 - genDependencies : Invalid condition id : Cortex-A Device cause : null
2025-12-07 15:33:49,271 [WARN] ConditionMgr:1044 - genDependencies : Invalid condition id : Cortex-A Device cause : null
2025-12-07 15:33:49,275 [WARN] PackLoader:240 - Cannot read IP mode file for STMicroelectronics.FP-SNS-STBOX1.2.1.0
2025-12-07 15:33:49,280 [WARN] PackLoader:240 - Cannot read IP mode file for STMicroelectronics.FP-SNS-SMARTAG2.1.2.0
2025-12-07 15:33:49,283 [WARN] PackLoader:240 - Cannot read IP mode file for STMicroelectronics.FP-SNS-FLIGHT1.5.1.0
2025-12-07 15:33:49,289 [INFO] LogOutputStream:77 - [STDOUT_REDIRECT] 1 : Invalid condition id : UX_CORESTACK_Condition cause : null
2025-12-07 15:33:49,289 [INFO] LogOutputStream:77 - [STDOUT_REDIRECT] 1 : Invalid condition id : UX_CORESTACK_Condition cause : null
2025-12-07 15:33:49,289 [INFO] LogOutputStream:77 - [STDOUT_REDIRECT] 1 : Invalid condition id : UX_CORESTACK_Condition cause : null
2025-12-07 15:33:49,289 [INFO] LogOutputStream:77 - [STDOUT_REDIRECT] 1 : Invalid condition id : UX_CORESTACK_Condition cause : null
2025-12-07 15:33:49,290 [INFO] LogOutputStream:77 - [STDOUT_REDIRECT] 1 : Invalid condition id : UX_CORESTACK_Condition cause : null
2025-12-07 15:33:49,292 [WARN] PackLoader:240 - Cannot read IP mode file for STMicroelectronics.X-CUBE-AZRTOS-WL.2.0.0
2025-12-07 15:33:49,295 [WARN] PackLoader:240 - Cannot read IP mode file for STMicroelectronics.FP-SNS-MOTENV1.5.0.0
2025-12-07 15:33:49,309 [WARN] PackLoader:240 - Cannot read IP mode file for STMicroelectronics.X-CUBE-AZRTOS-H7RS.1.2.0
2025-12-07 15:33:49,315 [WARN] PackLoader:240 - Cannot read IP mode file for WES.I-CUBE-Cesium.1.3.0
2025-12-07 15:33:49,319 [WARN] PackLoader:240 - Cannot read IP mode file for STMicroelectronics.X-CUBE-BLE2.3.3.0
2025-12-07 15:33:49,327 [WARN] PackLoader:240 - Cannot read IP mode file for STMicroelectronics.X-CUBE-NFC9.1.0.0
2025-12-07 15:33:49,331 [WARN] PackLoader:240 - Cannot read IP mode file for wolfSSL.I-CUBE-wolfSSL.5.8.0
2025-12-07 15:33:49,341 [WARN] PackLoader:240 - Cannot read IP mode file for STMicroelectronics.X-CUBE-BLE1.7.1.0
2025-12-07 15:33:49,344 [WARN] PackLoader:240 - Cannot read IP mode file for wolfSSL.I-CUBE-wolfMQTT.1.19.2
2025-12-07 15:33:49,347 [WARN] PackLoader:240 - Cannot read IP mode file for STMicroelectronics.X-CUBE-FREERTOS.1.4.0
2025-12-07 15:33:49,351 [WARN] PackLoader:240 - Cannot read IP mode file for STMicroelectronics.X-CUBE-EEPRMA1.5.2.0
2025-12-07 15:33:49,356 [WARN] PackLoader:240 - Cannot read IP mode file for STMicroelectronics.X-CUBE-ST67W61.1.1.0
2025-12-07 15:33:49,359 [WARN] PackLoader:240 - Cannot read IP mode file for STMicroelectronics.X-CUBE-AI.10.1.0
2025-12-07 15:33:49,389 [WARN] PackLoader:240 - Cannot read IP mode file for STMicroelectronics.X-CUBE-MEMS1.12.0.0
2025-12-07 15:33:49,458 [WARN] PackLoader:240 - Cannot read IP mode file for STMicroelectronics.X-CUBE-AZRTOS-G0.1.1.0
2025-12-07 15:33:49,463 [WARN] PackLoader:240 - Cannot read IP mode file for STMicroelectronics.X-CUBE-SAFEA1.1.2.2
2025-12-07 15:33:49,467 [WARN] PackLoader:240 - Cannot read IP mode file for STMicroelectronics.X-CUBE-NFC4.3.0.0
2025-12-07 15:33:49,471 [WARN] PackLoader:240 - Cannot read IP mode file for EmbeddedOffice.I-CUBE-FS-RTOS.1.0.1
2025-12-07 15:33:49,476 [WARN] PackLoader:240 - Cannot read IP mode file for STMicroelectronics.X-CUBE-WB05N.2.0.0
2025-12-07 15:33:49,480 [WARN] PackLoader:240 - Cannot read IP mode file for wolfSSL.I-CUBE-wolfTPM.3.8.0
2025-12-07 15:33:49,484 [WARN] PackLoader:240 - Cannot read IP mode file for STMicroelectronics.X-CUBE-TCPP.4.2.0
2025-12-07 15:33:49,488 [WARN] PackLoader:240 - Cannot read IP mode file for RealThread.X-CUBE-RT-Thread_Nano.4.1.1
2025-12-07 15:33:49,491 [WARN] PackLoader:240 - Cannot read IP mode file for STMicroelectronics.FP-ATR-SIGFOX1.3.2.0
2025-12-07 15:33:49,495 [WARN] PackLoader:240 - Cannot read IP mode file for STMicroelectronics.X-CUBE-EEPRMA1.5.1.0
2025-12-07 15:33:49,500 [WARN] PackLoader:240 - Cannot read IP mode file for ITTIA_DB.I-CUBE-ITTIADB.8.9.0
2025-12-07 15:33:49,503 [WARN] PackLoader:240 - Cannot read IP mode file for STMicroelectronics.X-CUBE-ST67W61.1.0.0
2025-12-07 15:33:49,506 [WARN] PackLoader:240 - Cannot read IP mode file for STMicroelectronics.X-CUBE-AI.10.2.0
2025-12-07 15:33:49,522 [WARN] PackLoader:240 - Cannot read IP mode file for SEGGER.I-CUBE-embOS.1.3.1
2025-12-07 15:33:49,552 [WARN] PackLoader:240 - Cannot read IP mode file for STMicroelectronics.X-CUBE-ALGOBUILD.1.4.0
2025-12-07 15:33:49,579 [WARN] PackLoader:240 - Cannot read IP mode file for STMicroelectronics.X-CUBE-MEMS1.11.3.0
2025-12-07 15:33:49,651 [WARN] PackLoader:240 - Cannot read IP mode file for STMicroelectronics.X-CUBE-PM33A1.1.0.0
2025-12-07 15:33:49,660 [WARN] PackLoader:240 - Cannot read IP mode file for STMicroelectronics.X-CUBE-AZRTOS-F4.1.1.0
2025-12-07 15:33:49,664 [WARN] PackLoader:240 - Cannot read IP mode file for Avnet-IotConnect.X-CUBE-IoTC-DA16k-PMOD.1.0.0
2025-12-07 15:33:49,666 [WARN] PackLoader:240 - Cannot read IP mode file for STMicroelectronics.X-CUBE-ISPU.2.1.0
2025-12-07 15:33:49,682 [WARN] PackLoader:240 - Cannot read IP mode file for STMicroelectronics.X-CUBE-IPS.3.2.0
2025-12-07 15:33:49,690 [WARN] PackLoader:240 - Cannot read IP mode file for STMicroelectronics.X-CUBE-NFC12.1.0.0
2025-12-07 15:33:49,707 [WARN] PackLoader:240 - Cannot read IP mode file for STMicroelectronics.X-CUBE-AZRTOS-L5.2.0.0
2025-12-07 15:33:49,715 [WARN] PackLoader:240 - Cannot read IP mode file for STMicroelectronics.X-CUBE-NFC6.3.1.0
2025-12-07 15:33:49,721 [WARN] PackLoader:240 - Cannot read IP mode file for STMicroelectronics.X-CUBE-FREERTOS.1.3.1
2025-12-07 15:33:49,725 [WARN] PackLoader:240 - Cannot read IP mode file for STMicroelectronics.X-CUBE-TOUCHGFX.4.26.0
2025-12-07 15:33:49,730 [WARN] PackLoader:240 - Cannot read IP mode file for STMicroelectronics.FP-SNS-STAIOTCFT.1.0.0
2025-12-07 15:33:49,733 [WARN] PackLoader:240 - Cannot read IP mode file for STMicroelectronics.X-CUBE-DPower.1.3.0
2025-12-07 15:33:49,744 [WARN] ConditionMgr:438 - getConditionDescription Invalid condition id : LAN8742 Phy interface Condition cause : null
2025-12-07 15:33:49,744 [WARN] PackLoader:240 - Cannot read IP mode file for STMicroelectronics.X-CUBE-AZRTOS-L4.2.0.0
2025-12-07 15:33:49,745 [WARN] ConditionMgr:1044 - genDependencies : Invalid condition id : LAN8742 Phy interface Condition cause : null
2025-12-07 15:33:49,745 [WARN] ConditionMgr:1044 - genDependencies : Invalid condition id : LAN8742 Phy interface Condition cause : null
2025-12-07 15:33:49,746 [WARN] ConditionMgr:1044 - genDependencies : Invalid condition id : LAN8742 Phy interface Condition cause : null
2025-12-07 15:33:49,750 [WARN] PackLoader:240 - Cannot read IP mode file for STMicroelectronics.X-CUBE-SFXS2LP1.4.0.0
2025-12-07 15:33:49,757 [WARN] PackLoader:240 - Cannot read IP mode file for STMicroelectronics.X-CUBE-BLEMGR.4.1.0
2025-12-07 15:33:49,770 [WARN] ConditionMgr:438 - getConditionDescription Invalid condition id : UX DEVICE CLASS RTOS Condition cause : null
2025-12-07 15:33:49,770 [WARN] ConditionMgr:438 - getConditionDescription Invalid condition id : UX DEVICE CLASS RTOS Condition cause : null
2025-12-07 15:33:49,772 [WARN] PackLoader:240 - Cannot read IP mode file for STMicroelectronics.X-CUBE-AZRTOS-WB.2.0.0
2025-12-07 15:33:49,773 [WARN] ConditionMgr:1044 - genDependencies : Invalid condition id : UX DEVICE CLASS RTOS Condition cause : null
2025-12-07 15:33:49,773 [WARN] ConditionMgr:1044 - genDependencies : Invalid condition id : UX DEVICE CLASS RTOS Condition cause : null
2025-12-07 15:33:49,774 [WARN] ConditionMgr:1044 - genDependencies : Invalid condition id : UX DEVICE CLASS RTOS Condition cause : null
2025-12-07 15:33:49,774 [WARN] ConditionMgr:1044 - genDependencies : Invalid condition id : UX DEVICE CLASS RTOS Condition cause : null
2025-12-07 15:33:49,774 [WARN] ConditionMgr:1044 - genDependencies : Invalid condition id : UX DEVICE CLASS RTOS Condition cause : null
2025-12-07 15:33:49,779 [WARN] PackLoader:240 - Cannot read IP mode file for STMicroelectronics.X-CUBE-GNSS1.7.0.1
2025-12-07 15:33:49,783 [WARN] PackLoader:240 - Cannot read IP mode file for STMicroelectronics.X-CUBE-TOUCHGFX.4.25.0
2025-12-07 15:33:49,788 [WARN] PackLoader:240 - Cannot read IP mode file for STMicroelectronics.FP-SNS-STBOX1.2.0.0
2025-12-07 15:33:49,798 [WARN] PackLoader:240 - Cannot read IP mode file for STMicroelectronics.X-CUBE-SUBG2.5.0.0
2025-12-07 15:33:49,817 [WARN] PackLoader:240 - Cannot read IP mode file for STMicroelectronics.X-CUBE-AZRTOS-H7RS.1.1.0
2025-12-07 15:33:49,822 [WARN] PackLoader:240 - Cannot read IP mode file for Cesanta.I-CUBE-Mongoose.7.13.0
2025-12-07 15:33:49,830 [WARN] PackLoader:240 - Cannot read IP mode file for STMicroelectronics.X-CUBE-AZRTOS-G4.2.0.0
2025-12-07 15:33:49,834 [WARN] PackLoader:240 - Cannot read IP mode file for wolfSSL.I-CUBE-wolfSSH.1.4.20
2025-12-07 15:33:49,837 [WARN] PackLoader:240 - Cannot read IP mode file for STMicroelectronics.X-CUBE-NFC7.2.0.0
2025-12-07 15:33:49,846 [WARN] PackLoader:240 - Cannot read IP mode file for STMicroelectronics.X-CUBE-IPS.3.1.0
2025-12-07 15:33:49,852 [WARN] PackLoader:240 - Cannot read IP mode file for STMicroelectronics.X-CUBE-ALS.1.0.2
2025-12-07 15:33:49,856 [WARN] PackLoader:240 - Cannot read IP mode file for STMicroelectronics.X-CUBE-STSE01.1.0.0
2025-12-07 15:33:49,859 [WARN] PackLoader:240 - Cannot read IP mode file for portGmbH.I-Cube-SoM-uGOAL.1.1.0
2025-12-07 15:33:49,865 [WARN] PackLoader:240 - Cannot read IP mode file for STMicroelectronics.X-CUBE-TOF1.3.4.3
2025-12-07 15:33:49,871 [INFO] ThirdParty:978 - Integrity check success = true
2025-12-07 15:33:49,871 [INFO] IntegrityCheckThread:100 - exiting critical section [integrity check]
2025-12-07 15:33:49,871 [INFO] IntegrityCheckThread:103 - End integrity checks thread
2025-12-07 22:17:32,450 [ERROR] ConfigurationRetriever:142 - IOException on connection: Read timed out
2025-12-07 22:17:35,676 [ERROR] LogOutputStream:75 - [STDERR_REDIRECT] 
2025-12-07 22:17:45,017 [INFO] Activator:176 - 


2025-12-07 22:17:45,019 [INFO] Activator:177 - !SESSION log4j initialized
2025-12-07 22:17:50,123 [INFO] LogOutputStream:77 - [STDOUT_REDIRECT] 
2025-12-07 22:17:58,744 [INFO] ApplicationProperties:184 - Using Application install path: /opt/st/stm32cubeide_1.19.0/plugins/com.st.stm32cube.common.mx_6.15.0.202507011659
2025-12-07 22:17:58,776 [INFO] DbMcusXml:78 - Set database path to: /opt/st/stm32cubeide_1.19.0/plugins/com.st.stm32cube.common.mx_6.15.0.202507011659//db//mcu/
2025-12-07 22:17:58,777 [INFO] ApiDb:274 - Set plugin database path to: /opt/st/stm32cubeide_1.19.0/plugins/com.st.stm32cube.common.mx_6.15.0.202507011659//db//plugins/boardmanager/
2025-12-07 22:17:58,777 [WARN] ApiDb:259 - Overriding images path with different value:  => /opt/st/stm32cubeide_1.19.0/plugins/com.st.stm32cube.common.mx_6.15.0.202507011659//db//plugins/mcufinder/images/
2025-12-07 22:17:58,784 [INFO] ApiDb:250 - Set database path to: /home/sunbeam/.stmcufinder/plugins/mcufinder//mcu/
2025-12-07 22:17:58,787 [INFO] DbMcusAds:125 - Set database path to: /home/sunbeam/.stmcufinder/plugins/mcufinder//mcu/
2025-12-07 22:17:59,043 [INFO] CrossReferenceDbSqlite:203 - Set database path to: /home/sunbeam/.stmcufinder/plugins/mcufinder//mcu/cs/
2025-12-07 22:17:59,197 [INFO] RulesReader:64 - Compatibility file has been processed (317 Rules)
2025-12-07 22:17:59,259 [INFO] DbMcusXml:78 - Set database path to: /opt/st/stm32cubeide_1.19.0/plugins/com.st.stm32cube.common.mx_6.15.0.202507011659//db//mcu/
2025-12-07 22:17:59,259 [INFO] ApiDb:274 - Set plugin database path to: /opt/st/stm32cubeide_1.19.0/plugins/com.st.stm32cube.common.mx_6.15.0.202507011659//db//plugins/boardmanager/
2025-12-07 22:17:59,259 [INFO] ApiDb:261 - Set plugin images path to: /opt/st/stm32cubeide_1.19.0/plugins/com.st.stm32cube.common.mx_6.15.0.202507011659//db//plugins/mcufinder/images/
2025-12-07 22:17:59,259 [WARN] DbFile:41 - Overriding database path with different value: /home/sunbeam/.stmcufinder/plugins/mcufinder/ => /home/sunbeam/.stmcufinder/plugins/mcufinder
2025-12-07 22:17:59,259 [INFO] ApiDb:250 - Set database path to: /home/sunbeam/.stmcufinder/plugins/mcufinder//mcu/
2025-12-07 22:17:59,259 [WARN] DbFile:41 - Overriding database path with different value: /home/sunbeam/.stmcufinder/plugins/mcufinder/ => /home/sunbeam/.stmcufinder/plugins/mcufinder
2025-12-07 22:17:59,260 [INFO] DbMcusAds:125 - Set database path to: /home/sunbeam/.stmcufinder/plugins/mcufinder//mcu/
2025-12-07 22:17:59,260 [WARN] DbFile:41 - Overriding database path with different value: /home/sunbeam/.stmcufinder/plugins/mcufinder/ => /home/sunbeam/.stmcufinder/plugins/mcufinder
2025-12-07 22:17:59,260 [WARN] DbFile:41 - Overriding database path with different value: /home/sunbeam/.stmcufinder/plugins/mcufinder/ => /home/sunbeam/.stmcufinder/plugins/mcufinder
2025-12-07 22:17:59,556 [INFO] CrossReferenceDbSqlite:203 - Set database path to: /home/sunbeam/.stmcufinder/plugins/mcufinder//mcu/cs/
2025-12-07 22:17:59,661 [INFO] MainPanel:274 - HeapMemory: 268435456
2025-12-07 22:17:59,802 [INFO] DbMcusXml:78 - Set database path to: /opt/st/stm32cubeide_1.19.0/plugins/com.st.stm32cube.common.mx_6.15.0.202507011659//db//mcu/
2025-12-07 22:17:59,802 [INFO] ApiDb:274 - Set plugin database path to: /opt/st/stm32cubeide_1.19.0/plugins/com.st.stm32cube.common.mx_6.15.0.202507011659//db//plugins/boardmanager/
2025-12-07 22:17:59,802 [INFO] ApiDb:261 - Set plugin images path to: /opt/st/stm32cubeide_1.19.0/plugins/com.st.stm32cube.common.mx_6.15.0.202507011659//db//plugins/mcufinder/images/
2025-12-07 22:17:59,803 [WARN] DbFile:41 - Overriding database path with different value: /home/sunbeam/.stmcufinder/plugins/mcufinder/ => /home/sunbeam/.stmcufinder/plugins/mcufinder
2025-12-07 22:17:59,803 [INFO] ApiDb:250 - Set database path to: /home/sunbeam/.stmcufinder/plugins/mcufinder//mcu/
2025-12-07 22:17:59,803 [WARN] DbFile:41 - Overriding database path with different value: /home/sunbeam/.stmcufinder/plugins/mcufinder/ => /home/sunbeam/.stmcufinder/plugins/mcufinder
2025-12-07 22:17:59,803 [INFO] DbMcusAds:125 - Set database path to: /home/sunbeam/.stmcufinder/plugins/mcufinder//mcu/
2025-12-07 22:17:59,803 [WARN] DbFile:41 - Overriding database path with different value: /home/sunbeam/.stmcufinder/plugins/mcufinder/ => /home/sunbeam/.stmcufinder/plugins/mcufinder
2025-12-07 22:17:59,803 [WARN] DbFile:41 - Overriding database path with different value: /home/sunbeam/.stmcufinder/plugins/mcufinder/ => /home/sunbeam/.stmcufinder/plugins/mcufinder
2025-12-07 22:17:59,973 [INFO] CrossReferenceDbSqlite:203 - Set database path to: /home/sunbeam/.stmcufinder/plugins/mcufinder//mcu/cs/
2025-12-07 22:18:00,004 [INFO] ApplicationProperties:184 - Using Application install path: /opt/st/stm32cubeide_1.19.0/plugins/com.st.stm32cube.common.mx_6.15.0.202507011659
2025-12-07 22:18:00,007 [INFO] PluginManage:196 - Search for loadable plugins [exclusion list=, ]
2025-12-07 22:18:00,009 [INFO] PluginManage:310 - Check plugin analytics
2025-12-07 22:18:00,555 [INFO] AnalyticsPlugin:253 - Accepted Software Licenses: 
2025-12-07 22:18:00,555 [INFO] AnalyticsPlugin:255 - Accepted CMSIS Pack Licenses: 
2025-12-07 22:18:00,555 [INFO] AnalyticsPlugin:257 - Accepted Firmware Licenses: FW.F4.1.28.0
2025-12-07 22:18:00,557 [INFO] PluginManage:359 - Loaded plugin analytics (category:tool,tabindex:-1)
2025-12-07 22:18:00,558 [INFO] PluginManage:310 - Check plugin cadmodel
2025-12-07 22:18:00,563 [INFO] CADModel:105 - Init CAD model plugin
2025-12-07 22:18:00,564 [INFO] PluginManage:359 - Loaded plugin cadmodel (category:power,tabindex:5)
2025-12-07 22:18:00,564 [INFO] PluginManage:310 - Check plugin clock
2025-12-07 22:18:00,575 [INFO] PluginManage:359 - Loaded plugin clock (category:base,tabindex:2)
2025-12-07 22:18:00,576 [INFO] PluginManage:310 - Check plugin ddr
2025-12-07 22:18:00,578 [INFO] PluginManage:359 - Loaded plugin ddr (category:tool,tabindex:6)
2025-12-07 22:18:00,578 [INFO] PluginManage:310 - Check plugin filemanager
2025-12-07 22:18:00,723 [INFO] PluginManage:359 - Loaded plugin filemanager (category:base,tabindex:10)
2025-12-07 22:18:00,723 [INFO] PluginManage:310 - Check plugin ipmanager
2025-12-07 22:18:00,729 [INFO] PluginManage:359 - Loaded plugin ipmanager (category:base,tabindex:5)
2025-12-07 22:18:00,729 [INFO] PluginManage:310 - Check plugin lpbam
2025-12-07 22:18:00,741 [INFO] PluginManage:359 - Loaded plugin lpbam (category:base,tabindex:0)
2025-12-07 22:18:00,741 [INFO] PluginManage:310 - Check plugin memorymap
2025-12-07 22:18:00,755 [INFO] PluginManage:359 - Loaded plugin memorymap (category:base,tabindex:4)
2025-12-07 22:18:00,755 [INFO] PluginManage:310 - Check plugin pinoutandconfiguration
2025-12-07 22:18:00,765 [INFO] PluginManage:359 - Loaded plugin pinoutandconfiguration (category:base,tabindex:1)
2025-12-07 22:18:00,765 [INFO] PluginManage:310 - Check plugin pinoutconfig
2025-12-07 22:18:00,852 [WARN] SupportedApi:132 - Cannot load RTOS API schema: s4s-elt-must-match.1: The content of 'definitions' must match (annotation?, (simpleType | complexType)?, (unique | key | keyref)*)). A problem was found starting at: attribute.
2025-12-07 22:18:00,986 [INFO] PluginManage:359 - Loaded plugin pinoutconfig (category:base,tabindex:0)
2025-12-07 22:18:00,986 [INFO] PluginManage:310 - Check plugin power
2025-12-07 22:18:00,996 [INFO] PluginManage:359 - Loaded plugin power (category:power,tabindex:4)
2025-12-07 22:18:00,997 [INFO] PluginManage:310 - Check plugin projectmanager
2025-12-07 22:18:01,011 [INFO] PluginManage:359 - Loaded plugin projectmanager (category:projectmanager,tabindex:4)
2025-12-07 22:18:01,011 [INFO] PluginManage:310 - Check plugin rif
2025-12-07 22:18:01,021 [INFO] PluginManage:359 - Loaded plugin rif (category:base,tabindex:3)
2025-12-07 22:18:01,021 [INFO] PluginManage:310 - Check plugin thirdparty
2025-12-07 22:18:01,164 [INFO] PluginManage:359 - Loaded plugin thirdparty (category:base,tabindex:-1)
2025-12-07 22:18:01,164 [WARN] IntegrityCheckThread:84 - waiting for thirdparty lock release [integrity check]
2025-12-07 22:18:01,164 [INFO] PluginManage:310 - Check plugin tools
2025-12-07 22:18:01,165 [INFO] IntegrityCheckThread:86 - entering critical section [integrity check]
2025-12-07 22:18:01,165 [INFO] ThirdPartyUpdaterWithRetryManager:70 - Updater plugin not ready yet. [1/15]
2025-12-07 22:18:01,167 [INFO] PluginManage:359 - Loaded plugin tools (category:base,tabindex:7)
2025-12-07 22:18:01,168 [INFO] PluginManage:310 - Check plugin tutovideos
2025-12-07 22:18:01,381 [INFO] PluginManage:359 - Loaded plugin tutovideos (category:base,tabindex:-1)
2025-12-07 22:18:01,382 [INFO] PluginManage:310 - Check plugin updater
2025-12-07 22:18:01,406 [INFO] PluginManage:359 - Loaded plugin updater (category:base,tabindex:12)
2025-12-07 22:18:01,407 [INFO] PluginManage:310 - Check plugin userauth
2025-12-07 22:18:01,411 [INFO] UserAuth:118 - Init User Auth plugin
2025-12-07 22:18:01,412 [INFO] PluginManage:359 - Loaded plugin userauth (category:base,tabindex:14)
2025-12-07 22:18:01,413 [INFO] PluginManage:283 - PluginManage : Loaded plugins [18]
2025-12-07 22:18:01,625 [INFO] PinOutPanel:1589 - setPackage(No Configuration,No Configuration)
2025-12-07 22:18:01,691 [INFO] CADModel:165 - CPN selected for project level
2025-12-07 22:18:01,691 [INFO] CADModel:114 - Register for checkConnection events
2025-12-07 22:18:01,701 [INFO] IPUIPlugin:80 - create IPUIPlugin
2025-12-07 22:18:01,701 [INFO] PluginManager:220 - loadIPPluginJar : add dfsdm
2025-12-07 22:18:01,705 [INFO] IPUIPlugin:80 - create IPUIPlugin
2025-12-07 22:18:01,706 [INFO] PluginManager:220 - loadIPPluginJar : add gfxmmu
2025-12-07 22:18:01,708 [INFO] IPUIPlugin:80 - create IPUIPlugin
2025-12-07 22:18:01,708 [INFO] PluginManager:220 - loadIPPluginJar : add i3c
2025-12-07 22:18:01,711 [INFO] IPUIPlugin:80 - create IPUIPlugin
2025-12-07 22:18:01,711 [INFO] PluginManager:220 - loadIPPluginJar : add sai
2025-12-07 22:18:01,717 [INFO] IPUIPlugin:80 - create IPUIPlugin
2025-12-07 22:18:01,717 [INFO] PluginManager:220 - loadIPPluginJar : add dma
2025-12-07 22:18:01,719 [INFO] IPUIPlugin:80 - create IPUIPlugin
2025-12-07 22:18:01,719 [INFO] PluginManager:220 - loadIPPluginJar : add quadspi
2025-12-07 22:18:01,722 [INFO] IPUIPlugin:80 - create IPUIPlugin
2025-12-07 22:18:01,722 [INFO] PluginManager:220 - loadIPPluginJar : add opamp
2025-12-07 22:18:01,723 [INFO] IPUIPlugin:80 - create IPUIPlugin
2025-12-07 22:18:01,723 [INFO] PluginManager:220 - loadIPPluginJar : add comp
2025-12-07 22:18:01,729 [INFO] IPUIPlugin:80 - create IPUIPlugin
2025-12-07 22:18:01,731 [INFO] PluginManager:220 - loadIPPluginJar : add plateformsettings
2025-12-07 22:18:01,733 [INFO] IPUIPlugin:80 - create IPUIPlugin
2025-12-07 22:18:01,733 [INFO] PluginManager:220 - loadIPPluginJar : add ltdc
2025-12-07 22:18:01,736 [INFO] IPUIPlugin:80 - create IPUIPlugin
2025-12-07 22:18:01,736 [INFO] PluginManager:220 - loadIPPluginJar : add nvic
2025-12-07 22:18:01,737 [INFO] IPUIPlugin:80 - create IPUIPlugin
2025-12-07 22:18:01,737 [INFO] PluginManager:220 - loadIPPluginJar : add fatfs
2025-12-07 22:18:01,741 [INFO] IPUIPlugin:80 - create IPUIPlugin
2025-12-07 22:18:01,741 [INFO] PluginManager:220 - loadIPPluginJar : add gpio
2025-12-07 22:18:01,743 [INFO] IPUIPlugin:80 - create IPUIPlugin
2025-12-07 22:18:01,743 [INFO] PluginManager:220 - loadIPPluginJar : add aes
2025-12-07 22:18:01,749 [INFO] IPUIPlugin:80 - create IPUIPlugin
2025-12-07 22:18:01,749 [INFO] PluginManager:220 - loadIPPluginJar : add mdma
2025-12-07 22:18:01,752 [INFO] IPUIPlugin:80 - create IPUIPlugin
2025-12-07 22:18:01,752 [INFO] PluginManager:220 - loadIPPluginJar : add pdm2pcm
2025-12-07 22:18:01,758 [INFO] IPUIPlugin:80 - create IPUIPlugin
2025-12-07 22:18:01,759 [INFO] PluginManager:220 - loadIPPluginJar : add linkedlist
2025-12-07 22:18:01,761 [INFO] IPUIPlugin:80 - create IPUIPlugin
2025-12-07 22:18:01,761 [INFO] PluginManager:220 - loadIPPluginJar : add usart
2025-12-07 22:18:01,763 [INFO] IPUIPlugin:80 - create IPUIPlugin
2025-12-07 22:18:01,763 [INFO] PluginManager:220 - loadIPPluginJar : add i2c
2025-12-07 22:18:01,765 [INFO] IPUIPlugin:80 - create IPUIPlugin
2025-12-07 22:18:01,765 [INFO] PluginManager:220 - loadIPPluginJar : add lorawan
2025-12-07 22:18:01,768 [INFO] IPUIPlugin:80 - create IPUIPlugin
2025-12-07 22:18:01,768 [INFO] PluginManager:220 - loadIPPluginJar : add usbx
2025-12-07 22:18:01,772 [INFO] IPUIPlugin:80 - create IPUIPlugin
2025-12-07 22:18:01,772 [INFO] PluginManager:220 - loadIPPluginJar : add fmc
2025-12-07 22:18:01,774 [INFO] IPUIPlugin:80 - create IPUIPlugin
2025-12-07 22:18:01,775 [INFO] PluginManager:220 - loadIPPluginJar : add extmemmanager
2025-12-07 22:18:01,780 [INFO] IPUIPlugin:80 - create IPUIPlugin
2025-12-07 22:18:01,780 [INFO] PluginManager:220 - loadIPPluginJar : add freertos
2025-12-07 22:18:01,783 [INFO] IPUIPlugin:80 - create IPUIPlugin
2025-12-07 22:18:01,783 [INFO] PluginManager:220 - loadIPPluginJar : add can
2025-12-07 22:18:01,785 [INFO] IPUIPlugin:80 - create IPUIPlugin
2025-12-07 22:18:01,785 [INFO] PluginManager:220 - loadIPPluginJar : add touchsensing
2025-12-07 22:18:01,787 [INFO] IPUIPlugin:80 - create IPUIPlugin
2025-12-07 22:18:01,787 [INFO] PluginManager:220 - loadIPPluginJar : add tracer_emb
2025-12-07 22:18:01,788 [INFO] IPUIPlugin:80 - create IPUIPlugin
2025-12-07 22:18:01,788 [INFO] PluginManager:220 - loadIPPluginJar : add ucpd
2025-12-07 22:18:01,790 [INFO] IPUIPlugin:80 - create IPUIPlugin
2025-12-07 22:18:01,790 [INFO] PluginManager:220 - loadIPPluginJar : add ts
2025-12-07 22:18:01,792 [INFO] IPUIPlugin:80 - create IPUIPlugin
2025-12-07 22:18:01,792 [INFO] PluginManager:220 - loadIPPluginJar : add tsc
2025-12-07 22:18:01,795 [INFO] IPUIPlugin:80 - create IPUIPlugin
2025-12-07 22:18:01,796 [INFO] PluginManager:220 - loadIPPluginJar : add resmgrutility
2025-12-07 22:18:01,798 [INFO] IPUIPlugin:80 - create IPUIPlugin
2025-12-07 22:18:01,798 [INFO] PluginManager:220 - loadIPPluginJar : add cryp
2025-12-07 22:18:01,801 [INFO] IPUIPlugin:80 - create IPUIPlugin
2025-12-07 22:18:01,802 [INFO] PluginManager:220 - loadIPPluginJar : add openamp
2025-12-07 22:18:01,809 [INFO] IPUIPlugin:80 - create IPUIPlugin
2025-12-07 22:18:01,810 [INFO] PluginManager:220 - loadIPPluginJar : add adc
2025-12-07 22:18:01,812 [INFO] IPUIPlugin:80 - create IPUIPlugin
2025-12-07 22:18:01,812 [INFO] PluginManager:220 - loadIPPluginJar : add spi
2025-12-07 22:18:01,816 [INFO] IPUIPlugin:80 - create IPUIPlugin
2025-12-07 22:18:01,816 [INFO] PluginManager:220 - loadIPPluginJar : add ipddr
2025-12-07 22:18:01,821 [INFO] IPUIPlugin:80 - create IPUIPlugin
2025-12-07 22:18:01,821 [INFO] PluginManager:220 - loadIPPluginJar : add stm32_wpan
2025-12-07 22:18:01,827 [INFO] IPUIPlugin:80 - create IPUIPlugin
2025-12-07 22:18:01,827 [INFO] PluginManager:220 - loadIPPluginJar : add gic
2025-12-07 22:18:01,830 [INFO] IPUIPlugin:80 - create IPUIPlugin
2025-12-07 22:18:01,830 [INFO] PluginManager:220 - loadIPPluginJar : add ddr_ctrl_phy
2025-12-07 22:18:01,831 [INFO] IPUIPlugin:80 - create IPUIPlugin
2025-12-07 22:18:01,831 [INFO] PluginManager:220 - loadIPPluginJar : add genericplugin
2025-12-07 22:18:01,833 [INFO] IPUIPlugin:80 - create IPUIPlugin
2025-12-07 22:18:01,833 [INFO] PluginManager:220 - loadIPPluginJar : add hash
2025-12-07 22:18:01,834 [INFO] IPUIPlugin:80 - create IPUIPlugin
2025-12-07 22:18:01,834 [INFO] PluginManager:220 - loadIPPluginJar : add tim
2025-12-07 22:18:01,835 [INFO] IPUIPlugin:80 - create IPUIPlugin
2025-12-07 22:18:01,836 [INFO] PluginManager:220 - loadIPPluginJar : add radio
2025-12-07 22:18:01,838 [INFO] IPUIPlugin:80 - create IPUIPlugin
2025-12-07 22:18:01,838 [INFO] PluginManager:220 - loadIPPluginJar : add gtzc
2025-12-07 22:18:01,840 [INFO] IPUIPlugin:80 - create IPUIPlugin
2025-12-07 22:18:01,840 [INFO] PluginManager:220 - loadIPPluginJar : add i2s
2025-12-07 22:18:01,842 [INFO] IPUIPlugin:80 - create IPUIPlugin
2025-12-07 22:18:01,843 [INFO] PluginManager:220 - loadIPPluginJar : add dma3
2025-12-07 22:18:01,956 [FATAL] Updater:351 - Updater called before beeing initialized
2025-12-07 22:18:01,987 [INFO] RulesReader:64 - Compatibility file has been processed (317 Rules)
2025-12-07 22:18:02,001 [INFO] RulesReader:64 - Compatibility file has been processed (317 Rules)
2025-12-07 22:18:02,007 [INFO] CADModel:165 - CPN selected for project level
2025-12-07 22:18:02,007 [INFO] CADModel:114 - Register for checkConnection events
2025-12-07 22:18:02,008 [FATAL] Updater:351 - Updater called before beeing initialized
2025-12-07 22:18:02,008 [ERROR] CADModel:125 - Updater not yet initialized, retry later 
2025-12-07 22:18:02,145 [FATAL] Updater:351 - Updater called before beeing initialized
2025-12-07 22:18:02,148 [INFO] CADModel:165 - CPN selected for project level
2025-12-07 22:18:02,148 [INFO] CADModel:114 - Register for checkConnection events
2025-12-07 22:18:02,148 [FATAL] Updater:351 - Updater called before beeing initialized
2025-12-07 22:18:02,149 [ERROR] CADModel:125 - Updater not yet initialized, retry later 
2025-12-07 22:18:02,154 [FATAL] Updater:351 - Updater called before beeing initialized
2025-12-07 22:18:02,252 [FATAL] Updater:351 - Updater called before beeing initialized
2025-12-07 22:18:02,257 [INFO] DbMcusAds:53 - JSON generation date=Tue Nov 25 19:38:32 IST 2025 (1764079712835)
2025-12-07 22:18:02,258 [FATAL] Updater:351 - Updater called before beeing initialized
2025-12-07 22:18:02,303 [WARN] DetailPanel:346 - Failed to get advertising image, set to default
2025-12-07 22:18:02,378 [FATAL] Updater:351 - Updater called before beeing initialized
2025-12-07 22:18:02,380 [FATAL] Updater:351 - Updater called before beeing initialized
2025-12-07 22:18:02,381 [FATAL] Updater:351 - Updater called before beeing initialized
2025-12-07 22:18:02,381 [WARN] DetailPanel:346 - Failed to get advertising image, set to default
2025-12-07 22:18:02,382 [FATAL] Updater:351 - Updater called before beeing initialized
2025-12-07 22:18:02,414 [ERROR] Updater:1198 - MainUpdater not yet initialized. External WinMGr cannot be set.
2025-12-07 22:18:02,416 [INFO] Updater:1134 - Updater Version found : 6.15.0
2025-12-07 22:18:02,434 [INFO] ApplicationProperties:184 - Using Application install path: /opt/st/stm32cubeide_1.19.0/plugins/com.st.stm32cube.common.mx_6.15.0.202507011659
2025-12-07 22:18:03,052 [INFO] MainUpdater:2872 - connection check result : 10
2025-12-07 22:18:03,053 [INFO] MainUpdater:289 - Updater Check For Update Now.
2025-12-07 22:18:03,053 [INFO] MicroXplorer:498 - Change Database Version : DB.6.0.150
2025-12-07 22:18:03,066 [INFO] McuFinderGlobals:63 - Set McuFinder mode to 2 (CubeIDE integrated)
2025-12-07 22:18:03,067 [INFO] UserAuth:171 - activating auth plugin
2025-12-07 22:18:03,071 [INFO] UserAuth:487 - Internet connection configuration mode: 1
2025-12-07 22:18:03,108 [INFO] JxBrowserEngine:152 - Initiate JxBrowser Engine with user profile folder
2025-12-07 22:18:03,326 [INFO] CheckServerUpdateThread:120 - End of CheckServer Thread
2025-12-07 22:18:04,075 [INFO] WebApp:169 - Instantiating new browser for Auth
2025-12-07 22:18:04,317 [WARN] PackLoader:240 - Cannot read IP mode file for STMicroelectronics.FP-SNS-MOTENVWB1.1.4.0
2025-12-07 22:18:04,326 [WARN] PackLoader:240 - Cannot read IP mode file for STMicroelectronics.FP-ATR-ASTRA1.2.0.2
2025-12-07 22:18:04,336 [WARN] PackLoader:240 - Cannot read IP mode file for STMicroelectronics.X-CUBE-SMBUS.2.1.0
2025-12-07 22:18:04,341 [WARN] PackLoader:240 - Cannot read IP mode file for STMicroelectronics.X-CUBE-ST60.1.0.0
2025-12-07 22:18:04,391 [WARN] PackLoader:240 - Cannot read IP mode file for STMicroelectronics.X-CUBE-AZRTOS-F7.1.1.0
2025-12-07 22:18:04,401 [WARN] PackLoader:240 - Cannot read IP mode file for STMicroelectronics.FP-SNS-MOTENV1.5.1.0
2025-12-07 22:18:04,426 [WARN] PackLoader:240 - Cannot read IP mode file for Infineon.AIROC-Wi-Fi-Bluetooth-STM32.1.7.1
2025-12-07 22:18:04,452 [WARN] PackLoader:240 - Cannot read IP mode file for STMicroelectronics.X-CUBE-AZRTOS-H7.3.4.0
2025-12-07 22:18:04,462 [WARN] PackLoader:240 - Cannot read IP mode file for STMicroelectronics.X-CUBE-DISPLAY.3.0.0
2025-12-07 22:18:04,477 [WARN] PackLoader:240 - Cannot read IP mode file for STMicroelectronics.X-CUBE-NFC10.1.0.0
2025-12-07 22:18:04,491 [WARN] PackLoader:240 - Cannot read IP mode file for STMicroelectronics.X-CUBE-BLEMGR.4.0.0
2025-12-07 22:18:04,500 [WARN] PackLoader:240 - Cannot read IP mode file for STMicroelectronics.X-CUBE-ST60.1.1.0
2025-12-07 22:18:04,506 [WARN] PackLoader:240 - Cannot read IP mode file for emotas.I-CUBE-CANOPEN.1.3.0
2025-12-07 22:18:04,512 [WARN] PackLoader:240 - Cannot read IP mode file for STMicroelectronics.X-CUBE-GNSS1.7.1.0
2025-12-07 22:18:04,517 [WARN] ConditionMgr:438 - getConditionDescription Invalid condition id : Cortex-A Device cause : null
2025-12-07 22:18:04,529 [WARN] ConditionMgr:1044 - genDependencies : Invalid condition id : Cortex-A Device cause : null
2025-12-07 22:18:04,530 [WARN] ConditionMgr:1044 - genDependencies : Invalid condition id : Cortex-A Device cause : null
2025-12-07 22:18:04,530 [WARN] ConditionMgr:1044 - genDependencies : Invalid condition id : Cortex-A Device cause : null
2025-12-07 22:18:04,538 [WARN] PackLoader:240 - Cannot read IP mode file for STMicroelectronics.FP-SNS-STBOX1.2.1.0
2025-12-07 22:18:04,544 [WARN] PackLoader:240 - Cannot read IP mode file for STMicroelectronics.FP-SNS-SMARTAG2.1.2.0
2025-12-07 22:18:04,549 [WARN] PackLoader:240 - Cannot read IP mode file for STMicroelectronics.FP-SNS-FLIGHT1.5.1.0
2025-12-07 22:18:04,559 [INFO] LogOutputStream:77 - [STDOUT_REDIRECT] 1 : Invalid condition id : UX_CORESTACK_Condition cause : null
2025-12-07 22:18:04,560 [INFO] LogOutputStream:77 - [STDOUT_REDIRECT] 1 : Invalid condition id : UX_CORESTACK_Condition cause : null
2025-12-07 22:18:04,561 [INFO] LogOutputStream:77 - [STDOUT_REDIRECT] 1 : Invalid condition id : UX_CORESTACK_Condition cause : null
2025-12-07 22:18:04,561 [INFO] LogOutputStream:77 - [STDOUT_REDIRECT] 1 : Invalid condition id : UX_CORESTACK_Condition cause : null
2025-12-07 22:18:04,561 [INFO] LogOutputStream:77 - [STDOUT_REDIRECT] 1 : Invalid condition id : UX_CORESTACK_Condition cause : null
2025-12-07 22:18:04,565 [WARN] PackLoader:240 - Cannot read IP mode file for STMicroelectronics.X-CUBE-AZRTOS-WL.2.0.0
2025-12-07 22:18:04,571 [WARN] PackLoader:240 - Cannot read IP mode file for STMicroelectronics.FP-SNS-MOTENV1.5.0.0
2025-12-07 22:18:04,591 [WARN] PackLoader:240 - Cannot read IP mode file for STMicroelectronics.X-CUBE-AZRTOS-H7RS.1.2.0
2025-12-07 22:18:04,610 [WARN] PackLoader:240 - Cannot read IP mode file for WES.I-CUBE-Cesium.1.3.0
2025-12-07 22:18:04,621 [WARN] PackLoader:240 - Cannot read IP mode file for STMicroelectronics.X-CUBE-BLE2.3.3.0
2025-12-07 22:18:04,638 [WARN] PackLoader:240 - Cannot read IP mode file for STMicroelectronics.X-CUBE-NFC9.1.0.0
2025-12-07 22:18:04,648 [WARN] PackLoader:240 - Cannot read IP mode file for wolfSSL.I-CUBE-wolfSSL.5.8.0
2025-12-07 22:18:04,655 [WARN] PackLoader:240 - Cannot read IP mode file for STMicroelectronics.X-CUBE-BLE1.7.1.0
2025-12-07 22:18:04,660 [WARN] PackLoader:240 - Cannot read IP mode file for wolfSSL.I-CUBE-wolfMQTT.1.19.2
2025-12-07 22:18:04,670 [WARN] PackLoader:240 - Cannot read IP mode file for STMicroelectronics.X-CUBE-FREERTOS.1.4.0
2025-12-07 22:18:04,679 [WARN] PackLoader:240 - Cannot read IP mode file for STMicroelectronics.X-CUBE-EEPRMA1.5.2.0
2025-12-07 22:18:04,691 [WARN] PackLoader:240 - Cannot read IP mode file for STMicroelectronics.X-CUBE-ST67W61.1.1.0
2025-12-07 22:18:04,696 [WARN] PackLoader:240 - Cannot read IP mode file for STMicroelectronics.X-CUBE-AI.10.1.0
2025-12-07 22:18:04,785 [WARN] PackLoader:240 - Cannot read IP mode file for STMicroelectronics.X-CUBE-MEMS1.12.0.0
2025-12-07 22:18:04,959 [WARN] PackLoader:240 - Cannot read IP mode file for STMicroelectronics.X-CUBE-AZRTOS-G0.1.1.0
2025-12-07 22:18:04,970 [WARN] PackLoader:240 - Cannot read IP mode file for STMicroelectronics.X-CUBE-SAFEA1.1.2.2
2025-12-07 22:18:04,976 [WARN] PackLoader:240 - Cannot read IP mode file for STMicroelectronics.X-CUBE-NFC4.3.0.0
2025-12-07 22:18:04,988 [WARN] PackLoader:240 - Cannot read IP mode file for EmbeddedOffice.I-CUBE-FS-RTOS.1.0.1
2025-12-07 22:18:04,994 [WARN] PackLoader:240 - Cannot read IP mode file for STMicroelectronics.X-CUBE-WB05N.2.0.0
2025-12-07 22:18:04,999 [WARN] PackLoader:240 - Cannot read IP mode file for wolfSSL.I-CUBE-wolfTPM.3.8.0
2025-12-07 22:18:05,007 [WARN] PackLoader:240 - Cannot read IP mode file for STMicroelectronics.X-CUBE-TCPP.4.2.0
2025-12-07 22:18:05,020 [WARN] PackLoader:240 - Cannot read IP mode file for RealThread.X-CUBE-RT-Thread_Nano.4.1.1
2025-12-07 22:18:05,027 [WARN] PackLoader:240 - Cannot read IP mode file for STMicroelectronics.FP-ATR-SIGFOX1.3.2.0
2025-12-07 22:18:05,034 [WARN] PackLoader:240 - Cannot read IP mode file for STMicroelectronics.X-CUBE-EEPRMA1.5.1.0
2025-12-07 22:18:05,044 [WARN] PackLoader:240 - Cannot read IP mode file for ITTIA_DB.I-CUBE-ITTIADB.8.9.0
2025-12-07 22:18:05,050 [WARN] PackLoader:240 - Cannot read IP mode file for STMicroelectronics.X-CUBE-ST67W61.1.0.0
2025-12-07 22:18:05,063 [WARN] PackLoader:240 - Cannot read IP mode file for STMicroelectronics.X-CUBE-AI.10.2.0
2025-12-07 22:18:05,098 [WARN] PackLoader:240 - Cannot read IP mode file for SEGGER.I-CUBE-embOS.1.3.1
2025-12-07 22:18:05,147 [WARN] PackLoader:240 - Cannot read IP mode file for STMicroelectronics.X-CUBE-ALGOBUILD.1.4.0
2025-12-07 22:18:05,205 [WARN] PackLoader:240 - Cannot read IP mode file for STMicroelectronics.X-CUBE-MEMS1.11.3.0
2025-12-07 22:18:05,315 [INFO] WebApp:463 - Apply proxy settings
2025-12-07 22:18:05,316 [INFO] WebApp:548 - Chromium requires no authentication
2025-12-07 22:18:05,327 [WARN] PackLoader:240 - Cannot read IP mode file for STMicroelectronics.X-CUBE-PM33A1.1.0.0
2025-12-07 22:18:05,334 [INFO] WebApp:491 - Direct internet connection detected
2025-12-07 22:18:05,353 [WARN] PackLoader:240 - Cannot read IP mode file for STMicroelectronics.X-CUBE-AZRTOS-F4.1.1.0
2025-12-07 22:18:05,360 [WARN] PackLoader:240 - Cannot read IP mode file for Avnet-IotConnect.X-CUBE-IoTC-DA16k-PMOD.1.0.0
2025-12-07 22:18:05,365 [WARN] PackLoader:240 - Cannot read IP mode file for STMicroelectronics.X-CUBE-ISPU.2.1.0
2025-12-07 22:18:05,384 [WARN] PackLoader:240 - Cannot read IP mode file for STMicroelectronics.X-CUBE-IPS.3.2.0
2025-12-07 22:18:05,396 [INFO] WebApp:900 - Register for checkConnection events
2025-12-07 22:18:05,396 [INFO] WebApp:463 - Apply proxy settings
2025-12-07 22:18:05,397 [INFO] WebApp:548 - Chromium requires no authentication
2025-12-07 22:18:05,398 [WARN] PackLoader:240 - Cannot read IP mode file for STMicroelectronics.X-CUBE-NFC12.1.0.0
2025-12-07 22:18:05,398 [INFO] WebApp:491 - Direct internet connection detected
2025-12-07 22:18:05,418 [WARN] PackLoader:240 - Cannot read IP mode file for STMicroelectronics.X-CUBE-AZRTOS-L5.2.0.0
2025-12-07 22:18:05,429 [WARN] PackLoader:240 - Cannot read IP mode file for STMicroelectronics.X-CUBE-NFC6.3.1.0
2025-12-07 22:18:05,437 [WARN] PackLoader:240 - Cannot read IP mode file for STMicroelectronics.X-CUBE-FREERTOS.1.3.1
2025-12-07 22:18:05,443 [WARN] PackLoader:240 - Cannot read IP mode file for STMicroelectronics.X-CUBE-TOUCHGFX.4.26.0
2025-12-07 22:18:05,448 [WARN] PackLoader:240 - Cannot read IP mode file for STMicroelectronics.FP-SNS-STAIOTCFT.1.0.0
2025-12-07 22:18:05,453 [WARN] PackLoader:240 - Cannot read IP mode file for STMicroelectronics.X-CUBE-DPower.1.3.0
2025-12-07 22:18:05,473 [WARN] ConditionMgr:438 - getConditionDescription Invalid condition id : LAN8742 Phy interface Condition cause : null
2025-12-07 22:18:05,473 [WARN] PackLoader:240 - Cannot read IP mode file for STMicroelectronics.X-CUBE-AZRTOS-L4.2.0.0
2025-12-07 22:18:05,475 [WARN] ConditionMgr:1044 - genDependencies : Invalid condition id : LAN8742 Phy interface Condition cause : null
2025-12-07 22:18:05,476 [WARN] ConditionMgr:1044 - genDependencies : Invalid condition id : LAN8742 Phy interface Condition cause : null
2025-12-07 22:18:05,477 [WARN] ConditionMgr:1044 - genDependencies : Invalid condition id : LAN8742 Phy interface Condition cause : null
2025-12-07 22:18:05,484 [WARN] PackLoader:240 - Cannot read IP mode file for STMicroelectronics.X-CUBE-SFXS2LP1.4.0.0
2025-12-07 22:18:05,497 [WARN] PackLoader:240 - Cannot read IP mode file for STMicroelectronics.X-CUBE-BLEMGR.4.1.0
2025-12-07 22:18:05,514 [WARN] ConditionMgr:438 - getConditionDescription Invalid condition id : UX DEVICE CLASS RTOS Condition cause : null
2025-12-07 22:18:05,514 [WARN] ConditionMgr:438 - getConditionDescription Invalid condition id : UX DEVICE CLASS RTOS Condition cause : null
2025-12-07 22:18:05,517 [WARN] PackLoader:240 - Cannot read IP mode file for STMicroelectronics.X-CUBE-AZRTOS-WB.2.0.0
2025-12-07 22:18:05,518 [WARN] ConditionMgr:1044 - genDependencies : Invalid condition id : UX DEVICE CLASS RTOS Condition cause : null
2025-12-07 22:18:05,518 [WARN] ConditionMgr:1044 - genDependencies : Invalid condition id : UX DEVICE CLASS RTOS Condition cause : null
2025-12-07 22:18:05,518 [WARN] ConditionMgr:1044 - genDependencies : Invalid condition id : UX DEVICE CLASS RTOS Condition cause : null
2025-12-07 22:18:05,519 [WARN] ConditionMgr:1044 - genDependencies : Invalid condition id : UX DEVICE CLASS RTOS Condition cause : null
2025-12-07 22:18:05,519 [WARN] ConditionMgr:1044 - genDependencies : Invalid condition id : UX DEVICE CLASS RTOS Condition cause : null
2025-12-07 22:18:05,525 [WARN] PackLoader:240 - Cannot read IP mode file for STMicroelectronics.X-CUBE-GNSS1.7.0.1
2025-12-07 22:18:05,528 [WARN] PackLoader:240 - Cannot read IP mode file for STMicroelectronics.X-CUBE-TOUCHGFX.4.25.0
2025-12-07 22:18:05,534 [WARN] PackLoader:240 - Cannot read IP mode file for STMicroelectronics.FP-SNS-STBOX1.2.0.0
2025-12-07 22:18:05,547 [WARN] PackLoader:240 - Cannot read IP mode file for STMicroelectronics.X-CUBE-SUBG2.5.0.0
2025-12-07 22:18:05,567 [WARN] PackLoader:240 - Cannot read IP mode file for STMicroelectronics.X-CUBE-AZRTOS-H7RS.1.1.0
2025-12-07 22:18:05,571 [WARN] PackLoader:240 - Cannot read IP mode file for Cesanta.I-CUBE-Mongoose.7.13.0
2025-12-07 22:18:05,581 [WARN] PackLoader:240 - Cannot read IP mode file for STMicroelectronics.X-CUBE-AZRTOS-G4.2.0.0
2025-12-07 22:18:05,587 [WARN] PackLoader:240 - Cannot read IP mode file for wolfSSL.I-CUBE-wolfSSH.1.4.20
2025-12-07 22:18:05,591 [WARN] PackLoader:240 - Cannot read IP mode file for STMicroelectronics.X-CUBE-NFC7.2.0.0
2025-12-07 22:18:05,600 [WARN] PackLoader:240 - Cannot read IP mode file for STMicroelectronics.X-CUBE-IPS.3.1.0
2025-12-07 22:18:05,605 [WARN] PackLoader:240 - Cannot read IP mode file for STMicroelectronics.X-CUBE-ALS.1.0.2
2025-12-07 22:18:05,610 [WARN] PackLoader:240 - Cannot read IP mode file for STMicroelectronics.X-CUBE-STSE01.1.0.0
2025-12-07 22:18:05,614 [WARN] PackLoader:240 - Cannot read IP mode file for portGmbH.I-Cube-SoM-uGOAL.1.1.0
2025-12-07 22:18:05,624 [WARN] PackLoader:240 - Cannot read IP mode file for STMicroelectronics.X-CUBE-TOF1.3.4.3
2025-12-07 22:18:05,635 [INFO] ThirdParty:978 - Integrity check success = true
2025-12-07 22:18:05,636 [INFO] IntegrityCheckThread:100 - exiting critical section [integrity check]
2025-12-07 22:18:05,636 [INFO] IntegrityCheckThread:103 - End integrity checks thread
2025-12-07 22:18:05,656 [INFO] WebApp:225 - Starting web application
2025-12-07 22:18:05,657 [INFO] WebApp:593 - Web application path used /opt/st/stm32cubeide_1.19.0/plugins/com.st.stm32cube.common.mx_6.15.0.202507011659/db/plugins/mcufinder/reactClient1/index.html
2025-12-07 22:18:05,812 [INFO] WebApp:191 - Connection restablished
2025-12-07 23:56:46,467 [INFO] WebApp:194 - Connection lost
2025-12-07 23:56:55,099 [INFO] WebApp:191 - Connection restablished
2025-12-07 23:57:03,988 [INFO] WebApp:194 - Connection lost
2025-12-07 23:57:11,088 [ERROR] ConfigurationRetriever:142 - IOException on connection: sw-center.st.com
2025-12-07 23:57:11,090 [ERROR] ConfigurationRetriever:142 - IOException on connection: sw-center.st.com
2025-12-07 23:57:11,091 [ERROR] ConfigurationRetriever:142 - IOException on connection: sw-center.st.com
2025-12-07 23:57:12,027 [ERROR] LogOutputStream:75 - [STDERR_REDIRECT] 
