2026-09-04 11:31:22,146 [INFO] Activator:176 - 


2026-09-04 11:31:22,151 [INFO] Activator:177 - !SESSION log4j initialized
2026-09-04 11:31:26,320 [INFO] LogOutputStream:77 - [STDOUT_REDIRECT] 
2026-09-04 11:31:27,824 [INFO] ApplicationProperties:184 - Using Application install path: /opt/st/stm32cubeide_1.19.0/plugins/com.st.stm32cube.common.mx_6.15.0.202507011659
2026-09-04 11:31:27,849 [INFO] DbMcusXml:78 - Set database path to: /opt/st/stm32cubeide_1.19.0/plugins/com.st.stm32cube.common.mx_6.15.0.202507011659//db//mcu/
2026-09-04 11:31:27,850 [INFO] ApiDb:274 - Set plugin database path to: /opt/st/stm32cubeide_1.19.0/plugins/com.st.stm32cube.common.mx_6.15.0.202507011659//db//plugins/boardmanager/
2026-09-04 11:31:27,850 [WARN] ApiDb:259 - Overriding images path with different value:  => /opt/st/stm32cubeide_1.19.0/plugins/com.st.stm32cube.common.mx_6.15.0.202507011659//db//plugins/mcufinder/images/
2026-09-04 11:31:27,856 [INFO] ApiDb:250 - Set database path to: /home/sunbeam/.stmcufinder/plugins/mcufinder//mcu/
2026-09-04 11:31:27,859 [INFO] DbMcusAds:125 - Set database path to: /home/sunbeam/.stmcufinder/plugins/mcufinder//mcu/
2026-09-04 11:31:27,862 [INFO] CrossReferenceDbSqlite:203 - Set database path to: /home/sunbeam/.stmcufinder/plugins/mcufinder//mcu/cs/
2026-09-04 11:31:27,996 [INFO] RulesReader:64 - Compatibility file has been processed (317 Rules)
2026-09-04 11:31:28,064 [INFO] DbMcusXml:78 - Set database path to: /opt/st/stm32cubeide_1.19.0/plugins/com.st.stm32cube.common.mx_6.15.0.202507011659//db//mcu/
2026-09-04 11:31:28,064 [INFO] ApiDb:274 - Set plugin database path to: /opt/st/stm32cubeide_1.19.0/plugins/com.st.stm32cube.common.mx_6.15.0.202507011659//db//plugins/boardmanager/
2026-09-04 11:31:28,064 [INFO] ApiDb:261 - Set plugin images path to: /opt/st/stm32cubeide_1.19.0/plugins/com.st.stm32cube.common.mx_6.15.0.202507011659//db//plugins/mcufinder/images/
2026-09-04 11:31:28,065 [WARN] DbFile:41 - Overriding database path with different value: /home/sunbeam/.stmcufinder/plugins/mcufinder/ => /home/sunbeam/.stmcufinder/plugins/mcufinder
2026-09-04 11:31:28,065 [INFO] ApiDb:250 - Set database path to: /home/sunbeam/.stmcufinder/plugins/mcufinder//mcu/
2026-09-04 11:31:28,065 [WARN] DbFile:41 - Overriding database path with different value: /home/sunbeam/.stmcufinder/plugins/mcufinder/ => /home/sunbeam/.stmcufinder/plugins/mcufinder
2026-09-04 11:31:28,065 [INFO] DbMcusAds:125 - Set database path to: /home/sunbeam/.stmcufinder/plugins/mcufinder//mcu/
2026-09-04 11:31:28,065 [WARN] DbFile:41 - Overriding database path with different value: /home/sunbeam/.stmcufinder/plugins/mcufinder/ => /home/sunbeam/.stmcufinder/plugins/mcufinder
2026-09-04 11:31:28,065 [WARN] DbFile:41 - Overriding database path with different value: /home/sunbeam/.stmcufinder/plugins/mcufinder/ => /home/sunbeam/.stmcufinder/plugins/mcufinder
2026-09-04 11:31:28,065 [INFO] CrossReferenceDbSqlite:203 - Set database path to: /home/sunbeam/.stmcufinder/plugins/mcufinder//mcu/cs/
2026-09-04 11:31:28,144 [INFO] MainPanel:274 - HeapMemory: 268435456
2026-09-04 11:31:28,306 [INFO] DbMcusXml:78 - Set database path to: /opt/st/stm32cubeide_1.19.0/plugins/com.st.stm32cube.common.mx_6.15.0.202507011659//db//mcu/
2026-09-04 11:31:28,306 [INFO] ApiDb:274 - Set plugin database path to: /opt/st/stm32cubeide_1.19.0/plugins/com.st.stm32cube.common.mx_6.15.0.202507011659//db//plugins/boardmanager/
2026-09-04 11:31:28,306 [INFO] ApiDb:261 - Set plugin images path to: /opt/st/stm32cubeide_1.19.0/plugins/com.st.stm32cube.common.mx_6.15.0.202507011659//db//plugins/mcufinder/images/
2026-09-04 11:31:28,307 [WARN] DbFile:41 - Overriding database path with different value: /home/sunbeam/.stmcufinder/plugins/mcufinder/ => /home/sunbeam/.stmcufinder/plugins/mcufinder
2026-09-04 11:31:28,307 [INFO] ApiDb:250 - Set database path to: /home/sunbeam/.stmcufinder/plugins/mcufinder//mcu/
2026-09-04 11:31:28,307 [WARN] DbFile:41 - Overriding database path with different value: /home/sunbeam/.stmcufinder/plugins/mcufinder/ => /home/sunbeam/.stmcufinder/plugins/mcufinder
2026-09-04 11:31:28,307 [INFO] DbMcusAds:125 - Set database path to: /home/sunbeam/.stmcufinder/plugins/mcufinder//mcu/
2026-09-04 11:31:28,307 [WARN] DbFile:41 - Overriding database path with different value: /home/sunbeam/.stmcufinder/plugins/mcufinder/ => /home/sunbeam/.stmcufinder/plugins/mcufinder
2026-09-04 11:31:28,307 [WARN] DbFile:41 - Overriding database path with different value: /home/sunbeam/.stmcufinder/plugins/mcufinder/ => /home/sunbeam/.stmcufinder/plugins/mcufinder
2026-09-04 11:31:28,307 [INFO] CrossReferenceDbSqlite:203 - Set database path to: /home/sunbeam/.stmcufinder/plugins/mcufinder//mcu/cs/
2026-09-04 11:31:28,323 [INFO] ApplicationProperties:184 - Using Application install path: /opt/st/stm32cubeide_1.19.0/plugins/com.st.stm32cube.common.mx_6.15.0.202507011659
2026-09-04 11:31:28,325 [INFO] PluginManage:196 - Search for loadable plugins [exclusion list=, ]
2026-09-04 11:31:28,326 [INFO] PluginManage:310 - Check plugin analytics
2026-09-04 11:31:28,524 [INFO] AnalyticsPlugin:253 - Accepted Software Licenses: 
2026-09-04 11:31:28,524 [INFO] AnalyticsPlugin:255 - Accepted CMSIS Pack Licenses: 
2026-09-04 11:31:28,524 [INFO] AnalyticsPlugin:257 - Accepted Firmware Licenses: FW.F4.1.28.0
2026-09-04 11:31:28,527 [INFO] PluginManage:359 - Loaded plugin analytics (category:tool,tabindex:-1)
2026-09-04 11:31:28,527 [INFO] PluginManage:310 - Check plugin cadmodel
2026-09-04 11:31:28,533 [INFO] CADModel:105 - Init CAD model plugin
2026-09-04 11:31:28,533 [INFO] PluginManage:359 - Loaded plugin cadmodel (category:power,tabindex:5)
2026-09-04 11:31:28,533 [INFO] PluginManage:310 - Check plugin clock
2026-09-04 11:31:28,544 [INFO] PluginManage:359 - Loaded plugin clock (category:base,tabindex:2)
2026-09-04 11:31:28,544 [INFO] PluginManage:310 - Check plugin ddr
2026-09-04 11:31:28,546 [INFO] PluginManage:359 - Loaded plugin ddr (category:tool,tabindex:6)
2026-09-04 11:31:28,546 [INFO] PluginManage:310 - Check plugin filemanager
2026-09-04 11:31:28,693 [INFO] PluginManage:359 - Loaded plugin filemanager (category:base,tabindex:10)
2026-09-04 11:31:28,693 [INFO] PluginManage:310 - Check plugin ipmanager
2026-09-04 11:31:28,699 [INFO] PluginManage:359 - Loaded plugin ipmanager (category:base,tabindex:5)
2026-09-04 11:31:28,700 [INFO] PluginManage:310 - Check plugin lpbam
2026-09-04 11:31:28,708 [INFO] PluginManage:359 - Loaded plugin lpbam (category:base,tabindex:0)
2026-09-04 11:31:28,708 [INFO] PluginManage:310 - Check plugin memorymap
2026-09-04 11:31:28,720 [INFO] PluginManage:359 - Loaded plugin memorymap (category:base,tabindex:4)
2026-09-04 11:31:28,720 [INFO] PluginManage:310 - Check plugin pinoutandconfiguration
2026-09-04 11:31:28,730 [INFO] PluginManage:359 - Loaded plugin pinoutandconfiguration (category:base,tabindex:1)
2026-09-04 11:31:28,731 [INFO] PluginManage:310 - Check plugin pinoutconfig
2026-09-04 11:31:28,825 [WARN] SupportedApi:132 - Cannot load RTOS API schema: s4s-elt-must-match.1: The content of 'definitions' must match (annotation?, (simpleType | complexType)?, (unique | key | keyref)*)). A problem was found starting at: attribute.
2026-09-04 11:31:28,968 [INFO] PluginManage:359 - Loaded plugin pinoutconfig (category:base,tabindex:0)
2026-09-04 11:31:28,968 [INFO] PluginManage:310 - Check plugin power
2026-09-04 11:31:28,977 [INFO] PluginManage:359 - Loaded plugin power (category:power,tabindex:4)
2026-09-04 11:31:28,978 [INFO] PluginManage:310 - Check plugin projectmanager
2026-09-04 11:31:28,992 [INFO] PluginManage:359 - Loaded plugin projectmanager (category:projectmanager,tabindex:4)
2026-09-04 11:31:28,992 [INFO] PluginManage:310 - Check plugin rif
2026-09-04 11:31:29,002 [INFO] PluginManage:359 - Loaded plugin rif (category:base,tabindex:3)
2026-09-04 11:31:29,003 [INFO] PluginManage:310 - Check plugin thirdparty
2026-09-04 11:31:29,130 [INFO] PluginManage:359 - Loaded plugin thirdparty (category:base,tabindex:-1)
2026-09-04 11:31:29,130 [WARN] IntegrityCheckThread:84 - waiting for thirdparty lock release [integrity check]
2026-09-04 11:31:29,131 [INFO] IntegrityCheckThread:86 - entering critical section [integrity check]
2026-09-04 11:31:29,131 [INFO] PluginManage:310 - Check plugin tools
2026-09-04 11:31:29,131 [INFO] ThirdPartyUpdaterWithRetryManager:70 - Updater plugin not ready yet. [1/15]
2026-09-04 11:31:29,133 [INFO] PluginManage:359 - Loaded plugin tools (category:base,tabindex:7)
2026-09-04 11:31:29,133 [INFO] PluginManage:310 - Check plugin tutovideos
2026-09-04 11:31:29,370 [INFO] PluginManage:359 - Loaded plugin tutovideos (category:base,tabindex:-1)
2026-09-04 11:31:29,370 [INFO] PluginManage:310 - Check plugin updater
2026-09-04 11:31:29,397 [INFO] PluginManage:359 - Loaded plugin updater (category:base,tabindex:12)
2026-09-04 11:31:29,397 [INFO] PluginManage:310 - Check plugin userauth
2026-09-04 11:31:29,404 [INFO] UserAuth:118 - Init User Auth plugin
2026-09-04 11:31:29,405 [INFO] PluginManage:359 - Loaded plugin userauth (category:base,tabindex:14)
2026-09-04 11:31:29,406 [INFO] PluginManage:283 - PluginManage : Loaded plugins [18]
2026-09-04 11:31:29,695 [INFO] PinOutPanel:1589 - setPackage(No Configuration,No Configuration)
2026-09-04 11:31:29,786 [INFO] CADModel:165 - CPN selected for project level
2026-09-04 11:31:29,787 [INFO] CADModel:114 - Register for checkConnection events
2026-09-04 11:31:29,802 [INFO] IPUIPlugin:80 - create IPUIPlugin
2026-09-04 11:31:29,803 [INFO] PluginManager:220 - loadIPPluginJar : add dfsdm
2026-09-04 11:31:29,810 [INFO] IPUIPlugin:80 - create IPUIPlugin
2026-09-04 11:31:29,810 [INFO] PluginManager:220 - loadIPPluginJar : add gfxmmu
2026-09-04 11:31:29,813 [INFO] IPUIPlugin:80 - create IPUIPlugin
2026-09-04 11:31:29,814 [INFO] PluginManager:220 - loadIPPluginJar : add i3c
2026-09-04 11:31:29,817 [INFO] IPUIPlugin:80 - create IPUIPlugin
2026-09-04 11:31:29,818 [INFO] PluginManager:220 - loadIPPluginJar : add sai
2026-09-04 11:31:29,825 [INFO] IPUIPlugin:80 - create IPUIPlugin
2026-09-04 11:31:29,826 [INFO] PluginManager:220 - loadIPPluginJar : add dma
2026-09-04 11:31:29,829 [INFO] IPUIPlugin:80 - create IPUIPlugin
2026-09-04 11:31:29,829 [INFO] PluginManager:220 - loadIPPluginJar : add quadspi
2026-09-04 11:31:29,834 [INFO] IPUIPlugin:80 - create IPUIPlugin
2026-09-04 11:31:29,835 [INFO] PluginManager:220 - loadIPPluginJar : add opamp
2026-09-04 11:31:29,836 [INFO] IPUIPlugin:80 - create IPUIPlugin
2026-09-04 11:31:29,837 [INFO] PluginManager:220 - loadIPPluginJar : add comp
2026-09-04 11:31:29,846 [INFO] IPUIPlugin:80 - create IPUIPlugin
2026-09-04 11:31:29,849 [INFO] PluginManager:220 - loadIPPluginJar : add plateformsettings
2026-09-04 11:31:29,851 [INFO] IPUIPlugin:80 - create IPUIPlugin
2026-09-04 11:31:29,851 [INFO] PluginManager:220 - loadIPPluginJar : add ltdc
2026-09-04 11:31:29,855 [INFO] IPUIPlugin:80 - create IPUIPlugin
2026-09-04 11:31:29,855 [INFO] PluginManager:220 - loadIPPluginJar : add nvic
2026-09-04 11:31:29,858 [INFO] IPUIPlugin:80 - create IPUIPlugin
2026-09-04 11:31:29,858 [INFO] PluginManager:220 - loadIPPluginJar : add fatfs
2026-09-04 11:31:29,865 [INFO] IPUIPlugin:80 - create IPUIPlugin
2026-09-04 11:31:29,865 [INFO] PluginManager:220 - loadIPPluginJar : add gpio
2026-09-04 11:31:29,868 [INFO] IPUIPlugin:80 - create IPUIPlugin
2026-09-04 11:31:29,868 [INFO] PluginManager:220 - loadIPPluginJar : add aes
2026-09-04 11:31:29,876 [INFO] IPUIPlugin:80 - create IPUIPlugin
2026-09-04 11:31:29,877 [INFO] PluginManager:220 - loadIPPluginJar : add mdma
2026-09-04 11:31:29,880 [INFO] IPUIPlugin:80 - create IPUIPlugin
2026-09-04 11:31:29,880 [INFO] PluginManager:220 - loadIPPluginJar : add pdm2pcm
2026-09-04 11:31:29,889 [INFO] IPUIPlugin:80 - create IPUIPlugin
2026-09-04 11:31:29,889 [INFO] PluginManager:220 - loadIPPluginJar : add linkedlist
2026-09-04 11:31:29,893 [INFO] IPUIPlugin:80 - create IPUIPlugin
2026-09-04 11:31:29,893 [INFO] PluginManager:220 - loadIPPluginJar : add usart
2026-09-04 11:31:29,896 [INFO] IPUIPlugin:80 - create IPUIPlugin
2026-09-04 11:31:29,896 [INFO] PluginManager:220 - loadIPPluginJar : add i2c
2026-09-04 11:31:29,899 [INFO] IPUIPlugin:80 - create IPUIPlugin
2026-09-04 11:31:29,899 [INFO] PluginManager:220 - loadIPPluginJar : add lorawan
2026-09-04 11:31:29,903 [INFO] IPUIPlugin:80 - create IPUIPlugin
2026-09-04 11:31:29,903 [INFO] PluginManager:220 - loadIPPluginJar : add usbx
2026-09-04 11:31:29,908 [INFO] IPUIPlugin:80 - create IPUIPlugin
2026-09-04 11:31:29,908 [INFO] PluginManager:220 - loadIPPluginJar : add fmc
2026-09-04 11:31:29,911 [INFO] IPUIPlugin:80 - create IPUIPlugin
2026-09-04 11:31:29,912 [INFO] PluginManager:220 - loadIPPluginJar : add extmemmanager
2026-09-04 11:31:29,917 [INFO] IPUIPlugin:80 - create IPUIPlugin
2026-09-04 11:31:29,918 [INFO] PluginManager:220 - loadIPPluginJar : add freertos
2026-09-04 11:31:29,920 [INFO] IPUIPlugin:80 - create IPUIPlugin
2026-09-04 11:31:29,921 [INFO] PluginManager:220 - loadIPPluginJar : add can
2026-09-04 11:31:29,924 [INFO] IPUIPlugin:80 - create IPUIPlugin
2026-09-04 11:31:29,924 [INFO] PluginManager:220 - loadIPPluginJar : add touchsensing
2026-09-04 11:31:29,926 [INFO] IPUIPlugin:80 - create IPUIPlugin
2026-09-04 11:31:29,927 [INFO] PluginManager:220 - loadIPPluginJar : add tracer_emb
2026-09-04 11:31:29,928 [INFO] IPUIPlugin:80 - create IPUIPlugin
2026-09-04 11:31:29,929 [INFO] PluginManager:220 - loadIPPluginJar : add ucpd
2026-09-04 11:31:29,930 [INFO] IPUIPlugin:80 - create IPUIPlugin
2026-09-04 11:31:29,930 [INFO] PluginManager:220 - loadIPPluginJar : add ts
2026-09-04 11:31:29,931 [INFO] IPUIPlugin:80 - create IPUIPlugin
2026-09-04 11:31:29,932 [INFO] PluginManager:220 - loadIPPluginJar : add tsc
2026-09-04 11:31:29,935 [INFO] IPUIPlugin:80 - create IPUIPlugin
2026-09-04 11:31:29,935 [INFO] PluginManager:220 - loadIPPluginJar : add resmgrutility
2026-09-04 11:31:29,938 [INFO] IPUIPlugin:80 - create IPUIPlugin
2026-09-04 11:31:29,939 [INFO] PluginManager:220 - loadIPPluginJar : add cryp
2026-09-04 11:31:29,942 [INFO] IPUIPlugin:80 - create IPUIPlugin
2026-09-04 11:31:29,942 [INFO] PluginManager:220 - loadIPPluginJar : add openamp
2026-09-04 11:31:29,949 [INFO] IPUIPlugin:80 - create IPUIPlugin
2026-09-04 11:31:29,949 [INFO] PluginManager:220 - loadIPPluginJar : add adc
2026-09-04 11:31:29,951 [INFO] IPUIPlugin:80 - create IPUIPlugin
2026-09-04 11:31:29,952 [INFO] PluginManager:220 - loadIPPluginJar : add spi
2026-09-04 11:31:29,955 [INFO] IPUIPlugin:80 - create IPUIPlugin
2026-09-04 11:31:29,955 [INFO] PluginManager:220 - loadIPPluginJar : add ipddr
2026-09-04 11:31:29,963 [INFO] IPUIPlugin:80 - create IPUIPlugin
2026-09-04 11:31:29,963 [INFO] PluginManager:220 - loadIPPluginJar : add stm32_wpan
2026-09-04 11:31:29,968 [INFO] IPUIPlugin:80 - create IPUIPlugin
2026-09-04 11:31:29,968 [INFO] PluginManager:220 - loadIPPluginJar : add gic
2026-09-04 11:31:29,971 [INFO] IPUIPlugin:80 - create IPUIPlugin
2026-09-04 11:31:29,971 [INFO] PluginManager:220 - loadIPPluginJar : add ddr_ctrl_phy
2026-09-04 11:31:29,973 [INFO] IPUIPlugin:80 - create IPUIPlugin
2026-09-04 11:31:29,973 [INFO] PluginManager:220 - loadIPPluginJar : add genericplugin
2026-09-04 11:31:29,975 [INFO] IPUIPlugin:80 - create IPUIPlugin
2026-09-04 11:31:29,975 [INFO] PluginManager:220 - loadIPPluginJar : add hash
2026-09-04 11:31:29,977 [INFO] IPUIPlugin:80 - create IPUIPlugin
2026-09-04 11:31:29,977 [INFO] PluginManager:220 - loadIPPluginJar : add tim
2026-09-04 11:31:29,978 [INFO] IPUIPlugin:80 - create IPUIPlugin
2026-09-04 11:31:29,979 [INFO] PluginManager:220 - loadIPPluginJar : add radio
2026-09-04 11:31:29,982 [INFO] IPUIPlugin:80 - create IPUIPlugin
2026-09-04 11:31:29,982 [INFO] PluginManager:220 - loadIPPluginJar : add gtzc
2026-09-04 11:31:29,984 [INFO] IPUIPlugin:80 - create IPUIPlugin
2026-09-04 11:31:29,984 [INFO] PluginManager:220 - loadIPPluginJar : add i2s
2026-09-04 11:31:29,987 [INFO] IPUIPlugin:80 - create IPUIPlugin
2026-09-04 11:31:29,987 [INFO] PluginManager:220 - loadIPPluginJar : add dma3
2026-09-04 11:31:30,091 [FATAL] Updater:351 - Updater called before beeing initialized
2026-09-04 11:31:30,136 [INFO] RulesReader:64 - Compatibility file has been processed (317 Rules)
2026-09-04 11:31:30,156 [INFO] RulesReader:64 - Compatibility file has been processed (317 Rules)
2026-09-04 11:31:30,167 [INFO] CADModel:165 - CPN selected for project level
2026-09-04 11:31:30,168 [INFO] CADModel:114 - Register for checkConnection events
2026-09-04 11:31:30,168 [FATAL] Updater:351 - Updater called before beeing initialized
2026-09-04 11:31:30,168 [ERROR] CADModel:125 - Updater not yet initialized, retry later 
