2026-01-08 16:08:19,286 [INFO] Activator:176 - 


2026-01-08 16:08:19,290 [INFO] Activator:177 - !SESSION log4j initialized
2026-01-08 16:08:21,726 [INFO] LogOutputStream:77 - [STDOUT_REDIRECT] 
2026-01-08 16:08:25,412 [INFO] ApplicationProperties:184 - Using Application install path: /opt/st/stm32cubeide_1.19.0/plugins/com.st.stm32cube.common.mx_6.15.0.202507011659
2026-01-08 16:08:25,428 [INFO] DbMcusXml:78 - Set database path to: /opt/st/stm32cubeide_1.19.0/plugins/com.st.stm32cube.common.mx_6.15.0.202507011659//db//mcu/
2026-01-08 16:08:25,429 [INFO] ApiDb:274 - Set plugin database path to: /opt/st/stm32cubeide_1.19.0/plugins/com.st.stm32cube.common.mx_6.15.0.202507011659//db//plugins/boardmanager/
2026-01-08 16:08:25,429 [WARN] ApiDb:259 - Overriding images path with different value:  => /opt/st/stm32cubeide_1.19.0/plugins/com.st.stm32cube.common.mx_6.15.0.202507011659//db//plugins/mcufinder/images/
2026-01-08 16:08:25,433 [INFO] ApiDb:250 - Set database path to: /home/sunbeam/.stmcufinder/plugins/mcufinder//mcu/
2026-01-08 16:08:25,434 [INFO] DbMcusAds:125 - Set database path to: /home/sunbeam/.stmcufinder/plugins/mcufinder//mcu/
2026-01-08 16:08:25,435 [INFO] CrossReferenceDbSqlite:203 - Set database path to: /home/sunbeam/.stmcufinder/plugins/mcufinder//mcu/cs/
2026-01-08 16:08:25,542 [INFO] RulesReader:64 - Compatibility file has been processed (317 Rules)
2026-01-08 16:08:25,593 [INFO] DbMcusXml:78 - Set database path to: /opt/st/stm32cubeide_1.19.0/plugins/com.st.stm32cube.common.mx_6.15.0.202507011659//db//mcu/
2026-01-08 16:08:25,593 [INFO] ApiDb:274 - Set plugin database path to: /opt/st/stm32cubeide_1.19.0/plugins/com.st.stm32cube.common.mx_6.15.0.202507011659//db//plugins/boardmanager/
2026-01-08 16:08:25,593 [INFO] ApiDb:261 - Set plugin images path to: /opt/st/stm32cubeide_1.19.0/plugins/com.st.stm32cube.common.mx_6.15.0.202507011659//db//plugins/mcufinder/images/
2026-01-08 16:08:25,593 [WARN] DbFile:41 - Overriding database path with different value: /home/sunbeam/.stmcufinder/plugins/mcufinder/ => /home/sunbeam/.stmcufinder/plugins/mcufinder
2026-01-08 16:08:25,593 [INFO] ApiDb:250 - Set database path to: /home/sunbeam/.stmcufinder/plugins/mcufinder//mcu/
2026-01-08 16:08:25,594 [WARN] DbFile:41 - Overriding database path with different value: /home/sunbeam/.stmcufinder/plugins/mcufinder/ => /home/sunbeam/.stmcufinder/plugins/mcufinder
2026-01-08 16:08:25,594 [INFO] DbMcusAds:125 - Set database path to: /home/sunbeam/.stmcufinder/plugins/mcufinder//mcu/
2026-01-08 16:08:25,594 [WARN] DbFile:41 - Overriding database path with different value: /home/sunbeam/.stmcufinder/plugins/mcufinder/ => /home/sunbeam/.stmcufinder/plugins/mcufinder
2026-01-08 16:08:25,594 [WARN] DbFile:41 - Overriding database path with different value: /home/sunbeam/.stmcufinder/plugins/mcufinder/ => /home/sunbeam/.stmcufinder/plugins/mcufinder
2026-01-08 16:08:25,594 [INFO] CrossReferenceDbSqlite:203 - Set database path to: /home/sunbeam/.stmcufinder/plugins/mcufinder//mcu/cs/
2026-01-08 16:08:25,650 [INFO] MainPanel:274 - HeapMemory: 268435456
2026-01-08 16:08:25,760 [INFO] DbMcusXml:78 - Set database path to: /opt/st/stm32cubeide_1.19.0/plugins/com.st.stm32cube.common.mx_6.15.0.202507011659//db//mcu/
2026-01-08 16:08:25,760 [INFO] ApiDb:274 - Set plugin database path to: /opt/st/stm32cubeide_1.19.0/plugins/com.st.stm32cube.common.mx_6.15.0.202507011659//db//plugins/boardmanager/
2026-01-08 16:08:25,760 [INFO] ApiDb:261 - Set plugin images path to: /opt/st/stm32cubeide_1.19.0/plugins/com.st.stm32cube.common.mx_6.15.0.202507011659//db//plugins/mcufinder/images/
2026-01-08 16:08:25,761 [WARN] DbFile:41 - Overriding database path with different value: /home/sunbeam/.stmcufinder/plugins/mcufinder/ => /home/sunbeam/.stmcufinder/plugins/mcufinder
2026-01-08 16:08:25,761 [INFO] ApiDb:250 - Set database path to: /home/sunbeam/.stmcufinder/plugins/mcufinder//mcu/
2026-01-08 16:08:25,761 [WARN] DbFile:41 - Overriding database path with different value: /home/sunbeam/.stmcufinder/plugins/mcufinder/ => /home/sunbeam/.stmcufinder/plugins/mcufinder
2026-01-08 16:08:25,761 [INFO] DbMcusAds:125 - Set database path to: /home/sunbeam/.stmcufinder/plugins/mcufinder//mcu/
2026-01-08 16:08:25,761 [WARN] DbFile:41 - Overriding database path with different value: /home/sunbeam/.stmcufinder/plugins/mcufinder/ => /home/sunbeam/.stmcufinder/plugins/mcufinder
2026-01-08 16:08:25,761 [WARN] DbFile:41 - Overriding database path with different value: /home/sunbeam/.stmcufinder/plugins/mcufinder/ => /home/sunbeam/.stmcufinder/plugins/mcufinder
2026-01-08 16:08:25,761 [INFO] CrossReferenceDbSqlite:203 - Set database path to: /home/sunbeam/.stmcufinder/plugins/mcufinder//mcu/cs/
2026-01-08 16:08:25,774 [INFO] ApplicationProperties:184 - Using Application install path: /opt/st/stm32cubeide_1.19.0/plugins/com.st.stm32cube.common.mx_6.15.0.202507011659
2026-01-08 16:08:25,776 [INFO] PluginManage:196 - Search for loadable plugins [exclusion list=, ]
2026-01-08 16:08:25,776 [INFO] PluginManage:310 - Check plugin analytics
2026-01-08 16:08:25,944 [INFO] AnalyticsPlugin:253 - Accepted Software Licenses: 
2026-01-08 16:08:25,944 [INFO] AnalyticsPlugin:255 - Accepted CMSIS Pack Licenses: 
2026-01-08 16:08:25,945 [INFO] AnalyticsPlugin:257 - Accepted Firmware Licenses: FW.F4.1.28.0
2026-01-08 16:08:25,947 [INFO] PluginManage:359 - Loaded plugin analytics (category:tool,tabindex:-1)
2026-01-08 16:08:25,948 [INFO] PluginManage:310 - Check plugin cadmodel
2026-01-08 16:08:25,951 [INFO] CADModel:105 - Init CAD model plugin
2026-01-08 16:08:25,951 [INFO] PluginManage:359 - Loaded plugin cadmodel (category:power,tabindex:5)
2026-01-08 16:08:25,951 [INFO] PluginManage:310 - Check plugin clock
2026-01-08 16:08:25,961 [INFO] PluginManage:359 - Loaded plugin clock (category:base,tabindex:2)
2026-01-08 16:08:25,962 [INFO] PluginManage:310 - Check plugin ddr
2026-01-08 16:08:25,964 [INFO] PluginManage:359 - Loaded plugin ddr (category:tool,tabindex:6)
2026-01-08 16:08:25,964 [INFO] PluginManage:310 - Check plugin filemanager
2026-01-08 16:08:26,152 [INFO] PluginManage:359 - Loaded plugin filemanager (category:base,tabindex:10)
2026-01-08 16:08:26,152 [INFO] PluginManage:310 - Check plugin ipmanager
2026-01-08 16:08:26,158 [INFO] PluginManage:359 - Loaded plugin ipmanager (category:base,tabindex:5)
2026-01-08 16:08:26,158 [INFO] PluginManage:310 - Check plugin lpbam
2026-01-08 16:08:26,166 [INFO] PluginManage:359 - Loaded plugin lpbam (category:base,tabindex:0)
2026-01-08 16:08:26,166 [INFO] PluginManage:310 - Check plugin memorymap
2026-01-08 16:08:26,179 [INFO] PluginManage:359 - Loaded plugin memorymap (category:base,tabindex:4)
2026-01-08 16:08:26,179 [INFO] PluginManage:310 - Check plugin pinoutandconfiguration
2026-01-08 16:08:26,185 [INFO] PluginManage:359 - Loaded plugin pinoutandconfiguration (category:base,tabindex:1)
2026-01-08 16:08:26,185 [INFO] PluginManage:310 - Check plugin pinoutconfig
2026-01-08 16:08:26,267 [WARN] SupportedApi:132 - Cannot load RTOS API schema: s4s-elt-must-match.1: The content of 'definitions' must match (annotation?, (simpleType | complexType)?, (unique | key | keyref)*)). A problem was found starting at: attribute.
2026-01-08 16:08:26,386 [INFO] PluginManage:359 - Loaded plugin pinoutconfig (category:base,tabindex:0)
2026-01-08 16:08:26,386 [INFO] PluginManage:310 - Check plugin power
2026-01-08 16:08:26,394 [INFO] PluginManage:359 - Loaded plugin power (category:power,tabindex:4)
2026-01-08 16:08:26,394 [INFO] PluginManage:310 - Check plugin projectmanager
2026-01-08 16:08:26,408 [INFO] PluginManage:359 - Loaded plugin projectmanager (category:projectmanager,tabindex:4)
2026-01-08 16:08:26,408 [INFO] PluginManage:310 - Check plugin rif
2026-01-08 16:08:26,416 [INFO] PluginManage:359 - Loaded plugin rif (category:base,tabindex:3)
2026-01-08 16:08:26,416 [INFO] PluginManage:310 - Check plugin thirdparty
2026-01-08 16:08:26,521 [INFO] PluginManage:359 - Loaded plugin thirdparty (category:base,tabindex:-1)
2026-01-08 16:08:26,521 [WARN] IntegrityCheckThread:84 - waiting for thirdparty lock release [integrity check]
2026-01-08 16:08:26,521 [INFO] IntegrityCheckThread:86 - entering critical section [integrity check]
2026-01-08 16:08:26,521 [INFO] PluginManage:310 - Check plugin tools
2026-01-08 16:08:26,522 [INFO] ThirdPartyUpdaterWithRetryManager:70 - Updater plugin not ready yet. [1/15]
2026-01-08 16:08:26,523 [INFO] PluginManage:359 - Loaded plugin tools (category:base,tabindex:7)
2026-01-08 16:08:26,524 [INFO] PluginManage:310 - Check plugin tutovideos
2026-01-08 16:08:26,708 [INFO] PluginManage:359 - Loaded plugin tutovideos (category:base,tabindex:-1)
2026-01-08 16:08:26,709 [INFO] PluginManage:310 - Check plugin updater
2026-01-08 16:08:26,729 [INFO] PluginManage:359 - Loaded plugin updater (category:base,tabindex:12)
2026-01-08 16:08:26,729 [INFO] PluginManage:310 - Check plugin userauth
2026-01-08 16:08:26,733 [INFO] UserAuth:118 - Init User Auth plugin
2026-01-08 16:08:26,734 [INFO] PluginManage:359 - Loaded plugin userauth (category:base,tabindex:14)
2026-01-08 16:08:26,735 [INFO] PluginManage:283 - PluginManage : Loaded plugins [18]
2026-01-08 16:08:26,906 [INFO] PinOutPanel:1589 - setPackage(No Configuration,No Configuration)
2026-01-08 16:08:26,972 [INFO] CADModel:165 - CPN selected for project level
2026-01-08 16:08:26,972 [INFO] CADModel:114 - Register for checkConnection events
2026-01-08 16:08:26,982 [INFO] IPUIPlugin:80 - create IPUIPlugin
2026-01-08 16:08:26,982 [INFO] PluginManager:220 - loadIPPluginJar : add dfsdm
2026-01-08 16:08:26,986 [INFO] IPUIPlugin:80 - create IPUIPlugin
2026-01-08 16:08:26,986 [INFO] PluginManager:220 - loadIPPluginJar : add gfxmmu
2026-01-08 16:08:26,988 [INFO] IPUIPlugin:80 - create IPUIPlugin
2026-01-08 16:08:26,988 [INFO] PluginManager:220 - loadIPPluginJar : add i3c
2026-01-08 16:08:26,991 [INFO] IPUIPlugin:80 - create IPUIPlugin
2026-01-08 16:08:26,991 [INFO] PluginManager:220 - loadIPPluginJar : add sai
2026-01-08 16:08:26,997 [INFO] IPUIPlugin:80 - create IPUIPlugin
2026-01-08 16:08:26,998 [INFO] PluginManager:220 - loadIPPluginJar : add dma
2026-01-08 16:08:26,999 [INFO] IPUIPlugin:80 - create IPUIPlugin
2026-01-08 16:08:26,999 [INFO] PluginManager:220 - loadIPPluginJar : add quadspi
2026-01-08 16:08:27,004 [INFO] IPUIPlugin:80 - create IPUIPlugin
2026-01-08 16:08:27,004 [INFO] PluginManager:220 - loadIPPluginJar : add opamp
2026-01-08 16:08:27,005 [INFO] IPUIPlugin:80 - create IPUIPlugin
2026-01-08 16:08:27,005 [INFO] PluginManager:220 - loadIPPluginJar : add comp
2026-01-08 16:08:27,010 [INFO] IPUIPlugin:80 - create IPUIPlugin
2026-01-08 16:08:27,013 [INFO] PluginManager:220 - loadIPPluginJar : add plateformsettings
2026-01-08 16:08:27,015 [INFO] IPUIPlugin:80 - create IPUIPlugin
2026-01-08 16:08:27,015 [INFO] PluginManager:220 - loadIPPluginJar : add ltdc
2026-01-08 16:08:27,018 [INFO] IPUIPlugin:80 - create IPUIPlugin
2026-01-08 16:08:27,018 [INFO] PluginManager:220 - loadIPPluginJar : add nvic
2026-01-08 16:08:27,019 [INFO] IPUIPlugin:80 - create IPUIPlugin
2026-01-08 16:08:27,019 [INFO] PluginManager:220 - loadIPPluginJar : add fatfs
2026-01-08 16:08:27,023 [INFO] IPUIPlugin:80 - create IPUIPlugin
2026-01-08 16:08:27,023 [INFO] PluginManager:220 - loadIPPluginJar : add gpio
2026-01-08 16:08:27,025 [INFO] IPUIPlugin:80 - create IPUIPlugin
2026-01-08 16:08:27,025 [INFO] PluginManager:220 - loadIPPluginJar : add aes
2026-01-08 16:08:27,031 [INFO] IPUIPlugin:80 - create IPUIPlugin
2026-01-08 16:08:27,032 [INFO] PluginManager:220 - loadIPPluginJar : add mdma
2026-01-08 16:08:27,034 [INFO] IPUIPlugin:80 - create IPUIPlugin
2026-01-08 16:08:27,035 [INFO] PluginManager:220 - loadIPPluginJar : add pdm2pcm
2026-01-08 16:08:27,041 [INFO] IPUIPlugin:80 - create IPUIPlugin
2026-01-08 16:08:27,041 [INFO] PluginManager:220 - loadIPPluginJar : add linkedlist
2026-01-08 16:08:27,043 [INFO] IPUIPlugin:80 - create IPUIPlugin
2026-01-08 16:08:27,043 [INFO] PluginManager:220 - loadIPPluginJar : add usart
2026-01-08 16:08:27,045 [INFO] IPUIPlugin:80 - create IPUIPlugin
2026-01-08 16:08:27,045 [INFO] PluginManager:220 - loadIPPluginJar : add i2c
2026-01-08 16:08:27,047 [INFO] IPUIPlugin:80 - create IPUIPlugin
2026-01-08 16:08:27,047 [INFO] PluginManager:220 - loadIPPluginJar : add lorawan
2026-01-08 16:08:27,051 [INFO] IPUIPlugin:80 - create IPUIPlugin
2026-01-08 16:08:27,051 [INFO] PluginManager:220 - loadIPPluginJar : add usbx
2026-01-08 16:08:27,054 [INFO] IPUIPlugin:80 - create IPUIPlugin
2026-01-08 16:08:27,055 [INFO] PluginManager:220 - loadIPPluginJar : add fmc
2026-01-08 16:08:27,057 [INFO] IPUIPlugin:80 - create IPUIPlugin
2026-01-08 16:08:27,057 [INFO] PluginManager:220 - loadIPPluginJar : add extmemmanager
2026-01-08 16:08:27,063 [INFO] IPUIPlugin:80 - create IPUIPlugin
2026-01-08 16:08:27,063 [INFO] PluginManager:220 - loadIPPluginJar : add freertos
2026-01-08 16:08:27,066 [INFO] IPUIPlugin:80 - create IPUIPlugin
2026-01-08 16:08:27,066 [INFO] PluginManager:220 - loadIPPluginJar : add can
2026-01-08 16:08:27,069 [INFO] IPUIPlugin:80 - create IPUIPlugin
2026-01-08 16:08:27,069 [INFO] PluginManager:220 - loadIPPluginJar : add touchsensing
2026-01-08 16:08:27,071 [INFO] IPUIPlugin:80 - create IPUIPlugin
2026-01-08 16:08:27,072 [INFO] PluginManager:220 - loadIPPluginJar : add tracer_emb
2026-01-08 16:08:27,073 [INFO] IPUIPlugin:80 - create IPUIPlugin
2026-01-08 16:08:27,073 [INFO] PluginManager:220 - loadIPPluginJar : add ucpd
2026-01-08 16:08:27,075 [INFO] IPUIPlugin:80 - create IPUIPlugin
2026-01-08 16:08:27,075 [INFO] PluginManager:220 - loadIPPluginJar : add ts
2026-01-08 16:08:27,076 [INFO] IPUIPlugin:80 - create IPUIPlugin
2026-01-08 16:08:27,076 [INFO] PluginManager:220 - loadIPPluginJar : add tsc
2026-01-08 16:08:27,078 [INFO] IPUIPlugin:80 - create IPUIPlugin
2026-01-08 16:08:27,079 [INFO] PluginManager:220 - loadIPPluginJar : add resmgrutility
2026-01-08 16:08:27,081 [INFO] IPUIPlugin:80 - create IPUIPlugin
2026-01-08 16:08:27,081 [INFO] PluginManager:220 - loadIPPluginJar : add cryp
2026-01-08 16:08:27,083 [INFO] IPUIPlugin:80 - create IPUIPlugin
2026-01-08 16:08:27,084 [INFO] PluginManager:220 - loadIPPluginJar : add openamp
2026-01-08 16:08:27,090 [INFO] IPUIPlugin:80 - create IPUIPlugin
2026-01-08 16:08:27,091 [INFO] PluginManager:220 - loadIPPluginJar : add adc
2026-01-08 16:08:27,093 [INFO] IPUIPlugin:80 - create IPUIPlugin
2026-01-08 16:08:27,093 [INFO] PluginManager:220 - loadIPPluginJar : add spi
2026-01-08 16:08:27,096 [INFO] IPUIPlugin:80 - create IPUIPlugin
2026-01-08 16:08:27,096 [INFO] PluginManager:220 - loadIPPluginJar : add ipddr
2026-01-08 16:08:27,103 [INFO] IPUIPlugin:80 - create IPUIPlugin
2026-01-08 16:08:27,103 [INFO] PluginManager:220 - loadIPPluginJar : add stm32_wpan
2026-01-08 16:08:27,108 [INFO] IPUIPlugin:80 - create IPUIPlugin
2026-01-08 16:08:27,108 [INFO] PluginManager:220 - loadIPPluginJar : add gic
2026-01-08 16:08:27,110 [INFO] IPUIPlugin:80 - create IPUIPlugin
2026-01-08 16:08:27,110 [INFO] PluginManager:220 - loadIPPluginJar : add ddr_ctrl_phy
2026-01-08 16:08:27,111 [INFO] IPUIPlugin:80 - create IPUIPlugin
2026-01-08 16:08:27,111 [INFO] PluginManager:220 - loadIPPluginJar : add genericplugin
2026-01-08 16:08:27,113 [INFO] IPUIPlugin:80 - create IPUIPlugin
2026-01-08 16:08:27,113 [INFO] PluginManager:220 - loadIPPluginJar : add hash
2026-01-08 16:08:27,115 [INFO] IPUIPlugin:80 - create IPUIPlugin
2026-01-08 16:08:27,115 [INFO] PluginManager:220 - loadIPPluginJar : add tim
2026-01-08 16:08:27,117 [INFO] IPUIPlugin:80 - create IPUIPlugin
2026-01-08 16:08:27,117 [INFO] PluginManager:220 - loadIPPluginJar : add radio
2026-01-08 16:08:27,120 [INFO] IPUIPlugin:80 - create IPUIPlugin
2026-01-08 16:08:27,120 [INFO] PluginManager:220 - loadIPPluginJar : add gtzc
2026-01-08 16:08:27,123 [INFO] IPUIPlugin:80 - create IPUIPlugin
2026-01-08 16:08:27,123 [INFO] PluginManager:220 - loadIPPluginJar : add i2s
2026-01-08 16:08:27,125 [INFO] IPUIPlugin:80 - create IPUIPlugin
2026-01-08 16:08:27,125 [INFO] PluginManager:220 - loadIPPluginJar : add dma3
2026-01-08 16:08:27,239 [FATAL] Updater:351 - Updater called before beeing initialized
2026-01-08 16:08:27,284 [INFO] RulesReader:64 - Compatibility file has been processed (317 Rules)
2026-01-08 16:08:27,304 [INFO] RulesReader:64 - Compatibility file has been processed (317 Rules)
2026-01-08 16:08:27,315 [INFO] CADModel:165 - CPN selected for project level
2026-01-08 16:08:27,315 [INFO] CADModel:114 - Register for checkConnection events
2026-01-08 16:08:27,315 [FATAL] Updater:351 - Updater called before beeing initialized
2026-01-08 16:08:27,316 [ERROR] CADModel:125 - Updater not yet initialized, retry later 
2026-01-08 16:08:27,437 [FATAL] Updater:351 - Updater called before beeing initialized
2026-01-08 16:08:27,439 [INFO] CADModel:165 - CPN selected for project level
2026-01-08 16:08:27,439 [INFO] CADModel:114 - Register for checkConnection events
2026-01-08 16:08:27,439 [FATAL] Updater:351 - Updater called before beeing initialized
2026-01-08 16:08:27,439 [ERROR] CADModel:125 - Updater not yet initialized, retry later 
2026-01-08 16:08:27,442 [FATAL] Updater:351 - Updater called before beeing initialized
2026-01-08 16:08:27,505 [FATAL] Updater:351 - Updater called before beeing initialized
2026-01-08 16:08:27,509 [INFO] DbMcusAds:53 - JSON generation date=Tue Dec 16 04:41:46 IST 2025 (1765840306612)
2026-01-08 16:08:27,509 [FATAL] Updater:351 - Updater called before beeing initialized
2026-01-08 16:08:27,537 [WARN] DetailPanel:346 - Failed to get advertising image, set to default
2026-01-08 16:08:27,605 [FATAL] Updater:351 - Updater called before beeing initialized
2026-01-08 16:08:27,606 [FATAL] Updater:351 - Updater called before beeing initialized
2026-01-08 16:08:27,607 [FATAL] Updater:351 - Updater called before beeing initialized
2026-01-08 16:08:27,607 [WARN] DetailPanel:346 - Failed to get advertising image, set to default
2026-01-08 16:08:27,608 [FATAL] Updater:351 - Updater called before beeing initialized
2026-01-08 16:08:27,641 [ERROR] Updater:1198 - MainUpdater not yet initialized. External WinMGr cannot be set.
2026-01-08 16:08:27,643 [INFO] Updater:1134 - Updater Version found : 6.15.0
2026-01-08 16:08:27,659 [INFO] ApplicationProperties:184 - Using Application install path: /opt/st/stm32cubeide_1.19.0/plugins/com.st.stm32cube.common.mx_6.15.0.202507011659
2026-01-08 16:08:27,915 [INFO] MainUpdater:2872 - connection check result : 10
2026-01-08 16:08:27,916 [INFO] MainUpdater:289 - Updater Check For Update Now.
2026-01-08 16:08:27,916 [INFO] MicroXplorer:498 - Change Database Version : DB.6.0.150
2026-01-08 16:08:27,922 [INFO] McuFinderGlobals:63 - Set McuFinder mode to 2 (CubeIDE integrated)
2026-01-08 16:08:27,922 [INFO] UserAuth:171 - activating auth plugin
2026-01-08 16:08:27,926 [INFO] UserAuth:487 - Internet connection configuration mode: 1
2026-01-08 16:08:27,951 [INFO] JxBrowserEngine:152 - Initiate JxBrowser Engine with user profile folder
2026-01-08 16:08:28,144 [INFO] CheckServerUpdateThread:120 - End of CheckServer Thread
2026-01-08 16:08:28,646 [INFO] WebApp:169 - Instantiating new browser for Auth
2026-01-08 16:08:29,380 [INFO] WebApp:463 - Apply proxy settings
2026-01-08 16:08:29,381 [INFO] WebApp:548 - Chromium requires no authentication
2026-01-08 16:08:29,395 [INFO] WebApp:491 - Direct internet connection detected
2026-01-08 16:08:29,427 [INFO] WebApp:900 - Register for checkConnection events
2026-01-08 16:08:29,428 [INFO] WebApp:463 - Apply proxy settings
2026-01-08 16:08:29,428 [INFO] WebApp:548 - Chromium requires no authentication
2026-01-08 16:08:29,428 [INFO] WebApp:491 - Direct internet connection detected
2026-01-08 16:08:29,553 [INFO] WebApp:225 - Starting web application
2026-01-08 16:08:29,554 [INFO] WebApp:593 - Web application path used /opt/st/stm32cubeide_1.19.0/plugins/com.st.stm32cube.common.mx_6.15.0.202507011659/db/plugins/mcufinder/reactClient1/index.html
2026-01-08 16:08:29,643 [WARN] PackLoader:240 - Cannot read IP mode file for STMicroelectronics.FP-SNS-MOTENVWB1.1.4.0
2026-01-08 16:08:29,651 [WARN] PackLoader:240 - Cannot read IP mode file for STMicroelectronics.FP-ATR-ASTRA1.2.0.2
2026-01-08 16:08:29,659 [WARN] PackLoader:240 - Cannot read IP mode file for STMicroelectronics.X-CUBE-SMBUS.2.1.0
2026-01-08 16:08:29,664 [WARN] PackLoader:240 - Cannot read IP mode file for STMicroelectronics.X-CUBE-ST60.1.0.0
2026-01-08 16:08:29,701 [WARN] PackLoader:240 - Cannot read IP mode file for STMicroelectronics.X-CUBE-AZRTOS-F7.1.1.0
2026-01-08 16:08:29,709 [WARN] PackLoader:240 - Cannot read IP mode file for STMicroelectronics.FP-SNS-MOTENV1.5.1.0
2026-01-08 16:08:29,732 [WARN] PackLoader:240 - Cannot read IP mode file for Infineon.AIROC-Wi-Fi-Bluetooth-STM32.1.7.1
2026-01-08 16:08:29,755 [WARN] PackLoader:240 - Cannot read IP mode file for STMicroelectronics.X-CUBE-AZRTOS-H7.3.4.0
2026-01-08 16:08:29,764 [WARN] PackLoader:240 - Cannot read IP mode file for STMicroelectronics.X-CUBE-DISPLAY.3.0.0
2026-01-08 16:08:29,777 [WARN] PackLoader:240 - Cannot read IP mode file for STMicroelectronics.X-CUBE-NFC10.1.0.0
2026-01-08 16:08:29,790 [WARN] PackLoader:240 - Cannot read IP mode file for STMicroelectronics.X-CUBE-BLEMGR.4.0.0
2026-01-08 16:08:29,797 [WARN] PackLoader:240 - Cannot read IP mode file for STMicroelectronics.X-CUBE-ST60.1.1.0
2026-01-08 16:08:29,801 [WARN] PackLoader:240 - Cannot read IP mode file for emotas.I-CUBE-CANOPEN.1.3.0
2026-01-08 16:08:29,805 [WARN] PackLoader:240 - Cannot read IP mode file for STMicroelectronics.X-CUBE-GNSS1.7.1.0
2026-01-08 16:08:29,808 [WARN] ConditionMgr:438 - getConditionDescription Invalid condition id : Cortex-A Device cause : null
2026-01-08 16:08:29,819 [WARN] ConditionMgr:1044 - genDependencies : Invalid condition id : Cortex-A Device cause : null
2026-01-08 16:08:29,819 [WARN] ConditionMgr:1044 - genDependencies : Invalid condition id : Cortex-A Device cause : null
2026-01-08 16:08:29,819 [WARN] ConditionMgr:1044 - genDependencies : Invalid condition id : Cortex-A Device cause : null
2026-01-08 16:08:29,825 [WARN] PackLoader:240 - Cannot read IP mode file for STMicroelectronics.FP-SNS-STBOX1.2.1.0
2026-01-08 16:08:29,829 [WARN] PackLoader:240 - Cannot read IP mode file for STMicroelectronics.FP-SNS-SMARTAG2.1.2.0
2026-01-08 16:08:29,831 [WARN] PackLoader:240 - Cannot read IP mode file for STMicroelectronics.FP-SNS-FLIGHT1.5.1.0
2026-01-08 16:08:29,837 [INFO] LogOutputStream:77 - [STDOUT_REDIRECT] 1 : Invalid condition id : UX_CORESTACK_Condition cause : null
2026-01-08 16:08:29,838 [INFO] LogOutputStream:77 - [STDOUT_REDIRECT] 1 : Invalid condition id : UX_CORESTACK_Condition cause : null
2026-01-08 16:08:29,838 [INFO] LogOutputStream:77 - [STDOUT_REDIRECT] 1 : Invalid condition id : UX_CORESTACK_Condition cause : null
2026-01-08 16:08:29,838 [INFO] LogOutputStream:77 - [STDOUT_REDIRECT] 1 : Invalid condition id : UX_CORESTACK_Condition cause : null
2026-01-08 16:08:29,839 [INFO] LogOutputStream:77 - [STDOUT_REDIRECT] 1 : Invalid condition id : UX_CORESTACK_Condition cause : null
2026-01-08 16:08:29,841 [WARN] PackLoader:240 - Cannot read IP mode file for STMicroelectronics.X-CUBE-AZRTOS-WL.2.0.0
2026-01-08 16:08:29,844 [WARN] PackLoader:240 - Cannot read IP mode file for STMicroelectronics.FP-SNS-MOTENV1.5.0.0
2026-01-08 16:08:29,873 [WARN] PackLoader:240 - Cannot read IP mode file for STMicroelectronics.X-CUBE-AZRTOS-H7RS.1.2.0
2026-01-08 16:08:29,889 [WARN] PackLoader:240 - Cannot read IP mode file for WES.I-CUBE-Cesium.1.3.0
2026-01-08 16:08:29,896 [WARN] PackLoader:240 - Cannot read IP mode file for STMicroelectronics.X-CUBE-BLE2.3.3.0
2026-01-08 16:08:29,911 [WARN] PackLoader:240 - Cannot read IP mode file for STMicroelectronics.X-CUBE-NFC9.1.0.0
2026-01-08 16:08:29,917 [WARN] PackLoader:240 - Cannot read IP mode file for wolfSSL.I-CUBE-wolfSSL.5.8.0
2026-01-08 16:08:29,921 [WARN] PackLoader:240 - Cannot read IP mode file for STMicroelectronics.X-CUBE-BLE1.7.1.0
2026-01-08 16:08:29,925 [WARN] PackLoader:240 - Cannot read IP mode file for wolfSSL.I-CUBE-wolfMQTT.1.19.2
2026-01-08 16:08:29,932 [WARN] PackLoader:240 - Cannot read IP mode file for STMicroelectronics.X-CUBE-FREERTOS.1.4.0
2026-01-08 16:08:29,940 [WARN] PackLoader:240 - Cannot read IP mode file for STMicroelectronics.X-CUBE-EEPRMA1.5.2.0
2026-01-08 16:08:29,948 [WARN] PackLoader:240 - Cannot read IP mode file for STMicroelectronics.X-CUBE-ST67W61.1.1.0
2026-01-08 16:08:29,973 [WARN] PackLoader:240 - Cannot read IP mode file for STMicroelectronics.X-CUBE-AI.10.1.0
2026-01-08 16:08:30,029 [WARN] PackLoader:240 - Cannot read IP mode file for STMicroelectronics.X-CUBE-MEMS1.12.0.0
2026-01-08 16:08:30,148 [WARN] PackLoader:240 - Cannot read IP mode file for STMicroelectronics.X-CUBE-AZRTOS-G0.1.1.0
2026-01-08 16:08:30,155 [WARN] PackLoader:240 - Cannot read IP mode file for STMicroelectronics.X-CUBE-SAFEA1.1.2.2
2026-01-08 16:08:30,167 [WARN] PackLoader:240 - Cannot read IP mode file for STMicroelectronics.X-CUBE-NFC4.3.0.0
2026-01-08 16:08:30,173 [WARN] PackLoader:240 - Cannot read IP mode file for EmbeddedOffice.I-CUBE-FS-RTOS.1.0.1
2026-01-08 16:08:30,176 [WARN] PackLoader:240 - Cannot read IP mode file for STMicroelectronics.X-CUBE-WB05N.2.0.0
2026-01-08 16:08:30,178 [WARN] PackLoader:240 - Cannot read IP mode file for wolfSSL.I-CUBE-wolfTPM.3.8.0
2026-01-08 16:08:30,182 [WARN] PackLoader:240 - Cannot read IP mode file for STMicroelectronics.X-CUBE-TCPP.4.2.0
2026-01-08 16:08:30,186 [WARN] PackLoader:240 - Cannot read IP mode file for RealThread.X-CUBE-RT-Thread_Nano.4.1.1
2026-01-08 16:08:30,189 [WARN] PackLoader:240 - Cannot read IP mode file for STMicroelectronics.FP-ATR-SIGFOX1.3.2.0
2026-01-08 16:08:30,194 [WARN] PackLoader:240 - Cannot read IP mode file for STMicroelectronics.X-CUBE-EEPRMA1.5.1.0
2026-01-08 16:08:30,198 [WARN] PackLoader:240 - Cannot read IP mode file for ITTIA_DB.I-CUBE-ITTIADB.8.9.0
2026-01-08 16:08:30,202 [WARN] PackLoader:240 - Cannot read IP mode file for STMicroelectronics.X-CUBE-ST67W61.1.0.0
2026-01-08 16:08:30,204 [WARN] PackLoader:240 - Cannot read IP mode file for STMicroelectronics.X-CUBE-AI.10.2.0
2026-01-08 16:08:30,221 [WARN] PackLoader:240 - Cannot read IP mode file for SEGGER.I-CUBE-embOS.1.3.1
2026-01-08 16:08:30,252 [WARN] PackLoader:240 - Cannot read IP mode file for STMicroelectronics.X-CUBE-ALGOBUILD.1.4.0
2026-01-08 16:08:30,279 [WARN] PackLoader:240 - Cannot read IP mode file for STMicroelectronics.X-CUBE-MEMS1.11.3.0
2026-01-08 16:08:30,359 [WARN] PackLoader:240 - Cannot read IP mode file for STMicroelectronics.X-CUBE-PM33A1.1.0.0
2026-01-08 16:08:30,369 [WARN] PackLoader:240 - Cannot read IP mode file for STMicroelectronics.X-CUBE-AZRTOS-F4.1.1.0
2026-01-08 16:08:30,374 [WARN] PackLoader:240 - Cannot read IP mode file for Avnet-IotConnect.X-CUBE-IoTC-DA16k-PMOD.1.0.0
2026-01-08 16:08:30,377 [WARN] PackLoader:240 - Cannot read IP mode file for STMicroelectronics.X-CUBE-ISPU.2.1.0
2026-01-08 16:08:30,387 [WARN] PackLoader:240 - Cannot read IP mode file for STMicroelectronics.X-CUBE-IPS.3.2.0
2026-01-08 16:08:30,396 [WARN] PackLoader:240 - Cannot read IP mode file for STMicroelectronics.X-CUBE-NFC12.1.0.0
2026-01-08 16:08:30,406 [WARN] PackLoader:240 - Cannot read IP mode file for STMicroelectronics.X-CUBE-AZRTOS-L5.2.0.0
2026-01-08 16:08:30,411 [WARN] PackLoader:240 - Cannot read IP mode file for STMicroelectronics.X-CUBE-NFC6.3.1.0
2026-01-08 16:08:30,415 [WARN] PackLoader:240 - Cannot read IP mode file for STMicroelectronics.X-CUBE-FREERTOS.1.3.1
2026-01-08 16:08:30,418 [WARN] PackLoader:240 - Cannot read IP mode file for STMicroelectronics.X-CUBE-TOUCHGFX.4.26.0
2026-01-08 16:08:30,420 [WARN] PackLoader:240 - Cannot read IP mode file for STMicroelectronics.FP-SNS-STAIOTCFT.1.0.0
2026-01-08 16:08:30,423 [WARN] PackLoader:240 - Cannot read IP mode file for STMicroelectronics.X-CUBE-DPower.1.3.0
2026-01-08 16:08:30,433 [WARN] ConditionMgr:438 - getConditionDescription Invalid condition id : LAN8742 Phy interface Condition cause : null
2026-01-08 16:08:30,434 [WARN] PackLoader:240 - Cannot read IP mode file for STMicroelectronics.X-CUBE-AZRTOS-L4.2.0.0
2026-01-08 16:08:30,447 [WARN] ConditionMgr:1044 - genDependencies : Invalid condition id : LAN8742 Phy interface Condition cause : null
2026-01-08 16:08:30,448 [WARN] ConditionMgr:1044 - genDependencies : Invalid condition id : LAN8742 Phy interface Condition cause : null
2026-01-08 16:08:30,449 [WARN] ConditionMgr:1044 - genDependencies : Invalid condition id : LAN8742 Phy interface Condition cause : null
2026-01-08 16:08:30,457 [WARN] PackLoader:240 - Cannot read IP mode file for STMicroelectronics.X-CUBE-SFXS2LP1.4.0.0
2026-01-08 16:08:30,468 [WARN] PackLoader:240 - Cannot read IP mode file for STMicroelectronics.X-CUBE-BLEMGR.4.1.0
2026-01-08 16:08:30,485 [WARN] ConditionMgr:438 - getConditionDescription Invalid condition id : UX DEVICE CLASS RTOS Condition cause : null
2026-01-08 16:08:30,485 [WARN] ConditionMgr:438 - getConditionDescription Invalid condition id : UX DEVICE CLASS RTOS Condition cause : null
2026-01-08 16:08:30,488 [WARN] PackLoader:240 - Cannot read IP mode file for STMicroelectronics.X-CUBE-AZRTOS-WB.2.0.0
2026-01-08 16:08:30,488 [WARN] ConditionMgr:1044 - genDependencies : Invalid condition id : UX DEVICE CLASS RTOS Condition cause : null
2026-01-08 16:08:30,488 [WARN] ConditionMgr:1044 - genDependencies : Invalid condition id : UX DEVICE CLASS RTOS Condition cause : null
2026-01-08 16:08:30,489 [WARN] ConditionMgr:1044 - genDependencies : Invalid condition id : UX DEVICE CLASS RTOS Condition cause : null
2026-01-08 16:08:30,489 [WARN] ConditionMgr:1044 - genDependencies : Invalid condition id : UX DEVICE CLASS RTOS Condition cause : null
2026-01-08 16:08:30,489 [WARN] ConditionMgr:1044 - genDependencies : Invalid condition id : UX DEVICE CLASS RTOS Condition cause : null
2026-01-08 16:08:30,494 [WARN] PackLoader:240 - Cannot read IP mode file for STMicroelectronics.X-CUBE-GNSS1.7.0.1
2026-01-08 16:08:30,497 [WARN] PackLoader:240 - Cannot read IP mode file for STMicroelectronics.X-CUBE-TOUCHGFX.4.25.0
2026-01-08 16:08:30,502 [WARN] PackLoader:240 - Cannot read IP mode file for STMicroelectronics.FP-SNS-STBOX1.2.0.0
2026-01-08 16:08:30,514 [WARN] PackLoader:240 - Cannot read IP mode file for STMicroelectronics.X-CUBE-SUBG2.5.0.0
2026-01-08 16:08:30,537 [WARN] PackLoader:240 - Cannot read IP mode file for STMicroelectronics.X-CUBE-AZRTOS-H7RS.1.1.0
2026-01-08 16:08:30,564 [WARN] PackLoader:240 - Cannot read IP mode file for Cesanta.I-CUBE-Mongoose.7.13.0
2026-01-08 16:08:30,581 [WARN] PackLoader:240 - Cannot read IP mode file for STMicroelectronics.X-CUBE-AZRTOS-G4.2.0.0
2026-01-08 16:08:30,586 [WARN] PackLoader:240 - Cannot read IP mode file for wolfSSL.I-CUBE-wolfSSH.1.4.20
2026-01-08 16:08:30,590 [WARN] PackLoader:240 - Cannot read IP mode file for STMicroelectronics.X-CUBE-NFC7.2.0.0
2026-01-08 16:08:30,603 [WARN] PackLoader:240 - Cannot read IP mode file for STMicroelectronics.X-CUBE-IPS.3.1.0
2026-01-08 16:08:30,614 [WARN] PackLoader:240 - Cannot read IP mode file for STMicroelectronics.X-CUBE-ALS.1.0.2
2026-01-08 16:08:30,620 [WARN] PackLoader:240 - Cannot read IP mode file for STMicroelectronics.X-CUBE-STSE01.1.0.0
2026-01-08 16:08:30,626 [WARN] PackLoader:240 - Cannot read IP mode file for portGmbH.I-Cube-SoM-uGOAL.1.1.0
2026-01-08 16:08:30,640 [WARN] PackLoader:240 - Cannot read IP mode file for STMicroelectronics.X-CUBE-TOF1.3.4.3
2026-01-08 16:08:30,653 [INFO] ThirdParty:978 - Integrity check success = true
2026-01-08 16:08:30,653 [INFO] IntegrityCheckThread:100 - exiting critical section [integrity check]
2026-01-08 16:08:30,653 [INFO] IntegrityCheckThread:103 - End integrity checks thread
2026-01-08 16:08:31,131 [INFO] WebApp:191 - Connection restablished
2026-01-08 16:09:30,080 [ERROR] LogOutputStream:75 - [STDERR_REDIRECT] 
