2026-04-06 11:02:37,510 [INFO] Activator:176 - 


2026-04-06 11:02:37,514 [INFO] Activator:177 - !SESSION log4j initialized
2026-04-06 11:02:48,524 [INFO] LogOutputStream:77 - [STDOUT_REDIRECT] 
2026-04-06 11:02:52,748 [INFO] ApplicationProperties:184 - Using Application install path: /opt/st/stm32cubeide_1.19.0/plugins/com.st.stm32cube.common.mx_6.15.0.202507011659
2026-04-06 11:02:52,766 [INFO] DbMcusXml:78 - Set database path to: /opt/st/stm32cubeide_1.19.0/plugins/com.st.stm32cube.common.mx_6.15.0.202507011659//db//mcu/
2026-04-06 11:02:52,766 [INFO] ApiDb:274 - Set plugin database path to: /opt/st/stm32cubeide_1.19.0/plugins/com.st.stm32cube.common.mx_6.15.0.202507011659//db//plugins/boardmanager/
2026-04-06 11:02:52,766 [WARN] ApiDb:259 - Overriding images path with different value:  => /opt/st/stm32cubeide_1.19.0/plugins/com.st.stm32cube.common.mx_6.15.0.202507011659//db//plugins/mcufinder/images/
2026-04-06 11:02:52,770 [INFO] ApiDb:250 - Set database path to: /home/sunbeam/.stmcufinder/plugins/mcufinder//mcu/
2026-04-06 11:02:52,772 [INFO] DbMcusAds:125 - Set database path to: /home/sunbeam/.stmcufinder/plugins/mcufinder//mcu/
2026-04-06 11:02:52,879 [INFO] CrossReferenceDbSqlite:203 - Set database path to: /home/sunbeam/.stmcufinder/plugins/mcufinder//mcu/cs/
2026-04-06 11:02:53,049 [INFO] RulesReader:64 - Compatibility file has been processed (317 Rules)
2026-04-06 11:02:53,114 [INFO] DbMcusXml:78 - Set database path to: /opt/st/stm32cubeide_1.19.0/plugins/com.st.stm32cube.common.mx_6.15.0.202507011659//db//mcu/
2026-04-06 11:02:53,114 [INFO] ApiDb:274 - Set plugin database path to: /opt/st/stm32cubeide_1.19.0/plugins/com.st.stm32cube.common.mx_6.15.0.202507011659//db//plugins/boardmanager/
2026-04-06 11:02:53,114 [INFO] ApiDb:261 - Set plugin images path to: /opt/st/stm32cubeide_1.19.0/plugins/com.st.stm32cube.common.mx_6.15.0.202507011659//db//plugins/mcufinder/images/
2026-04-06 11:02:53,115 [WARN] DbFile:41 - Overriding database path with different value: /home/sunbeam/.stmcufinder/plugins/mcufinder/ => /home/sunbeam/.stmcufinder/plugins/mcufinder
2026-04-06 11:02:53,115 [INFO] ApiDb:250 - Set database path to: /home/sunbeam/.stmcufinder/plugins/mcufinder//mcu/
2026-04-06 11:02:53,115 [WARN] DbFile:41 - Overriding database path with different value: /home/sunbeam/.stmcufinder/plugins/mcufinder/ => /home/sunbeam/.stmcufinder/plugins/mcufinder
2026-04-06 11:02:53,115 [INFO] DbMcusAds:125 - Set database path to: /home/sunbeam/.stmcufinder/plugins/mcufinder//mcu/
2026-04-06 11:02:53,115 [WARN] DbFile:41 - Overriding database path with different value: /home/sunbeam/.stmcufinder/plugins/mcufinder/ => /home/sunbeam/.stmcufinder/plugins/mcufinder
2026-04-06 11:02:53,115 [WARN] DbFile:41 - Overriding database path with different value: /home/sunbeam/.stmcufinder/plugins/mcufinder/ => /home/sunbeam/.stmcufinder/plugins/mcufinder
2026-04-06 11:02:53,182 [INFO] CrossReferenceDbSqlite:203 - Set database path to: /home/sunbeam/.stmcufinder/plugins/mcufinder//mcu/cs/
2026-04-06 11:02:53,254 [INFO] MainPanel:274 - HeapMemory: 268435456
2026-04-06 11:02:53,386 [INFO] DbMcusXml:78 - Set database path to: /opt/st/stm32cubeide_1.19.0/plugins/com.st.stm32cube.common.mx_6.15.0.202507011659//db//mcu/
2026-04-06 11:02:53,387 [INFO] ApiDb:274 - Set plugin database path to: /opt/st/stm32cubeide_1.19.0/plugins/com.st.stm32cube.common.mx_6.15.0.202507011659//db//plugins/boardmanager/
2026-04-06 11:02:53,387 [INFO] ApiDb:261 - Set plugin images path to: /opt/st/stm32cubeide_1.19.0/plugins/com.st.stm32cube.common.mx_6.15.0.202507011659//db//plugins/mcufinder/images/
2026-04-06 11:02:53,387 [WARN] DbFile:41 - Overriding database path with different value: /home/sunbeam/.stmcufinder/plugins/mcufinder/ => /home/sunbeam/.stmcufinder/plugins/mcufinder
2026-04-06 11:02:53,387 [INFO] ApiDb:250 - Set database path to: /home/sunbeam/.stmcufinder/plugins/mcufinder//mcu/
2026-04-06 11:02:53,387 [WARN] DbFile:41 - Overriding database path with different value: /home/sunbeam/.stmcufinder/plugins/mcufinder/ => /home/sunbeam/.stmcufinder/plugins/mcufinder
2026-04-06 11:02:53,387 [INFO] DbMcusAds:125 - Set database path to: /home/sunbeam/.stmcufinder/plugins/mcufinder//mcu/
2026-04-06 11:02:53,388 [WARN] DbFile:41 - Overriding database path with different value: /home/sunbeam/.stmcufinder/plugins/mcufinder/ => /home/sunbeam/.stmcufinder/plugins/mcufinder
2026-04-06 11:02:53,388 [WARN] DbFile:41 - Overriding database path with different value: /home/sunbeam/.stmcufinder/plugins/mcufinder/ => /home/sunbeam/.stmcufinder/plugins/mcufinder
2026-04-06 11:02:53,486 [INFO] CrossReferenceDbSqlite:203 - Set database path to: /home/sunbeam/.stmcufinder/plugins/mcufinder//mcu/cs/
2026-04-06 11:02:53,514 [INFO] ApplicationProperties:184 - Using Application install path: /opt/st/stm32cubeide_1.19.0/plugins/com.st.stm32cube.common.mx_6.15.0.202507011659
2026-04-06 11:02:53,517 [INFO] PluginManage:196 - Search for loadable plugins [exclusion list=, ]
2026-04-06 11:02:53,519 [INFO] PluginManage:310 - Check plugin analytics
2026-04-06 11:02:54,036 [INFO] AnalyticsPlugin:253 - Accepted Software Licenses: 
2026-04-06 11:02:54,037 [INFO] AnalyticsPlugin:255 - Accepted CMSIS Pack Licenses: 
2026-04-06 11:02:54,037 [INFO] AnalyticsPlugin:257 - Accepted Firmware Licenses: FW.F4.1.28.0
2026-04-06 11:02:54,042 [INFO] PluginManage:359 - Loaded plugin analytics (category:tool,tabindex:-1)
2026-04-06 11:02:54,043 [INFO] PluginManage:310 - Check plugin cadmodel
2026-04-06 11:02:54,050 [INFO] CADModel:105 - Init CAD model plugin
2026-04-06 11:02:54,050 [INFO] PluginManage:359 - Loaded plugin cadmodel (category:power,tabindex:5)
2026-04-06 11:02:54,051 [INFO] PluginManage:310 - Check plugin clock
2026-04-06 11:02:54,063 [INFO] PluginManage:359 - Loaded plugin clock (category:base,tabindex:2)
2026-04-06 11:02:54,064 [INFO] PluginManage:310 - Check plugin ddr
2026-04-06 11:02:54,067 [INFO] PluginManage:359 - Loaded plugin ddr (category:tool,tabindex:6)
2026-04-06 11:02:54,067 [INFO] PluginManage:310 - Check plugin filemanager
2026-04-06 11:02:54,233 [INFO] PluginManage:359 - Loaded plugin filemanager (category:base,tabindex:10)
2026-04-06 11:02:54,233 [INFO] PluginManage:310 - Check plugin ipmanager
2026-04-06 11:02:54,238 [INFO] PluginManage:359 - Loaded plugin ipmanager (category:base,tabindex:5)
2026-04-06 11:02:54,239 [INFO] PluginManage:310 - Check plugin lpbam
2026-04-06 11:02:54,249 [INFO] PluginManage:359 - Loaded plugin lpbam (category:base,tabindex:0)
2026-04-06 11:02:54,250 [INFO] PluginManage:310 - Check plugin memorymap
2026-04-06 11:02:54,260 [INFO] PluginManage:359 - Loaded plugin memorymap (category:base,tabindex:4)
2026-04-06 11:02:54,260 [INFO] PluginManage:310 - Check plugin pinoutandconfiguration
2026-04-06 11:02:54,268 [INFO] PluginManage:359 - Loaded plugin pinoutandconfiguration (category:base,tabindex:1)
2026-04-06 11:02:54,268 [INFO] PluginManage:310 - Check plugin pinoutconfig
2026-04-06 11:02:54,362 [WARN] SupportedApi:132 - Cannot load RTOS API schema: s4s-elt-must-match.1: The content of 'definitions' must match (annotation?, (simpleType | complexType)?, (unique | key | keyref)*)). A problem was found starting at: attribute.
2026-04-06 11:02:54,489 [INFO] PluginManage:359 - Loaded plugin pinoutconfig (category:base,tabindex:0)
2026-04-06 11:02:54,489 [INFO] PluginManage:310 - Check plugin power
2026-04-06 11:02:54,496 [INFO] PluginManage:359 - Loaded plugin power (category:power,tabindex:4)
2026-04-06 11:02:54,496 [INFO] PluginManage:310 - Check plugin projectmanager
2026-04-06 11:02:54,511 [INFO] PluginManage:359 - Loaded plugin projectmanager (category:projectmanager,tabindex:4)
2026-04-06 11:02:54,511 [INFO] PluginManage:310 - Check plugin rif
2026-04-06 11:02:54,521 [INFO] PluginManage:359 - Loaded plugin rif (category:base,tabindex:3)
2026-04-06 11:02:54,521 [INFO] PluginManage:310 - Check plugin thirdparty
2026-04-06 11:02:54,633 [WARN] IntegrityCheckThread:84 - waiting for thirdparty lock release [integrity check]
2026-04-06 11:02:54,633 [INFO] PluginManage:359 - Loaded plugin thirdparty (category:base,tabindex:-1)
2026-04-06 11:02:54,633 [INFO] IntegrityCheckThread:86 - entering critical section [integrity check]
2026-04-06 11:02:54,633 [INFO] PluginManage:310 - Check plugin tools
2026-04-06 11:02:54,633 [INFO] ThirdPartyUpdaterWithRetryManager:70 - Updater plugin not ready yet. [1/15]
2026-04-06 11:02:54,636 [INFO] PluginManage:359 - Loaded plugin tools (category:base,tabindex:7)
2026-04-06 11:02:54,636 [INFO] PluginManage:310 - Check plugin tutovideos
2026-04-06 11:02:54,817 [INFO] PluginManage:359 - Loaded plugin tutovideos (category:base,tabindex:-1)
2026-04-06 11:02:54,817 [INFO] PluginManage:310 - Check plugin updater
2026-04-06 11:02:54,837 [INFO] PluginManage:359 - Loaded plugin updater (category:base,tabindex:12)
2026-04-06 11:02:54,837 [INFO] PluginManage:310 - Check plugin userauth
2026-04-06 11:02:54,841 [INFO] UserAuth:118 - Init User Auth plugin
2026-04-06 11:02:54,841 [INFO] PluginManage:359 - Loaded plugin userauth (category:base,tabindex:14)
2026-04-06 11:02:54,842 [INFO] PluginManage:283 - PluginManage : Loaded plugins [18]
2026-04-06 11:02:54,999 [INFO] PinOutPanel:1589 - setPackage(No Configuration,No Configuration)
2026-04-06 11:02:55,063 [INFO] CADModel:165 - CPN selected for project level
2026-04-06 11:02:55,063 [INFO] CADModel:114 - Register for checkConnection events
2026-04-06 11:02:55,072 [INFO] IPUIPlugin:80 - create IPUIPlugin
2026-04-06 11:02:55,072 [INFO] PluginManager:220 - loadIPPluginJar : add dfsdm
2026-04-06 11:02:55,076 [INFO] IPUIPlugin:80 - create IPUIPlugin
2026-04-06 11:02:55,076 [INFO] PluginManager:220 - loadIPPluginJar : add gfxmmu
2026-04-06 11:02:55,078 [INFO] IPUIPlugin:80 - create IPUIPlugin
2026-04-06 11:02:55,078 [INFO] PluginManager:220 - loadIPPluginJar : add i3c
2026-04-06 11:02:55,081 [INFO] IPUIPlugin:80 - create IPUIPlugin
2026-04-06 11:02:55,081 [INFO] PluginManager:220 - loadIPPluginJar : add sai
2026-04-06 11:02:55,086 [INFO] IPUIPlugin:80 - create IPUIPlugin
2026-04-06 11:02:55,087 [INFO] PluginManager:220 - loadIPPluginJar : add dma
2026-04-06 11:02:55,088 [INFO] IPUIPlugin:80 - create IPUIPlugin
2026-04-06 11:02:55,088 [INFO] PluginManager:220 - loadIPPluginJar : add quadspi
2026-04-06 11:02:55,092 [INFO] IPUIPlugin:80 - create IPUIPlugin
2026-04-06 11:02:55,092 [INFO] PluginManager:220 - loadIPPluginJar : add opamp
2026-04-06 11:02:55,093 [INFO] IPUIPlugin:80 - create IPUIPlugin
2026-04-06 11:02:55,094 [INFO] PluginManager:220 - loadIPPluginJar : add comp
2026-04-06 11:02:55,098 [INFO] IPUIPlugin:80 - create IPUIPlugin
2026-04-06 11:02:55,101 [INFO] PluginManager:220 - loadIPPluginJar : add plateformsettings
2026-04-06 11:02:55,104 [INFO] IPUIPlugin:80 - create IPUIPlugin
2026-04-06 11:02:55,104 [INFO] PluginManager:220 - loadIPPluginJar : add ltdc
2026-04-06 11:02:55,107 [INFO] IPUIPlugin:80 - create IPUIPlugin
2026-04-06 11:02:55,107 [INFO] PluginManager:220 - loadIPPluginJar : add nvic
2026-04-06 11:02:55,108 [INFO] IPUIPlugin:80 - create IPUIPlugin
2026-04-06 11:02:55,109 [INFO] PluginManager:220 - loadIPPluginJar : add fatfs
2026-04-06 11:02:55,112 [INFO] IPUIPlugin:80 - create IPUIPlugin
2026-04-06 11:02:55,112 [INFO] PluginManager:220 - loadIPPluginJar : add gpio
2026-04-06 11:02:55,114 [INFO] IPUIPlugin:80 - create IPUIPlugin
2026-04-06 11:02:55,114 [INFO] PluginManager:220 - loadIPPluginJar : add aes
2026-04-06 11:02:55,119 [INFO] IPUIPlugin:80 - create IPUIPlugin
2026-04-06 11:02:55,119 [INFO] PluginManager:220 - loadIPPluginJar : add mdma
2026-04-06 11:02:55,121 [INFO] IPUIPlugin:80 - create IPUIPlugin
2026-04-06 11:02:55,121 [INFO] PluginManager:220 - loadIPPluginJar : add pdm2pcm
2026-04-06 11:02:55,128 [INFO] IPUIPlugin:80 - create IPUIPlugin
2026-04-06 11:02:55,128 [INFO] PluginManager:220 - loadIPPluginJar : add linkedlist
2026-04-06 11:02:55,131 [INFO] IPUIPlugin:80 - create IPUIPlugin
2026-04-06 11:02:55,131 [INFO] PluginManager:220 - loadIPPluginJar : add usart
2026-04-06 11:02:55,133 [INFO] IPUIPlugin:80 - create IPUIPlugin
2026-04-06 11:02:55,133 [INFO] PluginManager:220 - loadIPPluginJar : add i2c
2026-04-06 11:02:55,135 [INFO] IPUIPlugin:80 - create IPUIPlugin
2026-04-06 11:02:55,136 [INFO] PluginManager:220 - loadIPPluginJar : add lorawan
2026-04-06 11:02:55,139 [INFO] IPUIPlugin:80 - create IPUIPlugin
2026-04-06 11:02:55,139 [INFO] PluginManager:220 - loadIPPluginJar : add usbx
2026-04-06 11:02:55,143 [INFO] IPUIPlugin:80 - create IPUIPlugin
2026-04-06 11:02:55,143 [INFO] PluginManager:220 - loadIPPluginJar : add fmc
2026-04-06 11:02:55,146 [INFO] IPUIPlugin:80 - create IPUIPlugin
2026-04-06 11:02:55,146 [INFO] PluginManager:220 - loadIPPluginJar : add extmemmanager
2026-04-06 11:02:55,151 [INFO] IPUIPlugin:80 - create IPUIPlugin
2026-04-06 11:02:55,151 [INFO] PluginManager:220 - loadIPPluginJar : add freertos
2026-04-06 11:02:55,155 [INFO] IPUIPlugin:80 - create IPUIPlugin
2026-04-06 11:02:55,155 [INFO] PluginManager:220 - loadIPPluginJar : add can
2026-04-06 11:02:55,157 [INFO] IPUIPlugin:80 - create IPUIPlugin
2026-04-06 11:02:55,158 [INFO] PluginManager:220 - loadIPPluginJar : add touchsensing
2026-04-06 11:02:55,160 [INFO] IPUIPlugin:80 - create IPUIPlugin
2026-04-06 11:02:55,160 [INFO] PluginManager:220 - loadIPPluginJar : add tracer_emb
2026-04-06 11:02:55,161 [INFO] IPUIPlugin:80 - create IPUIPlugin
2026-04-06 11:02:55,161 [INFO] PluginManager:220 - loadIPPluginJar : add ucpd
2026-04-06 11:02:55,163 [INFO] IPUIPlugin:80 - create IPUIPlugin
2026-04-06 11:02:55,163 [INFO] PluginManager:220 - loadIPPluginJar : add ts
2026-04-06 11:02:55,164 [INFO] IPUIPlugin:80 - create IPUIPlugin
2026-04-06 11:02:55,164 [INFO] PluginManager:220 - loadIPPluginJar : add tsc
2026-04-06 11:02:55,167 [INFO] IPUIPlugin:80 - create IPUIPlugin
2026-04-06 11:02:55,167 [INFO] PluginManager:220 - loadIPPluginJar : add resmgrutility
2026-04-06 11:02:55,169 [INFO] IPUIPlugin:80 - create IPUIPlugin
2026-04-06 11:02:55,169 [INFO] PluginManager:220 - loadIPPluginJar : add cryp
2026-04-06 11:02:55,171 [INFO] IPUIPlugin:80 - create IPUIPlugin
2026-04-06 11:02:55,171 [INFO] PluginManager:220 - loadIPPluginJar : add openamp
2026-04-06 11:02:55,176 [INFO] IPUIPlugin:80 - create IPUIPlugin
2026-04-06 11:02:55,177 [INFO] PluginManager:220 - loadIPPluginJar : add adc
2026-04-06 11:02:55,178 [INFO] IPUIPlugin:80 - create IPUIPlugin
2026-04-06 11:02:55,179 [INFO] PluginManager:220 - loadIPPluginJar : add spi
2026-04-06 11:02:55,182 [INFO] IPUIPlugin:80 - create IPUIPlugin
2026-04-06 11:02:55,182 [INFO] PluginManager:220 - loadIPPluginJar : add ipddr
2026-04-06 11:02:55,188 [INFO] IPUIPlugin:80 - create IPUIPlugin
2026-04-06 11:02:55,189 [INFO] PluginManager:220 - loadIPPluginJar : add stm32_wpan
2026-04-06 11:02:55,193 [INFO] IPUIPlugin:80 - create IPUIPlugin
2026-04-06 11:02:55,193 [INFO] PluginManager:220 - loadIPPluginJar : add gic
2026-04-06 11:02:55,196 [INFO] IPUIPlugin:80 - create IPUIPlugin
2026-04-06 11:02:55,196 [INFO] PluginManager:220 - loadIPPluginJar : add ddr_ctrl_phy
2026-04-06 11:02:55,198 [INFO] IPUIPlugin:80 - create IPUIPlugin
2026-04-06 11:02:55,198 [INFO] PluginManager:220 - loadIPPluginJar : add genericplugin
2026-04-06 11:02:55,200 [INFO] IPUIPlugin:80 - create IPUIPlugin
2026-04-06 11:02:55,200 [INFO] PluginManager:220 - loadIPPluginJar : add hash
2026-04-06 11:02:55,201 [INFO] IPUIPlugin:80 - create IPUIPlugin
2026-04-06 11:02:55,201 [INFO] PluginManager:220 - loadIPPluginJar : add tim
2026-04-06 11:02:55,203 [INFO] IPUIPlugin:80 - create IPUIPlugin
2026-04-06 11:02:55,204 [INFO] PluginManager:220 - loadIPPluginJar : add radio
2026-04-06 11:02:55,208 [INFO] IPUIPlugin:80 - create IPUIPlugin
2026-04-06 11:02:55,208 [INFO] PluginManager:220 - loadIPPluginJar : add gtzc
2026-04-06 11:02:55,210 [INFO] IPUIPlugin:80 - create IPUIPlugin
2026-04-06 11:02:55,210 [INFO] PluginManager:220 - loadIPPluginJar : add i2s
2026-04-06 11:02:55,212 [INFO] IPUIPlugin:80 - create IPUIPlugin
2026-04-06 11:02:55,212 [INFO] PluginManager:220 - loadIPPluginJar : add dma3
2026-04-06 11:02:55,317 [FATAL] Updater:351 - Updater called before beeing initialized
2026-04-06 11:02:55,375 [INFO] RulesReader:64 - Compatibility file has been processed (317 Rules)
2026-04-06 11:02:55,394 [INFO] RulesReader:64 - Compatibility file has been processed (317 Rules)
2026-04-06 11:02:55,404 [INFO] CADModel:165 - CPN selected for project level
2026-04-06 11:02:55,405 [INFO] CADModel:114 - Register for checkConnection events
2026-04-06 11:02:55,405 [FATAL] Updater:351 - Updater called before beeing initialized
2026-04-06 11:02:55,405 [ERROR] CADModel:125 - Updater not yet initialized, retry later 
2026-04-06 11:02:55,546 [FATAL] Updater:351 - Updater called before beeing initialized
2026-04-06 11:02:55,547 [INFO] CADModel:165 - CPN selected for project level
2026-04-06 11:02:55,548 [INFO] CADModel:114 - Register for checkConnection events
2026-04-06 11:02:55,548 [FATAL] Updater:351 - Updater called before beeing initialized
2026-04-06 11:02:55,548 [ERROR] CADModel:125 - Updater not yet initialized, retry later 
2026-04-06 11:02:55,551 [FATAL] Updater:351 - Updater called before beeing initialized
2026-04-06 11:02:55,648 [FATAL] Updater:351 - Updater called before beeing initialized
2026-04-06 11:02:55,652 [INFO] DbMcusAds:53 - JSON generation date=Thu Mar 05 20:02:52 IST 2026 (1772721172890)
2026-04-06 11:02:55,652 [FATAL] Updater:351 - Updater called before beeing initialized
2026-04-06 11:02:55,684 [WARN] DetailPanel:346 - Failed to get advertising image, set to default
2026-04-06 11:02:55,782 [FATAL] Updater:351 - Updater called before beeing initialized
2026-04-06 11:02:55,784 [FATAL] Updater:351 - Updater called before beeing initialized
2026-04-06 11:02:55,784 [FATAL] Updater:351 - Updater called before beeing initialized
2026-04-06 11:02:55,784 [WARN] DetailPanel:346 - Failed to get advertising image, set to default
2026-04-06 11:02:55,786 [FATAL] Updater:351 - Updater called before beeing initialized
2026-04-06 11:02:55,842 [ERROR] Updater:1198 - MainUpdater not yet initialized. External WinMGr cannot be set.
2026-04-06 11:02:55,843 [INFO] Updater:1134 - Updater Version found : 6.15.0
2026-04-06 11:02:55,859 [INFO] ApplicationProperties:184 - Using Application install path: /opt/st/stm32cubeide_1.19.0/plugins/com.st.stm32cube.common.mx_6.15.0.202507011659
2026-04-06 11:02:56,244 [INFO] MainUpdater:2872 - connection check result : 10
2026-04-06 11:02:56,245 [INFO] MainUpdater:289 - Updater Check For Update Now.
2026-04-06 11:02:56,246 [INFO] MicroXplorer:498 - Change Database Version : DB.6.0.150
2026-04-06 11:02:56,253 [INFO] McuFinderGlobals:63 - Set McuFinder mode to 2 (CubeIDE integrated)
2026-04-06 11:02:56,253 [INFO] UserAuth:171 - activating auth plugin
2026-04-06 11:02:56,257 [INFO] UserAuth:487 - Internet connection configuration mode: 1
2026-04-06 11:02:56,280 [INFO] JxBrowserEngine:152 - Initiate JxBrowser Engine with user profile folder
2026-04-06 11:02:56,499 [INFO] CheckServerUpdateThread:120 - End of CheckServer Thread
2026-04-06 11:02:56,986 [INFO] WebApp:169 - Instantiating new browser for Auth
2026-04-06 11:02:57,806 [INFO] WebApp:463 - Apply proxy settings
2026-04-06 11:02:57,806 [INFO] WebApp:548 - Chromium requires no authentication
2026-04-06 11:02:57,815 [INFO] WebApp:491 - Direct internet connection detected
2026-04-06 11:02:57,846 [INFO] WebApp:900 - Register for checkConnection events
2026-04-06 11:02:57,847 [INFO] WebApp:463 - Apply proxy settings
2026-04-06 11:02:57,847 [INFO] WebApp:548 - Chromium requires no authentication
2026-04-06 11:02:57,848 [WARN] PackLoader:240 - Cannot read IP mode file for STMicroelectronics.X-CUBE-AZRTOS-H7.3.5.0
2026-04-06 11:02:57,848 [INFO] WebApp:491 - Direct internet connection detected
2026-04-06 11:02:57,860 [WARN] PackLoader:240 - Cannot read IP mode file for STMicroelectronics.FP-SNS-MOTENVWB1.1.4.0
2026-04-06 11:02:57,865 [WARN] PackLoader:240 - Cannot read IP mode file for STMicroelectronics.FP-ATR-ASTRA1.2.0.2
2026-04-06 11:02:57,872 [WARN] PackLoader:240 - Cannot read IP mode file for STMicroelectronics.X-CUBE-SMBUS.2.1.0
2026-04-06 11:02:57,876 [WARN] PackLoader:240 - Cannot read IP mode file for STMicroelectronics.X-CUBE-ST60.1.0.0
2026-04-06 11:02:57,904 [WARN] PackLoader:240 - Cannot read IP mode file for STMicroelectronics.X-CUBE-AZRTOS-F7.1.1.0
2026-04-06 11:02:57,913 [WARN] PackLoader:240 - Cannot read IP mode file for STMicroelectronics.FP-SNS-MOTENV1.5.1.0
2026-04-06 11:02:57,942 [WARN] PackLoader:240 - Cannot read IP mode file for Infineon.AIROC-Wi-Fi-Bluetooth-STM32.1.7.1
2026-04-06 11:02:57,974 [WARN] PackLoader:240 - Cannot read IP mode file for STMicroelectronics.X-CUBE-AZRTOS-H7.3.4.0
2026-04-06 11:02:57,986 [WARN] PackLoader:240 - Cannot read IP mode file for STMicroelectronics.X-CUBE-DISPLAY.3.0.0
2026-04-06 11:02:57,995 [WARN] PackLoader:240 - Cannot read IP mode file for STMicroelectronics.FP-SNS-MOTENVWB1.1.5.0
2026-04-06 11:02:58,003 [WARN] PackLoader:240 - Cannot read IP mode file for STMicroelectronics.X-CUBE-NFC10.1.0.0
2026-04-06 11:02:58,016 [WARN] PackLoader:240 - Cannot read IP mode file for STMicroelectronics.X-CUBE-BLEMGR.4.0.0
2026-04-06 11:02:58,024 [WARN] PackLoader:240 - Cannot read IP mode file for STMicroelectronics.X-CUBE-ST60.1.1.0
2026-04-06 11:02:58,029 [WARN] PackLoader:240 - Cannot read IP mode file for emotas.I-CUBE-CANOPEN.1.3.0
2026-04-06 11:02:58,035 [WARN] PackLoader:240 - Cannot read IP mode file for STMicroelectronics.X-CUBE-GNSS1.7.1.0
2026-04-06 11:02:58,035 [INFO] WebApp:225 - Starting web application
2026-04-06 11:02:58,035 [INFO] WebApp:593 - Web application path used /opt/st/stm32cubeide_1.19.0/plugins/com.st.stm32cube.common.mx_6.15.0.202507011659/db/plugins/mcufinder/reactClient1/index.html
2026-04-06 11:02:58,039 [WARN] ConditionMgr:438 - getConditionDescription Invalid condition id : Cortex-A Device cause : null
2026-04-06 11:02:58,053 [WARN] ConditionMgr:1044 - genDependencies : Invalid condition id : Cortex-A Device cause : null
2026-04-06 11:02:58,054 [WARN] ConditionMgr:1044 - genDependencies : Invalid condition id : Cortex-A Device cause : null
2026-04-06 11:02:58,054 [WARN] ConditionMgr:1044 - genDependencies : Invalid condition id : Cortex-A Device cause : null
2026-04-06 11:02:58,062 [WARN] PackLoader:240 - Cannot read IP mode file for STMicroelectronics.FP-SNS-STBOX1.2.1.0
2026-04-06 11:02:58,069 [WARN] PackLoader:240 - Cannot read IP mode file for STMicroelectronics.FP-SNS-SMARTAG2.1.2.0
2026-04-06 11:02:58,073 [WARN] PackLoader:240 - Cannot read IP mode file for STMicroelectronics.FP-SNS-FLIGHT1.5.1.0
2026-04-06 11:02:58,081 [INFO] LogOutputStream:77 - [STDOUT_REDIRECT] 1 : Invalid condition id : UX_CORESTACK_Condition cause : null
2026-04-06 11:02:58,082 [INFO] LogOutputStream:77 - [STDOUT_REDIRECT] 1 : Invalid condition id : UX_CORESTACK_Condition cause : null
2026-04-06 11:02:58,082 [INFO] LogOutputStream:77 - [STDOUT_REDIRECT] 1 : Invalid condition id : UX_CORESTACK_Condition cause : null
2026-04-06 11:02:58,082 [INFO] LogOutputStream:77 - [STDOUT_REDIRECT] 1 : Invalid condition id : UX_CORESTACK_Condition cause : null
2026-04-06 11:02:58,082 [INFO] LogOutputStream:77 - [STDOUT_REDIRECT] 1 : Invalid condition id : UX_CORESTACK_Condition cause : null
2026-04-06 11:02:58,086 [WARN] PackLoader:240 - Cannot read IP mode file for STMicroelectronics.X-CUBE-AZRTOS-WL.2.0.0
2026-04-06 11:02:58,091 [WARN] PackLoader:240 - Cannot read IP mode file for STMicroelectronics.FP-SNS-MOTENV1.5.0.0
2026-04-06 11:02:58,116 [WARN] PackLoader:240 - Cannot read IP mode file for STMicroelectronics.X-CUBE-AZRTOS-H7RS.1.2.0
2026-04-06 11:02:58,126 [WARN] PackLoader:240 - Cannot read IP mode file for WES.I-CUBE-Cesium.1.3.0
2026-04-06 11:02:58,131 [WARN] PackLoader:240 - Cannot read IP mode file for STMicroelectronics.X-CUBE-BLE2.3.3.0
2026-04-06 11:02:58,146 [WARN] PackLoader:240 - Cannot read IP mode file for STMicroelectronics.X-CUBE-NFC9.1.0.0
2026-04-06 11:02:58,151 [WARN] PackLoader:240 - Cannot read IP mode file for wolfSSL.I-CUBE-wolfSSL.5.8.0
2026-04-06 11:02:58,157 [WARN] PackLoader:240 - Cannot read IP mode file for STMicroelectronics.X-CUBE-BLE1.7.1.0
2026-04-06 11:02:58,161 [WARN] PackLoader:240 - Cannot read IP mode file for wolfSSL.I-CUBE-wolfMQTT.1.19.2
2026-04-06 11:02:58,167 [WARN] PackLoader:240 - Cannot read IP mode file for STMicroelectronics.X-CUBE-FREERTOS.1.4.0
2026-04-06 11:02:58,174 [WARN] PackLoader:240 - Cannot read IP mode file for STMicroelectronics.X-CUBE-EEPRMA1.5.2.0
2026-04-06 11:02:58,196 [WARN] PackLoader:240 - Cannot read IP mode file for STMicroelectronics.X-CUBE-ST67W61.1.1.0
2026-04-06 11:02:58,201 [WARN] PackLoader:240 - Cannot read IP mode file for STMicroelectronics.X-CUBE-AI.10.1.0
2026-04-06 11:02:58,243 [WARN] PackLoader:240 - Cannot read IP mode file for STMicroelectronics.X-CUBE-MEMS1.12.0.0
2026-04-06 11:02:58,338 [WARN] PackLoader:240 - Cannot read IP mode file for STMicroelectronics.X-CUBE-AZRTOS-G0.1.1.0
2026-04-06 11:02:58,346 [WARN] PackLoader:240 - Cannot read IP mode file for STMicroelectronics.X-CUBE-SAFEA1.1.2.2
2026-04-06 11:02:58,352 [WARN] PackLoader:240 - Cannot read IP mode file for STMicroelectronics.X-CUBE-NFC4.3.0.0
2026-04-06 11:02:58,362 [WARN] PackLoader:240 - Cannot read IP mode file for EmbeddedOffice.I-CUBE-FS-RTOS.1.0.1
2026-04-06 11:02:58,368 [WARN] PackLoader:240 - Cannot read IP mode file for STMicroelectronics.X-CUBE-WB05N.2.0.0
2026-04-06 11:02:58,372 [WARN] PackLoader:240 - Cannot read IP mode file for wolfSSL.I-CUBE-wolfTPM.3.8.0
2026-04-06 11:02:58,391 [WARN] PackLoader:240 - Cannot read IP mode file for STMicroelectronics.X-CUBE-TCPP.4.2.0
2026-04-06 11:02:58,399 [WARN] PackLoader:240 - Cannot read IP mode file for RealThread.X-CUBE-RT-Thread_Nano.4.1.1
2026-04-06 11:02:58,403 [WARN] PackLoader:240 - Cannot read IP mode file for STMicroelectronics.FP-ATR-SIGFOX1.3.2.0
2026-04-06 11:02:58,409 [WARN] PackLoader:240 - Cannot read IP mode file for STMicroelectronics.X-CUBE-EEPRMA1.5.1.0
2026-04-06 11:02:58,416 [WARN] PackLoader:240 - Cannot read IP mode file for ITTIA_DB.I-CUBE-ITTIADB.8.9.0
2026-04-06 11:02:58,424 [WARN] PackLoader:240 - Cannot read IP mode file for STMicroelectronics.X-CUBE-NFC6.3.2.0
2026-04-06 11:02:58,433 [WARN] PackLoader:240 - Cannot read IP mode file for STMicroelectronics.X-CUBE-ST67W61.1.0.0
2026-04-06 11:02:58,437 [WARN] PackLoader:240 - Cannot read IP mode file for STMicroelectronics.X-CUBE-AI.10.2.0
2026-04-06 11:02:58,469 [WARN] PackLoader:240 - Cannot read IP mode file for SEGGER.I-CUBE-embOS.1.3.1
2026-04-06 11:02:58,559 [WARN] PackLoader:240 - Cannot read IP mode file for STMicroelectronics.X-CUBE-ALGOBUILD.1.4.0
2026-04-06 11:02:58,626 [WARN] PackLoader:240 - Cannot read IP mode file for STMicroelectronics.X-CUBE-MEMS1.11.3.0
2026-04-06 11:02:58,744 [INFO] WebApp:191 - Connection restablished
2026-04-06 11:02:58,845 [WARN] PackLoader:240 - Cannot read IP mode file for STMicroelectronics.X-CUBE-PM33A1.1.0.0
2026-04-06 11:02:58,869 [WARN] PackLoader:240 - Cannot read IP mode file for STMicroelectronics.X-CUBE-AZRTOS-F4.1.1.0
2026-04-06 11:02:58,873 [WARN] PackLoader:240 - Cannot read IP mode file for Avnet-IotConnect.X-CUBE-IoTC-DA16k-PMOD.1.0.0
2026-04-06 11:02:58,877 [WARN] PackLoader:240 - Cannot read IP mode file for STMicroelectronics.X-CUBE-ISPU.2.1.0
2026-04-06 11:02:58,890 [WARN] PackLoader:240 - Cannot read IP mode file for STMicroelectronics.X-CUBE-IPS.3.2.0
2026-04-06 11:02:58,898 [WARN] PackLoader:240 - Cannot read IP mode file for STMicroelectronics.eDS-WB_DPC_TT-BIDIR.2.1.1
2026-04-06 11:02:58,904 [WARN] PackLoader:240 - Cannot read IP mode file for STMicroelectronics.X-CUBE-NFC12.1.0.0
2026-04-06 11:02:58,923 [WARN] PackLoader:240 - Cannot read IP mode file for STMicroelectronics.X-CUBE-AZRTOS-L5.2.0.0
2026-04-06 11:02:58,932 [WARN] PackLoader:240 - Cannot read IP mode file for STMicroelectronics.X-CUBE-NFC6.3.1.0
2026-04-06 11:02:58,937 [WARN] PackLoader:240 - Cannot read IP mode file for STMicroelectronics.eDS-WB_DPC_VIENNA.1.2.0
2026-04-06 11:02:58,940 [WARN] PackLoader:240 - Cannot read IP mode file for STMicroelectronics.eDS-WB_DPC_3PH2L-BIDIR.1.1.1
2026-04-06 11:02:58,945 [WARN] PackLoader:240 - Cannot read IP mode file for STMicroelectronics.X-CUBE-FREERTOS.1.3.1
2026-04-06 11:02:58,950 [WARN] PackLoader:240 - Cannot read IP mode file for STMicroelectronics.X-CUBE-TOUCHGFX.4.26.0
2026-04-06 11:02:58,956 [WARN] PackLoader:240 - Cannot read IP mode file for STMicroelectronics.FP-SNS-STAIOTCFT.1.0.0
2026-04-06 11:02:58,962 [WARN] PackLoader:240 - Cannot read IP mode file for STMicroelectronics.X-CUBE-DPower.1.3.0
2026-04-06 11:02:58,981 [WARN] ConditionMgr:438 - getConditionDescription Invalid condition id : LAN8742 Phy interface Condition cause : null
2026-04-06 11:02:58,982 [WARN] PackLoader:240 - Cannot read IP mode file for STMicroelectronics.X-CUBE-AZRTOS-L4.2.0.0
2026-04-06 11:02:58,985 [WARN] ConditionMgr:1044 - genDependencies : Invalid condition id : LAN8742 Phy interface Condition cause : null
2026-04-06 11:02:58,985 [WARN] ConditionMgr:1044 - genDependencies : Invalid condition id : LAN8742 Phy interface Condition cause : null
2026-04-06 11:02:58,986 [WARN] ConditionMgr:1044 - genDependencies : Invalid condition id : LAN8742 Phy interface Condition cause : null
2026-04-06 11:02:58,996 [WARN] PackLoader:240 - Cannot read IP mode file for STMicroelectronics.X-CUBE-SFXS2LP1.4.0.0
2026-04-06 11:02:59,006 [WARN] PackLoader:240 - Cannot read IP mode file for STMicroelectronics.X-CUBE-ST67W61.1.2.0
2026-04-06 11:02:59,017 [WARN] PackLoader:240 - Cannot read IP mode file for STMicroelectronics.X-CUBE-BLEMGR.4.1.0
2026-04-06 11:02:59,034 [WARN] ConditionMgr:438 - getConditionDescription Invalid condition id : UX DEVICE CLASS RTOS Condition cause : null
2026-04-06 11:02:59,035 [WARN] ConditionMgr:438 - getConditionDescription Invalid condition id : UX DEVICE CLASS RTOS Condition cause : null
2026-04-06 11:02:59,037 [WARN] PackLoader:240 - Cannot read IP mode file for STMicroelectronics.X-CUBE-AZRTOS-WB.2.0.0
2026-04-06 11:02:59,038 [WARN] ConditionMgr:1044 - genDependencies : Invalid condition id : UX DEVICE CLASS RTOS Condition cause : null
2026-04-06 11:02:59,038 [WARN] ConditionMgr:1044 - genDependencies : Invalid condition id : UX DEVICE CLASS RTOS Condition cause : null
2026-04-06 11:02:59,039 [WARN] ConditionMgr:1044 - genDependencies : Invalid condition id : UX DEVICE CLASS RTOS Condition cause : null
2026-04-06 11:02:59,039 [WARN] ConditionMgr:1044 - genDependencies : Invalid condition id : UX DEVICE CLASS RTOS Condition cause : null
2026-04-06 11:02:59,039 [WARN] ConditionMgr:1044 - genDependencies : Invalid condition id : UX DEVICE CLASS RTOS Condition cause : null
2026-04-06 11:02:59,044 [WARN] PackLoader:240 - Cannot read IP mode file for STMicroelectronics.X-CUBE-GNSS1.7.0.1
2026-04-06 11:02:59,048 [WARN] PackLoader:240 - Cannot read IP mode file for STMicroelectronics.X-CUBE-TOUCHGFX.4.25.0
2026-04-06 11:02:59,053 [WARN] PackLoader:240 - Cannot read IP mode file for STMicroelectronics.FP-SNS-STBOX1.2.0.0
2026-04-06 11:02:59,094 [WARN] PackLoader:240 - Cannot read IP mode file for STMicroelectronics.X-CUBE-STSE01.2.0.0
2026-04-06 11:02:59,105 [WARN] PackLoader:240 - Cannot read IP mode file for STMicroelectronics.X-CUBE-SUBG2.5.0.0
2026-04-06 11:02:59,129 [WARN] PackLoader:240 - Cannot read IP mode file for STMicroelectronics.X-CUBE-AZRTOS-H7RS.1.1.0
2026-04-06 11:02:59,136 [WARN] PackLoader:240 - Cannot read IP mode file for Cesanta.I-CUBE-Mongoose.7.13.0
2026-04-06 11:02:59,152 [WARN] PackLoader:240 - Cannot read IP mode file for STMicroelectronics.X-CUBE-AZRTOS-G4.2.0.0
2026-04-06 11:02:59,159 [WARN] PackLoader:240 - Cannot read IP mode file for wolfSSL.I-CUBE-wolfSSH.1.4.20
2026-04-06 11:02:59,164 [WARN] PackLoader:240 - Cannot read IP mode file for STMicroelectronics.X-CUBE-NFC7.2.0.0
2026-04-06 11:02:59,177 [WARN] PackLoader:240 - Cannot read IP mode file for STMicroelectronics.X-CUBE-IPS.3.1.0
2026-04-06 11:02:59,185 [WARN] PackLoader:240 - Cannot read IP mode file for STMicroelectronics.X-CUBE-ALS.1.0.2
2026-04-06 11:02:59,191 [WARN] PackLoader:240 - Cannot read IP mode file for STMicroelectronics.X-CUBE-STSE01.1.0.0
2026-04-06 11:02:59,197 [WARN] PackLoader:240 - Cannot read IP mode file for portGmbH.I-Cube-SoM-uGOAL.1.1.0
2026-04-06 11:02:59,209 [WARN] PackLoader:240 - Cannot read IP mode file for STMicroelectronics.X-CUBE-TOF1.3.4.3
2026-04-06 11:02:59,221 [INFO] ThirdParty:978 - Integrity check success = true
2026-04-06 11:02:59,221 [INFO] IntegrityCheckThread:100 - exiting critical section [integrity check]
2026-04-06 11:02:59,221 [INFO] IntegrityCheckThread:103 - End integrity checks thread
2026-04-06 11:58:40,002 [INFO] WebApp:194 - Connection lost
2026-04-06 11:59:12,950 [INFO] WebApp:191 - Connection restablished
2026-04-06 11:59:15,480 [INFO] WebApp:194 - Connection lost
2026-04-06 11:59:15,736 [INFO] WebApp:191 - Connection restablished
2026-04-06 13:02:11,586 [INFO] WebApp:194 - Connection lost
2026-04-06 13:02:17,052 [INFO] WebApp:191 - Connection restablished
2026-04-06 13:02:18,557 [INFO] WebApp:194 - Connection lost
2026-04-06 13:02:19,289 [INFO] WebApp:191 - Connection restablished
2026-04-06 13:02:22,846 [INFO] WebApp:194 - Connection lost
2026-04-06 13:02:23,154 [INFO] WebApp:191 - Connection restablished
2026-04-06 13:28:58,592 [ERROR] LogOutputStream:75 - [STDERR_REDIRECT] 
2026-04-06 13:29:17,413 [INFO] Activator:176 - 


2026-04-06 13:29:17,414 [INFO] Activator:177 - !SESSION log4j initialized
2026-04-06 13:29:22,017 [INFO] LogOutputStream:77 - [STDOUT_REDIRECT] 
2026-04-06 13:29:24,754 [INFO] ApplicationProperties:184 - Using Application install path: /opt/st/stm32cubeide_1.19.0/plugins/com.st.stm32cube.common.mx_6.15.0.202507011659
2026-04-06 13:29:24,771 [INFO] DbMcusXml:78 - Set database path to: /opt/st/stm32cubeide_1.19.0/plugins/com.st.stm32cube.common.mx_6.15.0.202507011659//db//mcu/
2026-04-06 13:29:24,771 [INFO] ApiDb:274 - Set plugin database path to: /opt/st/stm32cubeide_1.19.0/plugins/com.st.stm32cube.common.mx_6.15.0.202507011659//db//plugins/boardmanager/
2026-04-06 13:29:24,772 [WARN] ApiDb:259 - Overriding images path with different value:  => /opt/st/stm32cubeide_1.19.0/plugins/com.st.stm32cube.common.mx_6.15.0.202507011659//db//plugins/mcufinder/images/
2026-04-06 13:29:24,777 [INFO] ApiDb:250 - Set database path to: /home/sunbeam/.stmcufinder/plugins/mcufinder//mcu/
2026-04-06 13:29:24,778 [INFO] DbMcusAds:125 - Set database path to: /home/sunbeam/.stmcufinder/plugins/mcufinder//mcu/
2026-04-06 13:29:24,849 [INFO] CrossReferenceDbSqlite:203 - Set database path to: /home/sunbeam/.stmcufinder/plugins/mcufinder//mcu/cs/
2026-04-06 13:29:24,952 [INFO] RulesReader:64 - Compatibility file has been processed (317 Rules)
2026-04-06 13:29:25,010 [INFO] DbMcusXml:78 - Set database path to: /opt/st/stm32cubeide_1.19.0/plugins/com.st.stm32cube.common.mx_6.15.0.202507011659//db//mcu/
2026-04-06 13:29:25,010 [INFO] ApiDb:274 - Set plugin database path to: /opt/st/stm32cubeide_1.19.0/plugins/com.st.stm32cube.common.mx_6.15.0.202507011659//db//plugins/boardmanager/
2026-04-06 13:29:25,010 [INFO] ApiDb:261 - Set plugin images path to: /opt/st/stm32cubeide_1.19.0/plugins/com.st.stm32cube.common.mx_6.15.0.202507011659//db//plugins/mcufinder/images/
2026-04-06 13:29:25,010 [WARN] DbFile:41 - Overriding database path with different value: /home/sunbeam/.stmcufinder/plugins/mcufinder/ => /home/sunbeam/.stmcufinder/plugins/mcufinder
2026-04-06 13:29:25,011 [INFO] ApiDb:250 - Set database path to: /home/sunbeam/.stmcufinder/plugins/mcufinder//mcu/
2026-04-06 13:29:25,011 [WARN] DbFile:41 - Overriding database path with different value: /home/sunbeam/.stmcufinder/plugins/mcufinder/ => /home/sunbeam/.stmcufinder/plugins/mcufinder
2026-04-06 13:29:25,011 [INFO] DbMcusAds:125 - Set database path to: /home/sunbeam/.stmcufinder/plugins/mcufinder//mcu/
2026-04-06 13:29:25,011 [WARN] DbFile:41 - Overriding database path with different value: /home/sunbeam/.stmcufinder/plugins/mcufinder/ => /home/sunbeam/.stmcufinder/plugins/mcufinder
2026-04-06 13:29:25,011 [WARN] DbFile:41 - Overriding database path with different value: /home/sunbeam/.stmcufinder/plugins/mcufinder/ => /home/sunbeam/.stmcufinder/plugins/mcufinder
2026-04-06 13:29:25,104 [INFO] CrossReferenceDbSqlite:203 - Set database path to: /home/sunbeam/.stmcufinder/plugins/mcufinder//mcu/cs/
2026-04-06 13:29:25,156 [INFO] MainPanel:274 - HeapMemory: 268435456
2026-04-06 13:29:25,240 [INFO] DbMcusXml:78 - Set database path to: /opt/st/stm32cubeide_1.19.0/plugins/com.st.stm32cube.common.mx_6.15.0.202507011659//db//mcu/
2026-04-06 13:29:25,240 [INFO] ApiDb:274 - Set plugin database path to: /opt/st/stm32cubeide_1.19.0/plugins/com.st.stm32cube.common.mx_6.15.0.202507011659//db//plugins/boardmanager/
2026-04-06 13:29:25,240 [INFO] ApiDb:261 - Set plugin images path to: /opt/st/stm32cubeide_1.19.0/plugins/com.st.stm32cube.common.mx_6.15.0.202507011659//db//plugins/mcufinder/images/
2026-04-06 13:29:25,240 [WARN] DbFile:41 - Overriding database path with different value: /home/sunbeam/.stmcufinder/plugins/mcufinder/ => /home/sunbeam/.stmcufinder/plugins/mcufinder
2026-04-06 13:29:25,241 [INFO] ApiDb:250 - Set database path to: /home/sunbeam/.stmcufinder/plugins/mcufinder//mcu/
2026-04-06 13:29:25,241 [WARN] DbFile:41 - Overriding database path with different value: /home/sunbeam/.stmcufinder/plugins/mcufinder/ => /home/sunbeam/.stmcufinder/plugins/mcufinder
2026-04-06 13:29:25,241 [INFO] DbMcusAds:125 - Set database path to: /home/sunbeam/.stmcufinder/plugins/mcufinder//mcu/
2026-04-06 13:29:25,241 [WARN] DbFile:41 - Overriding database path with different value: /home/sunbeam/.stmcufinder/plugins/mcufinder/ => /home/sunbeam/.stmcufinder/plugins/mcufinder
2026-04-06 13:29:25,241 [WARN] DbFile:41 - Overriding database path with different value: /home/sunbeam/.stmcufinder/plugins/mcufinder/ => /home/sunbeam/.stmcufinder/plugins/mcufinder
2026-04-06 13:29:25,327 [INFO] CrossReferenceDbSqlite:203 - Set database path to: /home/sunbeam/.stmcufinder/plugins/mcufinder//mcu/cs/
2026-04-06 13:29:25,341 [INFO] ApplicationProperties:184 - Using Application install path: /opt/st/stm32cubeide_1.19.0/plugins/com.st.stm32cube.common.mx_6.15.0.202507011659
2026-04-06 13:29:25,342 [INFO] PluginManage:196 - Search for loadable plugins [exclusion list=, ]
2026-04-06 13:29:25,343 [INFO] PluginManage:310 - Check plugin analytics
2026-04-06 13:29:25,602 [INFO] AnalyticsPlugin:253 - Accepted Software Licenses: 
2026-04-06 13:29:25,602 [INFO] AnalyticsPlugin:255 - Accepted CMSIS Pack Licenses: 
2026-04-06 13:29:25,602 [INFO] AnalyticsPlugin:257 - Accepted Firmware Licenses: FW.F4.1.28.0
2026-04-06 13:29:25,605 [INFO] PluginManage:359 - Loaded plugin analytics (category:tool,tabindex:-1)
2026-04-06 13:29:25,605 [INFO] PluginManage:310 - Check plugin cadmodel
2026-04-06 13:29:25,609 [INFO] CADModel:105 - Init CAD model plugin
2026-04-06 13:29:25,609 [INFO] PluginManage:359 - Loaded plugin cadmodel (category:power,tabindex:5)
2026-04-06 13:29:25,610 [INFO] PluginManage:310 - Check plugin clock
2026-04-06 13:29:25,619 [INFO] PluginManage:359 - Loaded plugin clock (category:base,tabindex:2)
2026-04-06 13:29:25,619 [INFO] PluginManage:310 - Check plugin ddr
2026-04-06 13:29:25,621 [INFO] PluginManage:359 - Loaded plugin ddr (category:tool,tabindex:6)
2026-04-06 13:29:25,621 [INFO] PluginManage:310 - Check plugin filemanager
2026-04-06 13:29:25,751 [INFO] PluginManage:359 - Loaded plugin filemanager (category:base,tabindex:10)
2026-04-06 13:29:25,751 [INFO] PluginManage:310 - Check plugin ipmanager
2026-04-06 13:29:25,757 [INFO] PluginManage:359 - Loaded plugin ipmanager (category:base,tabindex:5)
2026-04-06 13:29:25,758 [INFO] PluginManage:310 - Check plugin lpbam
2026-04-06 13:29:25,770 [INFO] PluginManage:359 - Loaded plugin lpbam (category:base,tabindex:0)
2026-04-06 13:29:25,770 [INFO] PluginManage:310 - Check plugin memorymap
2026-04-06 13:29:25,780 [INFO] PluginManage:359 - Loaded plugin memorymap (category:base,tabindex:4)
2026-04-06 13:29:25,780 [INFO] PluginManage:310 - Check plugin pinoutandconfiguration
2026-04-06 13:29:25,791 [INFO] PluginManage:359 - Loaded plugin pinoutandconfiguration (category:base,tabindex:1)
2026-04-06 13:29:25,791 [INFO] PluginManage:310 - Check plugin pinoutconfig
2026-04-06 13:29:25,884 [WARN] SupportedApi:132 - Cannot load RTOS API schema: s4s-elt-must-match.1: The content of 'definitions' must match (annotation?, (simpleType | complexType)?, (unique | key | keyref)*)). A problem was found starting at: attribute.
2026-04-06 13:29:25,993 [INFO] PluginManage:359 - Loaded plugin pinoutconfig (category:base,tabindex:0)
2026-04-06 13:29:25,993 [INFO] PluginManage:310 - Check plugin power
2026-04-06 13:29:26,003 [INFO] PluginManage:359 - Loaded plugin power (category:power,tabindex:4)
2026-04-06 13:29:26,003 [INFO] PluginManage:310 - Check plugin projectmanager
2026-04-06 13:29:26,029 [INFO] PluginManage:359 - Loaded plugin projectmanager (category:projectmanager,tabindex:4)
2026-04-06 13:29:26,029 [INFO] PluginManage:310 - Check plugin rif
2026-04-06 13:29:26,039 [INFO] PluginManage:359 - Loaded plugin rif (category:base,tabindex:3)
2026-04-06 13:29:26,042 [INFO] PluginManage:310 - Check plugin thirdparty
2026-04-06 13:29:26,186 [INFO] PluginManage:359 - Loaded plugin thirdparty (category:base,tabindex:-1)
2026-04-06 13:29:26,186 [WARN] IntegrityCheckThread:84 - waiting for thirdparty lock release [integrity check]
2026-04-06 13:29:26,186 [INFO] IntegrityCheckThread:86 - entering critical section [integrity check]
2026-04-06 13:29:26,186 [INFO] PluginManage:310 - Check plugin tools
2026-04-06 13:29:26,187 [INFO] ThirdPartyUpdaterWithRetryManager:70 - Updater plugin not ready yet. [1/15]
2026-04-06 13:29:26,188 [INFO] PluginManage:359 - Loaded plugin tools (category:base,tabindex:7)
2026-04-06 13:29:26,188 [INFO] PluginManage:310 - Check plugin tutovideos
2026-04-06 13:29:26,383 [INFO] PluginManage:359 - Loaded plugin tutovideos (category:base,tabindex:-1)
2026-04-06 13:29:26,383 [INFO] PluginManage:310 - Check plugin updater
2026-04-06 13:29:26,402 [INFO] PluginManage:359 - Loaded plugin updater (category:base,tabindex:12)
2026-04-06 13:29:26,402 [INFO] PluginManage:310 - Check plugin userauth
2026-04-06 13:29:26,405 [INFO] UserAuth:118 - Init User Auth plugin
2026-04-06 13:29:26,406 [INFO] PluginManage:359 - Loaded plugin userauth (category:base,tabindex:14)
2026-04-06 13:29:26,407 [INFO] PluginManage:283 - PluginManage : Loaded plugins [18]
2026-04-06 13:29:26,553 [INFO] PinOutPanel:1589 - setPackage(No Configuration,No Configuration)
2026-04-06 13:29:26,613 [INFO] CADModel:165 - CPN selected for project level
2026-04-06 13:29:26,613 [INFO] CADModel:114 - Register for checkConnection events
2026-04-06 13:29:26,621 [INFO] IPUIPlugin:80 - create IPUIPlugin
2026-04-06 13:29:26,621 [INFO] PluginManager:220 - loadIPPluginJar : add dfsdm
2026-04-06 13:29:26,625 [INFO] IPUIPlugin:80 - create IPUIPlugin
2026-04-06 13:29:26,625 [INFO] PluginManager:220 - loadIPPluginJar : add gfxmmu
2026-04-06 13:29:26,628 [INFO] IPUIPlugin:80 - create IPUIPlugin
2026-04-06 13:29:26,628 [INFO] PluginManager:220 - loadIPPluginJar : add i3c
2026-04-06 13:29:26,632 [INFO] IPUIPlugin:80 - create IPUIPlugin
2026-04-06 13:29:26,632 [INFO] PluginManager:220 - loadIPPluginJar : add sai
2026-04-06 13:29:26,638 [INFO] IPUIPlugin:80 - create IPUIPlugin
2026-04-06 13:29:26,639 [INFO] PluginManager:220 - loadIPPluginJar : add dma
2026-04-06 13:29:26,640 [INFO] IPUIPlugin:80 - create IPUIPlugin
2026-04-06 13:29:26,640 [INFO] PluginManager:220 - loadIPPluginJar : add quadspi
2026-04-06 13:29:26,644 [INFO] IPUIPlugin:80 - create IPUIPlugin
2026-04-06 13:29:26,644 [INFO] PluginManager:220 - loadIPPluginJar : add opamp
2026-04-06 13:29:26,645 [INFO] IPUIPlugin:80 - create IPUIPlugin
2026-04-06 13:29:26,646 [INFO] PluginManager:220 - loadIPPluginJar : add comp
2026-04-06 13:29:26,650 [INFO] IPUIPlugin:80 - create IPUIPlugin
2026-04-06 13:29:26,652 [INFO] PluginManager:220 - loadIPPluginJar : add plateformsettings
2026-04-06 13:29:26,653 [INFO] IPUIPlugin:80 - create IPUIPlugin
2026-04-06 13:29:26,653 [INFO] PluginManager:220 - loadIPPluginJar : add ltdc
2026-04-06 13:29:26,656 [INFO] IPUIPlugin:80 - create IPUIPlugin
2026-04-06 13:29:26,656 [INFO] PluginManager:220 - loadIPPluginJar : add nvic
2026-04-06 13:29:26,657 [INFO] IPUIPlugin:80 - create IPUIPlugin
2026-04-06 13:29:26,657 [INFO] PluginManager:220 - loadIPPluginJar : add fatfs
2026-04-06 13:29:26,662 [INFO] IPUIPlugin:80 - create IPUIPlugin
2026-04-06 13:29:26,662 [INFO] PluginManager:220 - loadIPPluginJar : add gpio
2026-04-06 13:29:26,664 [INFO] IPUIPlugin:80 - create IPUIPlugin
2026-04-06 13:29:26,664 [INFO] PluginManager:220 - loadIPPluginJar : add aes
2026-04-06 13:29:26,669 [INFO] IPUIPlugin:80 - create IPUIPlugin
2026-04-06 13:29:26,669 [INFO] PluginManager:220 - loadIPPluginJar : add mdma
2026-04-06 13:29:26,671 [INFO] IPUIPlugin:80 - create IPUIPlugin
2026-04-06 13:29:26,671 [INFO] PluginManager:220 - loadIPPluginJar : add pdm2pcm
2026-04-06 13:29:26,676 [INFO] IPUIPlugin:80 - create IPUIPlugin
2026-04-06 13:29:26,676 [INFO] PluginManager:220 - loadIPPluginJar : add linkedlist
2026-04-06 13:29:26,678 [INFO] IPUIPlugin:80 - create IPUIPlugin
2026-04-06 13:29:26,678 [INFO] PluginManager:220 - loadIPPluginJar : add usart
2026-04-06 13:29:26,680 [INFO] IPUIPlugin:80 - create IPUIPlugin
2026-04-06 13:29:26,680 [INFO] PluginManager:220 - loadIPPluginJar : add i2c
2026-04-06 13:29:26,681 [INFO] IPUIPlugin:80 - create IPUIPlugin
2026-04-06 13:29:26,682 [INFO] PluginManager:220 - loadIPPluginJar : add lorawan
2026-04-06 13:29:26,684 [INFO] IPUIPlugin:80 - create IPUIPlugin
2026-04-06 13:29:26,684 [INFO] PluginManager:220 - loadIPPluginJar : add usbx
2026-04-06 13:29:26,689 [INFO] IPUIPlugin:80 - create IPUIPlugin
2026-04-06 13:29:26,689 [INFO] PluginManager:220 - loadIPPluginJar : add fmc
2026-04-06 13:29:26,692 [INFO] IPUIPlugin:80 - create IPUIPlugin
2026-04-06 13:29:26,692 [INFO] PluginManager:220 - loadIPPluginJar : add extmemmanager
2026-04-06 13:29:26,696 [INFO] IPUIPlugin:80 - create IPUIPlugin
2026-04-06 13:29:26,696 [INFO] PluginManager:220 - loadIPPluginJar : add freertos
2026-04-06 13:29:26,698 [INFO] IPUIPlugin:80 - create IPUIPlugin
2026-04-06 13:29:26,699 [INFO] PluginManager:220 - loadIPPluginJar : add can
2026-04-06 13:29:26,701 [INFO] IPUIPlugin:80 - create IPUIPlugin
2026-04-06 13:29:26,701 [INFO] PluginManager:220 - loadIPPluginJar : add touchsensing
2026-04-06 13:29:26,702 [INFO] IPUIPlugin:80 - create IPUIPlugin
2026-04-06 13:29:26,703 [INFO] PluginManager:220 - loadIPPluginJar : add tracer_emb
2026-04-06 13:29:26,704 [INFO] IPUIPlugin:80 - create IPUIPlugin
2026-04-06 13:29:26,704 [INFO] PluginManager:220 - loadIPPluginJar : add ucpd
2026-04-06 13:29:26,705 [INFO] IPUIPlugin:80 - create IPUIPlugin
2026-04-06 13:29:26,705 [INFO] PluginManager:220 - loadIPPluginJar : add ts
2026-04-06 13:29:26,706 [INFO] IPUIPlugin:80 - create IPUIPlugin
2026-04-06 13:29:26,706 [INFO] PluginManager:220 - loadIPPluginJar : add tsc
2026-04-06 13:29:26,709 [INFO] IPUIPlugin:80 - create IPUIPlugin
2026-04-06 13:29:26,709 [INFO] PluginManager:220 - loadIPPluginJar : add resmgrutility
2026-04-06 13:29:26,710 [INFO] IPUIPlugin:80 - create IPUIPlugin
2026-04-06 13:29:26,710 [INFO] PluginManager:220 - loadIPPluginJar : add cryp
2026-04-06 13:29:26,713 [INFO] IPUIPlugin:80 - create IPUIPlugin
2026-04-06 13:29:26,713 [INFO] PluginManager:220 - loadIPPluginJar : add openamp
2026-04-06 13:29:26,718 [INFO] IPUIPlugin:80 - create IPUIPlugin
2026-04-06 13:29:26,718 [INFO] PluginManager:220 - loadIPPluginJar : add adc
2026-04-06 13:29:26,720 [INFO] IPUIPlugin:80 - create IPUIPlugin
2026-04-06 13:29:26,720 [INFO] PluginManager:220 - loadIPPluginJar : add spi
2026-04-06 13:29:26,722 [INFO] IPUIPlugin:80 - create IPUIPlugin
2026-04-06 13:29:26,723 [INFO] PluginManager:220 - loadIPPluginJar : add ipddr
2026-04-06 13:29:26,728 [INFO] IPUIPlugin:80 - create IPUIPlugin
2026-04-06 13:29:26,728 [INFO] PluginManager:220 - loadIPPluginJar : add stm32_wpan
2026-04-06 13:29:26,732 [INFO] IPUIPlugin:80 - create IPUIPlugin
2026-04-06 13:29:26,733 [INFO] PluginManager:220 - loadIPPluginJar : add gic
2026-04-06 13:29:26,734 [INFO] IPUIPlugin:80 - create IPUIPlugin
2026-04-06 13:29:26,734 [INFO] PluginManager:220 - loadIPPluginJar : add ddr_ctrl_phy
2026-04-06 13:29:26,736 [INFO] IPUIPlugin:80 - create IPUIPlugin
2026-04-06 13:29:26,736 [INFO] PluginManager:220 - loadIPPluginJar : add genericplugin
2026-04-06 13:29:26,737 [INFO] IPUIPlugin:80 - create IPUIPlugin
2026-04-06 13:29:26,738 [INFO] PluginManager:220 - loadIPPluginJar : add hash
2026-04-06 13:29:26,739 [INFO] IPUIPlugin:80 - create IPUIPlugin
2026-04-06 13:29:26,739 [INFO] PluginManager:220 - loadIPPluginJar : add tim
2026-04-06 13:29:26,741 [INFO] IPUIPlugin:80 - create IPUIPlugin
2026-04-06 13:29:26,742 [INFO] PluginManager:220 - loadIPPluginJar : add radio
2026-04-06 13:29:26,745 [INFO] IPUIPlugin:80 - create IPUIPlugin
2026-04-06 13:29:26,745 [INFO] PluginManager:220 - loadIPPluginJar : add gtzc
2026-04-06 13:29:26,747 [INFO] IPUIPlugin:80 - create IPUIPlugin
2026-04-06 13:29:26,748 [INFO] PluginManager:220 - loadIPPluginJar : add i2s
2026-04-06 13:29:26,750 [INFO] IPUIPlugin:80 - create IPUIPlugin
2026-04-06 13:29:26,750 [INFO] PluginManager:220 - loadIPPluginJar : add dma3
2026-04-06 13:29:26,862 [FATAL] Updater:351 - Updater called before beeing initialized
2026-04-06 13:29:26,883 [INFO] RulesReader:64 - Compatibility file has been processed (317 Rules)
2026-04-06 13:29:26,892 [INFO] RulesReader:64 - Compatibility file has been processed (317 Rules)
2026-04-06 13:29:26,897 [INFO] CADModel:165 - CPN selected for project level
2026-04-06 13:29:26,897 [INFO] CADModel:114 - Register for checkConnection events
2026-04-06 13:29:26,897 [FATAL] Updater:351 - Updater called before beeing initialized
2026-04-06 13:29:26,897 [ERROR] CADModel:125 - Updater not yet initialized, retry later 
2026-04-06 13:29:26,986 [FATAL] Updater:351 - Updater called before beeing initialized
2026-04-06 13:29:26,987 [INFO] CADModel:165 - CPN selected for project level
2026-04-06 13:29:26,987 [INFO] CADModel:114 - Register for checkConnection events
2026-04-06 13:29:26,987 [FATAL] Updater:351 - Updater called before beeing initialized
2026-04-06 13:29:26,987 [ERROR] CADModel:125 - Updater not yet initialized, retry later 
2026-04-06 13:29:26,990 [FATAL] Updater:351 - Updater called before beeing initialized
2026-04-06 13:29:27,065 [FATAL] Updater:351 - Updater called before beeing initialized
2026-04-06 13:29:27,070 [INFO] DbMcusAds:53 - JSON generation date=Thu Mar 05 20:02:52 IST 2026 (1772721172890)
2026-04-06 13:29:27,070 [FATAL] Updater:351 - Updater called before beeing initialized
2026-04-06 13:29:27,097 [WARN] DetailPanel:346 - Failed to get advertising image, set to default
2026-04-06 13:29:27,216 [FATAL] Updater:351 - Updater called before beeing initialized
2026-04-06 13:29:27,218 [FATAL] Updater:351 - Updater called before beeing initialized
2026-04-06 13:29:27,218 [FATAL] Updater:351 - Updater called before beeing initialized
2026-04-06 13:29:27,218 [WARN] DetailPanel:346 - Failed to get advertising image, set to default
2026-04-06 13:29:27,219 [FATAL] Updater:351 - Updater called before beeing initialized
2026-04-06 13:29:27,255 [ERROR] Updater:1198 - MainUpdater not yet initialized. External WinMGr cannot be set.
2026-04-06 13:29:27,256 [INFO] Updater:1134 - Updater Version found : 6.15.0
2026-04-06 13:29:27,267 [INFO] ApplicationProperties:184 - Using Application install path: /opt/st/stm32cubeide_1.19.0/plugins/com.st.stm32cube.common.mx_6.15.0.202507011659
2026-04-06 13:29:27,613 [INFO] MainUpdater:2872 - connection check result : 10
2026-04-06 13:29:27,615 [INFO] MainUpdater:289 - Updater Check For Update Now.
2026-04-06 13:29:27,615 [INFO] MicroXplorer:498 - Change Database Version : DB.6.0.150
2026-04-06 13:29:27,623 [INFO] McuFinderGlobals:63 - Set McuFinder mode to 2 (CubeIDE integrated)
2026-04-06 13:29:27,624 [INFO] UserAuth:171 - activating auth plugin
2026-04-06 13:29:27,629 [INFO] UserAuth:487 - Internet connection configuration mode: 1
2026-04-06 13:29:27,655 [INFO] JxBrowserEngine:152 - Initiate JxBrowser Engine with user profile folder
2026-04-06 13:29:27,825 [INFO] CheckServerUpdateThread:120 - End of CheckServer Thread
2026-04-06 13:29:28,217 [INFO] WebApp:169 - Instantiating new browser for Auth
2026-04-06 13:29:28,757 [INFO] WebApp:463 - Apply proxy settings
2026-04-06 13:29:28,757 [INFO] WebApp:548 - Chromium requires no authentication
2026-04-06 13:29:28,763 [INFO] WebApp:491 - Direct internet connection detected
2026-04-06 13:29:28,777 [INFO] WebApp:900 - Register for checkConnection events
2026-04-06 13:29:28,777 [INFO] WebApp:463 - Apply proxy settings
2026-04-06 13:29:28,777 [INFO] WebApp:548 - Chromium requires no authentication
2026-04-06 13:29:28,777 [INFO] WebApp:491 - Direct internet connection detected
2026-04-06 13:29:28,871 [INFO] WebApp:225 - Starting web application
2026-04-06 13:29:28,871 [INFO] WebApp:593 - Web application path used /opt/st/stm32cubeide_1.19.0/plugins/com.st.stm32cube.common.mx_6.15.0.202507011659/db/plugins/mcufinder/reactClient1/index.html
2026-04-06 13:29:29,067 [INFO] WebApp:191 - Connection restablished
2026-04-06 13:29:29,339 [WARN] PackLoader:240 - Cannot read IP mode file for STMicroelectronics.X-CUBE-AZRTOS-H7.3.5.0
2026-04-06 13:29:29,362 [WARN] PackLoader:240 - Cannot read IP mode file for STMicroelectronics.FP-SNS-MOTENVWB1.1.4.0
2026-04-06 13:29:29,389 [WARN] PackLoader:240 - Cannot read IP mode file for STMicroelectronics.FP-ATR-ASTRA1.2.0.2
2026-04-06 13:29:29,396 [WARN] PackLoader:240 - Cannot read IP mode file for STMicroelectronics.X-CUBE-SMBUS.2.1.0
2026-04-06 13:29:29,403 [WARN] PackLoader:240 - Cannot read IP mode file for STMicroelectronics.X-CUBE-ST60.1.0.0
2026-04-06 13:29:29,428 [WARN] PackLoader:240 - Cannot read IP mode file for STMicroelectronics.X-CUBE-AZRTOS-F7.1.1.0
2026-04-06 13:29:29,438 [WARN] PackLoader:240 - Cannot read IP mode file for STMicroelectronics.FP-SNS-MOTENV1.5.1.0
2026-04-06 13:29:29,486 [WARN] PackLoader:240 - Cannot read IP mode file for Infineon.AIROC-Wi-Fi-Bluetooth-STM32.1.7.1
2026-04-06 13:29:29,531 [WARN] PackLoader:240 - Cannot read IP mode file for STMicroelectronics.X-CUBE-AZRTOS-H7.3.4.0
2026-04-06 13:29:29,542 [WARN] PackLoader:240 - Cannot read IP mode file for STMicroelectronics.X-CUBE-DISPLAY.3.0.0
2026-04-06 13:29:29,551 [WARN] PackLoader:240 - Cannot read IP mode file for STMicroelectronics.FP-SNS-MOTENVWB1.1.5.0
2026-04-06 13:29:29,559 [WARN] PackLoader:240 - Cannot read IP mode file for STMicroelectronics.X-CUBE-NFC10.1.0.0
2026-04-06 13:29:29,572 [WARN] PackLoader:240 - Cannot read IP mode file for STMicroelectronics.X-CUBE-BLEMGR.4.0.0
2026-04-06 13:29:29,580 [WARN] PackLoader:240 - Cannot read IP mode file for STMicroelectronics.X-CUBE-ST60.1.1.0
2026-04-06 13:29:29,585 [WARN] PackLoader:240 - Cannot read IP mode file for emotas.I-CUBE-CANOPEN.1.3.0
2026-04-06 13:29:29,590 [WARN] PackLoader:240 - Cannot read IP mode file for STMicroelectronics.X-CUBE-GNSS1.7.1.0
2026-04-06 13:29:29,594 [WARN] ConditionMgr:438 - getConditionDescription Invalid condition id : Cortex-A Device cause : null
2026-04-06 13:29:29,609 [WARN] ConditionMgr:1044 - genDependencies : Invalid condition id : Cortex-A Device cause : null
2026-04-06 13:29:29,609 [WARN] ConditionMgr:1044 - genDependencies : Invalid condition id : Cortex-A Device cause : null
2026-04-06 13:29:29,610 [WARN] ConditionMgr:1044 - genDependencies : Invalid condition id : Cortex-A Device cause : null
2026-04-06 13:29:29,617 [WARN] PackLoader:240 - Cannot read IP mode file for STMicroelectronics.FP-SNS-STBOX1.2.1.0
2026-04-06 13:29:29,624 [WARN] PackLoader:240 - Cannot read IP mode file for STMicroelectronics.FP-SNS-SMARTAG2.1.2.0
2026-04-06 13:29:29,629 [WARN] PackLoader:240 - Cannot read IP mode file for STMicroelectronics.FP-SNS-FLIGHT1.5.1.0
2026-04-06 13:29:29,639 [INFO] LogOutputStream:77 - [STDOUT_REDIRECT] 1 : Invalid condition id : UX_CORESTACK_Condition cause : null
2026-04-06 13:29:29,645 [INFO] LogOutputStream:77 - [STDOUT_REDIRECT] 1 : Invalid condition id : UX_CORESTACK_Condition cause : null
2026-04-06 13:29:29,646 [INFO] LogOutputStream:77 - [STDOUT_REDIRECT] 1 : Invalid condition id : UX_CORESTACK_Condition cause : null
2026-04-06 13:29:29,647 [INFO] LogOutputStream:77 - [STDOUT_REDIRECT] 1 : Invalid condition id : UX_CORESTACK_Condition cause : null
2026-04-06 13:29:29,649 [INFO] LogOutputStream:77 - [STDOUT_REDIRECT] 1 : Invalid condition id : UX_CORESTACK_Condition cause : null
2026-04-06 13:29:29,654 [WARN] PackLoader:240 - Cannot read IP mode file for STMicroelectronics.X-CUBE-AZRTOS-WL.2.0.0
2026-04-06 13:29:29,664 [WARN] PackLoader:240 - Cannot read IP mode file for STMicroelectronics.FP-SNS-MOTENV1.5.0.0
2026-04-06 13:29:29,715 [WARN] PackLoader:240 - Cannot read IP mode file for STMicroelectronics.X-CUBE-AZRTOS-H7RS.1.2.0
2026-04-06 13:29:29,728 [WARN] PackLoader:240 - Cannot read IP mode file for WES.I-CUBE-Cesium.1.3.0
2026-04-06 13:29:29,734 [WARN] PackLoader:240 - Cannot read IP mode file for STMicroelectronics.X-CUBE-BLE2.3.3.0
2026-04-06 13:29:29,758 [WARN] PackLoader:240 - Cannot read IP mode file for STMicroelectronics.X-CUBE-NFC9.1.0.0
2026-04-06 13:29:29,767 [WARN] PackLoader:240 - Cannot read IP mode file for wolfSSL.I-CUBE-wolfSSL.5.8.0
2026-04-06 13:29:29,774 [WARN] PackLoader:240 - Cannot read IP mode file for STMicroelectronics.X-CUBE-BLE1.7.1.0
2026-04-06 13:29:29,782 [WARN] PackLoader:240 - Cannot read IP mode file for wolfSSL.I-CUBE-wolfMQTT.1.19.2
2026-04-06 13:29:29,792 [WARN] PackLoader:240 - Cannot read IP mode file for STMicroelectronics.X-CUBE-FREERTOS.1.4.0
2026-04-06 13:29:29,798 [WARN] PackLoader:240 - Cannot read IP mode file for STMicroelectronics.X-CUBE-EEPRMA1.5.2.0
2026-04-06 13:29:29,806 [WARN] PackLoader:240 - Cannot read IP mode file for STMicroelectronics.X-CUBE-ST67W61.1.1.0
2026-04-06 13:29:29,812 [WARN] PackLoader:240 - Cannot read IP mode file for STMicroelectronics.X-CUBE-AI.10.1.0
2026-04-06 13:29:29,907 [WARN] PackLoader:240 - Cannot read IP mode file for STMicroelectronics.X-CUBE-MEMS1.12.0.0
2026-04-06 13:29:30,104 [WARN] PackLoader:240 - Cannot read IP mode file for STMicroelectronics.X-CUBE-AZRTOS-G0.1.1.0
2026-04-06 13:29:30,116 [WARN] PackLoader:240 - Cannot read IP mode file for STMicroelectronics.X-CUBE-SAFEA1.1.2.2
2026-04-06 13:29:30,125 [WARN] PackLoader:240 - Cannot read IP mode file for STMicroelectronics.X-CUBE-NFC4.3.0.0
2026-04-06 13:29:30,139 [WARN] PackLoader:240 - Cannot read IP mode file for EmbeddedOffice.I-CUBE-FS-RTOS.1.0.1
2026-04-06 13:29:30,153 [WARN] PackLoader:240 - Cannot read IP mode file for STMicroelectronics.X-CUBE-WB05N.2.0.0
2026-04-06 13:29:30,160 [WARN] PackLoader:240 - Cannot read IP mode file for wolfSSL.I-CUBE-wolfTPM.3.8.0
2026-04-06 13:29:30,165 [WARN] PackLoader:240 - Cannot read IP mode file for STMicroelectronics.X-CUBE-TCPP.4.2.0
2026-04-06 13:29:30,175 [WARN] PackLoader:240 - Cannot read IP mode file for RealThread.X-CUBE-RT-Thread_Nano.4.1.1
2026-04-06 13:29:30,180 [WARN] PackLoader:240 - Cannot read IP mode file for STMicroelectronics.FP-ATR-SIGFOX1.3.2.0
2026-04-06 13:29:30,189 [WARN] PackLoader:240 - Cannot read IP mode file for STMicroelectronics.X-CUBE-EEPRMA1.5.1.0
2026-04-06 13:29:30,196 [WARN] PackLoader:240 - Cannot read IP mode file for ITTIA_DB.I-CUBE-ITTIADB.8.9.0
2026-04-06 13:29:30,202 [WARN] PackLoader:240 - Cannot read IP mode file for STMicroelectronics.X-CUBE-NFC6.3.2.0
2026-04-06 13:29:30,209 [WARN] PackLoader:240 - Cannot read IP mode file for STMicroelectronics.X-CUBE-ST67W61.1.0.0
2026-04-06 13:29:30,213 [WARN] PackLoader:240 - Cannot read IP mode file for STMicroelectronics.X-CUBE-AI.10.2.0
2026-04-06 13:29:30,265 [WARN] PackLoader:240 - Cannot read IP mode file for SEGGER.I-CUBE-embOS.1.3.1
2026-04-06 13:29:30,320 [WARN] PackLoader:240 - Cannot read IP mode file for STMicroelectronics.X-CUBE-ALGOBUILD.1.4.0
2026-04-06 13:29:30,369 [WARN] PackLoader:240 - Cannot read IP mode file for STMicroelectronics.X-CUBE-MEMS1.11.3.0
2026-04-06 13:29:30,597 [WARN] PackLoader:240 - Cannot read IP mode file for STMicroelectronics.X-CUBE-PM33A1.1.0.0
2026-04-06 13:29:30,615 [WARN] PackLoader:240 - Cannot read IP mode file for STMicroelectronics.X-CUBE-AZRTOS-F4.1.1.0
2026-04-06 13:29:30,621 [WARN] PackLoader:240 - Cannot read IP mode file for Avnet-IotConnect.X-CUBE-IoTC-DA16k-PMOD.1.0.0
2026-04-06 13:29:30,624 [WARN] PackLoader:240 - Cannot read IP mode file for STMicroelectronics.X-CUBE-ISPU.2.1.0
2026-04-06 13:29:30,637 [WARN] PackLoader:240 - Cannot read IP mode file for STMicroelectronics.X-CUBE-IPS.3.2.0
2026-04-06 13:29:30,647 [WARN] PackLoader:240 - Cannot read IP mode file for STMicroelectronics.eDS-WB_DPC_TT-BIDIR.2.1.1
2026-04-06 13:29:30,653 [WARN] PackLoader:240 - Cannot read IP mode file for STMicroelectronics.X-CUBE-NFC12.1.0.0
2026-04-06 13:29:30,672 [WARN] PackLoader:240 - Cannot read IP mode file for STMicroelectronics.X-CUBE-AZRTOS-L5.2.0.0
2026-04-06 13:29:30,682 [WARN] PackLoader:240 - Cannot read IP mode file for STMicroelectronics.X-CUBE-NFC6.3.1.0
2026-04-06 13:29:30,687 [WARN] PackLoader:240 - Cannot read IP mode file for STMicroelectronics.eDS-WB_DPC_VIENNA.1.2.0
2026-04-06 13:29:30,689 [WARN] PackLoader:240 - Cannot read IP mode file for STMicroelectronics.eDS-WB_DPC_3PH2L-BIDIR.1.1.1
2026-04-06 13:29:30,693 [WARN] PackLoader:240 - Cannot read IP mode file for STMicroelectronics.X-CUBE-FREERTOS.1.3.1
2026-04-06 13:29:30,698 [WARN] PackLoader:240 - Cannot read IP mode file for STMicroelectronics.X-CUBE-TOUCHGFX.4.26.0
2026-04-06 13:29:30,702 [WARN] PackLoader:240 - Cannot read IP mode file for STMicroelectronics.FP-SNS-STAIOTCFT.1.0.0
2026-04-06 13:29:30,708 [WARN] PackLoader:240 - Cannot read IP mode file for STMicroelectronics.X-CUBE-DPower.1.3.0
2026-04-06 13:29:30,728 [WARN] ConditionMgr:438 - getConditionDescription Invalid condition id : LAN8742 Phy interface Condition cause : null
2026-04-06 13:29:30,729 [WARN] PackLoader:240 - Cannot read IP mode file for STMicroelectronics.X-CUBE-AZRTOS-L4.2.0.0
2026-04-06 13:29:30,731 [WARN] ConditionMgr:1044 - genDependencies : Invalid condition id : LAN8742 Phy interface Condition cause : null
2026-04-06 13:29:30,731 [WARN] ConditionMgr:1044 - genDependencies : Invalid condition id : LAN8742 Phy interface Condition cause : null
2026-04-06 13:29:30,731 [WARN] ConditionMgr:1044 - genDependencies : Invalid condition id : LAN8742 Phy interface Condition cause : null
2026-04-06 13:29:30,738 [WARN] PackLoader:240 - Cannot read IP mode file for STMicroelectronics.X-CUBE-SFXS2LP1.4.0.0
2026-04-06 13:29:30,745 [WARN] PackLoader:240 - Cannot read IP mode file for STMicroelectronics.X-CUBE-ST67W61.1.2.0
2026-04-06 13:29:30,758 [WARN] PackLoader:240 - Cannot read IP mode file for STMicroelectronics.X-CUBE-BLEMGR.4.1.0
2026-04-06 13:29:30,774 [WARN] ConditionMgr:438 - getConditionDescription Invalid condition id : UX DEVICE CLASS RTOS Condition cause : null
2026-04-06 13:29:30,775 [WARN] ConditionMgr:438 - getConditionDescription Invalid condition id : UX DEVICE CLASS RTOS Condition cause : null
2026-04-06 13:29:30,777 [WARN] PackLoader:240 - Cannot read IP mode file for STMicroelectronics.X-CUBE-AZRTOS-WB.2.0.0
2026-04-06 13:29:30,778 [WARN] ConditionMgr:1044 - genDependencies : Invalid condition id : UX DEVICE CLASS RTOS Condition cause : null
2026-04-06 13:29:30,778 [WARN] ConditionMgr:1044 - genDependencies : Invalid condition id : UX DEVICE CLASS RTOS Condition cause : null
2026-04-06 13:29:30,779 [WARN] ConditionMgr:1044 - genDependencies : Invalid condition id : UX DEVICE CLASS RTOS Condition cause : null
2026-04-06 13:29:30,779 [WARN] ConditionMgr:1044 - genDependencies : Invalid condition id : UX DEVICE CLASS RTOS Condition cause : null
2026-04-06 13:29:30,779 [WARN] ConditionMgr:1044 - genDependencies : Invalid condition id : UX DEVICE CLASS RTOS Condition cause : null
2026-04-06 13:29:30,784 [WARN] PackLoader:240 - Cannot read IP mode file for STMicroelectronics.X-CUBE-GNSS1.7.0.1
2026-04-06 13:29:30,787 [WARN] PackLoader:240 - Cannot read IP mode file for STMicroelectronics.X-CUBE-TOUCHGFX.4.25.0
2026-04-06 13:29:30,793 [WARN] PackLoader:240 - Cannot read IP mode file for STMicroelectronics.FP-SNS-STBOX1.2.0.0
2026-04-06 13:29:30,801 [WARN] PackLoader:240 - Cannot read IP mode file for STMicroelectronics.X-CUBE-STSE01.2.0.0
2026-04-06 13:29:30,811 [WARN] PackLoader:240 - Cannot read IP mode file for STMicroelectronics.X-CUBE-SUBG2.5.0.0
2026-04-06 13:29:30,831 [WARN] PackLoader:240 - Cannot read IP mode file for STMicroelectronics.X-CUBE-AZRTOS-H7RS.1.1.0
2026-04-06 13:29:30,835 [WARN] PackLoader:240 - Cannot read IP mode file for Cesanta.I-CUBE-Mongoose.7.13.0
2026-04-06 13:29:30,848 [WARN] PackLoader:240 - Cannot read IP mode file for STMicroelectronics.X-CUBE-AZRTOS-G4.2.0.0
2026-04-06 13:29:30,852 [WARN] PackLoader:240 - Cannot read IP mode file for wolfSSL.I-CUBE-wolfSSH.1.4.20
2026-04-06 13:29:30,856 [WARN] PackLoader:240 - Cannot read IP mode file for STMicroelectronics.X-CUBE-NFC7.2.0.0
2026-04-06 13:29:30,866 [WARN] PackLoader:240 - Cannot read IP mode file for STMicroelectronics.X-CUBE-IPS.3.1.0
2026-04-06 13:29:30,874 [WARN] PackLoader:240 - Cannot read IP mode file for STMicroelectronics.X-CUBE-ALS.1.0.2
2026-04-06 13:29:30,880 [WARN] PackLoader:240 - Cannot read IP mode file for STMicroelectronics.X-CUBE-STSE01.1.0.0
2026-04-06 13:29:30,885 [WARN] PackLoader:240 - Cannot read IP mode file for portGmbH.I-Cube-SoM-uGOAL.1.1.0
2026-04-06 13:29:30,895 [WARN] PackLoader:240 - Cannot read IP mode file for STMicroelectronics.X-CUBE-TOF1.3.4.3
2026-04-06 13:29:30,906 [INFO] ThirdParty:978 - Integrity check success = true
2026-04-06 13:29:30,906 [INFO] IntegrityCheckThread:100 - exiting critical section [integrity check]
2026-04-06 13:29:30,906 [INFO] IntegrityCheckThread:103 - End integrity checks thread
2026-04-06 14:48:33,493 [ERROR] LogOutputStream:75 - [STDERR_REDIRECT] 
2026-04-06 23:05:19,669 [INFO] Activator:176 - 


2026-04-06 23:05:19,670 [INFO] Activator:177 - !SESSION log4j initialized
2026-04-06 23:05:23,527 [INFO] LogOutputStream:77 - [STDOUT_REDIRECT] 
2026-04-06 23:05:30,667 [INFO] ApplicationProperties:184 - Using Application install path: /opt/st/stm32cubeide_1.19.0/plugins/com.st.stm32cube.common.mx_6.15.0.202507011659
2026-04-06 23:05:30,681 [INFO] DbMcusXml:78 - Set database path to: /opt/st/stm32cubeide_1.19.0/plugins/com.st.stm32cube.common.mx_6.15.0.202507011659//db//mcu/
2026-04-06 23:05:30,682 [INFO] ApiDb:274 - Set plugin database path to: /opt/st/stm32cubeide_1.19.0/plugins/com.st.stm32cube.common.mx_6.15.0.202507011659//db//plugins/boardmanager/
2026-04-06 23:05:30,682 [WARN] ApiDb:259 - Overriding images path with different value:  => /opt/st/stm32cubeide_1.19.0/plugins/com.st.stm32cube.common.mx_6.15.0.202507011659//db//plugins/mcufinder/images/
2026-04-06 23:05:30,686 [INFO] ApiDb:250 - Set database path to: /home/sunbeam/.stmcufinder/plugins/mcufinder//mcu/
2026-04-06 23:05:30,687 [INFO] DbMcusAds:125 - Set database path to: /home/sunbeam/.stmcufinder/plugins/mcufinder//mcu/
2026-04-06 23:05:30,794 [INFO] CrossReferenceDbSqlite:203 - Set database path to: /home/sunbeam/.stmcufinder/plugins/mcufinder//mcu/cs/
2026-04-06 23:05:30,903 [INFO] RulesReader:64 - Compatibility file has been processed (317 Rules)
2026-04-06 23:05:30,952 [INFO] DbMcusXml:78 - Set database path to: /opt/st/stm32cubeide_1.19.0/plugins/com.st.stm32cube.common.mx_6.15.0.202507011659//db//mcu/
2026-04-06 23:05:30,952 [INFO] ApiDb:274 - Set plugin database path to: /opt/st/stm32cubeide_1.19.0/plugins/com.st.stm32cube.common.mx_6.15.0.202507011659//db//plugins/boardmanager/
2026-04-06 23:05:30,952 [INFO] ApiDb:261 - Set plugin images path to: /opt/st/stm32cubeide_1.19.0/plugins/com.st.stm32cube.common.mx_6.15.0.202507011659//db//plugins/mcufinder/images/
2026-04-06 23:05:30,952 [WARN] DbFile:41 - Overriding database path with different value: /home/sunbeam/.stmcufinder/plugins/mcufinder/ => /home/sunbeam/.stmcufinder/plugins/mcufinder
2026-04-06 23:05:30,952 [INFO] ApiDb:250 - Set database path to: /home/sunbeam/.stmcufinder/plugins/mcufinder//mcu/
2026-04-06 23:05:30,952 [WARN] DbFile:41 - Overriding database path with different value: /home/sunbeam/.stmcufinder/plugins/mcufinder/ => /home/sunbeam/.stmcufinder/plugins/mcufinder
2026-04-06 23:05:30,952 [INFO] DbMcusAds:125 - Set database path to: /home/sunbeam/.stmcufinder/plugins/mcufinder//mcu/
2026-04-06 23:05:30,952 [WARN] DbFile:41 - Overriding database path with different value: /home/sunbeam/.stmcufinder/plugins/mcufinder/ => /home/sunbeam/.stmcufinder/plugins/mcufinder
2026-04-06 23:05:30,952 [WARN] DbFile:41 - Overriding database path with different value: /home/sunbeam/.stmcufinder/plugins/mcufinder/ => /home/sunbeam/.stmcufinder/plugins/mcufinder
2026-04-06 23:05:31,204 [INFO] CrossReferenceDbSqlite:203 - Set database path to: /home/sunbeam/.stmcufinder/plugins/mcufinder//mcu/cs/
2026-04-06 23:05:31,267 [INFO] MainPanel:274 - HeapMemory: 268435456
2026-04-06 23:05:31,378 [INFO] DbMcusXml:78 - Set database path to: /opt/st/stm32cubeide_1.19.0/plugins/com.st.stm32cube.common.mx_6.15.0.202507011659//db//mcu/
2026-04-06 23:05:31,378 [INFO] ApiDb:274 - Set plugin database path to: /opt/st/stm32cubeide_1.19.0/plugins/com.st.stm32cube.common.mx_6.15.0.202507011659//db//plugins/boardmanager/
2026-04-06 23:05:31,378 [INFO] ApiDb:261 - Set plugin images path to: /opt/st/stm32cubeide_1.19.0/plugins/com.st.stm32cube.common.mx_6.15.0.202507011659//db//plugins/mcufinder/images/
2026-04-06 23:05:31,379 [WARN] DbFile:41 - Overriding database path with different value: /home/sunbeam/.stmcufinder/plugins/mcufinder/ => /home/sunbeam/.stmcufinder/plugins/mcufinder
2026-04-06 23:05:31,379 [INFO] ApiDb:250 - Set database path to: /home/sunbeam/.stmcufinder/plugins/mcufinder//mcu/
2026-04-06 23:05:31,379 [WARN] DbFile:41 - Overriding database path with different value: /home/sunbeam/.stmcufinder/plugins/mcufinder/ => /home/sunbeam/.stmcufinder/plugins/mcufinder
2026-04-06 23:05:31,379 [INFO] DbMcusAds:125 - Set database path to: /home/sunbeam/.stmcufinder/plugins/mcufinder//mcu/
2026-04-06 23:05:31,379 [WARN] DbFile:41 - Overriding database path with different value: /home/sunbeam/.stmcufinder/plugins/mcufinder/ => /home/sunbeam/.stmcufinder/plugins/mcufinder
2026-04-06 23:05:31,379 [WARN] DbFile:41 - Overriding database path with different value: /home/sunbeam/.stmcufinder/plugins/mcufinder/ => /home/sunbeam/.stmcufinder/plugins/mcufinder
2026-04-06 23:05:31,658 [INFO] CrossReferenceDbSqlite:203 - Set database path to: /home/sunbeam/.stmcufinder/plugins/mcufinder//mcu/cs/
2026-04-06 23:05:31,683 [INFO] ApplicationProperties:184 - Using Application install path: /opt/st/stm32cubeide_1.19.0/plugins/com.st.stm32cube.common.mx_6.15.0.202507011659
2026-04-06 23:05:31,685 [INFO] PluginManage:196 - Search for loadable plugins [exclusion list=, ]
2026-04-06 23:05:31,685 [INFO] PluginManage:310 - Check plugin analytics
2026-04-06 23:05:31,995 [INFO] AnalyticsPlugin:253 - Accepted Software Licenses: 
2026-04-06 23:05:31,995 [INFO] AnalyticsPlugin:255 - Accepted CMSIS Pack Licenses: 
2026-04-06 23:05:31,995 [INFO] AnalyticsPlugin:257 - Accepted Firmware Licenses: FW.F4.1.28.0
2026-04-06 23:05:31,997 [INFO] PluginManage:359 - Loaded plugin analytics (category:tool,tabindex:-1)
2026-04-06 23:05:31,997 [INFO] PluginManage:310 - Check plugin cadmodel
2026-04-06 23:05:32,001 [INFO] CADModel:105 - Init CAD model plugin
2026-04-06 23:05:32,001 [INFO] PluginManage:359 - Loaded plugin cadmodel (category:power,tabindex:5)
2026-04-06 23:05:32,002 [INFO] PluginManage:310 - Check plugin clock
2026-04-06 23:05:32,008 [INFO] PluginManage:359 - Loaded plugin clock (category:base,tabindex:2)
2026-04-06 23:05:32,009 [INFO] PluginManage:310 - Check plugin ddr
2026-04-06 23:05:32,010 [INFO] PluginManage:359 - Loaded plugin ddr (category:tool,tabindex:6)
2026-04-06 23:05:32,011 [INFO] PluginManage:310 - Check plugin filemanager
2026-04-06 23:05:32,128 [INFO] PluginManage:359 - Loaded plugin filemanager (category:base,tabindex:10)
2026-04-06 23:05:32,128 [INFO] PluginManage:310 - Check plugin ipmanager
2026-04-06 23:05:32,132 [INFO] PluginManage:359 - Loaded plugin ipmanager (category:base,tabindex:5)
2026-04-06 23:05:32,132 [INFO] PluginManage:310 - Check plugin lpbam
2026-04-06 23:05:32,139 [INFO] PluginManage:359 - Loaded plugin lpbam (category:base,tabindex:0)
2026-04-06 23:05:32,139 [INFO] PluginManage:310 - Check plugin memorymap
2026-04-06 23:05:32,151 [INFO] PluginManage:359 - Loaded plugin memorymap (category:base,tabindex:4)
2026-04-06 23:05:32,151 [INFO] PluginManage:310 - Check plugin pinoutandconfiguration
2026-04-06 23:05:32,157 [INFO] PluginManage:359 - Loaded plugin pinoutandconfiguration (category:base,tabindex:1)
2026-04-06 23:05:32,157 [INFO] PluginManage:310 - Check plugin pinoutconfig
2026-04-06 23:05:32,225 [WARN] SupportedApi:132 - Cannot load RTOS API schema: s4s-elt-must-match.1: The content of 'definitions' must match (annotation?, (simpleType | complexType)?, (unique | key | keyref)*)). A problem was found starting at: attribute.
2026-04-06 23:05:32,336 [INFO] PluginManage:359 - Loaded plugin pinoutconfig (category:base,tabindex:0)
2026-04-06 23:05:32,336 [INFO] PluginManage:310 - Check plugin power
2026-04-06 23:05:32,344 [INFO] PluginManage:359 - Loaded plugin power (category:power,tabindex:4)
2026-04-06 23:05:32,344 [INFO] PluginManage:310 - Check plugin projectmanager
2026-04-06 23:05:32,355 [INFO] PluginManage:359 - Loaded plugin projectmanager (category:projectmanager,tabindex:4)
2026-04-06 23:05:32,356 [INFO] PluginManage:310 - Check plugin rif
2026-04-06 23:05:32,363 [INFO] PluginManage:359 - Loaded plugin rif (category:base,tabindex:3)
2026-04-06 23:05:32,363 [INFO] PluginManage:310 - Check plugin thirdparty
2026-04-06 23:05:32,459 [INFO] PluginManage:359 - Loaded plugin thirdparty (category:base,tabindex:-1)
2026-04-06 23:05:32,459 [WARN] IntegrityCheckThread:84 - waiting for thirdparty lock release [integrity check]
2026-04-06 23:05:32,459 [INFO] PluginManage:310 - Check plugin tools
2026-04-06 23:05:32,459 [INFO] IntegrityCheckThread:86 - entering critical section [integrity check]
2026-04-06 23:05:32,459 [INFO] ThirdPartyUpdaterWithRetryManager:70 - Updater plugin not ready yet. [1/15]
2026-04-06 23:05:32,460 [INFO] PluginManage:359 - Loaded plugin tools (category:base,tabindex:7)
2026-04-06 23:05:32,461 [INFO] PluginManage:310 - Check plugin tutovideos
2026-04-06 23:05:32,620 [INFO] PluginManage:359 - Loaded plugin tutovideos (category:base,tabindex:-1)
2026-04-06 23:05:32,620 [INFO] PluginManage:310 - Check plugin updater
2026-04-06 23:05:32,640 [INFO] PluginManage:359 - Loaded plugin updater (category:base,tabindex:12)
2026-04-06 23:05:32,641 [INFO] PluginManage:310 - Check plugin userauth
2026-04-06 23:05:32,644 [INFO] UserAuth:118 - Init User Auth plugin
2026-04-06 23:05:32,645 [INFO] PluginManage:359 - Loaded plugin userauth (category:base,tabindex:14)
2026-04-06 23:05:32,645 [INFO] PluginManage:283 - PluginManage : Loaded plugins [18]
2026-04-06 23:05:32,793 [INFO] PinOutPanel:1589 - setPackage(No Configuration,No Configuration)
2026-04-06 23:05:32,848 [INFO] CADModel:165 - CPN selected for project level
2026-04-06 23:05:32,848 [INFO] CADModel:114 - Register for checkConnection events
2026-04-06 23:05:32,856 [INFO] IPUIPlugin:80 - create IPUIPlugin
2026-04-06 23:05:32,856 [INFO] PluginManager:220 - loadIPPluginJar : add dfsdm
2026-04-06 23:05:32,860 [INFO] IPUIPlugin:80 - create IPUIPlugin
2026-04-06 23:05:32,860 [INFO] PluginManager:220 - loadIPPluginJar : add gfxmmu
2026-04-06 23:05:32,862 [INFO] IPUIPlugin:80 - create IPUIPlugin
2026-04-06 23:05:32,862 [INFO] PluginManager:220 - loadIPPluginJar : add i3c
2026-04-06 23:05:32,865 [INFO] IPUIPlugin:80 - create IPUIPlugin
2026-04-06 23:05:32,865 [INFO] PluginManager:220 - loadIPPluginJar : add sai
2026-04-06 23:05:32,870 [INFO] IPUIPlugin:80 - create IPUIPlugin
2026-04-06 23:05:32,870 [INFO] PluginManager:220 - loadIPPluginJar : add dma
2026-04-06 23:05:32,871 [INFO] IPUIPlugin:80 - create IPUIPlugin
2026-04-06 23:05:32,871 [INFO] PluginManager:220 - loadIPPluginJar : add quadspi
2026-04-06 23:05:32,874 [INFO] IPUIPlugin:80 - create IPUIPlugin
2026-04-06 23:05:32,874 [INFO] PluginManager:220 - loadIPPluginJar : add opamp
2026-04-06 23:05:32,875 [INFO] IPUIPlugin:80 - create IPUIPlugin
2026-04-06 23:05:32,875 [INFO] PluginManager:220 - loadIPPluginJar : add comp
2026-04-06 23:05:32,880 [INFO] IPUIPlugin:80 - create IPUIPlugin
2026-04-06 23:05:32,882 [INFO] PluginManager:220 - loadIPPluginJar : add plateformsettings
2026-04-06 23:05:32,883 [INFO] IPUIPlugin:80 - create IPUIPlugin
2026-04-06 23:05:32,883 [INFO] PluginManager:220 - loadIPPluginJar : add ltdc
2026-04-06 23:05:32,886 [INFO] IPUIPlugin:80 - create IPUIPlugin
2026-04-06 23:05:32,886 [INFO] PluginManager:220 - loadIPPluginJar : add nvic
2026-04-06 23:05:32,887 [INFO] IPUIPlugin:80 - create IPUIPlugin
2026-04-06 23:05:32,887 [INFO] PluginManager:220 - loadIPPluginJar : add fatfs
2026-04-06 23:05:32,891 [INFO] IPUIPlugin:80 - create IPUIPlugin
2026-04-06 23:05:32,891 [INFO] PluginManager:220 - loadIPPluginJar : add gpio
2026-04-06 23:05:32,893 [INFO] IPUIPlugin:80 - create IPUIPlugin
2026-04-06 23:05:32,893 [INFO] PluginManager:220 - loadIPPluginJar : add aes
2026-04-06 23:05:32,898 [INFO] IPUIPlugin:80 - create IPUIPlugin
2026-04-06 23:05:32,898 [INFO] PluginManager:220 - loadIPPluginJar : add mdma
2026-04-06 23:05:32,900 [INFO] IPUIPlugin:80 - create IPUIPlugin
2026-04-06 23:05:32,900 [INFO] PluginManager:220 - loadIPPluginJar : add pdm2pcm
2026-04-06 23:05:32,906 [INFO] IPUIPlugin:80 - create IPUIPlugin
2026-04-06 23:05:32,906 [INFO] PluginManager:220 - loadIPPluginJar : add linkedlist
2026-04-06 23:05:32,908 [INFO] IPUIPlugin:80 - create IPUIPlugin
2026-04-06 23:05:32,908 [INFO] PluginManager:220 - loadIPPluginJar : add usart
2026-04-06 23:05:32,910 [INFO] IPUIPlugin:80 - create IPUIPlugin
2026-04-06 23:05:32,910 [INFO] PluginManager:220 - loadIPPluginJar : add i2c
2026-04-06 23:05:32,912 [INFO] IPUIPlugin:80 - create IPUIPlugin
2026-04-06 23:05:32,912 [INFO] PluginManager:220 - loadIPPluginJar : add lorawan
2026-04-06 23:05:32,914 [INFO] IPUIPlugin:80 - create IPUIPlugin
2026-04-06 23:05:32,914 [INFO] PluginManager:220 - loadIPPluginJar : add usbx
2026-04-06 23:05:32,918 [INFO] IPUIPlugin:80 - create IPUIPlugin
2026-04-06 23:05:32,918 [INFO] PluginManager:220 - loadIPPluginJar : add fmc
2026-04-06 23:05:32,920 [INFO] IPUIPlugin:80 - create IPUIPlugin
2026-04-06 23:05:32,921 [INFO] PluginManager:220 - loadIPPluginJar : add extmemmanager
2026-04-06 23:05:32,926 [INFO] IPUIPlugin:80 - create IPUIPlugin
2026-04-06 23:05:32,926 [INFO] PluginManager:220 - loadIPPluginJar : add freertos
2026-04-06 23:05:32,928 [INFO] IPUIPlugin:80 - create IPUIPlugin
2026-04-06 23:05:32,929 [INFO] PluginManager:220 - loadIPPluginJar : add can
2026-04-06 23:05:32,931 [INFO] IPUIPlugin:80 - create IPUIPlugin
2026-04-06 23:05:32,932 [INFO] PluginManager:220 - loadIPPluginJar : add touchsensing
2026-04-06 23:05:32,933 [INFO] IPUIPlugin:80 - create IPUIPlugin
2026-04-06 23:05:32,933 [INFO] PluginManager:220 - loadIPPluginJar : add tracer_emb
2026-04-06 23:05:32,935 [INFO] IPUIPlugin:80 - create IPUIPlugin
2026-04-06 23:05:32,935 [INFO] PluginManager:220 - loadIPPluginJar : add ucpd
2026-04-06 23:05:32,936 [INFO] IPUIPlugin:80 - create IPUIPlugin
2026-04-06 23:05:32,936 [INFO] PluginManager:220 - loadIPPluginJar : add ts
2026-04-06 23:05:32,937 [INFO] IPUIPlugin:80 - create IPUIPlugin
2026-04-06 23:05:32,937 [INFO] PluginManager:220 - loadIPPluginJar : add tsc
2026-04-06 23:05:32,939 [INFO] IPUIPlugin:80 - create IPUIPlugin
2026-04-06 23:05:32,939 [INFO] PluginManager:220 - loadIPPluginJar : add resmgrutility
2026-04-06 23:05:32,941 [INFO] IPUIPlugin:80 - create IPUIPlugin
2026-04-06 23:05:32,941 [INFO] PluginManager:220 - loadIPPluginJar : add cryp
2026-04-06 23:05:32,943 [INFO] IPUIPlugin:80 - create IPUIPlugin
2026-04-06 23:05:32,943 [INFO] PluginManager:220 - loadIPPluginJar : add openamp
2026-04-06 23:05:32,948 [INFO] IPUIPlugin:80 - create IPUIPlugin
2026-04-06 23:05:32,949 [INFO] PluginManager:220 - loadIPPluginJar : add adc
2026-04-06 23:05:32,950 [INFO] IPUIPlugin:80 - create IPUIPlugin
2026-04-06 23:05:32,950 [INFO] PluginManager:220 - loadIPPluginJar : add spi
2026-04-06 23:05:32,953 [INFO] IPUIPlugin:80 - create IPUIPlugin
2026-04-06 23:05:32,954 [INFO] PluginManager:220 - loadIPPluginJar : add ipddr
2026-04-06 23:05:32,959 [INFO] IPUIPlugin:80 - create IPUIPlugin
2026-04-06 23:05:32,959 [INFO] PluginManager:220 - loadIPPluginJar : add stm32_wpan
2026-04-06 23:05:32,963 [INFO] IPUIPlugin:80 - create IPUIPlugin
2026-04-06 23:05:32,964 [INFO] PluginManager:220 - loadIPPluginJar : add gic
2026-04-06 23:05:32,966 [INFO] IPUIPlugin:80 - create IPUIPlugin
2026-04-06 23:05:32,966 [INFO] PluginManager:220 - loadIPPluginJar : add ddr_ctrl_phy
2026-04-06 23:05:32,968 [INFO] IPUIPlugin:80 - create IPUIPlugin
2026-04-06 23:05:32,968 [INFO] PluginManager:220 - loadIPPluginJar : add genericplugin
2026-04-06 23:05:32,970 [INFO] IPUIPlugin:80 - create IPUIPlugin
2026-04-06 23:05:32,970 [INFO] PluginManager:220 - loadIPPluginJar : add hash
2026-04-06 23:05:32,971 [INFO] IPUIPlugin:80 - create IPUIPlugin
2026-04-06 23:05:32,971 [INFO] PluginManager:220 - loadIPPluginJar : add tim
2026-04-06 23:05:32,972 [INFO] IPUIPlugin:80 - create IPUIPlugin
2026-04-06 23:05:32,972 [INFO] PluginManager:220 - loadIPPluginJar : add radio
2026-04-06 23:05:32,974 [INFO] IPUIPlugin:80 - create IPUIPlugin
2026-04-06 23:05:32,974 [INFO] PluginManager:220 - loadIPPluginJar : add gtzc
2026-04-06 23:05:32,976 [INFO] IPUIPlugin:80 - create IPUIPlugin
2026-04-06 23:05:32,976 [INFO] PluginManager:220 - loadIPPluginJar : add i2s
2026-04-06 23:05:32,977 [INFO] IPUIPlugin:80 - create IPUIPlugin
2026-04-06 23:05:32,977 [INFO] PluginManager:220 - loadIPPluginJar : add dma3
2026-04-06 23:05:33,076 [FATAL] Updater:351 - Updater called before beeing initialized
2026-04-06 23:05:33,101 [INFO] RulesReader:64 - Compatibility file has been processed (317 Rules)
2026-04-06 23:05:33,116 [INFO] RulesReader:64 - Compatibility file has been processed (317 Rules)
2026-04-06 23:05:33,124 [INFO] CADModel:165 - CPN selected for project level
2026-04-06 23:05:33,124 [INFO] CADModel:114 - Register for checkConnection events
2026-04-06 23:05:33,125 [FATAL] Updater:351 - Updater called before beeing initialized
2026-04-06 23:05:33,125 [ERROR] CADModel:125 - Updater not yet initialized, retry later 
2026-04-06 23:05:33,229 [FATAL] Updater:351 - Updater called before beeing initialized
2026-04-06 23:05:33,230 [INFO] CADModel:165 - CPN selected for project level
2026-04-06 23:05:33,230 [INFO] CADModel:114 - Register for checkConnection events
2026-04-06 23:05:33,230 [FATAL] Updater:351 - Updater called before beeing initialized
2026-04-06 23:05:33,231 [ERROR] CADModel:125 - Updater not yet initialized, retry later 
2026-04-06 23:05:33,233 [FATAL] Updater:351 - Updater called before beeing initialized
2026-04-06 23:05:33,290 [FATAL] Updater:351 - Updater called before beeing initialized
2026-04-06 23:05:33,293 [INFO] DbMcusAds:53 - JSON generation date=Thu Mar 05 20:02:52 IST 2026 (1772721172890)
2026-04-06 23:05:33,294 [FATAL] Updater:351 - Updater called before beeing initialized
2026-04-06 23:05:33,321 [WARN] DetailPanel:346 - Failed to get advertising image, set to default
2026-04-06 23:05:33,375 [FATAL] Updater:351 - Updater called before beeing initialized
2026-04-06 23:05:33,376 [FATAL] Updater:351 - Updater called before beeing initialized
2026-04-06 23:05:33,376 [FATAL] Updater:351 - Updater called before beeing initialized
2026-04-06 23:05:33,376 [WARN] DetailPanel:346 - Failed to get advertising image, set to default
2026-04-06 23:05:33,377 [FATAL] Updater:351 - Updater called before beeing initialized
2026-04-06 23:05:33,401 [ERROR] Updater:1198 - MainUpdater not yet initialized. External WinMGr cannot be set.
2026-04-06 23:05:33,403 [INFO] Updater:1134 - Updater Version found : 6.15.0
2026-04-06 23:05:33,419 [INFO] ApplicationProperties:184 - Using Application install path: /opt/st/stm32cubeide_1.19.0/plugins/com.st.stm32cube.common.mx_6.15.0.202507011659
2026-04-06 23:05:33,788 [INFO] MainUpdater:2872 - connection check result : 10
2026-04-06 23:05:33,790 [INFO] MainUpdater:289 - Updater Check For Update Now.
2026-04-06 23:05:33,790 [INFO] MicroXplorer:498 - Change Database Version : DB.6.0.150
2026-04-06 23:05:33,800 [INFO] McuFinderGlobals:63 - Set McuFinder mode to 2 (CubeIDE integrated)
2026-04-06 23:05:33,800 [INFO] UserAuth:171 - activating auth plugin
2026-04-06 23:05:33,806 [INFO] UserAuth:487 - Internet connection configuration mode: 1
2026-04-06 23:05:33,830 [INFO] JxBrowserEngine:152 - Initiate JxBrowser Engine with user profile folder
2026-04-06 23:05:34,011 [INFO] CheckServerUpdateThread:120 - End of CheckServer Thread
2026-04-06 23:05:34,386 [INFO] WebApp:169 - Instantiating new browser for Auth
2026-04-06 23:05:34,918 [INFO] WebApp:463 - Apply proxy settings
2026-04-06 23:05:34,918 [INFO] WebApp:548 - Chromium requires no authentication
2026-04-06 23:05:34,926 [INFO] WebApp:491 - Direct internet connection detected
2026-04-06 23:05:34,943 [INFO] WebApp:900 - Register for checkConnection events
2026-04-06 23:05:34,943 [INFO] WebApp:463 - Apply proxy settings
2026-04-06 23:05:34,943 [INFO] WebApp:548 - Chromium requires no authentication
2026-04-06 23:05:34,944 [INFO] WebApp:491 - Direct internet connection detected
2026-04-06 23:05:35,058 [INFO] WebApp:225 - Starting web application
2026-04-06 23:05:35,058 [INFO] WebApp:593 - Web application path used /opt/st/stm32cubeide_1.19.0/plugins/com.st.stm32cube.common.mx_6.15.0.202507011659/db/plugins/mcufinder/reactClient1/index.html
2026-04-06 23:05:35,570 [WARN] PackLoader:240 - Cannot read IP mode file for STMicroelectronics.X-CUBE-AZRTOS-H7.3.5.0
2026-04-06 23:05:35,577 [WARN] PackLoader:240 - Cannot read IP mode file for STMicroelectronics.FP-SNS-MOTENVWB1.1.4.0
2026-04-06 23:05:35,580 [WARN] PackLoader:240 - Cannot read IP mode file for STMicroelectronics.FP-ATR-ASTRA1.2.0.2
2026-04-06 23:05:35,584 [WARN] PackLoader:240 - Cannot read IP mode file for STMicroelectronics.X-CUBE-SMBUS.2.1.0
2026-04-06 23:05:35,587 [WARN] PackLoader:240 - Cannot read IP mode file for STMicroelectronics.X-CUBE-ST60.1.0.0
2026-04-06 23:05:35,606 [WARN] PackLoader:240 - Cannot read IP mode file for STMicroelectronics.X-CUBE-AZRTOS-F7.1.1.0
2026-04-06 23:05:35,613 [WARN] PackLoader:240 - Cannot read IP mode file for STMicroelectronics.FP-SNS-MOTENV1.5.1.0
2026-04-06 23:05:35,640 [WARN] PackLoader:240 - Cannot read IP mode file for Infineon.AIROC-Wi-Fi-Bluetooth-STM32.1.7.1
2026-04-06 23:05:35,684 [WARN] PackLoader:240 - Cannot read IP mode file for STMicroelectronics.X-CUBE-AZRTOS-H7.3.4.0
2026-04-06 23:05:35,697 [WARN] PackLoader:240 - Cannot read IP mode file for STMicroelectronics.X-CUBE-DISPLAY.3.0.0
2026-04-06 23:05:35,711 [WARN] PackLoader:240 - Cannot read IP mode file for STMicroelectronics.FP-SNS-MOTENVWB1.1.5.0
2026-04-06 23:05:35,715 [INFO] WebApp:191 - Connection restablished
2026-04-06 23:05:35,718 [WARN] PackLoader:240 - Cannot read IP mode file for STMicroelectronics.X-CUBE-NFC10.1.0.0
2026-04-06 23:05:35,731 [WARN] PackLoader:240 - Cannot read IP mode file for STMicroelectronics.X-CUBE-BLEMGR.4.0.0
2026-04-06 23:05:35,739 [WARN] PackLoader:240 - Cannot read IP mode file for STMicroelectronics.X-CUBE-ST60.1.1.0
2026-04-06 23:05:35,743 [WARN] PackLoader:240 - Cannot read IP mode file for emotas.I-CUBE-CANOPEN.1.3.0
2026-04-06 23:05:35,747 [WARN] PackLoader:240 - Cannot read IP mode file for STMicroelectronics.X-CUBE-GNSS1.7.1.0
2026-04-06 23:05:35,751 [WARN] ConditionMgr:438 - getConditionDescription Invalid condition id : Cortex-A Device cause : null
2026-04-06 23:05:35,778 [WARN] ConditionMgr:1044 - genDependencies : Invalid condition id : Cortex-A Device cause : null
2026-04-06 23:05:35,778 [WARN] ConditionMgr:1044 - genDependencies : Invalid condition id : Cortex-A Device cause : null
2026-04-06 23:05:35,778 [WARN] ConditionMgr:1044 - genDependencies : Invalid condition id : Cortex-A Device cause : null
2026-04-06 23:05:35,786 [WARN] PackLoader:240 - Cannot read IP mode file for STMicroelectronics.FP-SNS-STBOX1.2.1.0
2026-04-06 23:05:35,791 [WARN] PackLoader:240 - Cannot read IP mode file for STMicroelectronics.FP-SNS-SMARTAG2.1.2.0
2026-04-06 23:05:35,795 [WARN] PackLoader:240 - Cannot read IP mode file for STMicroelectronics.FP-SNS-FLIGHT1.5.1.0
2026-04-06 23:05:35,807 [INFO] LogOutputStream:77 - [STDOUT_REDIRECT] 1 : Invalid condition id : UX_CORESTACK_Condition cause : null
2026-04-06 23:05:35,807 [INFO] LogOutputStream:77 - [STDOUT_REDIRECT] 1 : Invalid condition id : UX_CORESTACK_Condition cause : null
2026-04-06 23:05:35,807 [INFO] LogOutputStream:77 - [STDOUT_REDIRECT] 1 : Invalid condition id : UX_CORESTACK_Condition cause : null
2026-04-06 23:05:35,808 [INFO] LogOutputStream:77 - [STDOUT_REDIRECT] 1 : Invalid condition id : UX_CORESTACK_Condition cause : null
2026-04-06 23:05:35,808 [INFO] LogOutputStream:77 - [STDOUT_REDIRECT] 1 : Invalid condition id : UX_CORESTACK_Condition cause : null
2026-04-06 23:05:35,812 [WARN] PackLoader:240 - Cannot read IP mode file for STMicroelectronics.X-CUBE-AZRTOS-WL.2.0.0
2026-04-06 23:05:35,820 [WARN] PackLoader:240 - Cannot read IP mode file for STMicroelectronics.FP-SNS-MOTENV1.5.0.0
2026-04-06 23:05:35,839 [WARN] PackLoader:240 - Cannot read IP mode file for STMicroelectronics.X-CUBE-AZRTOS-H7RS.1.2.0
2026-04-06 23:05:35,847 [WARN] PackLoader:240 - Cannot read IP mode file for WES.I-CUBE-Cesium.1.3.0
2026-04-06 23:05:35,851 [WARN] PackLoader:240 - Cannot read IP mode file for STMicroelectronics.X-CUBE-BLE2.3.3.0
2026-04-06 23:05:35,861 [WARN] PackLoader:240 - Cannot read IP mode file for STMicroelectronics.X-CUBE-NFC9.1.0.0
2026-04-06 23:05:35,865 [WARN] PackLoader:240 - Cannot read IP mode file for wolfSSL.I-CUBE-wolfSSL.5.8.0
2026-04-06 23:05:35,868 [WARN] PackLoader:240 - Cannot read IP mode file for STMicroelectronics.X-CUBE-BLE1.7.1.0
2026-04-06 23:05:35,871 [WARN] PackLoader:240 - Cannot read IP mode file for wolfSSL.I-CUBE-wolfMQTT.1.19.2
2026-04-06 23:05:35,875 [WARN] PackLoader:240 - Cannot read IP mode file for STMicroelectronics.X-CUBE-FREERTOS.1.4.0
2026-04-06 23:05:35,879 [WARN] PackLoader:240 - Cannot read IP mode file for STMicroelectronics.X-CUBE-EEPRMA1.5.2.0
2026-04-06 23:05:35,884 [WARN] PackLoader:240 - Cannot read IP mode file for STMicroelectronics.X-CUBE-ST67W61.1.1.0
2026-04-06 23:05:35,887 [WARN] PackLoader:240 - Cannot read IP mode file for STMicroelectronics.X-CUBE-AI.10.1.0
2026-04-06 23:05:35,925 [WARN] PackLoader:240 - Cannot read IP mode file for STMicroelectronics.X-CUBE-MEMS1.12.0.0
2026-04-06 23:05:36,051 [WARN] PackLoader:240 - Cannot read IP mode file for STMicroelectronics.X-CUBE-AZRTOS-G0.1.1.0
2026-04-06 23:05:36,059 [WARN] PackLoader:240 - Cannot read IP mode file for STMicroelectronics.X-CUBE-SAFEA1.1.2.2
2026-04-06 23:05:36,065 [WARN] PackLoader:240 - Cannot read IP mode file for STMicroelectronics.X-CUBE-NFC4.3.0.0
2026-04-06 23:05:36,073 [WARN] PackLoader:240 - Cannot read IP mode file for EmbeddedOffice.I-CUBE-FS-RTOS.1.0.1
2026-04-06 23:05:36,079 [WARN] PackLoader:240 - Cannot read IP mode file for STMicroelectronics.X-CUBE-WB05N.2.0.0
2026-04-06 23:05:36,083 [WARN] PackLoader:240 - Cannot read IP mode file for wolfSSL.I-CUBE-wolfTPM.3.8.0
2026-04-06 23:05:36,088 [WARN] PackLoader:240 - Cannot read IP mode file for STMicroelectronics.X-CUBE-TCPP.4.2.0
2026-04-06 23:05:36,094 [WARN] PackLoader:240 - Cannot read IP mode file for RealThread.X-CUBE-RT-Thread_Nano.4.1.1
2026-04-06 23:05:36,099 [WARN] PackLoader:240 - Cannot read IP mode file for STMicroelectronics.FP-ATR-SIGFOX1.3.2.0
2026-04-06 23:05:36,105 [WARN] PackLoader:240 - Cannot read IP mode file for STMicroelectronics.X-CUBE-EEPRMA1.5.1.0
2026-04-06 23:05:36,115 [WARN] PackLoader:240 - Cannot read IP mode file for ITTIA_DB.I-CUBE-ITTIADB.8.9.0
2026-04-06 23:05:36,122 [WARN] PackLoader:240 - Cannot read IP mode file for STMicroelectronics.X-CUBE-NFC6.3.2.0
2026-04-06 23:05:36,130 [WARN] PackLoader:240 - Cannot read IP mode file for STMicroelectronics.X-CUBE-ST67W61.1.0.0
2026-04-06 23:05:36,133 [WARN] PackLoader:240 - Cannot read IP mode file for STMicroelectronics.X-CUBE-AI.10.2.0
2026-04-06 23:05:36,169 [WARN] PackLoader:240 - Cannot read IP mode file for SEGGER.I-CUBE-embOS.1.3.1
2026-04-06 23:05:36,247 [WARN] PackLoader:240 - Cannot read IP mode file for STMicroelectronics.X-CUBE-ALGOBUILD.1.4.0
2026-04-06 23:05:36,298 [WARN] PackLoader:240 - Cannot read IP mode file for STMicroelectronics.X-CUBE-MEMS1.11.3.0
2026-04-06 23:05:36,438 [WARN] PackLoader:240 - Cannot read IP mode file for STMicroelectronics.X-CUBE-PM33A1.1.0.0
2026-04-06 23:05:36,451 [WARN] PackLoader:240 - Cannot read IP mode file for STMicroelectronics.X-CUBE-AZRTOS-F4.1.1.0
2026-04-06 23:05:36,455 [WARN] PackLoader:240 - Cannot read IP mode file for Avnet-IotConnect.X-CUBE-IoTC-DA16k-PMOD.1.0.0
2026-04-06 23:05:36,457 [WARN] PackLoader:240 - Cannot read IP mode file for STMicroelectronics.X-CUBE-ISPU.2.1.0
2026-04-06 23:05:36,470 [WARN] PackLoader:240 - Cannot read IP mode file for STMicroelectronics.X-CUBE-IPS.3.2.0
2026-04-06 23:05:36,478 [WARN] PackLoader:240 - Cannot read IP mode file for STMicroelectronics.eDS-WB_DPC_TT-BIDIR.2.1.1
2026-04-06 23:05:36,482 [WARN] PackLoader:240 - Cannot read IP mode file for STMicroelectronics.X-CUBE-NFC12.1.0.0
2026-04-06 23:05:36,495 [WARN] PackLoader:240 - Cannot read IP mode file for STMicroelectronics.X-CUBE-AZRTOS-L5.2.0.0
2026-04-06 23:05:36,503 [WARN] PackLoader:240 - Cannot read IP mode file for STMicroelectronics.X-CUBE-NFC6.3.1.0
2026-04-06 23:05:36,529 [WARN] PackLoader:240 - Cannot read IP mode file for STMicroelectronics.eDS-WB_DPC_VIENNA.1.2.0
2026-04-06 23:05:36,535 [WARN] PackLoader:240 - Cannot read IP mode file for STMicroelectronics.eDS-WB_DPC_3PH2L-BIDIR.1.1.1
2026-04-06 23:05:36,541 [WARN] PackLoader:240 - Cannot read IP mode file for STMicroelectronics.X-CUBE-FREERTOS.1.3.1
2026-04-06 23:05:36,545 [WARN] PackLoader:240 - Cannot read IP mode file for STMicroelectronics.X-CUBE-TOUCHGFX.4.26.0
2026-04-06 23:05:36,550 [WARN] PackLoader:240 - Cannot read IP mode file for STMicroelectronics.FP-SNS-STAIOTCFT.1.0.0
2026-04-06 23:05:36,556 [WARN] PackLoader:240 - Cannot read IP mode file for STMicroelectronics.X-CUBE-DPower.1.3.0
2026-04-06 23:05:36,577 [WARN] ConditionMgr:438 - getConditionDescription Invalid condition id : LAN8742 Phy interface Condition cause : null
2026-04-06 23:05:36,578 [WARN] PackLoader:240 - Cannot read IP mode file for STMicroelectronics.X-CUBE-AZRTOS-L4.2.0.0
2026-04-06 23:05:36,580 [WARN] ConditionMgr:1044 - genDependencies : Invalid condition id : LAN8742 Phy interface Condition cause : null
2026-04-06 23:05:36,581 [WARN] ConditionMgr:1044 - genDependencies : Invalid condition id : LAN8742 Phy interface Condition cause : null
2026-04-06 23:05:36,582 [WARN] ConditionMgr:1044 - genDependencies : Invalid condition id : LAN8742 Phy interface Condition cause : null
2026-04-06 23:05:36,591 [WARN] PackLoader:240 - Cannot read IP mode file for STMicroelectronics.X-CUBE-SFXS2LP1.4.0.0
2026-04-06 23:05:36,599 [WARN] PackLoader:240 - Cannot read IP mode file for STMicroelectronics.X-CUBE-ST67W61.1.2.0
2026-04-06 23:05:36,610 [WARN] PackLoader:240 - Cannot read IP mode file for STMicroelectronics.X-CUBE-BLEMGR.4.1.0
2026-04-06 23:05:36,626 [WARN] ConditionMgr:438 - getConditionDescription Invalid condition id : UX DEVICE CLASS RTOS Condition cause : null
2026-04-06 23:05:36,626 [WARN] ConditionMgr:438 - getConditionDescription Invalid condition id : UX DEVICE CLASS RTOS Condition cause : null
2026-04-06 23:05:36,629 [WARN] PackLoader:240 - Cannot read IP mode file for STMicroelectronics.X-CUBE-AZRTOS-WB.2.0.0
2026-04-06 23:05:36,629 [WARN] ConditionMgr:1044 - genDependencies : Invalid condition id : UX DEVICE CLASS RTOS Condition cause : null
2026-04-06 23:05:36,629 [WARN] ConditionMgr:1044 - genDependencies : Invalid condition id : UX DEVICE CLASS RTOS Condition cause : null
2026-04-06 23:05:36,630 [WARN] ConditionMgr:1044 - genDependencies : Invalid condition id : UX DEVICE CLASS RTOS Condition cause : null
2026-04-06 23:05:36,630 [WARN] ConditionMgr:1044 - genDependencies : Invalid condition id : UX DEVICE CLASS RTOS Condition cause : null
2026-04-06 23:05:36,630 [WARN] ConditionMgr:1044 - genDependencies : Invalid condition id : UX DEVICE CLASS RTOS Condition cause : null
2026-04-06 23:05:36,635 [WARN] PackLoader:240 - Cannot read IP mode file for STMicroelectronics.X-CUBE-GNSS1.7.0.1
2026-04-06 23:05:36,639 [WARN] PackLoader:240 - Cannot read IP mode file for STMicroelectronics.X-CUBE-TOUCHGFX.4.25.0
2026-04-06 23:05:36,648 [WARN] PackLoader:240 - Cannot read IP mode file for STMicroelectronics.FP-SNS-STBOX1.2.0.0
2026-04-06 23:05:36,656 [WARN] PackLoader:240 - Cannot read IP mode file for STMicroelectronics.X-CUBE-STSE01.2.0.0
2026-04-06 23:05:36,667 [WARN] PackLoader:240 - Cannot read IP mode file for STMicroelectronics.X-CUBE-SUBG2.5.0.0
2026-04-06 23:05:36,686 [WARN] PackLoader:240 - Cannot read IP mode file for STMicroelectronics.X-CUBE-AZRTOS-H7RS.1.1.0
2026-04-06 23:05:36,690 [WARN] PackLoader:240 - Cannot read IP mode file for Cesanta.I-CUBE-Mongoose.7.13.0
2026-04-06 23:05:36,701 [WARN] PackLoader:240 - Cannot read IP mode file for STMicroelectronics.X-CUBE-AZRTOS-G4.2.0.0
2026-04-06 23:05:36,705 [WARN] PackLoader:240 - Cannot read IP mode file for wolfSSL.I-CUBE-wolfSSH.1.4.20
2026-04-06 23:05:36,708 [WARN] PackLoader:240 - Cannot read IP mode file for STMicroelectronics.X-CUBE-NFC7.2.0.0
2026-04-06 23:05:36,720 [WARN] PackLoader:240 - Cannot read IP mode file for STMicroelectronics.X-CUBE-IPS.3.1.0
2026-04-06 23:05:36,731 [WARN] PackLoader:240 - Cannot read IP mode file for STMicroelectronics.X-CUBE-ALS.1.0.2
2026-04-06 23:05:36,738 [WARN] PackLoader:240 - Cannot read IP mode file for STMicroelectronics.X-CUBE-STSE01.1.0.0
2026-04-06 23:05:36,745 [WARN] PackLoader:240 - Cannot read IP mode file for portGmbH.I-Cube-SoM-uGOAL.1.1.0
2026-04-06 23:05:36,758 [WARN] PackLoader:240 - Cannot read IP mode file for STMicroelectronics.X-CUBE-TOF1.3.4.3
2026-04-06 23:05:36,770 [INFO] ThirdParty:978 - Integrity check success = true
2026-04-06 23:05:36,770 [INFO] IntegrityCheckThread:100 - exiting critical section [integrity check]
2026-04-06 23:05:36,770 [INFO] IntegrityCheckThread:103 - End integrity checks thread
2026-04-06 23:09:26,671 [ERROR] LogOutputStream:75 - [STDERR_REDIRECT] 
