2026-09-03 21:24:20,759 [INFO] Activator:176 - 


2026-09-03 21:24:20,764 [INFO] Activator:177 - !SESSION log4j initialized
2026-09-03 21:24:26,484 [INFO] LogOutputStream:77 - [STDOUT_REDIRECT] 
2026-09-03 21:24:35,466 [INFO] ApplicationProperties:184 - Using Application install path: /opt/st/stm32cubeide_1.19.0/plugins/com.st.stm32cube.common.mx_6.15.0.202507011659
2026-09-03 21:24:35,485 [INFO] DbMcusXml:78 - Set database path to: /opt/st/stm32cubeide_1.19.0/plugins/com.st.stm32cube.common.mx_6.15.0.202507011659//db//mcu/
2026-09-03 21:24:35,485 [INFO] ApiDb:274 - Set plugin database path to: /opt/st/stm32cubeide_1.19.0/plugins/com.st.stm32cube.common.mx_6.15.0.202507011659//db//plugins/boardmanager/
2026-09-03 21:24:35,485 [WARN] ApiDb:259 - Overriding images path with different value:  => /opt/st/stm32cubeide_1.19.0/plugins/com.st.stm32cube.common.mx_6.15.0.202507011659//db//plugins/mcufinder/images/
2026-09-03 21:24:35,502 [INFO] ApiDb:250 - Set database path to: /home/sunbeam/.stmcufinder/plugins/mcufinder//mcu/
2026-09-03 21:24:35,504 [INFO] DbMcusAds:125 - Set database path to: /home/sunbeam/.stmcufinder/plugins/mcufinder//mcu/
2026-09-03 21:24:35,507 [INFO] CrossReferenceDbSqlite:203 - Set database path to: /home/sunbeam/.stmcufinder/plugins/mcufinder//mcu/cs/
2026-09-03 21:24:35,626 [INFO] RulesReader:64 - Compatibility file has been processed (317 Rules)
2026-09-03 21:24:35,687 [INFO] DbMcusXml:78 - Set database path to: /opt/st/stm32cubeide_1.19.0/plugins/com.st.stm32cube.common.mx_6.15.0.202507011659//db//mcu/
2026-09-03 21:24:35,687 [INFO] ApiDb:274 - Set plugin database path to: /opt/st/stm32cubeide_1.19.0/plugins/com.st.stm32cube.common.mx_6.15.0.202507011659//db//plugins/boardmanager/
2026-09-03 21:24:35,687 [INFO] ApiDb:261 - Set plugin images path to: /opt/st/stm32cubeide_1.19.0/plugins/com.st.stm32cube.common.mx_6.15.0.202507011659//db//plugins/mcufinder/images/
2026-09-03 21:24:35,688 [WARN] DbFile:41 - Overriding database path with different value: /home/sunbeam/.stmcufinder/plugins/mcufinder/ => /home/sunbeam/.stmcufinder/plugins/mcufinder
2026-09-03 21:24:35,688 [INFO] ApiDb:250 - Set database path to: /home/sunbeam/.stmcufinder/plugins/mcufinder//mcu/
2026-09-03 21:24:35,688 [WARN] DbFile:41 - Overriding database path with different value: /home/sunbeam/.stmcufinder/plugins/mcufinder/ => /home/sunbeam/.stmcufinder/plugins/mcufinder
2026-09-03 21:24:35,688 [INFO] DbMcusAds:125 - Set database path to: /home/sunbeam/.stmcufinder/plugins/mcufinder//mcu/
2026-09-03 21:24:35,688 [WARN] DbFile:41 - Overriding database path with different value: /home/sunbeam/.stmcufinder/plugins/mcufinder/ => /home/sunbeam/.stmcufinder/plugins/mcufinder
2026-09-03 21:24:35,688 [WARN] DbFile:41 - Overriding database path with different value: /home/sunbeam/.stmcufinder/plugins/mcufinder/ => /home/sunbeam/.stmcufinder/plugins/mcufinder
2026-09-03 21:24:35,688 [INFO] CrossReferenceDbSqlite:203 - Set database path to: /home/sunbeam/.stmcufinder/plugins/mcufinder//mcu/cs/
2026-09-03 21:24:35,760 [INFO] MainPanel:274 - HeapMemory: 268435456
2026-09-03 21:24:35,909 [INFO] DbMcusXml:78 - Set database path to: /opt/st/stm32cubeide_1.19.0/plugins/com.st.stm32cube.common.mx_6.15.0.202507011659//db//mcu/
2026-09-03 21:24:35,910 [INFO] ApiDb:274 - Set plugin database path to: /opt/st/stm32cubeide_1.19.0/plugins/com.st.stm32cube.common.mx_6.15.0.202507011659//db//plugins/boardmanager/
2026-09-03 21:24:35,910 [INFO] ApiDb:261 - Set plugin images path to: /opt/st/stm32cubeide_1.19.0/plugins/com.st.stm32cube.common.mx_6.15.0.202507011659//db//plugins/mcufinder/images/
2026-09-03 21:24:35,910 [WARN] DbFile:41 - Overriding database path with different value: /home/sunbeam/.stmcufinder/plugins/mcufinder/ => /home/sunbeam/.stmcufinder/plugins/mcufinder
2026-09-03 21:24:35,911 [INFO] ApiDb:250 - Set database path to: /home/sunbeam/.stmcufinder/plugins/mcufinder//mcu/
2026-09-03 21:24:35,911 [WARN] DbFile:41 - Overriding database path with different value: /home/sunbeam/.stmcufinder/plugins/mcufinder/ => /home/sunbeam/.stmcufinder/plugins/mcufinder
2026-09-03 21:24:35,911 [INFO] DbMcusAds:125 - Set database path to: /home/sunbeam/.stmcufinder/plugins/mcufinder//mcu/
2026-09-03 21:24:35,911 [WARN] DbFile:41 - Overriding database path with different value: /home/sunbeam/.stmcufinder/plugins/mcufinder/ => /home/sunbeam/.stmcufinder/plugins/mcufinder
2026-09-03 21:24:35,911 [WARN] DbFile:41 - Overriding database path with different value: /home/sunbeam/.stmcufinder/plugins/mcufinder/ => /home/sunbeam/.stmcufinder/plugins/mcufinder
2026-09-03 21:24:35,911 [INFO] CrossReferenceDbSqlite:203 - Set database path to: /home/sunbeam/.stmcufinder/plugins/mcufinder//mcu/cs/
2026-09-03 21:24:35,931 [INFO] ApplicationProperties:184 - Using Application install path: /opt/st/stm32cubeide_1.19.0/plugins/com.st.stm32cube.common.mx_6.15.0.202507011659
2026-09-03 21:24:35,933 [INFO] PluginManage:196 - Search for loadable plugins [exclusion list=, ]
2026-09-03 21:24:35,936 [INFO] PluginManage:310 - Check plugin analytics
2026-09-03 21:24:36,141 [INFO] AnalyticsPlugin:253 - Accepted Software Licenses: 
2026-09-03 21:24:36,141 [INFO] AnalyticsPlugin:255 - Accepted CMSIS Pack Licenses: 
2026-09-03 21:24:36,141 [INFO] AnalyticsPlugin:257 - Accepted Firmware Licenses: FW.F4.1.28.0
2026-09-03 21:24:36,144 [INFO] PluginManage:359 - Loaded plugin analytics (category:tool,tabindex:-1)
2026-09-03 21:24:36,144 [INFO] PluginManage:310 - Check plugin cadmodel
2026-09-03 21:24:36,150 [INFO] CADModel:105 - Init CAD model plugin
2026-09-03 21:24:36,150 [INFO] PluginManage:359 - Loaded plugin cadmodel (category:power,tabindex:5)
2026-09-03 21:24:36,150 [INFO] PluginManage:310 - Check plugin clock
2026-09-03 21:24:36,159 [INFO] PluginManage:359 - Loaded plugin clock (category:base,tabindex:2)
2026-09-03 21:24:36,159 [INFO] PluginManage:310 - Check plugin ddr
2026-09-03 21:24:36,161 [INFO] PluginManage:359 - Loaded plugin ddr (category:tool,tabindex:6)
2026-09-03 21:24:36,161 [INFO] PluginManage:310 - Check plugin filemanager
2026-09-03 21:24:36,342 [INFO] PluginManage:359 - Loaded plugin filemanager (category:base,tabindex:10)
2026-09-03 21:24:36,343 [INFO] PluginManage:310 - Check plugin ipmanager
2026-09-03 21:24:36,348 [INFO] PluginManage:359 - Loaded plugin ipmanager (category:base,tabindex:5)
2026-09-03 21:24:36,348 [INFO] PluginManage:310 - Check plugin lpbam
2026-09-03 21:24:36,357 [INFO] PluginManage:359 - Loaded plugin lpbam (category:base,tabindex:0)
2026-09-03 21:24:36,357 [INFO] PluginManage:310 - Check plugin memorymap
2026-09-03 21:24:36,370 [INFO] PluginManage:359 - Loaded plugin memorymap (category:base,tabindex:4)
2026-09-03 21:24:36,370 [INFO] PluginManage:310 - Check plugin pinoutandconfiguration
2026-09-03 21:24:36,379 [INFO] PluginManage:359 - Loaded plugin pinoutandconfiguration (category:base,tabindex:1)
2026-09-03 21:24:36,379 [INFO] PluginManage:310 - Check plugin pinoutconfig
2026-09-03 21:24:36,476 [WARN] SupportedApi:132 - Cannot load RTOS API schema: s4s-elt-must-match.1: The content of 'definitions' must match (annotation?, (simpleType | complexType)?, (unique | key | keyref)*)). A problem was found starting at: attribute.
2026-09-03 21:24:36,608 [INFO] PluginManage:359 - Loaded plugin pinoutconfig (category:base,tabindex:0)
2026-09-03 21:24:36,608 [INFO] PluginManage:310 - Check plugin power
2026-09-03 21:24:36,617 [INFO] PluginManage:359 - Loaded plugin power (category:power,tabindex:4)
2026-09-03 21:24:36,617 [INFO] PluginManage:310 - Check plugin projectmanager
2026-09-03 21:24:36,635 [INFO] PluginManage:359 - Loaded plugin projectmanager (category:projectmanager,tabindex:4)
2026-09-03 21:24:36,635 [INFO] PluginManage:310 - Check plugin rif
2026-09-03 21:24:36,645 [INFO] PluginManage:359 - Loaded plugin rif (category:base,tabindex:3)
2026-09-03 21:24:36,645 [INFO] PluginManage:310 - Check plugin thirdparty
2026-09-03 21:24:36,784 [INFO] PluginManage:359 - Loaded plugin thirdparty (category:base,tabindex:-1)
2026-09-03 21:24:36,784 [WARN] IntegrityCheckThread:84 - waiting for thirdparty lock release [integrity check]
2026-09-03 21:24:36,785 [INFO] PluginManage:310 - Check plugin tools
2026-09-03 21:24:36,785 [INFO] IntegrityCheckThread:86 - entering critical section [integrity check]
2026-09-03 21:24:36,785 [INFO] ThirdPartyUpdaterWithRetryManager:70 - Updater plugin not ready yet. [1/15]
2026-09-03 21:24:36,787 [INFO] PluginManage:359 - Loaded plugin tools (category:base,tabindex:7)
2026-09-03 21:24:36,787 [INFO] PluginManage:310 - Check plugin tutovideos
2026-09-03 21:24:36,991 [INFO] PluginManage:359 - Loaded plugin tutovideos (category:base,tabindex:-1)
2026-09-03 21:24:36,992 [INFO] PluginManage:310 - Check plugin updater
2026-09-03 21:24:37,020 [INFO] PluginManage:359 - Loaded plugin updater (category:base,tabindex:12)
2026-09-03 21:24:37,021 [INFO] PluginManage:310 - Check plugin userauth
2026-09-03 21:24:37,025 [INFO] UserAuth:118 - Init User Auth plugin
2026-09-03 21:24:37,027 [INFO] PluginManage:359 - Loaded plugin userauth (category:base,tabindex:14)
2026-09-03 21:24:37,027 [INFO] PluginManage:283 - PluginManage : Loaded plugins [18]
2026-09-03 21:24:37,209 [INFO] PinOutPanel:1589 - setPackage(No Configuration,No Configuration)
2026-09-03 21:24:37,278 [INFO] CADModel:165 - CPN selected for project level
2026-09-03 21:24:37,278 [INFO] CADModel:114 - Register for checkConnection events
2026-09-03 21:24:37,288 [INFO] IPUIPlugin:80 - create IPUIPlugin
2026-09-03 21:24:37,289 [INFO] PluginManager:220 - loadIPPluginJar : add dfsdm
2026-09-03 21:24:37,293 [INFO] IPUIPlugin:80 - create IPUIPlugin
2026-09-03 21:24:37,294 [INFO] PluginManager:220 - loadIPPluginJar : add gfxmmu
2026-09-03 21:24:37,296 [INFO] IPUIPlugin:80 - create IPUIPlugin
2026-09-03 21:24:37,296 [INFO] PluginManager:220 - loadIPPluginJar : add i3c
2026-09-03 21:24:37,299 [INFO] IPUIPlugin:80 - create IPUIPlugin
2026-09-03 21:24:37,299 [INFO] PluginManager:220 - loadIPPluginJar : add sai
2026-09-03 21:24:37,304 [INFO] IPUIPlugin:80 - create IPUIPlugin
2026-09-03 21:24:37,305 [INFO] PluginManager:220 - loadIPPluginJar : add dma
2026-09-03 21:24:37,306 [INFO] IPUIPlugin:80 - create IPUIPlugin
2026-09-03 21:24:37,306 [INFO] PluginManager:220 - loadIPPluginJar : add quadspi
2026-09-03 21:24:37,310 [INFO] IPUIPlugin:80 - create IPUIPlugin
2026-09-03 21:24:37,310 [INFO] PluginManager:220 - loadIPPluginJar : add opamp
2026-09-03 21:24:37,311 [INFO] IPUIPlugin:80 - create IPUIPlugin
2026-09-03 21:24:37,311 [INFO] PluginManager:220 - loadIPPluginJar : add comp
2026-09-03 21:24:37,318 [INFO] IPUIPlugin:80 - create IPUIPlugin
2026-09-03 21:24:37,321 [INFO] PluginManager:220 - loadIPPluginJar : add plateformsettings
2026-09-03 21:24:37,322 [INFO] IPUIPlugin:80 - create IPUIPlugin
2026-09-03 21:24:37,322 [INFO] PluginManager:220 - loadIPPluginJar : add ltdc
2026-09-03 21:24:37,325 [INFO] IPUIPlugin:80 - create IPUIPlugin
2026-09-03 21:24:37,326 [INFO] PluginManager:220 - loadIPPluginJar : add nvic
2026-09-03 21:24:37,327 [INFO] IPUIPlugin:80 - create IPUIPlugin
2026-09-03 21:24:37,327 [INFO] PluginManager:220 - loadIPPluginJar : add fatfs
2026-09-03 21:24:37,331 [INFO] IPUIPlugin:80 - create IPUIPlugin
2026-09-03 21:24:37,331 [INFO] PluginManager:220 - loadIPPluginJar : add gpio
2026-09-03 21:24:37,333 [INFO] IPUIPlugin:80 - create IPUIPlugin
2026-09-03 21:24:37,333 [INFO] PluginManager:220 - loadIPPluginJar : add aes
2026-09-03 21:24:37,338 [INFO] IPUIPlugin:80 - create IPUIPlugin
2026-09-03 21:24:37,338 [INFO] PluginManager:220 - loadIPPluginJar : add mdma
2026-09-03 21:24:37,341 [INFO] IPUIPlugin:80 - create IPUIPlugin
2026-09-03 21:24:37,341 [INFO] PluginManager:220 - loadIPPluginJar : add pdm2pcm
2026-09-03 21:24:37,347 [INFO] IPUIPlugin:80 - create IPUIPlugin
2026-09-03 21:24:37,347 [INFO] PluginManager:220 - loadIPPluginJar : add linkedlist
2026-09-03 21:24:37,349 [INFO] IPUIPlugin:80 - create IPUIPlugin
2026-09-03 21:24:37,350 [INFO] PluginManager:220 - loadIPPluginJar : add usart
2026-09-03 21:24:37,352 [INFO] IPUIPlugin:80 - create IPUIPlugin
2026-09-03 21:24:37,352 [INFO] PluginManager:220 - loadIPPluginJar : add i2c
2026-09-03 21:24:37,354 [INFO] IPUIPlugin:80 - create IPUIPlugin
2026-09-03 21:24:37,354 [INFO] PluginManager:220 - loadIPPluginJar : add lorawan
2026-09-03 21:24:37,356 [INFO] IPUIPlugin:80 - create IPUIPlugin
2026-09-03 21:24:37,356 [INFO] PluginManager:220 - loadIPPluginJar : add usbx
2026-09-03 21:24:37,360 [INFO] IPUIPlugin:80 - create IPUIPlugin
2026-09-03 21:24:37,361 [INFO] PluginManager:220 - loadIPPluginJar : add fmc
2026-09-03 21:24:37,363 [INFO] IPUIPlugin:80 - create IPUIPlugin
2026-09-03 21:24:37,363 [INFO] PluginManager:220 - loadIPPluginJar : add extmemmanager
2026-09-03 21:24:37,369 [INFO] IPUIPlugin:80 - create IPUIPlugin
2026-09-03 21:24:37,369 [INFO] PluginManager:220 - loadIPPluginJar : add freertos
2026-09-03 21:24:37,372 [INFO] IPUIPlugin:80 - create IPUIPlugin
2026-09-03 21:24:37,372 [INFO] PluginManager:220 - loadIPPluginJar : add can
2026-09-03 21:24:37,374 [INFO] IPUIPlugin:80 - create IPUIPlugin
2026-09-03 21:24:37,374 [INFO] PluginManager:220 - loadIPPluginJar : add touchsensing
2026-09-03 21:24:37,376 [INFO] IPUIPlugin:80 - create IPUIPlugin
2026-09-03 21:24:37,376 [INFO] PluginManager:220 - loadIPPluginJar : add tracer_emb
2026-09-03 21:24:37,377 [INFO] IPUIPlugin:80 - create IPUIPlugin
2026-09-03 21:24:37,377 [INFO] PluginManager:220 - loadIPPluginJar : add ucpd
2026-09-03 21:24:37,379 [INFO] IPUIPlugin:80 - create IPUIPlugin
2026-09-03 21:24:37,379 [INFO] PluginManager:220 - loadIPPluginJar : add ts
2026-09-03 21:24:37,380 [INFO] IPUIPlugin:80 - create IPUIPlugin
2026-09-03 21:24:37,380 [INFO] PluginManager:220 - loadIPPluginJar : add tsc
2026-09-03 21:24:37,383 [INFO] IPUIPlugin:80 - create IPUIPlugin
2026-09-03 21:24:37,383 [INFO] PluginManager:220 - loadIPPluginJar : add resmgrutility
2026-09-03 21:24:37,385 [INFO] IPUIPlugin:80 - create IPUIPlugin
2026-09-03 21:24:37,385 [INFO] PluginManager:220 - loadIPPluginJar : add cryp
2026-09-03 21:24:37,387 [INFO] IPUIPlugin:80 - create IPUIPlugin
2026-09-03 21:24:37,387 [INFO] PluginManager:220 - loadIPPluginJar : add openamp
2026-09-03 21:24:37,393 [INFO] IPUIPlugin:80 - create IPUIPlugin
2026-09-03 21:24:37,393 [INFO] PluginManager:220 - loadIPPluginJar : add adc
2026-09-03 21:24:37,394 [INFO] IPUIPlugin:80 - create IPUIPlugin
2026-09-03 21:24:37,394 [INFO] PluginManager:220 - loadIPPluginJar : add spi
2026-09-03 21:24:37,397 [INFO] IPUIPlugin:80 - create IPUIPlugin
2026-09-03 21:24:37,398 [INFO] PluginManager:220 - loadIPPluginJar : add ipddr
2026-09-03 21:24:37,403 [INFO] IPUIPlugin:80 - create IPUIPlugin
2026-09-03 21:24:37,403 [INFO] PluginManager:220 - loadIPPluginJar : add stm32_wpan
2026-09-03 21:24:37,409 [INFO] IPUIPlugin:80 - create IPUIPlugin
2026-09-03 21:24:37,409 [INFO] PluginManager:220 - loadIPPluginJar : add gic
2026-09-03 21:24:37,412 [INFO] IPUIPlugin:80 - create IPUIPlugin
2026-09-03 21:24:37,412 [INFO] PluginManager:220 - loadIPPluginJar : add ddr_ctrl_phy
2026-09-03 21:24:37,413 [INFO] IPUIPlugin:80 - create IPUIPlugin
2026-09-03 21:24:37,414 [INFO] PluginManager:220 - loadIPPluginJar : add genericplugin
2026-09-03 21:24:37,415 [INFO] IPUIPlugin:80 - create IPUIPlugin
2026-09-03 21:24:37,415 [INFO] PluginManager:220 - loadIPPluginJar : add hash
2026-09-03 21:24:37,417 [INFO] IPUIPlugin:80 - create IPUIPlugin
2026-09-03 21:24:37,417 [INFO] PluginManager:220 - loadIPPluginJar : add tim
2026-09-03 21:24:37,418 [INFO] IPUIPlugin:80 - create IPUIPlugin
2026-09-03 21:24:37,418 [INFO] PluginManager:220 - loadIPPluginJar : add radio
2026-09-03 21:24:37,421 [INFO] IPUIPlugin:80 - create IPUIPlugin
2026-09-03 21:24:37,421 [INFO] PluginManager:220 - loadIPPluginJar : add gtzc
2026-09-03 21:24:37,423 [INFO] IPUIPlugin:80 - create IPUIPlugin
2026-09-03 21:24:37,423 [INFO] PluginManager:220 - loadIPPluginJar : add i2s
2026-09-03 21:24:37,424 [INFO] IPUIPlugin:80 - create IPUIPlugin
2026-09-03 21:24:37,425 [INFO] PluginManager:220 - loadIPPluginJar : add dma3
2026-09-03 21:24:37,527 [FATAL] Updater:351 - Updater called before beeing initialized
2026-09-03 21:24:37,574 [INFO] RulesReader:64 - Compatibility file has been processed (317 Rules)
2026-09-03 21:24:37,593 [INFO] RulesReader:64 - Compatibility file has been processed (317 Rules)
2026-09-03 21:24:37,603 [INFO] CADModel:165 - CPN selected for project level
2026-09-03 21:24:37,603 [INFO] CADModel:114 - Register for checkConnection events
2026-09-03 21:24:37,603 [FATAL] Updater:351 - Updater called before beeing initialized
2026-09-03 21:24:37,603 [ERROR] CADModel:125 - Updater not yet initialized, retry later 
2026-09-03 21:24:37,791 [FATAL] Updater:351 - Updater called before beeing initialized
2026-09-03 21:24:37,794 [INFO] CADModel:165 - CPN selected for project level
2026-09-03 21:24:37,794 [INFO] CADModel:114 - Register for checkConnection events
2026-09-03 21:24:37,794 [FATAL] Updater:351 - Updater called before beeing initialized
2026-09-03 21:24:37,794 [ERROR] CADModel:125 - Updater not yet initialized, retry later 
2026-09-03 21:24:37,800 [FATAL] Updater:351 - Updater called before beeing initialized
2026-09-03 21:24:37,882 [FATAL] Updater:351 - Updater called before beeing initialized
2026-09-03 21:24:37,886 [INFO] DbMcusAds:53 - JSON generation date=Tue Apr 07 13:03:18 IST 2026 (1775547198697)
2026-09-03 21:24:37,886 [FATAL] Updater:351 - Updater called before beeing initialized
2026-09-03 21:24:37,932 [WARN] DetailPanel:346 - Failed to get advertising image, set to default
2026-09-03 21:24:38,028 [FATAL] Updater:351 - Updater called before beeing initialized
2026-09-03 21:24:38,030 [FATAL] Updater:351 - Updater called before beeing initialized
2026-09-03 21:24:38,030 [FATAL] Updater:351 - Updater called before beeing initialized
2026-09-03 21:24:38,030 [WARN] DetailPanel:346 - Failed to get advertising image, set to default
2026-09-03 21:24:38,031 [FATAL] Updater:351 - Updater called before beeing initialized
2026-09-03 21:24:38,060 [ERROR] Updater:1198 - MainUpdater not yet initialized. External WinMGr cannot be set.
2026-09-03 21:24:38,062 [INFO] Updater:1134 - Updater Version found : 6.15.0
2026-09-03 21:24:38,082 [INFO] ApplicationProperties:184 - Using Application install path: /opt/st/stm32cubeide_1.19.0/plugins/com.st.stm32cube.common.mx_6.15.0.202507011659
2026-09-03 21:24:38,430 [INFO] MainUpdater:2872 - connection check result : 10
2026-09-03 21:24:38,431 [INFO] MainUpdater:3604 - Updater definition file requires update
2026-09-03 21:24:38,431 [INFO] MainUpdater:289 - Updater Check For Update Now.
2026-09-03 21:24:38,432 [INFO] MicroXplorer:498 - Change Database Version : DB.6.0.150
2026-09-03 21:24:38,438 [INFO] McuFinderGlobals:63 - Set McuFinder mode to 2 (CubeIDE integrated)
2026-09-03 21:24:38,439 [INFO] UserAuth:171 - activating auth plugin
2026-09-03 21:24:38,442 [INFO] UserAuth:487 - Internet connection configuration mode: 1
2026-09-03 21:24:38,470 [INFO] JxBrowserEngine:152 - Initiate JxBrowser Engine with user profile folder
2026-09-03 21:24:39,385 [INFO] ServerAccessManage:452 - Complete download http(s) 200
2026-09-03 21:24:39,386 [INFO] ServerAccessManage:509 - Download File updaters.zip
2026-09-03 21:24:39,743 [INFO] WebApp:169 - Instantiating new browser for Auth
2026-09-03 21:24:39,786 [WARN] MainUpdater:1193 - Updater busy. Cannot search thirdparties
2026-09-03 21:24:39,786 [INFO] ThirdPartyUpdaterWithRetryManager:96 - Updater plugin is busy. [1/15]
2026-09-03 21:24:40,167 [INFO] FileExtend:248 - Unzip File : updaters.zip
2026-09-03 21:24:40,168 [INFO] FileExtend:263 - Standard Zip Deflate
2026-09-03 21:24:40,418 [INFO] ServerAccessManage:452 - Complete download http(s) 200
2026-09-03 21:24:40,418 [INFO] ServerAccessManage:509 - Download File PacksControlFlags.xml
2026-09-03 21:24:40,699 [INFO] ServerAccessManage:452 - Complete download http(s) 200
2026-09-03 21:24:40,700 [INFO] ServerAccessManage:509 - Download File cubemx.pidx
2026-09-03 21:24:40,827 [INFO] WebApp:463 - Apply proxy settings
2026-09-03 21:24:40,828 [INFO] WebApp:548 - Chromium requires no authentication
2026-09-03 21:24:40,840 [INFO] WebApp:491 - Direct internet connection detected
2026-09-03 21:24:40,864 [INFO] WebApp:900 - Register for checkConnection events
2026-09-03 21:24:40,864 [INFO] WebApp:463 - Apply proxy settings
2026-09-03 21:24:40,865 [INFO] WebApp:548 - Chromium requires no authentication
2026-09-03 21:24:40,866 [INFO] WebApp:491 - Direct internet connection detected
2026-09-03 21:24:41,051 [INFO] WebApp:225 - Starting web application
2026-09-03 21:24:41,051 [INFO] WebApp:593 - Web application path used /opt/st/stm32cubeide_1.19.0/plugins/com.st.stm32cube.common.mx_6.15.0.202507011659/db/plugins/mcufinder/reactClient1/index.html
2026-09-03 21:24:41,122 [INFO] ServerAccessManage:452 - Complete download http(s) 200
2026-09-03 21:24:41,123 [INFO] ServerAccessManage:509 - Download File STMicroelectronics.FP-SNS-STAIOTCFT.pdsc
2026-09-03 21:24:41,524 [INFO] WebApp:191 - Connection restablished
2026-09-03 21:24:41,664 [INFO] ServerAccessManage:452 - Complete download http(s) 200
2026-09-03 21:24:41,664 [INFO] ServerAccessManage:509 - Download File STMicroelectronics.X-CUBE-MEMS1.pdsc
2026-09-03 21:24:42,787 [WARN] MainUpdater:1193 - Updater busy. Cannot search thirdparties
2026-09-03 21:24:42,787 [INFO] ThirdPartyUpdaterWithRetryManager:96 - Updater plugin is busy. [2/15]
2026-09-03 21:24:45,144 [WARN] PopulateThirdPartyThread:106 - Error when creating pack: /home/sunbeam/.stm32cubemx/thirdparties/pdsc/STMicroelectronics.FP-SNS-STAIOTCFT.pdsc
2026-09-03 21:24:45,238 [WARN] PackLoader:240 - Cannot read IP mode file for STMicroelectronics.X-CUBE-MEMS1.13.0.0
2026-09-03 21:24:45,313 [INFO] CheckServerUpdateThread:120 - End of CheckServer Thread
2026-09-03 21:24:45,333 [INFO] PopulateThirdPartyThread:66 - Ending populate Thread
2026-09-03 21:24:45,334 [INFO] ThirdParty:1030 - CMSIS Pack Vendor :STMicroelectronics X-CUBE-MEMS1 13.0.0
2026-09-03 21:24:45,334 [INFO] LoadServerUpdatesThread:375 - End of LoadServerUpdate Thread
2026-09-03 21:24:46,013 [WARN] PackLoader:240 - Cannot read IP mode file for STMicroelectronics.X-CUBE-AZRTOS-H7.3.5.0
2026-09-03 21:24:46,019 [WARN] PackLoader:240 - Cannot read IP mode file for STMicroelectronics.FP-SNS-MOTENVWB1.1.4.0
2026-09-03 21:24:46,024 [WARN] PackLoader:240 - Cannot read IP mode file for STMicroelectronics.FP-ATR-ASTRA1.2.0.3
2026-09-03 21:24:46,027 [WARN] PackLoader:240 - Cannot read IP mode file for STMicroelectronics.FP-ATR-ASTRA1.2.0.2
2026-09-03 21:24:46,030 [ERROR] Engine:466 - /home/sunbeam/.stm32cubemx/thirdparties/pdsc/STMicroelectronics.X-CUBE-SMBUS.2.1.1.pdsc: PDSC version is not supported
2026-09-03 21:24:46,032 [WARN] PackLoader:240 - Cannot read IP mode file for STMicroelectronics.X-CUBE-SMBUS.2.1.0
2026-09-03 21:24:46,035 [WARN] PackLoader:240 - Cannot read IP mode file for STMicroelectronics.X-CUBE-ST60.1.0.0
2026-09-03 21:24:46,049 [WARN] PackLoader:240 - Cannot read IP mode file for STMicroelectronics.X-CUBE-AZRTOS-F7.1.1.0
2026-09-03 21:24:46,056 [WARN] PackLoader:240 - Cannot read IP mode file for STMicroelectronics.X-CUBE-FREERTOS.1.6.0
2026-09-03 21:24:46,059 [WARN] PackLoader:240 - Cannot read IP mode file for STMicroelectronics.FP-SNS-MOTENV1.5.1.0
2026-09-03 21:24:46,073 [WARN] PackLoader:240 - Cannot read IP mode file for STMicroelectronics.X-CUBE-AZRTOS-H7RS.1.3.0
2026-09-03 21:24:46,087 [WARN] PackLoader:240 - Cannot read IP mode file for Infineon.AIROC-Wi-Fi-Bluetooth-STM32.1.7.1
2026-09-03 21:24:46,102 [WARN] PackLoader:240 - Cannot read IP mode file for STMicroelectronics.X-CUBE-AZRTOS-H7.3.4.0
2026-09-03 21:24:46,108 [WARN] PackLoader:240 - Cannot read IP mode file for STMicroelectronics.X-CUBE-DISPLAY.3.0.0
2026-09-03 21:24:46,113 [WARN] PackLoader:240 - Cannot read IP mode file for STMicroelectronics.X-CUBE-GNSS1.7.1.1
2026-09-03 21:24:46,116 [WARN] PackLoader:240 - Cannot read IP mode file for STMicroelectronics.FP-SNS-MOTENVWB1.1.5.0
2026-09-03 21:24:46,120 [WARN] PackLoader:240 - Cannot read IP mode file for STMicroelectronics.X-CUBE-NFC10.1.0.0
2026-09-03 21:24:46,127 [WARN] PackLoader:240 - Cannot read IP mode file for STMicroelectronics.X-CUBE-BLEMGR.4.0.0
2026-09-03 21:24:46,132 [WARN] PackLoader:240 - Cannot read IP mode file for STMicroelectronics.X-CUBE-ST60.1.1.0
2026-09-03 21:24:46,135 [WARN] PackLoader:240 - Cannot read IP mode file for emotas.I-CUBE-CANOPEN.1.3.0
2026-09-03 21:24:46,137 [ERROR] Engine:466 - /home/sunbeam/.stm32cubemx/thirdparties/pdsc/STMicroelectronics.X-CUBE-WBA.1.1.0.pdsc: PDSC version is not supported
2026-09-03 21:24:46,140 [WARN] PackLoader:240 - Cannot read IP mode file for STMicroelectronics.X-CUBE-GNSS1.7.1.0
2026-09-03 21:24:46,143 [WARN] ConditionMgr:438 - getConditionDescription Invalid condition id : Cortex-A Device cause : null
2026-09-03 21:24:46,149 [WARN] ConditionMgr:1044 - genDependencies : Invalid condition id : Cortex-A Device cause : null
2026-09-03 21:24:46,149 [WARN] ConditionMgr:1044 - genDependencies : Invalid condition id : Cortex-A Device cause : null
2026-09-03 21:24:46,149 [WARN] ConditionMgr:1044 - genDependencies : Invalid condition id : Cortex-A Device cause : null
2026-09-03 21:24:46,153 [WARN] PackLoader:240 - Cannot read IP mode file for STMicroelectronics.FP-SNS-STBOX1.2.1.0
2026-09-03 21:24:46,157 [WARN] PackLoader:240 - Cannot read IP mode file for STMicroelectronics.FP-SNS-SMARTAG2.1.2.0
2026-09-03 21:24:46,159 [WARN] PackLoader:240 - Cannot read IP mode file for STMicroelectronics.FP-SNS-FLIGHT1.5.1.0
2026-09-03 21:24:46,165 [INFO] LogOutputStream:77 - [STDOUT_REDIRECT] 1 : Invalid condition id : UX_CORESTACK_Condition cause : null
2026-09-03 21:24:46,166 [INFO] LogOutputStream:77 - [STDOUT_REDIRECT] 1 : Invalid condition id : UX_CORESTACK_Condition cause : null
2026-09-03 21:24:46,166 [INFO] LogOutputStream:77 - [STDOUT_REDIRECT] 1 : Invalid condition id : UX_CORESTACK_Condition cause : null
2026-09-03 21:24:46,166 [INFO] LogOutputStream:77 - [STDOUT_REDIRECT] 1 : Invalid condition id : UX_CORESTACK_Condition cause : null
2026-09-03 21:24:46,166 [INFO] LogOutputStream:77 - [STDOUT_REDIRECT] 1 : Invalid condition id : UX_CORESTACK_Condition cause : null
2026-09-03 21:24:46,168 [WARN] PackLoader:240 - Cannot read IP mode file for STMicroelectronics.X-CUBE-AZRTOS-WL.2.0.0
2026-09-03 21:24:46,172 [WARN] PackLoader:240 - Cannot read IP mode file for STMicroelectronics.FP-SNS-MOTENV1.5.0.0
2026-09-03 21:24:46,195 [WARN] PackLoader:240 - Cannot read IP mode file for STMicroelectronics.X-CUBE-AZRTOS-H7RS.1.2.0
2026-09-03 21:24:46,201 [WARN] PackLoader:240 - Cannot read IP mode file for WES.I-CUBE-Cesium.1.3.0
2026-09-03 21:24:46,204 [WARN] PackLoader:240 - Cannot read IP mode file for STMicroelectronics.X-CUBE-BLE2.3.3.0
2026-09-03 21:24:46,213 [WARN] PackLoader:240 - Cannot read IP mode file for STMicroelectronics.X-CUBE-NFC9.1.0.0
2026-09-03 21:24:46,218 [WARN] PackLoader:240 - Cannot read IP mode file for wolfSSL.I-CUBE-wolfSSL.5.8.0
2026-09-03 21:24:46,222 [WARN] PackLoader:240 - Cannot read IP mode file for STMicroelectronics.X-CUBE-BLE1.7.1.0
2026-09-03 21:24:46,224 [WARN] PackLoader:240 - Cannot read IP mode file for wolfSSL.I-CUBE-wolfMQTT.1.19.2
2026-09-03 21:24:46,227 [WARN] PackLoader:240 - Cannot read IP mode file for STMicroelectronics.X-CUBE-FREERTOS.1.4.0
2026-09-03 21:24:46,230 [WARN] PackLoader:240 - Cannot read IP mode file for STMicroelectronics.X-CUBE-EEPRMA1.5.2.0
2026-09-03 21:24:46,235 [WARN] PackLoader:240 - Cannot read IP mode file for STMicroelectronics.X-CUBE-ST67W61.1.1.0
2026-09-03 21:24:46,239 [WARN] PackLoader:240 - Cannot read IP mode file for STMicroelectronics.X-CUBE-AI.10.1.0
2026-09-03 21:24:46,244 [WARN] PackLoader:240 - Cannot read IP mode file for STMicroelectronics.FP-SNS-STAIOTCFT.1.1.0
2026-09-03 21:24:46,285 [WARN] PackLoader:240 - Cannot read IP mode file for STMicroelectronics.X-CUBE-MEMS1.12.0.0
2026-09-03 21:24:46,405 [WARN] PackLoader:240 - Cannot read IP mode file for STMicroelectronics.X-CUBE-AZRTOS-G0.1.1.0
2026-09-03 21:24:46,413 [WARN] PackLoader:240 - Cannot read IP mode file for STMicroelectronics.X-CUBE-SAFEA1.1.2.2
2026-09-03 21:24:46,418 [WARN] PackLoader:240 - Cannot read IP mode file for STMicroelectronics.X-CUBE-NFC4.3.0.0
2026-09-03 21:24:46,426 [WARN] PackLoader:240 - Cannot read IP mode file for EmbeddedOffice.I-CUBE-FS-RTOS.1.0.1
2026-09-03 21:24:46,431 [WARN] PackLoader:240 - Cannot read IP mode file for STMicroelectronics.X-CUBE-WB05N.2.0.0
2026-09-03 21:24:46,434 [WARN] PackLoader:240 - Cannot read IP mode file for wolfSSL.I-CUBE-wolfTPM.3.8.0
2026-09-03 21:24:46,438 [WARN] PackLoader:240 - Cannot read IP mode file for STMicroelectronics.X-CUBE-TCPP.4.2.0
2026-09-03 21:24:46,441 [WARN] PackLoader:240 - Cannot read IP mode file for RealThread.X-CUBE-RT-Thread_Nano.4.1.1
2026-09-03 21:24:46,444 [WARN] PackLoader:240 - Cannot read IP mode file for STMicroelectronics.FP-ATR-SIGFOX1.3.2.0
2026-09-03 21:24:46,447 [WARN] PackLoader:240 - Cannot read IP mode file for STMicroelectronics.X-CUBE-EEPRMA1.5.1.0
2026-09-03 21:24:46,451 [WARN] PackLoader:240 - Cannot read IP mode file for STMicroelectronics.X-CUBE-FREERTOS.1.5.0
2026-09-03 21:24:46,455 [WARN] PackLoader:240 - Cannot read IP mode file for ITTIA_DB.I-CUBE-ITTIADB.8.9.0
2026-09-03 21:24:46,460 [WARN] PackLoader:240 - Cannot read IP mode file for STMicroelectronics.X-CUBE-NFC6.3.2.0
2026-09-03 21:24:46,465 [WARN] PackLoader:240 - Cannot read IP mode file for STMicroelectronics.X-CUBE-ST67W61.1.0.0
2026-09-03 21:24:46,468 [WARN] PackLoader:240 - Cannot read IP mode file for STMicroelectronics.X-CUBE-AI.10.2.1
2026-09-03 21:24:46,470 [WARN] PackLoader:240 - Cannot read IP mode file for STMicroelectronics.X-CUBE-AI.10.2.0
2026-09-03 21:24:46,500 [WARN] PackLoader:240 - Cannot read IP mode file for STMicroelectronics.X-CUBE-MEMS1.12.1.0
2026-09-03 21:24:46,562 [WARN] PackLoader:240 - Cannot read IP mode file for SEGGER.I-CUBE-embOS.1.3.1
2026-09-03 21:24:46,584 [WARN] PackLoader:240 - Cannot read IP mode file for STMicroelectronics.X-CUBE-ALGOBUILD.1.4.0
2026-09-03 21:24:46,613 [WARN] PackLoader:240 - Cannot read IP mode file for STMicroelectronics.X-CUBE-MEMS1.11.3.0
2026-09-03 21:24:46,719 [ERROR] Engine:466 - /home/sunbeam/.stm32cubemx/thirdparties/pdsc/STMicroelectronics.FP-SNS-STAIOTCFT.2.0.0.pdsc: PDSC version is not supported
2026-09-03 21:24:46,731 [WARN] PackLoader:240 - Cannot read IP mode file for STMicroelectronics.X-CUBE-NFC13.1.0.0
2026-09-03 21:24:46,736 [WARN] PackLoader:240 - Cannot read IP mode file for STMicroelectronics.X-CUBE-PM33A1.1.0.0
2026-09-03 21:24:46,755 [WARN] PackLoader:240 - Cannot read IP mode file for STMicroelectronics.X-CUBE-AZRTOS-F4.1.1.0
2026-09-03 21:24:46,760 [WARN] PackLoader:240 - Cannot read IP mode file for Avnet-IotConnect.X-CUBE-IoTC-DA16k-PMOD.1.0.0
2026-09-03 21:24:46,763 [WARN] PackLoader:240 - Cannot read IP mode file for STMicroelectronics.X-CUBE-ISPU.2.1.0
2026-09-03 21:24:46,775 [WARN] PackLoader:240 - Cannot read IP mode file for STMicroelectronics.X-CUBE-IPS.3.2.0
2026-09-03 21:24:46,784 [WARN] PackLoader:240 - Cannot read IP mode file for STMicroelectronics.eDS-WB_DPC_TT-BIDIR.2.1.1
2026-09-03 21:24:46,789 [WARN] PackLoader:240 - Cannot read IP mode file for STMicroelectronics.X-CUBE-NFC12.1.0.0
2026-09-03 21:24:46,826 [WARN] PackLoader:240 - Cannot read IP mode file for STMicroelectronics.X-CUBE-AZRTOS-L5.2.0.0
2026-09-03 21:24:46,836 [WARN] PackLoader:240 - Cannot read IP mode file for STMicroelectronics.X-CUBE-NFC6.3.1.0
2026-09-03 21:24:46,843 [WARN] PackLoader:240 - Cannot read IP mode file for STMicroelectronics.X-CUBE-ALGOBUILD.1.5.0
2026-09-03 21:24:46,846 [WARN] PackLoader:240 - Cannot read IP mode file for STMicroelectronics.eDS-WB_DPC_VIENNA.1.2.0
2026-09-03 21:24:46,887 [WARN] PackLoader:240 - Cannot read IP mode file for STMicroelectronics.X-CUBE-MEMS1.13.0.0
2026-09-03 21:24:46,937 [WARN] PackLoader:240 - Cannot read IP mode file for STMicroelectronics.eDS-WB_DPC_3PH2L-BIDIR.1.1.1
2026-09-03 21:24:46,939 [ERROR] Engine:466 - /home/sunbeam/.stm32cubemx/thirdparties/pdsc/STMicroelectronics.X-CUBE-ST67W61.1.3.0.pdsc: PDSC version is not supported
2026-09-03 21:24:46,942 [WARN] PackLoader:240 - Cannot read IP mode file for STMicroelectronics.X-CUBE-FREERTOS.1.3.1
2026-09-03 21:24:46,945 [WARN] PackLoader:240 - Cannot read IP mode file for STMicroelectronics.X-CUBE-TOUCHGFX.4.26.0
2026-09-03 21:24:46,947 [WARN] PackLoader:240 - Cannot read IP mode file for STMicroelectronics.FP-SNS-STAIOTCFT.1.0.0
2026-09-03 21:24:46,950 [WARN] PackLoader:240 - Cannot read IP mode file for STMicroelectronics.X-CUBE-DPower.1.3.0
2026-09-03 21:24:46,959 [WARN] ConditionMgr:438 - getConditionDescription Invalid condition id : LAN8742 Phy interface Condition cause : null
2026-09-03 21:24:46,959 [WARN] PackLoader:240 - Cannot read IP mode file for STMicroelectronics.X-CUBE-AZRTOS-L4.2.0.0
2026-09-03 21:24:46,960 [WARN] ConditionMgr:1044 - genDependencies : Invalid condition id : LAN8742 Phy interface Condition cause : null
2026-09-03 21:24:46,960 [WARN] ConditionMgr:1044 - genDependencies : Invalid condition id : LAN8742 Phy interface Condition cause : null
2026-09-03 21:24:46,961 [WARN] ConditionMgr:1044 - genDependencies : Invalid condition id : LAN8742 Phy interface Condition cause : null
2026-09-03 21:24:46,964 [WARN] PackLoader:240 - Cannot read IP mode file for STMicroelectronics.X-CUBE-SFXS2LP1.4.0.0
2026-09-03 21:24:46,968 [WARN] PackLoader:240 - Cannot read IP mode file for STMicroelectronics.X-CUBE-WB05N.2.1.0
2026-09-03 21:24:46,972 [WARN] PackLoader:240 - Cannot read IP mode file for STMicroelectronics.X-CUBE-ST67W61.1.2.0
2026-09-03 21:24:46,977 [WARN] PackLoader:240 - Cannot read IP mode file for STMicroelectronics.X-CUBE-BLEMGR.4.1.0
2026-09-03 21:24:46,986 [WARN] ConditionMgr:438 - getConditionDescription Invalid condition id : UX DEVICE CLASS RTOS Condition cause : null
2026-09-03 21:24:46,986 [WARN] ConditionMgr:438 - getConditionDescription Invalid condition id : UX DEVICE CLASS RTOS Condition cause : null
2026-09-03 21:24:46,987 [WARN] PackLoader:240 - Cannot read IP mode file for STMicroelectronics.X-CUBE-AZRTOS-WB.2.0.0
2026-09-03 21:24:46,988 [WARN] ConditionMgr:1044 - genDependencies : Invalid condition id : UX DEVICE CLASS RTOS Condition cause : null
2026-09-03 21:24:46,988 [WARN] ConditionMgr:1044 - genDependencies : Invalid condition id : UX DEVICE CLASS RTOS Condition cause : null
2026-09-03 21:24:46,988 [WARN] ConditionMgr:1044 - genDependencies : Invalid condition id : UX DEVICE CLASS RTOS Condition cause : null
2026-09-03 21:24:46,988 [WARN] ConditionMgr:1044 - genDependencies : Invalid condition id : UX DEVICE CLASS RTOS Condition cause : null
2026-09-03 21:24:46,988 [WARN] ConditionMgr:1044 - genDependencies : Invalid condition id : UX DEVICE CLASS RTOS Condition cause : null
2026-09-03 21:24:46,992 [WARN] PackLoader:240 - Cannot read IP mode file for STMicroelectronics.X-CUBE-GNSS1.7.0.1
2026-09-03 21:24:46,994 [WARN] PackLoader:240 - Cannot read IP mode file for STMicroelectronics.X-CUBE-TOUCHGFX.4.25.0
2026-09-03 21:24:46,997 [WARN] PackLoader:240 - Cannot read IP mode file for STMicroelectronics.FP-SNS-STBOX1.2.0.0
2026-09-03 21:24:47,002 [WARN] PackLoader:240 - Cannot read IP mode file for STMicroelectronics.X-CUBE-STSE01.2.0.0
2026-09-03 21:24:47,007 [WARN] PackLoader:240 - Cannot read IP mode file for STMicroelectronics.X-CUBE-SUBG2.5.0.0
2026-09-03 21:24:47,019 [WARN] PackLoader:240 - Cannot read IP mode file for STMicroelectronics.X-CUBE-AZRTOS-H7RS.1.1.0
2026-09-03 21:24:47,022 [WARN] PackLoader:240 - Cannot read IP mode file for Cesanta.I-CUBE-Mongoose.7.13.0
2026-09-03 21:24:47,030 [WARN] PackLoader:240 - Cannot read IP mode file for STMicroelectronics.X-CUBE-AZRTOS-G4.2.0.0
2026-09-03 21:24:47,032 [WARN] PackLoader:240 - Cannot read IP mode file for wolfSSL.I-CUBE-wolfSSH.1.4.20
2026-09-03 21:24:47,035 [WARN] PackLoader:240 - Cannot read IP mode file for STMicroelectronics.X-CUBE-NFC7.2.0.0
2026-09-03 21:24:47,040 [WARN] PackLoader:240 - Cannot read IP mode file for STMicroelectronics.X-CUBE-IPS.3.1.0
2026-09-03 21:24:47,046 [ERROR] Engine:466 - /home/sunbeam/.stm32cubemx/thirdparties/pdsc/STMicroelectronics.X-CUBE-BLEMGR.4.2.0.pdsc: PDSC version is not supported
2026-09-03 21:24:47,047 [WARN] PackLoader:240 - Cannot read IP mode file for STMicroelectronics.X-CUBE-ALS.1.0.2
2026-09-03 21:24:47,051 [WARN] PackLoader:240 - Cannot read IP mode file for STMicroelectronics.X-CUBE-STSE01.1.0.0
2026-09-03 21:24:47,054 [WARN] PackLoader:240 - Cannot read IP mode file for portGmbH.I-Cube-SoM-uGOAL.1.1.0
2026-09-03 21:24:47,060 [WARN] PackLoader:240 - Cannot read IP mode file for STMicroelectronics.X-CUBE-TOF1.3.4.3
2026-09-03 21:24:47,066 [INFO] ThirdParty:978 - Integrity check success = true
2026-09-03 21:24:47,066 [INFO] IntegrityCheckThread:100 - exiting critical section [integrity check]
2026-09-03 21:24:47,066 [INFO] IntegrityCheckThread:103 - End integrity checks thread
2026-09-03 21:25:36,980 [INFO] WebApp:194 - Connection lost
2026-09-03 21:25:43,496 [INFO] WebApp:191 - Connection restablished
2026-09-03 21:26:56,842 [ERROR] LogOutputStream:75 - [STDERR_REDIRECT] 
