2026-01-02 22:00:40,377 [INFO] Activator:176 - 


2026-01-02 22:00:40,380 [INFO] Activator:177 - !SESSION log4j initialized
2026-01-02 22:00:44,641 [INFO] LogOutputStream:77 - [STDOUT_REDIRECT] 
2026-01-02 22:00:46,176 [INFO] ApplicationProperties:184 - Using Application install path: /opt/st/stm32cubeide_1.19.0/plugins/com.st.stm32cube.common.mx_6.15.0.202507011659
2026-01-02 22:00:46,200 [INFO] DbMcusXml:78 - Set database path to: /opt/st/stm32cubeide_1.19.0/plugins/com.st.stm32cube.common.mx_6.15.0.202507011659//db//mcu/
2026-01-02 22:00:46,200 [INFO] ApiDb:274 - Set plugin database path to: /opt/st/stm32cubeide_1.19.0/plugins/com.st.stm32cube.common.mx_6.15.0.202507011659//db//plugins/boardmanager/
2026-01-02 22:00:46,200 [WARN] ApiDb:259 - Overriding images path with different value:  => /opt/st/stm32cubeide_1.19.0/plugins/com.st.stm32cube.common.mx_6.15.0.202507011659//db//plugins/mcufinder/images/
2026-01-02 22:00:46,206 [INFO] ApiDb:250 - Set database path to: /home/sunbeam/.stmcufinder/plugins/mcufinder//mcu/
2026-01-02 22:00:46,207 [INFO] DbMcusAds:125 - Set database path to: /home/sunbeam/.stmcufinder/plugins/mcufinder//mcu/
2026-01-02 22:00:46,209 [INFO] CrossReferenceDbSqlite:203 - Set database path to: /home/sunbeam/.stmcufinder/plugins/mcufinder//mcu/cs/
2026-01-02 22:00:46,322 [INFO] RulesReader:64 - Compatibility file has been processed (317 Rules)
2026-01-02 22:00:46,383 [INFO] DbMcusXml:78 - Set database path to: /opt/st/stm32cubeide_1.19.0/plugins/com.st.stm32cube.common.mx_6.15.0.202507011659//db//mcu/
2026-01-02 22:00:46,383 [INFO] ApiDb:274 - Set plugin database path to: /opt/st/stm32cubeide_1.19.0/plugins/com.st.stm32cube.common.mx_6.15.0.202507011659//db//plugins/boardmanager/
2026-01-02 22:00:46,384 [INFO] ApiDb:261 - Set plugin images path to: /opt/st/stm32cubeide_1.19.0/plugins/com.st.stm32cube.common.mx_6.15.0.202507011659//db//plugins/mcufinder/images/
2026-01-02 22:00:46,384 [WARN] DbFile:41 - Overriding database path with different value: /home/sunbeam/.stmcufinder/plugins/mcufinder/ => /home/sunbeam/.stmcufinder/plugins/mcufinder
2026-01-02 22:00:46,384 [INFO] ApiDb:250 - Set database path to: /home/sunbeam/.stmcufinder/plugins/mcufinder//mcu/
2026-01-02 22:00:46,384 [WARN] DbFile:41 - Overriding database path with different value: /home/sunbeam/.stmcufinder/plugins/mcufinder/ => /home/sunbeam/.stmcufinder/plugins/mcufinder
2026-01-02 22:00:46,384 [INFO] DbMcusAds:125 - Set database path to: /home/sunbeam/.stmcufinder/plugins/mcufinder//mcu/
2026-01-02 22:00:46,384 [WARN] DbFile:41 - Overriding database path with different value: /home/sunbeam/.stmcufinder/plugins/mcufinder/ => /home/sunbeam/.stmcufinder/plugins/mcufinder
2026-01-02 22:00:46,384 [WARN] DbFile:41 - Overriding database path with different value: /home/sunbeam/.stmcufinder/plugins/mcufinder/ => /home/sunbeam/.stmcufinder/plugins/mcufinder
2026-01-02 22:00:46,385 [INFO] CrossReferenceDbSqlite:203 - Set database path to: /home/sunbeam/.stmcufinder/plugins/mcufinder//mcu/cs/
2026-01-02 22:00:46,440 [INFO] MainPanel:274 - HeapMemory: 268435456
2026-01-02 22:00:46,565 [INFO] DbMcusXml:78 - Set database path to: /opt/st/stm32cubeide_1.19.0/plugins/com.st.stm32cube.common.mx_6.15.0.202507011659//db//mcu/
2026-01-02 22:00:46,565 [INFO] ApiDb:274 - Set plugin database path to: /opt/st/stm32cubeide_1.19.0/plugins/com.st.stm32cube.common.mx_6.15.0.202507011659//db//plugins/boardmanager/
2026-01-02 22:00:46,565 [INFO] ApiDb:261 - Set plugin images path to: /opt/st/stm32cubeide_1.19.0/plugins/com.st.stm32cube.common.mx_6.15.0.202507011659//db//plugins/mcufinder/images/
2026-01-02 22:00:46,566 [WARN] DbFile:41 - Overriding database path with different value: /home/sunbeam/.stmcufinder/plugins/mcufinder/ => /home/sunbeam/.stmcufinder/plugins/mcufinder
2026-01-02 22:00:46,566 [INFO] ApiDb:250 - Set database path to: /home/sunbeam/.stmcufinder/plugins/mcufinder//mcu/
2026-01-02 22:00:46,566 [WARN] DbFile:41 - Overriding database path with different value: /home/sunbeam/.stmcufinder/plugins/mcufinder/ => /home/sunbeam/.stmcufinder/plugins/mcufinder
2026-01-02 22:00:46,566 [INFO] DbMcusAds:125 - Set database path to: /home/sunbeam/.stmcufinder/plugins/mcufinder//mcu/
2026-01-02 22:00:46,566 [WARN] DbFile:41 - Overriding database path with different value: /home/sunbeam/.stmcufinder/plugins/mcufinder/ => /home/sunbeam/.stmcufinder/plugins/mcufinder
2026-01-02 22:00:46,566 [WARN] DbFile:41 - Overriding database path with different value: /home/sunbeam/.stmcufinder/plugins/mcufinder/ => /home/sunbeam/.stmcufinder/plugins/mcufinder
2026-01-02 22:00:46,566 [INFO] CrossReferenceDbSqlite:203 - Set database path to: /home/sunbeam/.stmcufinder/plugins/mcufinder//mcu/cs/
2026-01-02 22:00:46,579 [INFO] ApplicationProperties:184 - Using Application install path: /opt/st/stm32cubeide_1.19.0/plugins/com.st.stm32cube.common.mx_6.15.0.202507011659
2026-01-02 22:00:46,581 [INFO] PluginManage:196 - Search for loadable plugins [exclusion list=, ]
2026-01-02 22:00:46,582 [INFO] PluginManage:310 - Check plugin analytics
2026-01-02 22:00:46,715 [INFO] AnalyticsPlugin:253 - Accepted Software Licenses: 
2026-01-02 22:00:46,715 [INFO] AnalyticsPlugin:255 - Accepted CMSIS Pack Licenses: 
2026-01-02 22:00:46,716 [INFO] AnalyticsPlugin:257 - Accepted Firmware Licenses: FW.F4.1.28.0
2026-01-02 22:00:46,718 [INFO] PluginManage:359 - Loaded plugin analytics (category:tool,tabindex:-1)
2026-01-02 22:00:46,718 [INFO] PluginManage:310 - Check plugin cadmodel
2026-01-02 22:00:46,723 [INFO] CADModel:105 - Init CAD model plugin
2026-01-02 22:00:46,723 [INFO] PluginManage:359 - Loaded plugin cadmodel (category:power,tabindex:5)
2026-01-02 22:00:46,723 [INFO] PluginManage:310 - Check plugin clock
2026-01-02 22:00:46,731 [INFO] PluginManage:359 - Loaded plugin clock (category:base,tabindex:2)
2026-01-02 22:00:46,731 [INFO] PluginManage:310 - Check plugin ddr
2026-01-02 22:00:46,733 [INFO] PluginManage:359 - Loaded plugin ddr (category:tool,tabindex:6)
2026-01-02 22:00:46,733 [INFO] PluginManage:310 - Check plugin filemanager
2026-01-02 22:00:46,879 [INFO] PluginManage:359 - Loaded plugin filemanager (category:base,tabindex:10)
2026-01-02 22:00:46,879 [INFO] PluginManage:310 - Check plugin ipmanager
2026-01-02 22:00:46,883 [INFO] PluginManage:359 - Loaded plugin ipmanager (category:base,tabindex:5)
2026-01-02 22:00:46,884 [INFO] PluginManage:310 - Check plugin lpbam
2026-01-02 22:00:46,891 [INFO] PluginManage:359 - Loaded plugin lpbam (category:base,tabindex:0)
2026-01-02 22:00:46,891 [INFO] PluginManage:310 - Check plugin memorymap
2026-01-02 22:00:46,903 [INFO] PluginManage:359 - Loaded plugin memorymap (category:base,tabindex:4)
2026-01-02 22:00:46,903 [INFO] PluginManage:310 - Check plugin pinoutandconfiguration
2026-01-02 22:00:46,912 [INFO] PluginManage:359 - Loaded plugin pinoutandconfiguration (category:base,tabindex:1)
2026-01-02 22:00:46,912 [INFO] PluginManage:310 - Check plugin pinoutconfig
2026-01-02 22:00:46,998 [WARN] SupportedApi:132 - Cannot load RTOS API schema: s4s-elt-must-match.1: The content of 'definitions' must match (annotation?, (simpleType | complexType)?, (unique | key | keyref)*)). A problem was found starting at: attribute.
2026-01-02 22:00:47,121 [INFO] PluginManage:359 - Loaded plugin pinoutconfig (category:base,tabindex:0)
2026-01-02 22:00:47,121 [INFO] PluginManage:310 - Check plugin power
2026-01-02 22:00:47,131 [INFO] PluginManage:359 - Loaded plugin power (category:power,tabindex:4)
2026-01-02 22:00:47,131 [INFO] PluginManage:310 - Check plugin projectmanager
2026-01-02 22:00:47,149 [INFO] PluginManage:359 - Loaded plugin projectmanager (category:projectmanager,tabindex:4)
2026-01-02 22:00:47,150 [INFO] PluginManage:310 - Check plugin rif
2026-01-02 22:00:47,162 [INFO] PluginManage:359 - Loaded plugin rif (category:base,tabindex:3)
2026-01-02 22:00:47,162 [INFO] PluginManage:310 - Check plugin thirdparty
2026-01-02 22:00:47,293 [INFO] PluginManage:359 - Loaded plugin thirdparty (category:base,tabindex:-1)
2026-01-02 22:00:47,293 [WARN] IntegrityCheckThread:84 - waiting for thirdparty lock release [integrity check]
2026-01-02 22:00:47,293 [INFO] PluginManage:310 - Check plugin tools
2026-01-02 22:00:47,293 [INFO] IntegrityCheckThread:86 - entering critical section [integrity check]
2026-01-02 22:00:47,294 [INFO] ThirdPartyUpdaterWithRetryManager:70 - Updater plugin not ready yet. [1/15]
2026-01-02 22:00:47,298 [INFO] PluginManage:359 - Loaded plugin tools (category:base,tabindex:7)
2026-01-02 22:00:47,298 [INFO] PluginManage:310 - Check plugin tutovideos
2026-01-02 22:00:47,487 [INFO] PluginManage:359 - Loaded plugin tutovideos (category:base,tabindex:-1)
2026-01-02 22:00:47,487 [INFO] PluginManage:310 - Check plugin updater
2026-01-02 22:00:47,509 [INFO] PluginManage:359 - Loaded plugin updater (category:base,tabindex:12)
2026-01-02 22:00:47,509 [INFO] PluginManage:310 - Check plugin userauth
2026-01-02 22:00:47,513 [INFO] UserAuth:118 - Init User Auth plugin
2026-01-02 22:00:47,514 [INFO] PluginManage:359 - Loaded plugin userauth (category:base,tabindex:14)
2026-01-02 22:00:47,514 [INFO] PluginManage:283 - PluginManage : Loaded plugins [18]
2026-01-02 22:00:47,660 [INFO] PinOutPanel:1589 - setPackage(No Configuration,No Configuration)
2026-01-02 22:00:47,732 [INFO] CADModel:165 - CPN selected for project level
2026-01-02 22:00:47,732 [INFO] CADModel:114 - Register for checkConnection events
2026-01-02 22:00:47,742 [INFO] IPUIPlugin:80 - create IPUIPlugin
2026-01-02 22:00:47,742 [INFO] PluginManager:220 - loadIPPluginJar : add dfsdm
2026-01-02 22:00:47,748 [INFO] IPUIPlugin:80 - create IPUIPlugin
2026-01-02 22:00:47,748 [INFO] PluginManager:220 - loadIPPluginJar : add gfxmmu
2026-01-02 22:00:47,752 [INFO] IPUIPlugin:80 - create IPUIPlugin
2026-01-02 22:00:47,752 [INFO] PluginManager:220 - loadIPPluginJar : add i3c
2026-01-02 22:00:47,755 [INFO] IPUIPlugin:80 - create IPUIPlugin
2026-01-02 22:00:47,755 [INFO] PluginManager:220 - loadIPPluginJar : add sai
2026-01-02 22:00:47,760 [INFO] IPUIPlugin:80 - create IPUIPlugin
2026-01-02 22:00:47,761 [INFO] PluginManager:220 - loadIPPluginJar : add dma
2026-01-02 22:00:47,762 [INFO] IPUIPlugin:80 - create IPUIPlugin
2026-01-02 22:00:47,762 [INFO] PluginManager:220 - loadIPPluginJar : add quadspi
2026-01-02 22:00:47,766 [INFO] IPUIPlugin:80 - create IPUIPlugin
2026-01-02 22:00:47,767 [INFO] PluginManager:220 - loadIPPluginJar : add opamp
2026-01-02 22:00:47,768 [INFO] IPUIPlugin:80 - create IPUIPlugin
2026-01-02 22:00:47,768 [INFO] PluginManager:220 - loadIPPluginJar : add comp
2026-01-02 22:00:47,773 [INFO] IPUIPlugin:80 - create IPUIPlugin
2026-01-02 22:00:47,776 [INFO] PluginManager:220 - loadIPPluginJar : add plateformsettings
2026-01-02 22:00:47,778 [INFO] IPUIPlugin:80 - create IPUIPlugin
2026-01-02 22:00:47,778 [INFO] PluginManager:220 - loadIPPluginJar : add ltdc
2026-01-02 22:00:47,785 [INFO] IPUIPlugin:80 - create IPUIPlugin
2026-01-02 22:00:47,785 [INFO] PluginManager:220 - loadIPPluginJar : add nvic
2026-01-02 22:00:47,787 [INFO] IPUIPlugin:80 - create IPUIPlugin
2026-01-02 22:00:47,787 [INFO] PluginManager:220 - loadIPPluginJar : add fatfs
2026-01-02 22:00:47,792 [INFO] IPUIPlugin:80 - create IPUIPlugin
2026-01-02 22:00:47,792 [INFO] PluginManager:220 - loadIPPluginJar : add gpio
2026-01-02 22:00:47,796 [INFO] IPUIPlugin:80 - create IPUIPlugin
2026-01-02 22:00:47,796 [INFO] PluginManager:220 - loadIPPluginJar : add aes
2026-01-02 22:00:47,804 [INFO] IPUIPlugin:80 - create IPUIPlugin
2026-01-02 22:00:47,804 [INFO] PluginManager:220 - loadIPPluginJar : add mdma
2026-01-02 22:00:47,808 [INFO] IPUIPlugin:80 - create IPUIPlugin
2026-01-02 22:00:47,808 [INFO] PluginManager:220 - loadIPPluginJar : add pdm2pcm
2026-01-02 22:00:47,817 [INFO] IPUIPlugin:80 - create IPUIPlugin
2026-01-02 22:00:47,817 [INFO] PluginManager:220 - loadIPPluginJar : add linkedlist
2026-01-02 22:00:47,820 [INFO] IPUIPlugin:80 - create IPUIPlugin
2026-01-02 22:00:47,820 [INFO] PluginManager:220 - loadIPPluginJar : add usart
2026-01-02 22:00:47,823 [INFO] IPUIPlugin:80 - create IPUIPlugin
2026-01-02 22:00:47,823 [INFO] PluginManager:220 - loadIPPluginJar : add i2c
2026-01-02 22:00:47,826 [INFO] IPUIPlugin:80 - create IPUIPlugin
2026-01-02 22:00:47,826 [INFO] PluginManager:220 - loadIPPluginJar : add lorawan
2026-01-02 22:00:47,830 [INFO] IPUIPlugin:80 - create IPUIPlugin
2026-01-02 22:00:47,830 [INFO] PluginManager:220 - loadIPPluginJar : add usbx
2026-01-02 22:00:47,836 [INFO] IPUIPlugin:80 - create IPUIPlugin
2026-01-02 22:00:47,836 [INFO] PluginManager:220 - loadIPPluginJar : add fmc
2026-01-02 22:00:47,839 [INFO] IPUIPlugin:80 - create IPUIPlugin
2026-01-02 22:00:47,839 [INFO] PluginManager:220 - loadIPPluginJar : add extmemmanager
2026-01-02 22:00:47,846 [INFO] IPUIPlugin:80 - create IPUIPlugin
2026-01-02 22:00:47,846 [INFO] PluginManager:220 - loadIPPluginJar : add freertos
2026-01-02 22:00:47,850 [INFO] IPUIPlugin:80 - create IPUIPlugin
2026-01-02 22:00:47,850 [INFO] PluginManager:220 - loadIPPluginJar : add can
2026-01-02 22:00:47,854 [INFO] IPUIPlugin:80 - create IPUIPlugin
2026-01-02 22:00:47,854 [INFO] PluginManager:220 - loadIPPluginJar : add touchsensing
2026-01-02 22:00:47,856 [INFO] IPUIPlugin:80 - create IPUIPlugin
2026-01-02 22:00:47,857 [INFO] PluginManager:220 - loadIPPluginJar : add tracer_emb
2026-01-02 22:00:47,858 [INFO] IPUIPlugin:80 - create IPUIPlugin
2026-01-02 22:00:47,859 [INFO] PluginManager:220 - loadIPPluginJar : add ucpd
2026-01-02 22:00:47,861 [INFO] IPUIPlugin:80 - create IPUIPlugin
2026-01-02 22:00:47,861 [INFO] PluginManager:220 - loadIPPluginJar : add ts
2026-01-02 22:00:47,862 [INFO] IPUIPlugin:80 - create IPUIPlugin
2026-01-02 22:00:47,862 [INFO] PluginManager:220 - loadIPPluginJar : add tsc
2026-01-02 22:00:47,868 [INFO] IPUIPlugin:80 - create IPUIPlugin
2026-01-02 22:00:47,868 [INFO] PluginManager:220 - loadIPPluginJar : add resmgrutility
2026-01-02 22:00:47,870 [INFO] IPUIPlugin:80 - create IPUIPlugin
2026-01-02 22:00:47,870 [INFO] PluginManager:220 - loadIPPluginJar : add cryp
2026-01-02 22:00:47,873 [INFO] IPUIPlugin:80 - create IPUIPlugin
2026-01-02 22:00:47,874 [INFO] PluginManager:220 - loadIPPluginJar : add openamp
2026-01-02 22:00:47,880 [INFO] IPUIPlugin:80 - create IPUIPlugin
2026-01-02 22:00:47,881 [INFO] PluginManager:220 - loadIPPluginJar : add adc
2026-01-02 22:00:47,884 [INFO] IPUIPlugin:80 - create IPUIPlugin
2026-01-02 22:00:47,884 [INFO] PluginManager:220 - loadIPPluginJar : add spi
2026-01-02 22:00:47,888 [INFO] IPUIPlugin:80 - create IPUIPlugin
2026-01-02 22:00:47,888 [INFO] PluginManager:220 - loadIPPluginJar : add ipddr
2026-01-02 22:00:47,896 [INFO] IPUIPlugin:80 - create IPUIPlugin
2026-01-02 22:00:47,896 [INFO] PluginManager:220 - loadIPPluginJar : add stm32_wpan
2026-01-02 22:00:47,904 [INFO] IPUIPlugin:80 - create IPUIPlugin
2026-01-02 22:00:47,904 [INFO] PluginManager:220 - loadIPPluginJar : add gic
2026-01-02 22:00:47,908 [INFO] IPUIPlugin:80 - create IPUIPlugin
2026-01-02 22:00:47,908 [INFO] PluginManager:220 - loadIPPluginJar : add ddr_ctrl_phy
2026-01-02 22:00:47,910 [INFO] IPUIPlugin:80 - create IPUIPlugin
2026-01-02 22:00:47,910 [INFO] PluginManager:220 - loadIPPluginJar : add genericplugin
2026-01-02 22:00:47,913 [INFO] IPUIPlugin:80 - create IPUIPlugin
2026-01-02 22:00:47,913 [INFO] PluginManager:220 - loadIPPluginJar : add hash
2026-01-02 22:00:47,915 [INFO] IPUIPlugin:80 - create IPUIPlugin
2026-01-02 22:00:47,915 [INFO] PluginManager:220 - loadIPPluginJar : add tim
2026-01-02 22:00:47,918 [INFO] IPUIPlugin:80 - create IPUIPlugin
2026-01-02 22:00:47,918 [INFO] PluginManager:220 - loadIPPluginJar : add radio
2026-01-02 22:00:47,922 [INFO] IPUIPlugin:80 - create IPUIPlugin
2026-01-02 22:00:47,922 [INFO] PluginManager:220 - loadIPPluginJar : add gtzc
2026-01-02 22:00:47,924 [INFO] IPUIPlugin:80 - create IPUIPlugin
2026-01-02 22:00:47,924 [INFO] PluginManager:220 - loadIPPluginJar : add i2s
2026-01-02 22:00:47,926 [INFO] IPUIPlugin:80 - create IPUIPlugin
2026-01-02 22:00:47,927 [INFO] PluginManager:220 - loadIPPluginJar : add dma3
2026-01-02 22:00:48,039 [FATAL] Updater:351 - Updater called before beeing initialized
2026-01-02 22:00:48,069 [INFO] RulesReader:64 - Compatibility file has been processed (317 Rules)
2026-01-02 22:00:48,084 [INFO] RulesReader:64 - Compatibility file has been processed (317 Rules)
2026-01-02 22:00:48,091 [INFO] CADModel:165 - CPN selected for project level
2026-01-02 22:00:48,091 [INFO] CADModel:114 - Register for checkConnection events
2026-01-02 22:00:48,091 [FATAL] Updater:351 - Updater called before beeing initialized
2026-01-02 22:00:48,091 [ERROR] CADModel:125 - Updater not yet initialized, retry later 
2026-01-02 22:00:48,197 [FATAL] Updater:351 - Updater called before beeing initialized
2026-01-02 22:00:48,198 [INFO] CADModel:165 - CPN selected for project level
2026-01-02 22:00:48,199 [INFO] CADModel:114 - Register for checkConnection events
2026-01-02 22:00:48,199 [FATAL] Updater:351 - Updater called before beeing initialized
2026-01-02 22:00:48,199 [ERROR] CADModel:125 - Updater not yet initialized, retry later 
2026-01-02 22:00:48,202 [FATAL] Updater:351 - Updater called before beeing initialized
2026-01-02 22:00:48,262 [FATAL] Updater:351 - Updater called before beeing initialized
2026-01-02 22:00:48,265 [INFO] DbMcusAds:53 - JSON generation date=Tue Dec 16 04:41:46 IST 2025 (1765840306612)
2026-01-02 22:00:48,265 [FATAL] Updater:351 - Updater called before beeing initialized
2026-01-02 22:00:48,292 [WARN] DetailPanel:346 - Failed to get advertising image, set to default
2026-01-02 22:00:48,348 [FATAL] Updater:351 - Updater called before beeing initialized
2026-01-02 22:00:48,349 [FATAL] Updater:351 - Updater called before beeing initialized
2026-01-02 22:00:48,349 [FATAL] Updater:351 - Updater called before beeing initialized
2026-01-02 22:00:48,349 [WARN] DetailPanel:346 - Failed to get advertising image, set to default
2026-01-02 22:00:48,350 [FATAL] Updater:351 - Updater called before beeing initialized
2026-01-02 22:00:48,374 [ERROR] Updater:1198 - MainUpdater not yet initialized. External WinMGr cannot be set.
2026-01-02 22:00:48,375 [INFO] Updater:1134 - Updater Version found : 6.15.0
2026-01-02 22:00:48,391 [INFO] ApplicationProperties:184 - Using Application install path: /opt/st/stm32cubeide_1.19.0/plugins/com.st.stm32cube.common.mx_6.15.0.202507011659
2026-01-02 22:00:48,834 [INFO] MainUpdater:2872 - connection check result : 10
2026-01-02 22:00:48,836 [INFO] MainUpdater:289 - Updater Check For Update Now.
2026-01-02 22:00:48,836 [INFO] MicroXplorer:498 - Change Database Version : DB.6.0.150
2026-01-02 22:00:48,847 [INFO] McuFinderGlobals:63 - Set McuFinder mode to 2 (CubeIDE integrated)
2026-01-02 22:00:48,848 [INFO] UserAuth:171 - activating auth plugin
2026-01-02 22:00:48,852 [INFO] UserAuth:487 - Internet connection configuration mode: 1
2026-01-02 22:00:48,878 [INFO] JxBrowserEngine:152 - Initiate JxBrowser Engine with user profile folder
2026-01-02 22:00:49,066 [INFO] CheckServerUpdateThread:120 - End of CheckServer Thread
2026-01-02 22:00:49,834 [INFO] WebApp:169 - Instantiating new browser for Auth
2026-01-02 22:00:50,443 [WARN] PackLoader:240 - Cannot read IP mode file for STMicroelectronics.FP-SNS-MOTENVWB1.1.4.0
2026-01-02 22:00:50,450 [WARN] PackLoader:240 - Cannot read IP mode file for STMicroelectronics.FP-ATR-ASTRA1.2.0.2
2026-01-02 22:00:50,458 [WARN] PackLoader:240 - Cannot read IP mode file for STMicroelectronics.X-CUBE-SMBUS.2.1.0
2026-01-02 22:00:50,463 [WARN] PackLoader:240 - Cannot read IP mode file for STMicroelectronics.X-CUBE-ST60.1.0.0
2026-01-02 22:00:50,497 [WARN] PackLoader:240 - Cannot read IP mode file for STMicroelectronics.X-CUBE-AZRTOS-F7.1.1.0
2026-01-02 22:00:50,504 [WARN] PackLoader:240 - Cannot read IP mode file for STMicroelectronics.FP-SNS-MOTENV1.5.1.0
2026-01-02 22:00:50,524 [INFO] WebApp:463 - Apply proxy settings
2026-01-02 22:00:50,524 [WARN] PackLoader:240 - Cannot read IP mode file for Infineon.AIROC-Wi-Fi-Bluetooth-STM32.1.7.1
2026-01-02 22:00:50,525 [INFO] WebApp:548 - Chromium requires no authentication
2026-01-02 22:00:50,536 [INFO] WebApp:491 - Direct internet connection detected
2026-01-02 22:00:50,549 [WARN] PackLoader:240 - Cannot read IP mode file for STMicroelectronics.X-CUBE-AZRTOS-H7.3.4.0
2026-01-02 22:00:50,556 [WARN] PackLoader:240 - Cannot read IP mode file for STMicroelectronics.X-CUBE-DISPLAY.3.0.0
2026-01-02 22:00:50,572 [INFO] WebApp:900 - Register for checkConnection events
2026-01-02 22:00:50,573 [INFO] WebApp:463 - Apply proxy settings
2026-01-02 22:00:50,573 [INFO] WebApp:548 - Chromium requires no authentication
2026-01-02 22:00:50,575 [INFO] WebApp:491 - Direct internet connection detected
2026-01-02 22:00:50,587 [WARN] PackLoader:240 - Cannot read IP mode file for STMicroelectronics.X-CUBE-NFC10.1.0.0
2026-01-02 22:00:50,607 [WARN] PackLoader:240 - Cannot read IP mode file for STMicroelectronics.X-CUBE-BLEMGR.4.0.0
2026-01-02 22:00:50,618 [WARN] PackLoader:240 - Cannot read IP mode file for STMicroelectronics.X-CUBE-ST60.1.1.0
2026-01-02 22:00:50,623 [WARN] PackLoader:240 - Cannot read IP mode file for emotas.I-CUBE-CANOPEN.1.3.0
2026-01-02 22:00:50,629 [WARN] PackLoader:240 - Cannot read IP mode file for STMicroelectronics.X-CUBE-GNSS1.7.1.0
2026-01-02 22:00:50,636 [WARN] ConditionMgr:438 - getConditionDescription Invalid condition id : Cortex-A Device cause : null
2026-01-02 22:00:50,647 [WARN] ConditionMgr:1044 - genDependencies : Invalid condition id : Cortex-A Device cause : null
2026-01-02 22:00:50,647 [WARN] ConditionMgr:1044 - genDependencies : Invalid condition id : Cortex-A Device cause : null
2026-01-02 22:00:50,648 [WARN] ConditionMgr:1044 - genDependencies : Invalid condition id : Cortex-A Device cause : null
2026-01-02 22:00:50,655 [WARN] PackLoader:240 - Cannot read IP mode file for STMicroelectronics.FP-SNS-STBOX1.2.1.0
2026-01-02 22:00:50,662 [WARN] PackLoader:240 - Cannot read IP mode file for STMicroelectronics.FP-SNS-SMARTAG2.1.2.0
2026-01-02 22:00:50,665 [WARN] PackLoader:240 - Cannot read IP mode file for STMicroelectronics.FP-SNS-FLIGHT1.5.1.0
2026-01-02 22:00:50,696 [INFO] LogOutputStream:77 - [STDOUT_REDIRECT] 1 : Invalid condition id : UX_CORESTACK_Condition cause : null
2026-01-02 22:00:50,697 [INFO] LogOutputStream:77 - [STDOUT_REDIRECT] 1 : Invalid condition id : UX_CORESTACK_Condition cause : null
2026-01-02 22:00:50,697 [INFO] LogOutputStream:77 - [STDOUT_REDIRECT] 1 : Invalid condition id : UX_CORESTACK_Condition cause : null
2026-01-02 22:00:50,697 [INFO] LogOutputStream:77 - [STDOUT_REDIRECT] 1 : Invalid condition id : UX_CORESTACK_Condition cause : null
2026-01-02 22:00:50,700 [INFO] LogOutputStream:77 - [STDOUT_REDIRECT] 1 : Invalid condition id : UX_CORESTACK_Condition cause : null
2026-01-02 22:00:50,706 [WARN] PackLoader:240 - Cannot read IP mode file for STMicroelectronics.X-CUBE-AZRTOS-WL.2.0.0
2026-01-02 22:00:50,713 [WARN] PackLoader:240 - Cannot read IP mode file for STMicroelectronics.FP-SNS-MOTENV1.5.0.0
2026-01-02 22:00:50,739 [WARN] PackLoader:240 - Cannot read IP mode file for STMicroelectronics.X-CUBE-AZRTOS-H7RS.1.2.0
2026-01-02 22:00:50,750 [WARN] PackLoader:240 - Cannot read IP mode file for WES.I-CUBE-Cesium.1.3.0
2026-01-02 22:00:50,756 [WARN] PackLoader:240 - Cannot read IP mode file for STMicroelectronics.X-CUBE-BLE2.3.3.0
2026-01-02 22:00:50,770 [WARN] PackLoader:240 - Cannot read IP mode file for STMicroelectronics.X-CUBE-NFC9.1.0.0
2026-01-02 22:00:50,776 [WARN] PackLoader:240 - Cannot read IP mode file for wolfSSL.I-CUBE-wolfSSL.5.8.0
2026-01-02 22:00:50,780 [WARN] PackLoader:240 - Cannot read IP mode file for STMicroelectronics.X-CUBE-BLE1.7.1.0
2026-01-02 22:00:50,783 [WARN] PackLoader:240 - Cannot read IP mode file for wolfSSL.I-CUBE-wolfMQTT.1.19.2
2026-01-02 22:00:50,788 [WARN] PackLoader:240 - Cannot read IP mode file for STMicroelectronics.X-CUBE-FREERTOS.1.4.0
2026-01-02 22:00:50,794 [WARN] PackLoader:240 - Cannot read IP mode file for STMicroelectronics.X-CUBE-EEPRMA1.5.2.0
2026-01-02 22:00:50,801 [WARN] PackLoader:240 - Cannot read IP mode file for STMicroelectronics.X-CUBE-ST67W61.1.1.0
2026-01-02 22:00:50,805 [WARN] PackLoader:240 - Cannot read IP mode file for STMicroelectronics.X-CUBE-AI.10.1.0
2026-01-02 22:00:50,813 [INFO] WebApp:225 - Starting web application
2026-01-02 22:00:50,814 [INFO] WebApp:593 - Web application path used /opt/st/stm32cubeide_1.19.0/plugins/com.st.stm32cube.common.mx_6.15.0.202507011659/db/plugins/mcufinder/reactClient1/index.html
2026-01-02 22:00:50,848 [WARN] PackLoader:240 - Cannot read IP mode file for STMicroelectronics.X-CUBE-MEMS1.12.0.0
2026-01-02 22:00:50,978 [WARN] PackLoader:240 - Cannot read IP mode file for STMicroelectronics.X-CUBE-AZRTOS-G0.1.1.0
2026-01-02 22:00:50,985 [WARN] PackLoader:240 - Cannot read IP mode file for STMicroelectronics.X-CUBE-SAFEA1.1.2.2
2026-01-02 22:00:50,989 [WARN] PackLoader:240 - Cannot read IP mode file for STMicroelectronics.X-CUBE-NFC4.3.0.0
2026-01-02 22:00:50,996 [WARN] PackLoader:240 - Cannot read IP mode file for EmbeddedOffice.I-CUBE-FS-RTOS.1.0.1
2026-01-02 22:00:51,001 [WARN] PackLoader:240 - Cannot read IP mode file for STMicroelectronics.X-CUBE-WB05N.2.0.0
2026-01-02 22:00:51,004 [WARN] PackLoader:240 - Cannot read IP mode file for wolfSSL.I-CUBE-wolfTPM.3.8.0
2026-01-02 22:00:51,009 [WARN] PackLoader:240 - Cannot read IP mode file for STMicroelectronics.X-CUBE-TCPP.4.2.0
2026-01-02 22:00:51,014 [WARN] PackLoader:240 - Cannot read IP mode file for RealThread.X-CUBE-RT-Thread_Nano.4.1.1
2026-01-02 22:00:51,017 [WARN] PackLoader:240 - Cannot read IP mode file for STMicroelectronics.FP-ATR-SIGFOX1.3.2.0
2026-01-02 22:00:51,022 [WARN] PackLoader:240 - Cannot read IP mode file for STMicroelectronics.X-CUBE-EEPRMA1.5.1.0
2026-01-02 22:00:51,027 [WARN] PackLoader:240 - Cannot read IP mode file for ITTIA_DB.I-CUBE-ITTIADB.8.9.0
2026-01-02 22:00:51,032 [WARN] PackLoader:240 - Cannot read IP mode file for STMicroelectronics.X-CUBE-ST67W61.1.0.0
2026-01-02 22:00:51,035 [WARN] PackLoader:240 - Cannot read IP mode file for STMicroelectronics.X-CUBE-AI.10.2.0
2026-01-02 22:00:51,059 [WARN] PackLoader:240 - Cannot read IP mode file for SEGGER.I-CUBE-embOS.1.3.1
2026-01-02 22:00:51,111 [WARN] PackLoader:240 - Cannot read IP mode file for STMicroelectronics.X-CUBE-ALGOBUILD.1.4.0
2026-01-02 22:00:51,140 [WARN] PackLoader:240 - Cannot read IP mode file for STMicroelectronics.X-CUBE-MEMS1.11.3.0
2026-01-02 22:00:51,211 [WARN] PackLoader:240 - Cannot read IP mode file for STMicroelectronics.X-CUBE-PM33A1.1.0.0
2026-01-02 22:00:51,222 [WARN] PackLoader:240 - Cannot read IP mode file for STMicroelectronics.X-CUBE-AZRTOS-F4.1.1.0
2026-01-02 22:00:51,231 [WARN] PackLoader:240 - Cannot read IP mode file for Avnet-IotConnect.X-CUBE-IoTC-DA16k-PMOD.1.0.0
2026-01-02 22:00:51,233 [WARN] PackLoader:240 - Cannot read IP mode file for STMicroelectronics.X-CUBE-ISPU.2.1.0
2026-01-02 22:00:51,243 [WARN] PackLoader:240 - Cannot read IP mode file for STMicroelectronics.X-CUBE-IPS.3.2.0
2026-01-02 22:00:51,251 [WARN] PackLoader:240 - Cannot read IP mode file for STMicroelectronics.X-CUBE-NFC12.1.0.0
2026-01-02 22:00:51,263 [WARN] PackLoader:240 - Cannot read IP mode file for STMicroelectronics.X-CUBE-AZRTOS-L5.2.0.0
2026-01-02 22:00:51,268 [WARN] PackLoader:240 - Cannot read IP mode file for STMicroelectronics.X-CUBE-NFC6.3.1.0
2026-01-02 22:00:51,273 [WARN] PackLoader:240 - Cannot read IP mode file for STMicroelectronics.X-CUBE-FREERTOS.1.3.1
2026-01-02 22:00:51,276 [WARN] PackLoader:240 - Cannot read IP mode file for STMicroelectronics.X-CUBE-TOUCHGFX.4.26.0
2026-01-02 22:00:51,279 [WARN] PackLoader:240 - Cannot read IP mode file for STMicroelectronics.FP-SNS-STAIOTCFT.1.0.0
2026-01-02 22:00:51,282 [WARN] PackLoader:240 - Cannot read IP mode file for STMicroelectronics.X-CUBE-DPower.1.3.0
2026-01-02 22:00:51,292 [WARN] ConditionMgr:438 - getConditionDescription Invalid condition id : LAN8742 Phy interface Condition cause : null
2026-01-02 22:00:51,293 [WARN] PackLoader:240 - Cannot read IP mode file for STMicroelectronics.X-CUBE-AZRTOS-L4.2.0.0
2026-01-02 22:00:51,293 [WARN] ConditionMgr:1044 - genDependencies : Invalid condition id : LAN8742 Phy interface Condition cause : null
2026-01-02 22:00:51,294 [WARN] ConditionMgr:1044 - genDependencies : Invalid condition id : LAN8742 Phy interface Condition cause : null
2026-01-02 22:00:51,294 [WARN] ConditionMgr:1044 - genDependencies : Invalid condition id : LAN8742 Phy interface Condition cause : null
2026-01-02 22:00:51,298 [WARN] PackLoader:240 - Cannot read IP mode file for STMicroelectronics.X-CUBE-SFXS2LP1.4.0.0
2026-01-02 22:00:51,306 [WARN] PackLoader:240 - Cannot read IP mode file for STMicroelectronics.X-CUBE-BLEMGR.4.1.0
2026-01-02 22:00:51,319 [WARN] ConditionMgr:438 - getConditionDescription Invalid condition id : UX DEVICE CLASS RTOS Condition cause : null
2026-01-02 22:00:51,319 [WARN] ConditionMgr:438 - getConditionDescription Invalid condition id : UX DEVICE CLASS RTOS Condition cause : null
2026-01-02 22:00:51,320 [WARN] PackLoader:240 - Cannot read IP mode file for STMicroelectronics.X-CUBE-AZRTOS-WB.2.0.0
2026-01-02 22:00:51,321 [WARN] ConditionMgr:1044 - genDependencies : Invalid condition id : UX DEVICE CLASS RTOS Condition cause : null
2026-01-02 22:00:51,321 [WARN] ConditionMgr:1044 - genDependencies : Invalid condition id : UX DEVICE CLASS RTOS Condition cause : null
2026-01-02 22:00:51,321 [WARN] ConditionMgr:1044 - genDependencies : Invalid condition id : UX DEVICE CLASS RTOS Condition cause : null
2026-01-02 22:00:51,321 [WARN] ConditionMgr:1044 - genDependencies : Invalid condition id : UX DEVICE CLASS RTOS Condition cause : null
2026-01-02 22:00:51,321 [WARN] ConditionMgr:1044 - genDependencies : Invalid condition id : UX DEVICE CLASS RTOS Condition cause : null
2026-01-02 22:00:51,325 [WARN] PackLoader:240 - Cannot read IP mode file for STMicroelectronics.X-CUBE-GNSS1.7.0.1
2026-01-02 22:00:51,327 [WARN] PackLoader:240 - Cannot read IP mode file for STMicroelectronics.X-CUBE-TOUCHGFX.4.25.0
2026-01-02 22:00:51,331 [WARN] PackLoader:240 - Cannot read IP mode file for STMicroelectronics.FP-SNS-STBOX1.2.0.0
2026-01-02 22:00:51,338 [WARN] PackLoader:240 - Cannot read IP mode file for STMicroelectronics.X-CUBE-SUBG2.5.0.0
2026-01-02 22:00:51,393 [WARN] PackLoader:240 - Cannot read IP mode file for STMicroelectronics.X-CUBE-AZRTOS-H7RS.1.1.0
2026-01-02 22:00:51,399 [WARN] PackLoader:240 - Cannot read IP mode file for Cesanta.I-CUBE-Mongoose.7.13.0
2026-01-02 22:00:51,414 [WARN] PackLoader:240 - Cannot read IP mode file for STMicroelectronics.X-CUBE-AZRTOS-G4.2.0.0
2026-01-02 22:00:51,419 [WARN] PackLoader:240 - Cannot read IP mode file for wolfSSL.I-CUBE-wolfSSH.1.4.20
2026-01-02 22:00:51,423 [WARN] PackLoader:240 - Cannot read IP mode file for STMicroelectronics.X-CUBE-NFC7.2.0.0
2026-01-02 22:00:51,437 [WARN] PackLoader:240 - Cannot read IP mode file for STMicroelectronics.X-CUBE-IPS.3.1.0
2026-01-02 22:00:51,447 [WARN] PackLoader:240 - Cannot read IP mode file for STMicroelectronics.X-CUBE-ALS.1.0.2
2026-01-02 22:00:51,453 [WARN] PackLoader:240 - Cannot read IP mode file for STMicroelectronics.X-CUBE-STSE01.1.0.0
2026-01-02 22:00:51,458 [INFO] WebApp:191 - Connection restablished
2026-01-02 22:00:51,459 [WARN] PackLoader:240 - Cannot read IP mode file for portGmbH.I-Cube-SoM-uGOAL.1.1.0
2026-01-02 22:00:51,469 [WARN] PackLoader:240 - Cannot read IP mode file for STMicroelectronics.X-CUBE-TOF1.3.4.3
2026-01-02 22:00:51,485 [INFO] ThirdParty:978 - Integrity check success = true
2026-01-02 22:00:51,485 [INFO] IntegrityCheckThread:100 - exiting critical section [integrity check]
2026-01-02 22:00:51,485 [INFO] IntegrityCheckThread:103 - End integrity checks thread
2026-01-02 22:08:08,448 [ERROR] LogOutputStream:75 - [STDERR_REDIRECT] 
