2026-01-01 22:07:40,987 [INFO] Activator:176 - 


2026-01-01 22:07:40,993 [INFO] Activator:177 - !SESSION log4j initialized
2026-01-01 22:07:46,385 [INFO] LogOutputStream:77 - [STDOUT_REDIRECT] 
2026-01-01 22:07:48,843 [INFO] ApplicationProperties:184 - Using Application install path: /opt/st/stm32cubeide_1.19.0/plugins/com.st.stm32cube.common.mx_6.15.0.202507011659
2026-01-01 22:07:48,864 [INFO] DbMcusXml:78 - Set database path to: /opt/st/stm32cubeide_1.19.0/plugins/com.st.stm32cube.common.mx_6.15.0.202507011659//db//mcu/
2026-01-01 22:07:48,865 [INFO] ApiDb:274 - Set plugin database path to: /opt/st/stm32cubeide_1.19.0/plugins/com.st.stm32cube.common.mx_6.15.0.202507011659//db//plugins/boardmanager/
2026-01-01 22:07:48,865 [WARN] ApiDb:259 - Overriding images path with different value:  => /opt/st/stm32cubeide_1.19.0/plugins/com.st.stm32cube.common.mx_6.15.0.202507011659//db//plugins/mcufinder/images/
2026-01-01 22:07:48,872 [INFO] ApiDb:250 - Set database path to: /home/sunbeam/.stmcufinder/plugins/mcufinder//mcu/
2026-01-01 22:07:48,874 [INFO] DbMcusAds:125 - Set database path to: /home/sunbeam/.stmcufinder/plugins/mcufinder//mcu/
2026-01-01 22:07:48,877 [INFO] CrossReferenceDbSqlite:203 - Set database path to: /home/sunbeam/.stmcufinder/plugins/mcufinder//mcu/cs/
2026-01-01 22:07:48,998 [INFO] RulesReader:64 - Compatibility file has been processed (317 Rules)
2026-01-01 22:07:49,070 [INFO] DbMcusXml:78 - Set database path to: /opt/st/stm32cubeide_1.19.0/plugins/com.st.stm32cube.common.mx_6.15.0.202507011659//db//mcu/
2026-01-01 22:07:49,070 [INFO] ApiDb:274 - Set plugin database path to: /opt/st/stm32cubeide_1.19.0/plugins/com.st.stm32cube.common.mx_6.15.0.202507011659//db//plugins/boardmanager/
2026-01-01 22:07:49,071 [INFO] ApiDb:261 - Set plugin images path to: /opt/st/stm32cubeide_1.19.0/plugins/com.st.stm32cube.common.mx_6.15.0.202507011659//db//plugins/mcufinder/images/
2026-01-01 22:07:49,071 [WARN] DbFile:41 - Overriding database path with different value: /home/sunbeam/.stmcufinder/plugins/mcufinder/ => /home/sunbeam/.stmcufinder/plugins/mcufinder
2026-01-01 22:07:49,071 [INFO] ApiDb:250 - Set database path to: /home/sunbeam/.stmcufinder/plugins/mcufinder//mcu/
2026-01-01 22:07:49,071 [WARN] DbFile:41 - Overriding database path with different value: /home/sunbeam/.stmcufinder/plugins/mcufinder/ => /home/sunbeam/.stmcufinder/plugins/mcufinder
2026-01-01 22:07:49,071 [INFO] DbMcusAds:125 - Set database path to: /home/sunbeam/.stmcufinder/plugins/mcufinder//mcu/
2026-01-01 22:07:49,071 [WARN] DbFile:41 - Overriding database path with different value: /home/sunbeam/.stmcufinder/plugins/mcufinder/ => /home/sunbeam/.stmcufinder/plugins/mcufinder
2026-01-01 22:07:49,071 [WARN] DbFile:41 - Overriding database path with different value: /home/sunbeam/.stmcufinder/plugins/mcufinder/ => /home/sunbeam/.stmcufinder/plugins/mcufinder
2026-01-01 22:07:49,071 [INFO] CrossReferenceDbSqlite:203 - Set database path to: /home/sunbeam/.stmcufinder/plugins/mcufinder//mcu/cs/
2026-01-01 22:07:49,137 [INFO] MainPanel:274 - HeapMemory: 268435456
2026-01-01 22:07:49,294 [INFO] DbMcusXml:78 - Set database path to: /opt/st/stm32cubeide_1.19.0/plugins/com.st.stm32cube.common.mx_6.15.0.202507011659//db//mcu/
2026-01-01 22:07:49,294 [INFO] ApiDb:274 - Set plugin database path to: /opt/st/stm32cubeide_1.19.0/plugins/com.st.stm32cube.common.mx_6.15.0.202507011659//db//plugins/boardmanager/
2026-01-01 22:07:49,294 [INFO] ApiDb:261 - Set plugin images path to: /opt/st/stm32cubeide_1.19.0/plugins/com.st.stm32cube.common.mx_6.15.0.202507011659//db//plugins/mcufinder/images/
2026-01-01 22:07:49,295 [WARN] DbFile:41 - Overriding database path with different value: /home/sunbeam/.stmcufinder/plugins/mcufinder/ => /home/sunbeam/.stmcufinder/plugins/mcufinder
2026-01-01 22:07:49,295 [INFO] ApiDb:250 - Set database path to: /home/sunbeam/.stmcufinder/plugins/mcufinder//mcu/
2026-01-01 22:07:49,295 [WARN] DbFile:41 - Overriding database path with different value: /home/sunbeam/.stmcufinder/plugins/mcufinder/ => /home/sunbeam/.stmcufinder/plugins/mcufinder
2026-01-01 22:07:49,295 [INFO] DbMcusAds:125 - Set database path to: /home/sunbeam/.stmcufinder/plugins/mcufinder//mcu/
2026-01-01 22:07:49,295 [WARN] DbFile:41 - Overriding database path with different value: /home/sunbeam/.stmcufinder/plugins/mcufinder/ => /home/sunbeam/.stmcufinder/plugins/mcufinder
2026-01-01 22:07:49,295 [WARN] DbFile:41 - Overriding database path with different value: /home/sunbeam/.stmcufinder/plugins/mcufinder/ => /home/sunbeam/.stmcufinder/plugins/mcufinder
2026-01-01 22:07:49,296 [INFO] CrossReferenceDbSqlite:203 - Set database path to: /home/sunbeam/.stmcufinder/plugins/mcufinder//mcu/cs/
2026-01-01 22:07:49,312 [INFO] ApplicationProperties:184 - Using Application install path: /opt/st/stm32cubeide_1.19.0/plugins/com.st.stm32cube.common.mx_6.15.0.202507011659
2026-01-01 22:07:49,314 [INFO] PluginManage:196 - Search for loadable plugins [exclusion list=, ]
2026-01-01 22:07:49,316 [INFO] PluginManage:310 - Check plugin analytics
2026-01-01 22:07:49,508 [INFO] AnalyticsPlugin:253 - Accepted Software Licenses: 
2026-01-01 22:07:49,509 [INFO] AnalyticsPlugin:255 - Accepted CMSIS Pack Licenses: 
2026-01-01 22:07:49,509 [INFO] AnalyticsPlugin:257 - Accepted Firmware Licenses: FW.F4.1.28.0
2026-01-01 22:07:49,511 [INFO] PluginManage:359 - Loaded plugin analytics (category:tool,tabindex:-1)
2026-01-01 22:07:49,511 [INFO] PluginManage:310 - Check plugin cadmodel
2026-01-01 22:07:49,519 [INFO] CADModel:105 - Init CAD model plugin
2026-01-01 22:07:49,520 [INFO] PluginManage:359 - Loaded plugin cadmodel (category:power,tabindex:5)
2026-01-01 22:07:49,520 [INFO] PluginManage:310 - Check plugin clock
2026-01-01 22:07:49,531 [INFO] PluginManage:359 - Loaded plugin clock (category:base,tabindex:2)
2026-01-01 22:07:49,531 [INFO] PluginManage:310 - Check plugin ddr
2026-01-01 22:07:49,534 [INFO] PluginManage:359 - Loaded plugin ddr (category:tool,tabindex:6)
2026-01-01 22:07:49,534 [INFO] PluginManage:310 - Check plugin filemanager
2026-01-01 22:07:49,727 [INFO] PluginManage:359 - Loaded plugin filemanager (category:base,tabindex:10)
2026-01-01 22:07:49,727 [INFO] PluginManage:310 - Check plugin ipmanager
2026-01-01 22:07:49,732 [INFO] PluginManage:359 - Loaded plugin ipmanager (category:base,tabindex:5)
2026-01-01 22:07:49,732 [INFO] PluginManage:310 - Check plugin lpbam
2026-01-01 22:07:49,740 [INFO] PluginManage:359 - Loaded plugin lpbam (category:base,tabindex:0)
2026-01-01 22:07:49,740 [INFO] PluginManage:310 - Check plugin memorymap
2026-01-01 22:07:49,750 [INFO] PluginManage:359 - Loaded plugin memorymap (category:base,tabindex:4)
2026-01-01 22:07:49,751 [INFO] PluginManage:310 - Check plugin pinoutandconfiguration
2026-01-01 22:07:49,758 [INFO] PluginManage:359 - Loaded plugin pinoutandconfiguration (category:base,tabindex:1)
2026-01-01 22:07:49,758 [INFO] PluginManage:310 - Check plugin pinoutconfig
2026-01-01 22:07:49,839 [WARN] SupportedApi:132 - Cannot load RTOS API schema: s4s-elt-must-match.1: The content of 'definitions' must match (annotation?, (simpleType | complexType)?, (unique | key | keyref)*)). A problem was found starting at: attribute.
2026-01-01 22:07:49,964 [INFO] PluginManage:359 - Loaded plugin pinoutconfig (category:base,tabindex:0)
2026-01-01 22:07:49,964 [INFO] PluginManage:310 - Check plugin power
2026-01-01 22:07:49,972 [INFO] PluginManage:359 - Loaded plugin power (category:power,tabindex:4)
2026-01-01 22:07:49,973 [INFO] PluginManage:310 - Check plugin projectmanager
2026-01-01 22:07:49,989 [INFO] PluginManage:359 - Loaded plugin projectmanager (category:projectmanager,tabindex:4)
2026-01-01 22:07:49,989 [INFO] PluginManage:310 - Check plugin rif
2026-01-01 22:07:50,002 [INFO] PluginManage:359 - Loaded plugin rif (category:base,tabindex:3)
2026-01-01 22:07:50,002 [INFO] PluginManage:310 - Check plugin thirdparty
2026-01-01 22:07:50,140 [INFO] PluginManage:359 - Loaded plugin thirdparty (category:base,tabindex:-1)
2026-01-01 22:07:50,140 [WARN] IntegrityCheckThread:84 - waiting for thirdparty lock release [integrity check]
2026-01-01 22:07:50,140 [INFO] PluginManage:310 - Check plugin tools
2026-01-01 22:07:50,140 [INFO] IntegrityCheckThread:86 - entering critical section [integrity check]
2026-01-01 22:07:50,141 [INFO] ThirdPartyUpdaterWithRetryManager:70 - Updater plugin not ready yet. [1/15]
2026-01-01 22:07:50,142 [INFO] PluginManage:359 - Loaded plugin tools (category:base,tabindex:7)
2026-01-01 22:07:50,142 [INFO] PluginManage:310 - Check plugin tutovideos
2026-01-01 22:07:50,323 [INFO] PluginManage:359 - Loaded plugin tutovideos (category:base,tabindex:-1)
2026-01-01 22:07:50,323 [INFO] PluginManage:310 - Check plugin updater
2026-01-01 22:07:50,345 [INFO] PluginManage:359 - Loaded plugin updater (category:base,tabindex:12)
2026-01-01 22:07:50,346 [INFO] PluginManage:310 - Check plugin userauth
2026-01-01 22:07:50,350 [INFO] UserAuth:118 - Init User Auth plugin
2026-01-01 22:07:50,350 [INFO] PluginManage:359 - Loaded plugin userauth (category:base,tabindex:14)
2026-01-01 22:07:50,351 [INFO] PluginManage:283 - PluginManage : Loaded plugins [18]
2026-01-01 22:07:50,533 [INFO] PinOutPanel:1589 - setPackage(No Configuration,No Configuration)
2026-01-01 22:07:50,601 [INFO] CADModel:165 - CPN selected for project level
2026-01-01 22:07:50,602 [INFO] CADModel:114 - Register for checkConnection events
2026-01-01 22:07:50,611 [INFO] IPUIPlugin:80 - create IPUIPlugin
2026-01-01 22:07:50,611 [INFO] PluginManager:220 - loadIPPluginJar : add dfsdm
2026-01-01 22:07:50,619 [INFO] IPUIPlugin:80 - create IPUIPlugin
2026-01-01 22:07:50,619 [INFO] PluginManager:220 - loadIPPluginJar : add gfxmmu
2026-01-01 22:07:50,622 [INFO] IPUIPlugin:80 - create IPUIPlugin
2026-01-01 22:07:50,622 [INFO] PluginManager:220 - loadIPPluginJar : add i3c
2026-01-01 22:07:50,625 [INFO] IPUIPlugin:80 - create IPUIPlugin
2026-01-01 22:07:50,626 [INFO] PluginManager:220 - loadIPPluginJar : add sai
2026-01-01 22:07:50,633 [INFO] IPUIPlugin:80 - create IPUIPlugin
2026-01-01 22:07:50,633 [INFO] PluginManager:220 - loadIPPluginJar : add dma
2026-01-01 22:07:50,634 [INFO] IPUIPlugin:80 - create IPUIPlugin
2026-01-01 22:07:50,635 [INFO] PluginManager:220 - loadIPPluginJar : add quadspi
2026-01-01 22:07:50,639 [INFO] IPUIPlugin:80 - create IPUIPlugin
2026-01-01 22:07:50,639 [INFO] PluginManager:220 - loadIPPluginJar : add opamp
2026-01-01 22:07:50,641 [INFO] IPUIPlugin:80 - create IPUIPlugin
2026-01-01 22:07:50,641 [INFO] PluginManager:220 - loadIPPluginJar : add comp
2026-01-01 22:07:50,648 [INFO] IPUIPlugin:80 - create IPUIPlugin
2026-01-01 22:07:50,650 [INFO] PluginManager:220 - loadIPPluginJar : add plateformsettings
2026-01-01 22:07:50,651 [INFO] IPUIPlugin:80 - create IPUIPlugin
2026-01-01 22:07:50,652 [INFO] PluginManager:220 - loadIPPluginJar : add ltdc
2026-01-01 22:07:50,655 [INFO] IPUIPlugin:80 - create IPUIPlugin
2026-01-01 22:07:50,655 [INFO] PluginManager:220 - loadIPPluginJar : add nvic
2026-01-01 22:07:50,656 [INFO] IPUIPlugin:80 - create IPUIPlugin
2026-01-01 22:07:50,656 [INFO] PluginManager:220 - loadIPPluginJar : add fatfs
2026-01-01 22:07:50,661 [INFO] IPUIPlugin:80 - create IPUIPlugin
2026-01-01 22:07:50,662 [INFO] PluginManager:220 - loadIPPluginJar : add gpio
2026-01-01 22:07:50,666 [INFO] IPUIPlugin:80 - create IPUIPlugin
2026-01-01 22:07:50,666 [INFO] PluginManager:220 - loadIPPluginJar : add aes
2026-01-01 22:07:50,673 [INFO] IPUIPlugin:80 - create IPUIPlugin
2026-01-01 22:07:50,673 [INFO] PluginManager:220 - loadIPPluginJar : add mdma
2026-01-01 22:07:50,676 [INFO] IPUIPlugin:80 - create IPUIPlugin
2026-01-01 22:07:50,676 [INFO] PluginManager:220 - loadIPPluginJar : add pdm2pcm
2026-01-01 22:07:50,683 [INFO] IPUIPlugin:80 - create IPUIPlugin
2026-01-01 22:07:50,683 [INFO] PluginManager:220 - loadIPPluginJar : add linkedlist
2026-01-01 22:07:50,685 [INFO] IPUIPlugin:80 - create IPUIPlugin
2026-01-01 22:07:50,685 [INFO] PluginManager:220 - loadIPPluginJar : add usart
2026-01-01 22:07:50,687 [INFO] IPUIPlugin:80 - create IPUIPlugin
2026-01-01 22:07:50,688 [INFO] PluginManager:220 - loadIPPluginJar : add i2c
2026-01-01 22:07:50,690 [INFO] IPUIPlugin:80 - create IPUIPlugin
2026-01-01 22:07:50,690 [INFO] PluginManager:220 - loadIPPluginJar : add lorawan
2026-01-01 22:07:50,693 [INFO] IPUIPlugin:80 - create IPUIPlugin
2026-01-01 22:07:50,693 [INFO] PluginManager:220 - loadIPPluginJar : add usbx
2026-01-01 22:07:50,699 [INFO] IPUIPlugin:80 - create IPUIPlugin
2026-01-01 22:07:50,699 [INFO] PluginManager:220 - loadIPPluginJar : add fmc
2026-01-01 22:07:50,702 [INFO] IPUIPlugin:80 - create IPUIPlugin
2026-01-01 22:07:50,703 [INFO] PluginManager:220 - loadIPPluginJar : add extmemmanager
2026-01-01 22:07:50,709 [INFO] IPUIPlugin:80 - create IPUIPlugin
2026-01-01 22:07:50,710 [INFO] PluginManager:220 - loadIPPluginJar : add freertos
2026-01-01 22:07:50,713 [INFO] IPUIPlugin:80 - create IPUIPlugin
2026-01-01 22:07:50,713 [INFO] PluginManager:220 - loadIPPluginJar : add can
2026-01-01 22:07:50,717 [INFO] IPUIPlugin:80 - create IPUIPlugin
2026-01-01 22:07:50,717 [INFO] PluginManager:220 - loadIPPluginJar : add touchsensing
2026-01-01 22:07:50,719 [INFO] IPUIPlugin:80 - create IPUIPlugin
2026-01-01 22:07:50,719 [INFO] PluginManager:220 - loadIPPluginJar : add tracer_emb
2026-01-01 22:07:50,720 [INFO] IPUIPlugin:80 - create IPUIPlugin
2026-01-01 22:07:50,721 [INFO] PluginManager:220 - loadIPPluginJar : add ucpd
2026-01-01 22:07:50,723 [INFO] IPUIPlugin:80 - create IPUIPlugin
2026-01-01 22:07:50,723 [INFO] PluginManager:220 - loadIPPluginJar : add ts
2026-01-01 22:07:50,725 [INFO] IPUIPlugin:80 - create IPUIPlugin
2026-01-01 22:07:50,725 [INFO] PluginManager:220 - loadIPPluginJar : add tsc
2026-01-01 22:07:50,727 [INFO] IPUIPlugin:80 - create IPUIPlugin
2026-01-01 22:07:50,727 [INFO] PluginManager:220 - loadIPPluginJar : add resmgrutility
2026-01-01 22:07:50,731 [INFO] IPUIPlugin:80 - create IPUIPlugin
2026-01-01 22:07:50,731 [INFO] PluginManager:220 - loadIPPluginJar : add cryp
2026-01-01 22:07:50,733 [INFO] IPUIPlugin:80 - create IPUIPlugin
2026-01-01 22:07:50,733 [INFO] PluginManager:220 - loadIPPluginJar : add openamp
2026-01-01 22:07:50,739 [INFO] IPUIPlugin:80 - create IPUIPlugin
2026-01-01 22:07:50,739 [INFO] PluginManager:220 - loadIPPluginJar : add adc
2026-01-01 22:07:50,741 [INFO] IPUIPlugin:80 - create IPUIPlugin
2026-01-01 22:07:50,741 [INFO] PluginManager:220 - loadIPPluginJar : add spi
2026-01-01 22:07:50,744 [INFO] IPUIPlugin:80 - create IPUIPlugin
2026-01-01 22:07:50,744 [INFO] PluginManager:220 - loadIPPluginJar : add ipddr
2026-01-01 22:07:50,753 [INFO] IPUIPlugin:80 - create IPUIPlugin
2026-01-01 22:07:50,754 [INFO] PluginManager:220 - loadIPPluginJar : add stm32_wpan
2026-01-01 22:07:50,760 [INFO] IPUIPlugin:80 - create IPUIPlugin
2026-01-01 22:07:50,761 [INFO] PluginManager:220 - loadIPPluginJar : add gic
2026-01-01 22:07:50,765 [INFO] IPUIPlugin:80 - create IPUIPlugin
2026-01-01 22:07:50,765 [INFO] PluginManager:220 - loadIPPluginJar : add ddr_ctrl_phy
2026-01-01 22:07:50,767 [INFO] IPUIPlugin:80 - create IPUIPlugin
2026-01-01 22:07:50,767 [INFO] PluginManager:220 - loadIPPluginJar : add genericplugin
2026-01-01 22:07:50,770 [INFO] IPUIPlugin:80 - create IPUIPlugin
2026-01-01 22:07:50,770 [INFO] PluginManager:220 - loadIPPluginJar : add hash
2026-01-01 22:07:50,772 [INFO] IPUIPlugin:80 - create IPUIPlugin
2026-01-01 22:07:50,773 [INFO] PluginManager:220 - loadIPPluginJar : add tim
2026-01-01 22:07:50,775 [INFO] IPUIPlugin:80 - create IPUIPlugin
2026-01-01 22:07:50,775 [INFO] PluginManager:220 - loadIPPluginJar : add radio
2026-01-01 22:07:50,779 [INFO] IPUIPlugin:80 - create IPUIPlugin
2026-01-01 22:07:50,779 [INFO] PluginManager:220 - loadIPPluginJar : add gtzc
2026-01-01 22:07:50,781 [INFO] IPUIPlugin:80 - create IPUIPlugin
2026-01-01 22:07:50,781 [INFO] PluginManager:220 - loadIPPluginJar : add i2s
2026-01-01 22:07:50,783 [INFO] IPUIPlugin:80 - create IPUIPlugin
2026-01-01 22:07:50,783 [INFO] PluginManager:220 - loadIPPluginJar : add dma3
2026-01-01 22:07:50,886 [FATAL] Updater:351 - Updater called before beeing initialized
2026-01-01 22:07:50,926 [INFO] RulesReader:64 - Compatibility file has been processed (317 Rules)
2026-01-01 22:07:50,940 [INFO] RulesReader:64 - Compatibility file has been processed (317 Rules)
2026-01-01 22:07:50,945 [INFO] CADModel:165 - CPN selected for project level
2026-01-01 22:07:50,945 [INFO] CADModel:114 - Register for checkConnection events
2026-01-01 22:07:50,945 [FATAL] Updater:351 - Updater called before beeing initialized
2026-01-01 22:07:50,945 [ERROR] CADModel:125 - Updater not yet initialized, retry later 
2026-01-01 22:07:51,058 [FATAL] Updater:351 - Updater called before beeing initialized
2026-01-01 22:07:51,060 [INFO] CADModel:165 - CPN selected for project level
2026-01-01 22:07:51,060 [INFO] CADModel:114 - Register for checkConnection events
2026-01-01 22:07:51,060 [FATAL] Updater:351 - Updater called before beeing initialized
2026-01-01 22:07:51,060 [ERROR] CADModel:125 - Updater not yet initialized, retry later 
2026-01-01 22:07:51,065 [FATAL] Updater:351 - Updater called before beeing initialized
2026-01-01 22:07:51,153 [FATAL] Updater:351 - Updater called before beeing initialized
2026-01-01 22:07:51,158 [INFO] DbMcusAds:53 - JSON generation date=Tue Dec 16 04:41:46 IST 2025 (1765840306612)
2026-01-01 22:07:51,158 [FATAL] Updater:351 - Updater called before beeing initialized
2026-01-01 22:07:51,188 [WARN] DetailPanel:346 - Failed to get advertising image, set to default
2026-01-01 22:07:51,250 [FATAL] Updater:351 - Updater called before beeing initialized
2026-01-01 22:07:51,252 [FATAL] Updater:351 - Updater called before beeing initialized
2026-01-01 22:07:51,252 [FATAL] Updater:351 - Updater called before beeing initialized
2026-01-01 22:07:51,252 [WARN] DetailPanel:346 - Failed to get advertising image, set to default
2026-01-01 22:07:51,253 [FATAL] Updater:351 - Updater called before beeing initialized
2026-01-01 22:07:51,283 [ERROR] Updater:1198 - MainUpdater not yet initialized. External WinMGr cannot be set.
2026-01-01 22:07:51,285 [INFO] Updater:1134 - Updater Version found : 6.15.0
2026-01-01 22:07:51,302 [INFO] ApplicationProperties:184 - Using Application install path: /opt/st/stm32cubeide_1.19.0/plugins/com.st.stm32cube.common.mx_6.15.0.202507011659
2026-01-01 22:07:51,828 [INFO] MainUpdater:2872 - connection check result : 10
2026-01-01 22:07:51,829 [INFO] MainUpdater:289 - Updater Check For Update Now.
2026-01-01 22:07:51,829 [INFO] MicroXplorer:498 - Change Database Version : DB.6.0.150
2026-01-01 22:07:51,834 [INFO] McuFinderGlobals:63 - Set McuFinder mode to 2 (CubeIDE integrated)
2026-01-01 22:07:51,835 [INFO] UserAuth:171 - activating auth plugin
2026-01-01 22:07:51,838 [INFO] UserAuth:487 - Internet connection configuration mode: 1
2026-01-01 22:07:51,858 [INFO] JxBrowserEngine:152 - Initiate JxBrowser Engine with user profile folder
2026-01-01 22:07:52,020 [INFO] CheckServerUpdateThread:120 - End of CheckServer Thread
2026-01-01 22:07:52,768 [INFO] WebApp:169 - Instantiating new browser for Auth
2026-01-01 22:07:53,278 [WARN] PackLoader:240 - Cannot read IP mode file for STMicroelectronics.FP-SNS-MOTENVWB1.1.4.0
2026-01-01 22:07:53,286 [WARN] PackLoader:240 - Cannot read IP mode file for STMicroelectronics.FP-ATR-ASTRA1.2.0.2
2026-01-01 22:07:53,294 [WARN] PackLoader:240 - Cannot read IP mode file for STMicroelectronics.X-CUBE-SMBUS.2.1.0
2026-01-01 22:07:53,298 [WARN] PackLoader:240 - Cannot read IP mode file for STMicroelectronics.X-CUBE-ST60.1.0.0
2026-01-01 22:07:53,329 [WARN] PackLoader:240 - Cannot read IP mode file for STMicroelectronics.X-CUBE-AZRTOS-F7.1.1.0
2026-01-01 22:07:53,338 [WARN] PackLoader:240 - Cannot read IP mode file for STMicroelectronics.FP-SNS-MOTENV1.5.1.0
2026-01-01 22:07:53,367 [WARN] PackLoader:240 - Cannot read IP mode file for Infineon.AIROC-Wi-Fi-Bluetooth-STM32.1.7.1
2026-01-01 22:07:53,399 [WARN] PackLoader:240 - Cannot read IP mode file for STMicroelectronics.X-CUBE-AZRTOS-H7.3.4.0
2026-01-01 22:07:53,410 [WARN] PackLoader:240 - Cannot read IP mode file for STMicroelectronics.X-CUBE-DISPLAY.3.0.0
2026-01-01 22:07:53,423 [WARN] PackLoader:240 - Cannot read IP mode file for STMicroelectronics.X-CUBE-NFC10.1.0.0
2026-01-01 22:07:53,438 [WARN] PackLoader:240 - Cannot read IP mode file for STMicroelectronics.X-CUBE-BLEMGR.4.0.0
2026-01-01 22:07:53,448 [WARN] PackLoader:240 - Cannot read IP mode file for STMicroelectronics.X-CUBE-ST60.1.1.0
2026-01-01 22:07:53,455 [WARN] PackLoader:240 - Cannot read IP mode file for emotas.I-CUBE-CANOPEN.1.3.0
2026-01-01 22:07:53,461 [WARN] PackLoader:240 - Cannot read IP mode file for STMicroelectronics.X-CUBE-GNSS1.7.1.0
2026-01-01 22:07:53,468 [WARN] ConditionMgr:438 - getConditionDescription Invalid condition id : Cortex-A Device cause : null
2026-01-01 22:07:53,482 [WARN] ConditionMgr:1044 - genDependencies : Invalid condition id : Cortex-A Device cause : null
2026-01-01 22:07:53,483 [WARN] ConditionMgr:1044 - genDependencies : Invalid condition id : Cortex-A Device cause : null
2026-01-01 22:07:53,483 [WARN] ConditionMgr:1044 - genDependencies : Invalid condition id : Cortex-A Device cause : null
2026-01-01 22:07:53,490 [WARN] PackLoader:240 - Cannot read IP mode file for STMicroelectronics.FP-SNS-STBOX1.2.1.0
2026-01-01 22:07:53,497 [WARN] PackLoader:240 - Cannot read IP mode file for STMicroelectronics.FP-SNS-SMARTAG2.1.2.0
2026-01-01 22:07:53,501 [WARN] PackLoader:240 - Cannot read IP mode file for STMicroelectronics.FP-SNS-FLIGHT1.5.1.0
2026-01-01 22:07:53,512 [INFO] LogOutputStream:77 - [STDOUT_REDIRECT] 1 : Invalid condition id : UX_CORESTACK_Condition cause : null
2026-01-01 22:07:53,514 [INFO] LogOutputStream:77 - [STDOUT_REDIRECT] 1 : Invalid condition id : UX_CORESTACK_Condition cause : null
2026-01-01 22:07:53,514 [INFO] LogOutputStream:77 - [STDOUT_REDIRECT] 1 : Invalid condition id : UX_CORESTACK_Condition cause : null
2026-01-01 22:07:53,514 [INFO] LogOutputStream:77 - [STDOUT_REDIRECT] 1 : Invalid condition id : UX_CORESTACK_Condition cause : null
2026-01-01 22:07:53,515 [INFO] LogOutputStream:77 - [STDOUT_REDIRECT] 1 : Invalid condition id : UX_CORESTACK_Condition cause : null
2026-01-01 22:07:53,518 [WARN] PackLoader:240 - Cannot read IP mode file for STMicroelectronics.X-CUBE-AZRTOS-WL.2.0.0
2026-01-01 22:07:53,522 [WARN] PackLoader:240 - Cannot read IP mode file for STMicroelectronics.FP-SNS-MOTENV1.5.0.0
2026-01-01 22:07:53,551 [WARN] PackLoader:240 - Cannot read IP mode file for STMicroelectronics.X-CUBE-AZRTOS-H7RS.1.2.0
2026-01-01 22:07:53,557 [INFO] WebApp:463 - Apply proxy settings
2026-01-01 22:07:53,557 [INFO] WebApp:548 - Chromium requires no authentication
2026-01-01 22:07:53,560 [WARN] PackLoader:240 - Cannot read IP mode file for WES.I-CUBE-Cesium.1.3.0
2026-01-01 22:07:53,569 [WARN] PackLoader:240 - Cannot read IP mode file for STMicroelectronics.X-CUBE-BLE2.3.3.0
2026-01-01 22:07:53,576 [INFO] WebApp:491 - Direct internet connection detected
2026-01-01 22:07:53,587 [WARN] PackLoader:240 - Cannot read IP mode file for STMicroelectronics.X-CUBE-NFC9.1.0.0
2026-01-01 22:07:53,594 [WARN] PackLoader:240 - Cannot read IP mode file for wolfSSL.I-CUBE-wolfSSL.5.8.0
2026-01-01 22:07:53,600 [WARN] PackLoader:240 - Cannot read IP mode file for STMicroelectronics.X-CUBE-BLE1.7.1.0
2026-01-01 22:07:53,621 [WARN] PackLoader:240 - Cannot read IP mode file for wolfSSL.I-CUBE-wolfMQTT.1.19.2
2026-01-01 22:07:53,626 [INFO] WebApp:900 - Register for checkConnection events
2026-01-01 22:07:53,626 [INFO] WebApp:463 - Apply proxy settings
2026-01-01 22:07:53,626 [INFO] WebApp:548 - Chromium requires no authentication
2026-01-01 22:07:53,627 [INFO] WebApp:491 - Direct internet connection detected
2026-01-01 22:07:53,634 [WARN] PackLoader:240 - Cannot read IP mode file for STMicroelectronics.X-CUBE-FREERTOS.1.4.0
2026-01-01 22:07:53,643 [WARN] PackLoader:240 - Cannot read IP mode file for STMicroelectronics.X-CUBE-EEPRMA1.5.2.0
2026-01-01 22:07:53,655 [WARN] PackLoader:240 - Cannot read IP mode file for STMicroelectronics.X-CUBE-ST67W61.1.1.0
2026-01-01 22:07:53,662 [WARN] PackLoader:240 - Cannot read IP mode file for STMicroelectronics.X-CUBE-AI.10.1.0
2026-01-01 22:07:53,738 [WARN] PackLoader:240 - Cannot read IP mode file for STMicroelectronics.X-CUBE-MEMS1.12.0.0
2026-01-01 22:07:53,871 [WARN] PackLoader:240 - Cannot read IP mode file for STMicroelectronics.X-CUBE-AZRTOS-G0.1.1.0
2026-01-01 22:07:53,878 [WARN] PackLoader:240 - Cannot read IP mode file for STMicroelectronics.X-CUBE-SAFEA1.1.2.2
2026-01-01 22:07:53,878 [INFO] WebApp:225 - Starting web application
2026-01-01 22:07:53,878 [INFO] WebApp:593 - Web application path used /opt/st/stm32cubeide_1.19.0/plugins/com.st.stm32cube.common.mx_6.15.0.202507011659/db/plugins/mcufinder/reactClient1/index.html
2026-01-01 22:07:53,882 [WARN] PackLoader:240 - Cannot read IP mode file for STMicroelectronics.X-CUBE-NFC4.3.0.0
2026-01-01 22:07:53,889 [WARN] PackLoader:240 - Cannot read IP mode file for EmbeddedOffice.I-CUBE-FS-RTOS.1.0.1
2026-01-01 22:07:53,894 [WARN] PackLoader:240 - Cannot read IP mode file for STMicroelectronics.X-CUBE-WB05N.2.0.0
2026-01-01 22:07:53,898 [WARN] PackLoader:240 - Cannot read IP mode file for wolfSSL.I-CUBE-wolfTPM.3.8.0
2026-01-01 22:07:53,903 [WARN] PackLoader:240 - Cannot read IP mode file for STMicroelectronics.X-CUBE-TCPP.4.2.0
2026-01-01 22:07:53,909 [WARN] PackLoader:240 - Cannot read IP mode file for RealThread.X-CUBE-RT-Thread_Nano.4.1.1
2026-01-01 22:07:53,913 [WARN] PackLoader:240 - Cannot read IP mode file for STMicroelectronics.FP-ATR-SIGFOX1.3.2.0
2026-01-01 22:07:53,918 [WARN] PackLoader:240 - Cannot read IP mode file for STMicroelectronics.X-CUBE-EEPRMA1.5.1.0
2026-01-01 22:07:53,924 [WARN] PackLoader:240 - Cannot read IP mode file for ITTIA_DB.I-CUBE-ITTIADB.8.9.0
2026-01-01 22:07:53,929 [WARN] PackLoader:240 - Cannot read IP mode file for STMicroelectronics.X-CUBE-ST67W61.1.0.0
2026-01-01 22:07:53,933 [WARN] PackLoader:240 - Cannot read IP mode file for STMicroelectronics.X-CUBE-AI.10.2.0
2026-01-01 22:07:53,956 [WARN] PackLoader:240 - Cannot read IP mode file for SEGGER.I-CUBE-embOS.1.3.1
2026-01-01 22:07:53,981 [WARN] PackLoader:240 - Cannot read IP mode file for STMicroelectronics.X-CUBE-ALGOBUILD.1.4.0
2026-01-01 22:07:54,012 [WARN] PackLoader:240 - Cannot read IP mode file for STMicroelectronics.X-CUBE-MEMS1.11.3.0
2026-01-01 22:07:54,156 [WARN] PackLoader:240 - Cannot read IP mode file for STMicroelectronics.X-CUBE-PM33A1.1.0.0
2026-01-01 22:07:54,168 [WARN] PackLoader:240 - Cannot read IP mode file for STMicroelectronics.X-CUBE-AZRTOS-F4.1.1.0
2026-01-01 22:07:54,172 [INFO] WebApp:191 - Connection restablished
2026-01-01 22:07:54,173 [WARN] PackLoader:240 - Cannot read IP mode file for Avnet-IotConnect.X-CUBE-IoTC-DA16k-PMOD.1.0.0
2026-01-01 22:07:54,176 [WARN] PackLoader:240 - Cannot read IP mode file for STMicroelectronics.X-CUBE-ISPU.2.1.0
2026-01-01 22:07:54,188 [WARN] PackLoader:240 - Cannot read IP mode file for STMicroelectronics.X-CUBE-IPS.3.2.0
2026-01-01 22:07:54,201 [WARN] PackLoader:240 - Cannot read IP mode file for STMicroelectronics.X-CUBE-NFC12.1.0.0
2026-01-01 22:07:54,214 [WARN] PackLoader:240 - Cannot read IP mode file for STMicroelectronics.X-CUBE-AZRTOS-L5.2.0.0
2026-01-01 22:07:54,219 [WARN] PackLoader:240 - Cannot read IP mode file for STMicroelectronics.X-CUBE-NFC6.3.1.0
2026-01-01 22:07:54,224 [WARN] PackLoader:240 - Cannot read IP mode file for STMicroelectronics.X-CUBE-FREERTOS.1.3.1
2026-01-01 22:07:54,229 [WARN] PackLoader:240 - Cannot read IP mode file for STMicroelectronics.X-CUBE-TOUCHGFX.4.26.0
2026-01-01 22:07:54,232 [WARN] PackLoader:240 - Cannot read IP mode file for STMicroelectronics.FP-SNS-STAIOTCFT.1.0.0
2026-01-01 22:07:54,236 [WARN] PackLoader:240 - Cannot read IP mode file for STMicroelectronics.X-CUBE-DPower.1.3.0
2026-01-01 22:07:54,246 [WARN] ConditionMgr:438 - getConditionDescription Invalid condition id : LAN8742 Phy interface Condition cause : null
2026-01-01 22:07:54,246 [WARN] PackLoader:240 - Cannot read IP mode file for STMicroelectronics.X-CUBE-AZRTOS-L4.2.0.0
2026-01-01 22:07:54,247 [WARN] ConditionMgr:1044 - genDependencies : Invalid condition id : LAN8742 Phy interface Condition cause : null
2026-01-01 22:07:54,247 [WARN] ConditionMgr:1044 - genDependencies : Invalid condition id : LAN8742 Phy interface Condition cause : null
2026-01-01 22:07:54,248 [WARN] ConditionMgr:1044 - genDependencies : Invalid condition id : LAN8742 Phy interface Condition cause : null
2026-01-01 22:07:54,253 [WARN] PackLoader:240 - Cannot read IP mode file for STMicroelectronics.X-CUBE-SFXS2LP1.4.0.0
2026-01-01 22:07:54,260 [WARN] PackLoader:240 - Cannot read IP mode file for STMicroelectronics.X-CUBE-BLEMGR.4.1.0
2026-01-01 22:07:54,272 [WARN] ConditionMgr:438 - getConditionDescription Invalid condition id : UX DEVICE CLASS RTOS Condition cause : null
2026-01-01 22:07:54,272 [WARN] ConditionMgr:438 - getConditionDescription Invalid condition id : UX DEVICE CLASS RTOS Condition cause : null
2026-01-01 22:07:54,274 [WARN] PackLoader:240 - Cannot read IP mode file for STMicroelectronics.X-CUBE-AZRTOS-WB.2.0.0
2026-01-01 22:07:54,274 [WARN] ConditionMgr:1044 - genDependencies : Invalid condition id : UX DEVICE CLASS RTOS Condition cause : null
2026-01-01 22:07:54,275 [WARN] ConditionMgr:1044 - genDependencies : Invalid condition id : UX DEVICE CLASS RTOS Condition cause : null
2026-01-01 22:07:54,275 [WARN] ConditionMgr:1044 - genDependencies : Invalid condition id : UX DEVICE CLASS RTOS Condition cause : null
2026-01-01 22:07:54,275 [WARN] ConditionMgr:1044 - genDependencies : Invalid condition id : UX DEVICE CLASS RTOS Condition cause : null
2026-01-01 22:07:54,275 [WARN] ConditionMgr:1044 - genDependencies : Invalid condition id : UX DEVICE CLASS RTOS Condition cause : null
2026-01-01 22:07:54,279 [WARN] PackLoader:240 - Cannot read IP mode file for STMicroelectronics.X-CUBE-GNSS1.7.0.1
2026-01-01 22:07:54,283 [WARN] PackLoader:240 - Cannot read IP mode file for STMicroelectronics.X-CUBE-TOUCHGFX.4.25.0
2026-01-01 22:07:54,288 [WARN] PackLoader:240 - Cannot read IP mode file for STMicroelectronics.FP-SNS-STBOX1.2.0.0
2026-01-01 22:07:54,300 [WARN] PackLoader:240 - Cannot read IP mode file for STMicroelectronics.X-CUBE-SUBG2.5.0.0
2026-01-01 22:07:54,318 [WARN] PackLoader:240 - Cannot read IP mode file for STMicroelectronics.X-CUBE-AZRTOS-H7RS.1.1.0
2026-01-01 22:07:54,323 [WARN] PackLoader:240 - Cannot read IP mode file for Cesanta.I-CUBE-Mongoose.7.13.0
2026-01-01 22:07:54,363 [WARN] PackLoader:240 - Cannot read IP mode file for STMicroelectronics.X-CUBE-AZRTOS-G4.2.0.0
2026-01-01 22:07:54,370 [WARN] PackLoader:240 - Cannot read IP mode file for wolfSSL.I-CUBE-wolfSSH.1.4.20
2026-01-01 22:07:54,374 [WARN] PackLoader:240 - Cannot read IP mode file for STMicroelectronics.X-CUBE-NFC7.2.0.0
2026-01-01 22:07:54,388 [WARN] PackLoader:240 - Cannot read IP mode file for STMicroelectronics.X-CUBE-IPS.3.1.0
2026-01-01 22:07:54,398 [WARN] PackLoader:240 - Cannot read IP mode file for STMicroelectronics.X-CUBE-ALS.1.0.2
2026-01-01 22:07:54,407 [WARN] PackLoader:240 - Cannot read IP mode file for STMicroelectronics.X-CUBE-STSE01.1.0.0
2026-01-01 22:07:54,415 [WARN] PackLoader:240 - Cannot read IP mode file for portGmbH.I-Cube-SoM-uGOAL.1.1.0
2026-01-01 22:07:54,430 [WARN] PackLoader:240 - Cannot read IP mode file for STMicroelectronics.X-CUBE-TOF1.3.4.3
2026-01-01 22:07:54,445 [INFO] ThirdParty:978 - Integrity check success = true
2026-01-01 22:07:54,446 [INFO] IntegrityCheckThread:100 - exiting critical section [integrity check]
2026-01-01 22:07:54,446 [INFO] IntegrityCheckThread:103 - End integrity checks thread
2026-01-01 22:38:37,257 [ERROR] LogOutputStream:75 - [STDERR_REDIRECT] 
2026-01-01 22:38:41,949 [INFO] Activator:176 - 


2026-01-01 22:38:41,950 [INFO] Activator:177 - !SESSION log4j initialized
2026-01-01 22:38:44,792 [INFO] LogOutputStream:77 - [STDOUT_REDIRECT] 
2026-01-01 22:38:46,706 [INFO] ApplicationProperties:184 - Using Application install path: /opt/st/stm32cubeide_1.19.0/plugins/com.st.stm32cube.common.mx_6.15.0.202507011659
2026-01-01 22:38:46,726 [INFO] DbMcusXml:78 - Set database path to: /opt/st/stm32cubeide_1.19.0/plugins/com.st.stm32cube.common.mx_6.15.0.202507011659//db//mcu/
2026-01-01 22:38:46,726 [INFO] ApiDb:274 - Set plugin database path to: /opt/st/stm32cubeide_1.19.0/plugins/com.st.stm32cube.common.mx_6.15.0.202507011659//db//plugins/boardmanager/
2026-01-01 22:38:46,727 [WARN] ApiDb:259 - Overriding images path with different value:  => /opt/st/stm32cubeide_1.19.0/plugins/com.st.stm32cube.common.mx_6.15.0.202507011659//db//plugins/mcufinder/images/
2026-01-01 22:38:46,732 [INFO] ApiDb:250 - Set database path to: /home/sunbeam/.stmcufinder/plugins/mcufinder//mcu/
2026-01-01 22:38:46,734 [INFO] DbMcusAds:125 - Set database path to: /home/sunbeam/.stmcufinder/plugins/mcufinder//mcu/
2026-01-01 22:38:46,736 [INFO] CrossReferenceDbSqlite:203 - Set database path to: /home/sunbeam/.stmcufinder/plugins/mcufinder//mcu/cs/
2026-01-01 22:38:46,854 [INFO] RulesReader:64 - Compatibility file has been processed (317 Rules)
2026-01-01 22:38:46,914 [INFO] DbMcusXml:78 - Set database path to: /opt/st/stm32cubeide_1.19.0/plugins/com.st.stm32cube.common.mx_6.15.0.202507011659//db//mcu/
2026-01-01 22:38:46,914 [INFO] ApiDb:274 - Set plugin database path to: /opt/st/stm32cubeide_1.19.0/plugins/com.st.stm32cube.common.mx_6.15.0.202507011659//db//plugins/boardmanager/
2026-01-01 22:38:46,914 [INFO] ApiDb:261 - Set plugin images path to: /opt/st/stm32cubeide_1.19.0/plugins/com.st.stm32cube.common.mx_6.15.0.202507011659//db//plugins/mcufinder/images/
2026-01-01 22:38:46,915 [WARN] DbFile:41 - Overriding database path with different value: /home/sunbeam/.stmcufinder/plugins/mcufinder/ => /home/sunbeam/.stmcufinder/plugins/mcufinder
2026-01-01 22:38:46,915 [INFO] ApiDb:250 - Set database path to: /home/sunbeam/.stmcufinder/plugins/mcufinder//mcu/
2026-01-01 22:38:46,915 [WARN] DbFile:41 - Overriding database path with different value: /home/sunbeam/.stmcufinder/plugins/mcufinder/ => /home/sunbeam/.stmcufinder/plugins/mcufinder
2026-01-01 22:38:46,915 [INFO] DbMcusAds:125 - Set database path to: /home/sunbeam/.stmcufinder/plugins/mcufinder//mcu/
2026-01-01 22:38:46,915 [WARN] DbFile:41 - Overriding database path with different value: /home/sunbeam/.stmcufinder/plugins/mcufinder/ => /home/sunbeam/.stmcufinder/plugins/mcufinder
2026-01-01 22:38:46,915 [WARN] DbFile:41 - Overriding database path with different value: /home/sunbeam/.stmcufinder/plugins/mcufinder/ => /home/sunbeam/.stmcufinder/plugins/mcufinder
2026-01-01 22:38:46,915 [INFO] CrossReferenceDbSqlite:203 - Set database path to: /home/sunbeam/.stmcufinder/plugins/mcufinder//mcu/cs/
2026-01-01 22:38:46,966 [INFO] MainPanel:274 - HeapMemory: 268435456
2026-01-01 22:38:47,061 [INFO] DbMcusXml:78 - Set database path to: /opt/st/stm32cubeide_1.19.0/plugins/com.st.stm32cube.common.mx_6.15.0.202507011659//db//mcu/
2026-01-01 22:38:47,062 [INFO] ApiDb:274 - Set plugin database path to: /opt/st/stm32cubeide_1.19.0/plugins/com.st.stm32cube.common.mx_6.15.0.202507011659//db//plugins/boardmanager/
2026-01-01 22:38:47,062 [INFO] ApiDb:261 - Set plugin images path to: /opt/st/stm32cubeide_1.19.0/plugins/com.st.stm32cube.common.mx_6.15.0.202507011659//db//plugins/mcufinder/images/
2026-01-01 22:38:47,062 [WARN] DbFile:41 - Overriding database path with different value: /home/sunbeam/.stmcufinder/plugins/mcufinder/ => /home/sunbeam/.stmcufinder/plugins/mcufinder
2026-01-01 22:38:47,063 [INFO] ApiDb:250 - Set database path to: /home/sunbeam/.stmcufinder/plugins/mcufinder//mcu/
2026-01-01 22:38:47,063 [WARN] DbFile:41 - Overriding database path with different value: /home/sunbeam/.stmcufinder/plugins/mcufinder/ => /home/sunbeam/.stmcufinder/plugins/mcufinder
2026-01-01 22:38:47,063 [INFO] DbMcusAds:125 - Set database path to: /home/sunbeam/.stmcufinder/plugins/mcufinder//mcu/
2026-01-01 22:38:47,063 [WARN] DbFile:41 - Overriding database path with different value: /home/sunbeam/.stmcufinder/plugins/mcufinder/ => /home/sunbeam/.stmcufinder/plugins/mcufinder
2026-01-01 22:38:47,063 [WARN] DbFile:41 - Overriding database path with different value: /home/sunbeam/.stmcufinder/plugins/mcufinder/ => /home/sunbeam/.stmcufinder/plugins/mcufinder
2026-01-01 22:38:47,063 [INFO] CrossReferenceDbSqlite:203 - Set database path to: /home/sunbeam/.stmcufinder/plugins/mcufinder//mcu/cs/
2026-01-01 22:38:47,077 [INFO] ApplicationProperties:184 - Using Application install path: /opt/st/stm32cubeide_1.19.0/plugins/com.st.stm32cube.common.mx_6.15.0.202507011659
2026-01-01 22:38:47,079 [INFO] PluginManage:196 - Search for loadable plugins [exclusion list=, ]
2026-01-01 22:38:47,081 [INFO] PluginManage:310 - Check plugin analytics
2026-01-01 22:38:47,228 [INFO] AnalyticsPlugin:253 - Accepted Software Licenses: 
2026-01-01 22:38:47,229 [INFO] AnalyticsPlugin:255 - Accepted CMSIS Pack Licenses: 
2026-01-01 22:38:47,229 [INFO] AnalyticsPlugin:257 - Accepted Firmware Licenses: FW.F4.1.28.0
2026-01-01 22:38:47,232 [INFO] PluginManage:359 - Loaded plugin analytics (category:tool,tabindex:-1)
2026-01-01 22:38:47,233 [INFO] PluginManage:310 - Check plugin cadmodel
2026-01-01 22:38:47,235 [INFO] CADModel:105 - Init CAD model plugin
2026-01-01 22:38:47,235 [INFO] PluginManage:359 - Loaded plugin cadmodel (category:power,tabindex:5)
2026-01-01 22:38:47,235 [INFO] PluginManage:310 - Check plugin clock
2026-01-01 22:38:47,242 [INFO] PluginManage:359 - Loaded plugin clock (category:base,tabindex:2)
2026-01-01 22:38:47,242 [INFO] PluginManage:310 - Check plugin ddr
2026-01-01 22:38:47,244 [INFO] PluginManage:359 - Loaded plugin ddr (category:tool,tabindex:6)
2026-01-01 22:38:47,244 [INFO] PluginManage:310 - Check plugin filemanager
2026-01-01 22:38:47,365 [INFO] PluginManage:359 - Loaded plugin filemanager (category:base,tabindex:10)
2026-01-01 22:38:47,366 [INFO] PluginManage:310 - Check plugin ipmanager
2026-01-01 22:38:47,369 [INFO] PluginManage:359 - Loaded plugin ipmanager (category:base,tabindex:5)
2026-01-01 22:38:47,370 [INFO] PluginManage:310 - Check plugin lpbam
2026-01-01 22:38:47,376 [INFO] PluginManage:359 - Loaded plugin lpbam (category:base,tabindex:0)
2026-01-01 22:38:47,376 [INFO] PluginManage:310 - Check plugin memorymap
2026-01-01 22:38:47,386 [INFO] PluginManage:359 - Loaded plugin memorymap (category:base,tabindex:4)
2026-01-01 22:38:47,386 [INFO] PluginManage:310 - Check plugin pinoutandconfiguration
2026-01-01 22:38:47,391 [INFO] PluginManage:359 - Loaded plugin pinoutandconfiguration (category:base,tabindex:1)
2026-01-01 22:38:47,392 [INFO] PluginManage:310 - Check plugin pinoutconfig
2026-01-01 22:38:47,462 [WARN] SupportedApi:132 - Cannot load RTOS API schema: s4s-elt-must-match.1: The content of 'definitions' must match (annotation?, (simpleType | complexType)?, (unique | key | keyref)*)). A problem was found starting at: attribute.
2026-01-01 22:38:47,579 [INFO] PluginManage:359 - Loaded plugin pinoutconfig (category:base,tabindex:0)
2026-01-01 22:38:47,579 [INFO] PluginManage:310 - Check plugin power
2026-01-01 22:38:47,586 [INFO] PluginManage:359 - Loaded plugin power (category:power,tabindex:4)
2026-01-01 22:38:47,587 [INFO] PluginManage:310 - Check plugin projectmanager
2026-01-01 22:38:47,608 [INFO] PluginManage:359 - Loaded plugin projectmanager (category:projectmanager,tabindex:4)
2026-01-01 22:38:47,608 [INFO] PluginManage:310 - Check plugin rif
2026-01-01 22:38:47,617 [INFO] PluginManage:359 - Loaded plugin rif (category:base,tabindex:3)
2026-01-01 22:38:47,617 [INFO] PluginManage:310 - Check plugin thirdparty
2026-01-01 22:38:47,720 [INFO] PluginManage:359 - Loaded plugin thirdparty (category:base,tabindex:-1)
2026-01-01 22:38:47,720 [WARN] IntegrityCheckThread:84 - waiting for thirdparty lock release [integrity check]
2026-01-01 22:38:47,720 [INFO] PluginManage:310 - Check plugin tools
2026-01-01 22:38:47,720 [INFO] IntegrityCheckThread:86 - entering critical section [integrity check]
2026-01-01 22:38:47,720 [INFO] ThirdPartyUpdaterWithRetryManager:70 - Updater plugin not ready yet. [1/15]
2026-01-01 22:38:47,722 [INFO] PluginManage:359 - Loaded plugin tools (category:base,tabindex:7)
2026-01-01 22:38:47,722 [INFO] PluginManage:310 - Check plugin tutovideos
2026-01-01 22:38:47,867 [INFO] PluginManage:359 - Loaded plugin tutovideos (category:base,tabindex:-1)
2026-01-01 22:38:47,867 [INFO] PluginManage:310 - Check plugin updater
2026-01-01 22:38:47,882 [INFO] PluginManage:359 - Loaded plugin updater (category:base,tabindex:12)
2026-01-01 22:38:47,882 [INFO] PluginManage:310 - Check plugin userauth
2026-01-01 22:38:47,885 [INFO] UserAuth:118 - Init User Auth plugin
2026-01-01 22:38:47,886 [INFO] PluginManage:359 - Loaded plugin userauth (category:base,tabindex:14)
2026-01-01 22:38:47,886 [INFO] PluginManage:283 - PluginManage : Loaded plugins [18]
2026-01-01 22:38:48,019 [INFO] PinOutPanel:1589 - setPackage(No Configuration,No Configuration)
2026-01-01 22:38:48,081 [INFO] CADModel:165 - CPN selected for project level
2026-01-01 22:38:48,082 [INFO] CADModel:114 - Register for checkConnection events
2026-01-01 22:38:48,090 [INFO] IPUIPlugin:80 - create IPUIPlugin
2026-01-01 22:38:48,090 [INFO] PluginManager:220 - loadIPPluginJar : add dfsdm
2026-01-01 22:38:48,094 [INFO] IPUIPlugin:80 - create IPUIPlugin
2026-01-01 22:38:48,094 [INFO] PluginManager:220 - loadIPPluginJar : add gfxmmu
2026-01-01 22:38:48,096 [INFO] IPUIPlugin:80 - create IPUIPlugin
2026-01-01 22:38:48,096 [INFO] PluginManager:220 - loadIPPluginJar : add i3c
2026-01-01 22:38:48,098 [INFO] IPUIPlugin:80 - create IPUIPlugin
2026-01-01 22:38:48,099 [INFO] PluginManager:220 - loadIPPluginJar : add sai
2026-01-01 22:38:48,103 [INFO] IPUIPlugin:80 - create IPUIPlugin
2026-01-01 22:38:48,104 [INFO] PluginManager:220 - loadIPPluginJar : add dma
2026-01-01 22:38:48,105 [INFO] IPUIPlugin:80 - create IPUIPlugin
2026-01-01 22:38:48,105 [INFO] PluginManager:220 - loadIPPluginJar : add quadspi
2026-01-01 22:38:48,108 [INFO] IPUIPlugin:80 - create IPUIPlugin
2026-01-01 22:38:48,109 [INFO] PluginManager:220 - loadIPPluginJar : add opamp
2026-01-01 22:38:48,110 [INFO] IPUIPlugin:80 - create IPUIPlugin
2026-01-01 22:38:48,110 [INFO] PluginManager:220 - loadIPPluginJar : add comp
2026-01-01 22:38:48,114 [INFO] IPUIPlugin:80 - create IPUIPlugin
2026-01-01 22:38:48,116 [INFO] PluginManager:220 - loadIPPluginJar : add plateformsettings
2026-01-01 22:38:48,117 [INFO] IPUIPlugin:80 - create IPUIPlugin
2026-01-01 22:38:48,117 [INFO] PluginManager:220 - loadIPPluginJar : add ltdc
2026-01-01 22:38:48,120 [INFO] IPUIPlugin:80 - create IPUIPlugin
2026-01-01 22:38:48,120 [INFO] PluginManager:220 - loadIPPluginJar : add nvic
2026-01-01 22:38:48,121 [INFO] IPUIPlugin:80 - create IPUIPlugin
2026-01-01 22:38:48,121 [INFO] PluginManager:220 - loadIPPluginJar : add fatfs
2026-01-01 22:38:48,124 [INFO] IPUIPlugin:80 - create IPUIPlugin
2026-01-01 22:38:48,124 [INFO] PluginManager:220 - loadIPPluginJar : add gpio
2026-01-01 22:38:48,126 [INFO] IPUIPlugin:80 - create IPUIPlugin
2026-01-01 22:38:48,126 [INFO] PluginManager:220 - loadIPPluginJar : add aes
2026-01-01 22:38:48,131 [INFO] IPUIPlugin:80 - create IPUIPlugin
2026-01-01 22:38:48,131 [INFO] PluginManager:220 - loadIPPluginJar : add mdma
2026-01-01 22:38:48,133 [INFO] IPUIPlugin:80 - create IPUIPlugin
2026-01-01 22:38:48,133 [INFO] PluginManager:220 - loadIPPluginJar : add pdm2pcm
2026-01-01 22:38:48,141 [INFO] IPUIPlugin:80 - create IPUIPlugin
2026-01-01 22:38:48,141 [INFO] PluginManager:220 - loadIPPluginJar : add linkedlist
2026-01-01 22:38:48,143 [INFO] IPUIPlugin:80 - create IPUIPlugin
2026-01-01 22:38:48,143 [INFO] PluginManager:220 - loadIPPluginJar : add usart
2026-01-01 22:38:48,145 [INFO] IPUIPlugin:80 - create IPUIPlugin
2026-01-01 22:38:48,145 [INFO] PluginManager:220 - loadIPPluginJar : add i2c
2026-01-01 22:38:48,147 [INFO] IPUIPlugin:80 - create IPUIPlugin
2026-01-01 22:38:48,147 [INFO] PluginManager:220 - loadIPPluginJar : add lorawan
2026-01-01 22:38:48,149 [INFO] IPUIPlugin:80 - create IPUIPlugin
2026-01-01 22:38:48,149 [INFO] PluginManager:220 - loadIPPluginJar : add usbx
2026-01-01 22:38:48,153 [INFO] IPUIPlugin:80 - create IPUIPlugin
2026-01-01 22:38:48,153 [INFO] PluginManager:220 - loadIPPluginJar : add fmc
2026-01-01 22:38:48,155 [INFO] IPUIPlugin:80 - create IPUIPlugin
2026-01-01 22:38:48,156 [INFO] PluginManager:220 - loadIPPluginJar : add extmemmanager
2026-01-01 22:38:48,160 [INFO] IPUIPlugin:80 - create IPUIPlugin
2026-01-01 22:38:48,160 [INFO] PluginManager:220 - loadIPPluginJar : add freertos
2026-01-01 22:38:48,162 [INFO] IPUIPlugin:80 - create IPUIPlugin
2026-01-01 22:38:48,162 [INFO] PluginManager:220 - loadIPPluginJar : add can
2026-01-01 22:38:48,164 [INFO] IPUIPlugin:80 - create IPUIPlugin
2026-01-01 22:38:48,165 [INFO] PluginManager:220 - loadIPPluginJar : add touchsensing
2026-01-01 22:38:48,167 [INFO] IPUIPlugin:80 - create IPUIPlugin
2026-01-01 22:38:48,167 [INFO] PluginManager:220 - loadIPPluginJar : add tracer_emb
2026-01-01 22:38:48,169 [INFO] IPUIPlugin:80 - create IPUIPlugin
2026-01-01 22:38:48,169 [INFO] PluginManager:220 - loadIPPluginJar : add ucpd
2026-01-01 22:38:48,170 [INFO] IPUIPlugin:80 - create IPUIPlugin
2026-01-01 22:38:48,171 [INFO] PluginManager:220 - loadIPPluginJar : add ts
2026-01-01 22:38:48,172 [INFO] IPUIPlugin:80 - create IPUIPlugin
2026-01-01 22:38:48,172 [INFO] PluginManager:220 - loadIPPluginJar : add tsc
2026-01-01 22:38:48,174 [INFO] IPUIPlugin:80 - create IPUIPlugin
2026-01-01 22:38:48,174 [INFO] PluginManager:220 - loadIPPluginJar : add resmgrutility
2026-01-01 22:38:48,176 [INFO] IPUIPlugin:80 - create IPUIPlugin
2026-01-01 22:38:48,176 [INFO] PluginManager:220 - loadIPPluginJar : add cryp
2026-01-01 22:38:48,178 [INFO] IPUIPlugin:80 - create IPUIPlugin
2026-01-01 22:38:48,179 [INFO] PluginManager:220 - loadIPPluginJar : add openamp
2026-01-01 22:38:48,184 [INFO] IPUIPlugin:80 - create IPUIPlugin
2026-01-01 22:38:48,184 [INFO] PluginManager:220 - loadIPPluginJar : add adc
2026-01-01 22:38:48,186 [INFO] IPUIPlugin:80 - create IPUIPlugin
2026-01-01 22:38:48,186 [INFO] PluginManager:220 - loadIPPluginJar : add spi
2026-01-01 22:38:48,189 [INFO] IPUIPlugin:80 - create IPUIPlugin
2026-01-01 22:38:48,189 [INFO] PluginManager:220 - loadIPPluginJar : add ipddr
2026-01-01 22:38:48,194 [INFO] IPUIPlugin:80 - create IPUIPlugin
2026-01-01 22:38:48,195 [INFO] PluginManager:220 - loadIPPluginJar : add stm32_wpan
2026-01-01 22:38:48,199 [INFO] IPUIPlugin:80 - create IPUIPlugin
2026-01-01 22:38:48,199 [INFO] PluginManager:220 - loadIPPluginJar : add gic
2026-01-01 22:38:48,201 [INFO] IPUIPlugin:80 - create IPUIPlugin
2026-01-01 22:38:48,201 [INFO] PluginManager:220 - loadIPPluginJar : add ddr_ctrl_phy
2026-01-01 22:38:48,202 [INFO] IPUIPlugin:80 - create IPUIPlugin
2026-01-01 22:38:48,203 [INFO] PluginManager:220 - loadIPPluginJar : add genericplugin
2026-01-01 22:38:48,205 [INFO] IPUIPlugin:80 - create IPUIPlugin
2026-01-01 22:38:48,205 [INFO] PluginManager:220 - loadIPPluginJar : add hash
2026-01-01 22:38:48,207 [INFO] IPUIPlugin:80 - create IPUIPlugin
2026-01-01 22:38:48,207 [INFO] PluginManager:220 - loadIPPluginJar : add tim
2026-01-01 22:38:48,209 [INFO] IPUIPlugin:80 - create IPUIPlugin
2026-01-01 22:38:48,209 [INFO] PluginManager:220 - loadIPPluginJar : add radio
2026-01-01 22:38:48,211 [INFO] IPUIPlugin:80 - create IPUIPlugin
2026-01-01 22:38:48,211 [INFO] PluginManager:220 - loadIPPluginJar : add gtzc
2026-01-01 22:38:48,213 [INFO] IPUIPlugin:80 - create IPUIPlugin
2026-01-01 22:38:48,213 [INFO] PluginManager:220 - loadIPPluginJar : add i2s
2026-01-01 22:38:48,214 [INFO] IPUIPlugin:80 - create IPUIPlugin
2026-01-01 22:38:48,214 [INFO] PluginManager:220 - loadIPPluginJar : add dma3
2026-01-01 22:38:48,313 [FATAL] Updater:351 - Updater called before beeing initialized
2026-01-01 22:38:48,336 [INFO] RulesReader:64 - Compatibility file has been processed (317 Rules)
2026-01-01 22:38:48,346 [INFO] RulesReader:64 - Compatibility file has been processed (317 Rules)
2026-01-01 22:38:48,352 [INFO] CADModel:165 - CPN selected for project level
2026-01-01 22:38:48,352 [INFO] CADModel:114 - Register for checkConnection events
2026-01-01 22:38:48,352 [FATAL] Updater:351 - Updater called before beeing initialized
2026-01-01 22:38:48,353 [ERROR] CADModel:125 - Updater not yet initialized, retry later 
2026-01-01 22:38:48,476 [FATAL] Updater:351 - Updater called before beeing initialized
2026-01-01 22:38:48,478 [INFO] CADModel:165 - CPN selected for project level
2026-01-01 22:38:48,478 [INFO] CADModel:114 - Register for checkConnection events
2026-01-01 22:38:48,478 [FATAL] Updater:351 - Updater called before beeing initialized
2026-01-01 22:38:48,478 [ERROR] CADModel:125 - Updater not yet initialized, retry later 
2026-01-01 22:38:48,482 [FATAL] Updater:351 - Updater called before beeing initialized
2026-01-01 22:38:48,552 [FATAL] Updater:351 - Updater called before beeing initialized
2026-01-01 22:38:48,557 [INFO] DbMcusAds:53 - JSON generation date=Tue Dec 16 04:41:46 IST 2025 (1765840306612)
2026-01-01 22:38:48,557 [FATAL] Updater:351 - Updater called before beeing initialized
2026-01-01 22:38:48,588 [WARN] DetailPanel:346 - Failed to get advertising image, set to default
2026-01-01 22:38:48,659 [FATAL] Updater:351 - Updater called before beeing initialized
2026-01-01 22:38:48,661 [FATAL] Updater:351 - Updater called before beeing initialized
2026-01-01 22:38:48,661 [FATAL] Updater:351 - Updater called before beeing initialized
2026-01-01 22:38:48,661 [WARN] DetailPanel:346 - Failed to get advertising image, set to default
2026-01-01 22:38:48,661 [FATAL] Updater:351 - Updater called before beeing initialized
2026-01-01 22:38:48,692 [ERROR] Updater:1198 - MainUpdater not yet initialized. External WinMGr cannot be set.
2026-01-01 22:38:48,694 [INFO] Updater:1134 - Updater Version found : 6.15.0
2026-01-01 22:38:48,714 [INFO] ApplicationProperties:184 - Using Application install path: /opt/st/stm32cubeide_1.19.0/plugins/com.st.stm32cube.common.mx_6.15.0.202507011659
2026-01-01 22:38:49,253 [INFO] MainUpdater:2872 - connection check result : 10
2026-01-01 22:38:49,254 [INFO] MainUpdater:289 - Updater Check For Update Now.
2026-01-01 22:38:49,254 [INFO] MicroXplorer:498 - Change Database Version : DB.6.0.150
2026-01-01 22:38:49,259 [INFO] McuFinderGlobals:63 - Set McuFinder mode to 2 (CubeIDE integrated)
2026-01-01 22:38:49,259 [INFO] UserAuth:171 - activating auth plugin
2026-01-01 22:38:49,262 [INFO] UserAuth:487 - Internet connection configuration mode: 1
2026-01-01 22:38:49,281 [INFO] JxBrowserEngine:152 - Initiate JxBrowser Engine with user profile folder
2026-01-01 22:38:49,427 [INFO] CheckServerUpdateThread:120 - End of CheckServer Thread
2026-01-01 22:38:49,798 [INFO] WebApp:169 - Instantiating new browser for Auth
2026-01-01 22:38:50,361 [INFO] WebApp:463 - Apply proxy settings
2026-01-01 22:38:50,362 [INFO] WebApp:548 - Chromium requires no authentication
2026-01-01 22:38:50,368 [INFO] WebApp:491 - Direct internet connection detected
2026-01-01 22:38:50,382 [INFO] WebApp:900 - Register for checkConnection events
2026-01-01 22:38:50,382 [INFO] WebApp:463 - Apply proxy settings
2026-01-01 22:38:50,382 [INFO] WebApp:548 - Chromium requires no authentication
2026-01-01 22:38:50,382 [INFO] WebApp:491 - Direct internet connection detected
2026-01-01 22:38:50,474 [INFO] WebApp:225 - Starting web application
2026-01-01 22:38:50,475 [INFO] WebApp:593 - Web application path used /opt/st/stm32cubeide_1.19.0/plugins/com.st.stm32cube.common.mx_6.15.0.202507011659/db/plugins/mcufinder/reactClient1/index.html
2026-01-01 22:38:50,828 [WARN] PackLoader:240 - Cannot read IP mode file for STMicroelectronics.FP-SNS-MOTENVWB1.1.4.0
2026-01-01 22:38:50,836 [WARN] PackLoader:240 - Cannot read IP mode file for STMicroelectronics.FP-ATR-ASTRA1.2.0.2
2026-01-01 22:38:50,838 [INFO] WebApp:191 - Connection restablished
2026-01-01 22:38:50,843 [WARN] PackLoader:240 - Cannot read IP mode file for STMicroelectronics.X-CUBE-SMBUS.2.1.0
2026-01-01 22:38:50,849 [WARN] PackLoader:240 - Cannot read IP mode file for STMicroelectronics.X-CUBE-ST60.1.0.0
2026-01-01 22:38:50,876 [WARN] PackLoader:240 - Cannot read IP mode file for STMicroelectronics.X-CUBE-AZRTOS-F7.1.1.0
2026-01-01 22:38:50,882 [WARN] PackLoader:240 - Cannot read IP mode file for STMicroelectronics.FP-SNS-MOTENV1.5.1.0
2026-01-01 22:38:50,906 [WARN] PackLoader:240 - Cannot read IP mode file for Infineon.AIROC-Wi-Fi-Bluetooth-STM32.1.7.1
2026-01-01 22:38:50,932 [WARN] PackLoader:240 - Cannot read IP mode file for STMicroelectronics.X-CUBE-AZRTOS-H7.3.4.0
2026-01-01 22:38:50,942 [WARN] PackLoader:240 - Cannot read IP mode file for STMicroelectronics.X-CUBE-DISPLAY.3.0.0
2026-01-01 22:38:50,953 [WARN] PackLoader:240 - Cannot read IP mode file for STMicroelectronics.X-CUBE-NFC10.1.0.0
2026-01-01 22:38:50,962 [WARN] PackLoader:240 - Cannot read IP mode file for STMicroelectronics.X-CUBE-BLEMGR.4.0.0
2026-01-01 22:38:50,984 [WARN] PackLoader:240 - Cannot read IP mode file for STMicroelectronics.X-CUBE-ST60.1.1.0
2026-01-01 22:38:50,987 [WARN] PackLoader:240 - Cannot read IP mode file for emotas.I-CUBE-CANOPEN.1.3.0
2026-01-01 22:38:50,990 [WARN] PackLoader:240 - Cannot read IP mode file for STMicroelectronics.X-CUBE-GNSS1.7.1.0
2026-01-01 22:38:50,994 [WARN] ConditionMgr:438 - getConditionDescription Invalid condition id : Cortex-A Device cause : null
2026-01-01 22:38:51,004 [WARN] ConditionMgr:1044 - genDependencies : Invalid condition id : Cortex-A Device cause : null
2026-01-01 22:38:51,004 [WARN] ConditionMgr:1044 - genDependencies : Invalid condition id : Cortex-A Device cause : null
2026-01-01 22:38:51,005 [WARN] ConditionMgr:1044 - genDependencies : Invalid condition id : Cortex-A Device cause : null
2026-01-01 22:38:51,011 [WARN] PackLoader:240 - Cannot read IP mode file for STMicroelectronics.FP-SNS-STBOX1.2.1.0
2026-01-01 22:38:51,019 [WARN] PackLoader:240 - Cannot read IP mode file for STMicroelectronics.FP-SNS-SMARTAG2.1.2.0
2026-01-01 22:38:51,024 [WARN] PackLoader:240 - Cannot read IP mode file for STMicroelectronics.FP-SNS-FLIGHT1.5.1.0
2026-01-01 22:38:51,035 [INFO] LogOutputStream:77 - [STDOUT_REDIRECT] 1 : Invalid condition id : UX_CORESTACK_Condition cause : null
2026-01-01 22:38:51,036 [INFO] LogOutputStream:77 - [STDOUT_REDIRECT] 1 : Invalid condition id : UX_CORESTACK_Condition cause : null
2026-01-01 22:38:51,037 [INFO] LogOutputStream:77 - [STDOUT_REDIRECT] 1 : Invalid condition id : UX_CORESTACK_Condition cause : null
2026-01-01 22:38:51,037 [INFO] LogOutputStream:77 - [STDOUT_REDIRECT] 1 : Invalid condition id : UX_CORESTACK_Condition cause : null
2026-01-01 22:38:51,037 [INFO] LogOutputStream:77 - [STDOUT_REDIRECT] 1 : Invalid condition id : UX_CORESTACK_Condition cause : null
2026-01-01 22:38:51,040 [WARN] PackLoader:240 - Cannot read IP mode file for STMicroelectronics.X-CUBE-AZRTOS-WL.2.0.0
2026-01-01 22:38:51,046 [WARN] PackLoader:240 - Cannot read IP mode file for STMicroelectronics.FP-SNS-MOTENV1.5.0.0
2026-01-01 22:38:51,066 [WARN] PackLoader:240 - Cannot read IP mode file for STMicroelectronics.X-CUBE-AZRTOS-H7RS.1.2.0
2026-01-01 22:38:51,076 [WARN] PackLoader:240 - Cannot read IP mode file for WES.I-CUBE-Cesium.1.3.0
2026-01-01 22:38:51,081 [WARN] PackLoader:240 - Cannot read IP mode file for STMicroelectronics.X-CUBE-BLE2.3.3.0
2026-01-01 22:38:51,095 [WARN] PackLoader:240 - Cannot read IP mode file for STMicroelectronics.X-CUBE-NFC9.1.0.0
2026-01-01 22:38:51,101 [WARN] PackLoader:240 - Cannot read IP mode file for wolfSSL.I-CUBE-wolfSSL.5.8.0
2026-01-01 22:38:51,105 [WARN] PackLoader:240 - Cannot read IP mode file for STMicroelectronics.X-CUBE-BLE1.7.1.0
2026-01-01 22:38:51,110 [WARN] PackLoader:240 - Cannot read IP mode file for wolfSSL.I-CUBE-wolfMQTT.1.19.2
2026-01-01 22:38:51,115 [WARN] PackLoader:240 - Cannot read IP mode file for STMicroelectronics.X-CUBE-FREERTOS.1.4.0
2026-01-01 22:38:51,121 [WARN] PackLoader:240 - Cannot read IP mode file for STMicroelectronics.X-CUBE-EEPRMA1.5.2.0
2026-01-01 22:38:51,128 [WARN] PackLoader:240 - Cannot read IP mode file for STMicroelectronics.X-CUBE-ST67W61.1.1.0
2026-01-01 22:38:51,132 [WARN] PackLoader:240 - Cannot read IP mode file for STMicroelectronics.X-CUBE-AI.10.1.0
2026-01-01 22:38:51,174 [WARN] PackLoader:240 - Cannot read IP mode file for STMicroelectronics.X-CUBE-MEMS1.12.0.0
2026-01-01 22:38:51,286 [WARN] PackLoader:240 - Cannot read IP mode file for STMicroelectronics.X-CUBE-AZRTOS-G0.1.1.0
2026-01-01 22:38:51,293 [WARN] PackLoader:240 - Cannot read IP mode file for STMicroelectronics.X-CUBE-SAFEA1.1.2.2
2026-01-01 22:38:51,297 [WARN] PackLoader:240 - Cannot read IP mode file for STMicroelectronics.X-CUBE-NFC4.3.0.0
2026-01-01 22:38:51,303 [WARN] PackLoader:240 - Cannot read IP mode file for EmbeddedOffice.I-CUBE-FS-RTOS.1.0.1
2026-01-01 22:38:51,307 [WARN] PackLoader:240 - Cannot read IP mode file for STMicroelectronics.X-CUBE-WB05N.2.0.0
2026-01-01 22:38:51,313 [WARN] PackLoader:240 - Cannot read IP mode file for wolfSSL.I-CUBE-wolfTPM.3.8.0
2026-01-01 22:38:51,317 [WARN] PackLoader:240 - Cannot read IP mode file for STMicroelectronics.X-CUBE-TCPP.4.2.0
2026-01-01 22:38:51,320 [WARN] PackLoader:240 - Cannot read IP mode file for RealThread.X-CUBE-RT-Thread_Nano.4.1.1
2026-01-01 22:38:51,322 [WARN] PackLoader:240 - Cannot read IP mode file for STMicroelectronics.FP-ATR-SIGFOX1.3.2.0
2026-01-01 22:38:51,326 [WARN] PackLoader:240 - Cannot read IP mode file for STMicroelectronics.X-CUBE-EEPRMA1.5.1.0
2026-01-01 22:38:51,332 [WARN] PackLoader:240 - Cannot read IP mode file for ITTIA_DB.I-CUBE-ITTIADB.8.9.0
2026-01-01 22:38:51,336 [WARN] PackLoader:240 - Cannot read IP mode file for STMicroelectronics.X-CUBE-ST67W61.1.0.0
2026-01-01 22:38:51,338 [WARN] PackLoader:240 - Cannot read IP mode file for STMicroelectronics.X-CUBE-AI.10.2.0
2026-01-01 22:38:51,356 [WARN] PackLoader:240 - Cannot read IP mode file for SEGGER.I-CUBE-embOS.1.3.1
2026-01-01 22:38:51,423 [WARN] PackLoader:240 - Cannot read IP mode file for STMicroelectronics.X-CUBE-ALGOBUILD.1.4.0
2026-01-01 22:38:51,468 [WARN] PackLoader:240 - Cannot read IP mode file for STMicroelectronics.X-CUBE-MEMS1.11.3.0
2026-01-01 22:38:51,648 [WARN] PackLoader:240 - Cannot read IP mode file for STMicroelectronics.X-CUBE-PM33A1.1.0.0
2026-01-01 22:38:51,668 [WARN] PackLoader:240 - Cannot read IP mode file for STMicroelectronics.X-CUBE-AZRTOS-F4.1.1.0
2026-01-01 22:38:51,674 [WARN] PackLoader:240 - Cannot read IP mode file for Avnet-IotConnect.X-CUBE-IoTC-DA16k-PMOD.1.0.0
2026-01-01 22:38:51,679 [WARN] PackLoader:240 - Cannot read IP mode file for STMicroelectronics.X-CUBE-ISPU.2.1.0
2026-01-01 22:38:51,694 [WARN] PackLoader:240 - Cannot read IP mode file for STMicroelectronics.X-CUBE-IPS.3.2.0
2026-01-01 22:38:51,709 [WARN] PackLoader:240 - Cannot read IP mode file for STMicroelectronics.X-CUBE-NFC12.1.0.0
2026-01-01 22:38:51,731 [WARN] PackLoader:240 - Cannot read IP mode file for STMicroelectronics.X-CUBE-AZRTOS-L5.2.0.0
2026-01-01 22:38:51,741 [WARN] PackLoader:240 - Cannot read IP mode file for STMicroelectronics.X-CUBE-NFC6.3.1.0
2026-01-01 22:38:51,749 [WARN] PackLoader:240 - Cannot read IP mode file for STMicroelectronics.X-CUBE-FREERTOS.1.3.1
2026-01-01 22:38:51,753 [WARN] PackLoader:240 - Cannot read IP mode file for STMicroelectronics.X-CUBE-TOUCHGFX.4.26.0
2026-01-01 22:38:51,758 [WARN] PackLoader:240 - Cannot read IP mode file for STMicroelectronics.FP-SNS-STAIOTCFT.1.0.0
2026-01-01 22:38:51,764 [WARN] PackLoader:240 - Cannot read IP mode file for STMicroelectronics.X-CUBE-DPower.1.3.0
2026-01-01 22:38:51,784 [WARN] ConditionMgr:438 - getConditionDescription Invalid condition id : LAN8742 Phy interface Condition cause : null
2026-01-01 22:38:51,785 [WARN] PackLoader:240 - Cannot read IP mode file for STMicroelectronics.X-CUBE-AZRTOS-L4.2.0.0
2026-01-01 22:38:51,786 [WARN] ConditionMgr:1044 - genDependencies : Invalid condition id : LAN8742 Phy interface Condition cause : null
2026-01-01 22:38:51,787 [WARN] ConditionMgr:1044 - genDependencies : Invalid condition id : LAN8742 Phy interface Condition cause : null
2026-01-01 22:38:51,787 [WARN] ConditionMgr:1044 - genDependencies : Invalid condition id : LAN8742 Phy interface Condition cause : null
2026-01-01 22:38:51,795 [WARN] PackLoader:240 - Cannot read IP mode file for STMicroelectronics.X-CUBE-SFXS2LP1.4.0.0
2026-01-01 22:38:51,807 [WARN] PackLoader:240 - Cannot read IP mode file for STMicroelectronics.X-CUBE-BLEMGR.4.1.0
2026-01-01 22:38:51,826 [WARN] ConditionMgr:438 - getConditionDescription Invalid condition id : UX DEVICE CLASS RTOS Condition cause : null
2026-01-01 22:38:51,826 [WARN] ConditionMgr:438 - getConditionDescription Invalid condition id : UX DEVICE CLASS RTOS Condition cause : null
2026-01-01 22:38:51,829 [WARN] PackLoader:240 - Cannot read IP mode file for STMicroelectronics.X-CUBE-AZRTOS-WB.2.0.0
2026-01-01 22:38:51,830 [WARN] ConditionMgr:1044 - genDependencies : Invalid condition id : UX DEVICE CLASS RTOS Condition cause : null
2026-01-01 22:38:51,830 [WARN] ConditionMgr:1044 - genDependencies : Invalid condition id : UX DEVICE CLASS RTOS Condition cause : null
2026-01-01 22:38:51,830 [WARN] ConditionMgr:1044 - genDependencies : Invalid condition id : UX DEVICE CLASS RTOS Condition cause : null
2026-01-01 22:38:51,831 [WARN] ConditionMgr:1044 - genDependencies : Invalid condition id : UX DEVICE CLASS RTOS Condition cause : null
2026-01-01 22:38:51,831 [WARN] ConditionMgr:1044 - genDependencies : Invalid condition id : UX DEVICE CLASS RTOS Condition cause : null
2026-01-01 22:38:51,837 [WARN] PackLoader:240 - Cannot read IP mode file for STMicroelectronics.X-CUBE-GNSS1.7.0.1
2026-01-01 22:38:51,840 [WARN] PackLoader:240 - Cannot read IP mode file for STMicroelectronics.X-CUBE-TOUCHGFX.4.25.0
2026-01-01 22:38:51,843 [WARN] PackLoader:240 - Cannot read IP mode file for STMicroelectronics.FP-SNS-STBOX1.2.0.0
2026-01-01 22:38:51,850 [WARN] PackLoader:240 - Cannot read IP mode file for STMicroelectronics.X-CUBE-SUBG2.5.0.0
2026-01-01 22:38:51,864 [WARN] PackLoader:240 - Cannot read IP mode file for STMicroelectronics.X-CUBE-AZRTOS-H7RS.1.1.0
2026-01-01 22:38:51,868 [WARN] PackLoader:240 - Cannot read IP mode file for Cesanta.I-CUBE-Mongoose.7.13.0
2026-01-01 22:38:51,875 [WARN] PackLoader:240 - Cannot read IP mode file for STMicroelectronics.X-CUBE-AZRTOS-G4.2.0.0
2026-01-01 22:38:51,879 [WARN] PackLoader:240 - Cannot read IP mode file for wolfSSL.I-CUBE-wolfSSH.1.4.20
2026-01-01 22:38:51,881 [WARN] PackLoader:240 - Cannot read IP mode file for STMicroelectronics.X-CUBE-NFC7.2.0.0
2026-01-01 22:38:51,886 [WARN] PackLoader:240 - Cannot read IP mode file for STMicroelectronics.X-CUBE-IPS.3.1.0
2026-01-01 22:38:51,891 [WARN] PackLoader:240 - Cannot read IP mode file for STMicroelectronics.X-CUBE-ALS.1.0.2
2026-01-01 22:38:51,895 [WARN] PackLoader:240 - Cannot read IP mode file for STMicroelectronics.X-CUBE-STSE01.1.0.0
2026-01-01 22:38:51,899 [WARN] PackLoader:240 - Cannot read IP mode file for portGmbH.I-Cube-SoM-uGOAL.1.1.0
2026-01-01 22:38:51,904 [WARN] PackLoader:240 - Cannot read IP mode file for STMicroelectronics.X-CUBE-TOF1.3.4.3
2026-01-01 22:38:51,911 [INFO] ThirdParty:978 - Integrity check success = true
2026-01-01 22:38:51,911 [INFO] IntegrityCheckThread:100 - exiting critical section [integrity check]
2026-01-01 22:38:51,911 [INFO] IntegrityCheckThread:103 - End integrity checks thread
2026-01-01 23:24:20,651 [ERROR] LogOutputStream:75 - [STDERR_REDIRECT] 
