2026-01-04 14:26:43,432 [INFO] Activator:176 - 


2026-01-04 14:26:43,436 [INFO] Activator:177 - !SESSION log4j initialized
2026-01-04 14:26:52,908 [INFO] LogOutputStream:77 - [STDOUT_REDIRECT] 
2026-01-04 14:26:55,585 [INFO] ApplicationProperties:184 - Using Application install path: /opt/st/stm32cubeide_1.19.0/plugins/com.st.stm32cube.common.mx_6.15.0.202507011659
2026-01-04 14:26:55,599 [INFO] DbMcusXml:78 - Set database path to: /opt/st/stm32cubeide_1.19.0/plugins/com.st.stm32cube.common.mx_6.15.0.202507011659//db//mcu/
2026-01-04 14:26:55,600 [INFO] ApiDb:274 - Set plugin database path to: /opt/st/stm32cubeide_1.19.0/plugins/com.st.stm32cube.common.mx_6.15.0.202507011659//db//plugins/boardmanager/
2026-01-04 14:26:55,600 [WARN] ApiDb:259 - Overriding images path with different value:  => /opt/st/stm32cubeide_1.19.0/plugins/com.st.stm32cube.common.mx_6.15.0.202507011659//db//plugins/mcufinder/images/
2026-01-04 14:26:55,605 [INFO] ApiDb:250 - Set database path to: /home/sunbeam/.stmcufinder/plugins/mcufinder//mcu/
2026-01-04 14:26:55,607 [INFO] DbMcusAds:125 - Set database path to: /home/sunbeam/.stmcufinder/plugins/mcufinder//mcu/
2026-01-04 14:26:55,608 [INFO] CrossReferenceDbSqlite:203 - Set database path to: /home/sunbeam/.stmcufinder/plugins/mcufinder//mcu/cs/
2026-01-04 14:26:55,706 [INFO] RulesReader:64 - Compatibility file has been processed (317 Rules)
2026-01-04 14:26:55,760 [INFO] DbMcusXml:78 - Set database path to: /opt/st/stm32cubeide_1.19.0/plugins/com.st.stm32cube.common.mx_6.15.0.202507011659//db//mcu/
2026-01-04 14:26:55,760 [INFO] ApiDb:274 - Set plugin database path to: /opt/st/stm32cubeide_1.19.0/plugins/com.st.stm32cube.common.mx_6.15.0.202507011659//db//plugins/boardmanager/
2026-01-04 14:26:55,760 [INFO] ApiDb:261 - Set plugin images path to: /opt/st/stm32cubeide_1.19.0/plugins/com.st.stm32cube.common.mx_6.15.0.202507011659//db//plugins/mcufinder/images/
2026-01-04 14:26:55,760 [WARN] DbFile:41 - Overriding database path with different value: /home/sunbeam/.stmcufinder/plugins/mcufinder/ => /home/sunbeam/.stmcufinder/plugins/mcufinder
2026-01-04 14:26:55,760 [INFO] ApiDb:250 - Set database path to: /home/sunbeam/.stmcufinder/plugins/mcufinder//mcu/
2026-01-04 14:26:55,760 [WARN] DbFile:41 - Overriding database path with different value: /home/sunbeam/.stmcufinder/plugins/mcufinder/ => /home/sunbeam/.stmcufinder/plugins/mcufinder
2026-01-04 14:26:55,761 [INFO] DbMcusAds:125 - Set database path to: /home/sunbeam/.stmcufinder/plugins/mcufinder//mcu/
2026-01-04 14:26:55,761 [WARN] DbFile:41 - Overriding database path with different value: /home/sunbeam/.stmcufinder/plugins/mcufinder/ => /home/sunbeam/.stmcufinder/plugins/mcufinder
2026-01-04 14:26:55,761 [WARN] DbFile:41 - Overriding database path with different value: /home/sunbeam/.stmcufinder/plugins/mcufinder/ => /home/sunbeam/.stmcufinder/plugins/mcufinder
2026-01-04 14:26:55,761 [INFO] CrossReferenceDbSqlite:203 - Set database path to: /home/sunbeam/.stmcufinder/plugins/mcufinder//mcu/cs/
2026-01-04 14:26:55,816 [INFO] MainPanel:274 - HeapMemory: 268435456
2026-01-04 14:26:55,919 [INFO] DbMcusXml:78 - Set database path to: /opt/st/stm32cubeide_1.19.0/plugins/com.st.stm32cube.common.mx_6.15.0.202507011659//db//mcu/
2026-01-04 14:26:55,919 [INFO] ApiDb:274 - Set plugin database path to: /opt/st/stm32cubeide_1.19.0/plugins/com.st.stm32cube.common.mx_6.15.0.202507011659//db//plugins/boardmanager/
2026-01-04 14:26:55,919 [INFO] ApiDb:261 - Set plugin images path to: /opt/st/stm32cubeide_1.19.0/plugins/com.st.stm32cube.common.mx_6.15.0.202507011659//db//plugins/mcufinder/images/
2026-01-04 14:26:55,920 [WARN] DbFile:41 - Overriding database path with different value: /home/sunbeam/.stmcufinder/plugins/mcufinder/ => /home/sunbeam/.stmcufinder/plugins/mcufinder
2026-01-04 14:26:55,920 [INFO] ApiDb:250 - Set database path to: /home/sunbeam/.stmcufinder/plugins/mcufinder//mcu/
2026-01-04 14:26:55,920 [WARN] DbFile:41 - Overriding database path with different value: /home/sunbeam/.stmcufinder/plugins/mcufinder/ => /home/sunbeam/.stmcufinder/plugins/mcufinder
2026-01-04 14:26:55,920 [INFO] DbMcusAds:125 - Set database path to: /home/sunbeam/.stmcufinder/plugins/mcufinder//mcu/
2026-01-04 14:26:55,920 [WARN] DbFile:41 - Overriding database path with different value: /home/sunbeam/.stmcufinder/plugins/mcufinder/ => /home/sunbeam/.stmcufinder/plugins/mcufinder
2026-01-04 14:26:55,920 [WARN] DbFile:41 - Overriding database path with different value: /home/sunbeam/.stmcufinder/plugins/mcufinder/ => /home/sunbeam/.stmcufinder/plugins/mcufinder
2026-01-04 14:26:55,920 [INFO] CrossReferenceDbSqlite:203 - Set database path to: /home/sunbeam/.stmcufinder/plugins/mcufinder//mcu/cs/
2026-01-04 14:26:55,933 [INFO] ApplicationProperties:184 - Using Application install path: /opt/st/stm32cubeide_1.19.0/plugins/com.st.stm32cube.common.mx_6.15.0.202507011659
2026-01-04 14:26:55,934 [INFO] PluginManage:196 - Search for loadable plugins [exclusion list=, ]
2026-01-04 14:26:55,935 [INFO] PluginManage:310 - Check plugin analytics
2026-01-04 14:26:56,071 [INFO] AnalyticsPlugin:253 - Accepted Software Licenses: 
2026-01-04 14:26:56,071 [INFO] AnalyticsPlugin:255 - Accepted CMSIS Pack Licenses: 
2026-01-04 14:26:56,071 [INFO] AnalyticsPlugin:257 - Accepted Firmware Licenses: FW.F4.1.28.0
2026-01-04 14:26:56,074 [INFO] PluginManage:359 - Loaded plugin analytics (category:tool,tabindex:-1)
2026-01-04 14:26:56,074 [INFO] PluginManage:310 - Check plugin cadmodel
2026-01-04 14:26:56,078 [INFO] CADModel:105 - Init CAD model plugin
2026-01-04 14:26:56,078 [INFO] PluginManage:359 - Loaded plugin cadmodel (category:power,tabindex:5)
2026-01-04 14:26:56,078 [INFO] PluginManage:310 - Check plugin clock
2026-01-04 14:26:56,086 [INFO] PluginManage:359 - Loaded plugin clock (category:base,tabindex:2)
2026-01-04 14:26:56,086 [INFO] PluginManage:310 - Check plugin ddr
2026-01-04 14:26:56,088 [INFO] PluginManage:359 - Loaded plugin ddr (category:tool,tabindex:6)
2026-01-04 14:26:56,088 [INFO] PluginManage:310 - Check plugin filemanager
2026-01-04 14:26:56,204 [INFO] PluginManage:359 - Loaded plugin filemanager (category:base,tabindex:10)
2026-01-04 14:26:56,204 [INFO] PluginManage:310 - Check plugin ipmanager
2026-01-04 14:26:56,208 [INFO] PluginManage:359 - Loaded plugin ipmanager (category:base,tabindex:5)
2026-01-04 14:26:56,208 [INFO] PluginManage:310 - Check plugin lpbam
2026-01-04 14:26:56,215 [INFO] PluginManage:359 - Loaded plugin lpbam (category:base,tabindex:0)
2026-01-04 14:26:56,215 [INFO] PluginManage:310 - Check plugin memorymap
2026-01-04 14:26:56,224 [INFO] PluginManage:359 - Loaded plugin memorymap (category:base,tabindex:4)
2026-01-04 14:26:56,224 [INFO] PluginManage:310 - Check plugin pinoutandconfiguration
2026-01-04 14:26:56,230 [INFO] PluginManage:359 - Loaded plugin pinoutandconfiguration (category:base,tabindex:1)
2026-01-04 14:26:56,230 [INFO] PluginManage:310 - Check plugin pinoutconfig
2026-01-04 14:26:56,305 [WARN] SupportedApi:132 - Cannot load RTOS API schema: s4s-elt-must-match.1: The content of 'definitions' must match (annotation?, (simpleType | complexType)?, (unique | key | keyref)*)). A problem was found starting at: attribute.
2026-01-04 14:26:56,406 [INFO] PluginManage:359 - Loaded plugin pinoutconfig (category:base,tabindex:0)
2026-01-04 14:26:56,406 [INFO] PluginManage:310 - Check plugin power
2026-01-04 14:26:56,414 [INFO] PluginManage:359 - Loaded plugin power (category:power,tabindex:4)
2026-01-04 14:26:56,414 [INFO] PluginManage:310 - Check plugin projectmanager
2026-01-04 14:26:56,426 [INFO] PluginManage:359 - Loaded plugin projectmanager (category:projectmanager,tabindex:4)
2026-01-04 14:26:56,426 [INFO] PluginManage:310 - Check plugin rif
2026-01-04 14:26:56,433 [INFO] PluginManage:359 - Loaded plugin rif (category:base,tabindex:3)
2026-01-04 14:26:56,433 [INFO] PluginManage:310 - Check plugin thirdparty
2026-01-04 14:26:56,542 [INFO] PluginManage:359 - Loaded plugin thirdparty (category:base,tabindex:-1)
2026-01-04 14:26:56,542 [WARN] IntegrityCheckThread:84 - waiting for thirdparty lock release [integrity check]
2026-01-04 14:26:56,542 [INFO] PluginManage:310 - Check plugin tools
2026-01-04 14:26:56,542 [INFO] IntegrityCheckThread:86 - entering critical section [integrity check]
2026-01-04 14:26:56,543 [INFO] ThirdPartyUpdaterWithRetryManager:70 - Updater plugin not ready yet. [1/15]
2026-01-04 14:26:56,544 [INFO] PluginManage:359 - Loaded plugin tools (category:base,tabindex:7)
2026-01-04 14:26:56,544 [INFO] PluginManage:310 - Check plugin tutovideos
2026-01-04 14:26:56,684 [INFO] PluginManage:359 - Loaded plugin tutovideos (category:base,tabindex:-1)
2026-01-04 14:26:56,685 [INFO] PluginManage:310 - Check plugin updater
2026-01-04 14:26:56,701 [INFO] PluginManage:359 - Loaded plugin updater (category:base,tabindex:12)
2026-01-04 14:26:56,701 [INFO] PluginManage:310 - Check plugin userauth
2026-01-04 14:26:56,705 [INFO] UserAuth:118 - Init User Auth plugin
2026-01-04 14:26:56,705 [INFO] PluginManage:359 - Loaded plugin userauth (category:base,tabindex:14)
2026-01-04 14:26:56,706 [INFO] PluginManage:283 - PluginManage : Loaded plugins [18]
2026-01-04 14:26:56,841 [INFO] PinOutPanel:1589 - setPackage(No Configuration,No Configuration)
2026-01-04 14:26:56,888 [INFO] CADModel:165 - CPN selected for project level
2026-01-04 14:26:56,888 [INFO] CADModel:114 - Register for checkConnection events
2026-01-04 14:26:56,895 [INFO] IPUIPlugin:80 - create IPUIPlugin
2026-01-04 14:26:56,896 [INFO] PluginManager:220 - loadIPPluginJar : add dfsdm
2026-01-04 14:26:56,899 [INFO] IPUIPlugin:80 - create IPUIPlugin
2026-01-04 14:26:56,899 [INFO] PluginManager:220 - loadIPPluginJar : add gfxmmu
2026-01-04 14:26:56,900 [INFO] IPUIPlugin:80 - create IPUIPlugin
2026-01-04 14:26:56,901 [INFO] PluginManager:220 - loadIPPluginJar : add i3c
2026-01-04 14:26:56,902 [INFO] IPUIPlugin:80 - create IPUIPlugin
2026-01-04 14:26:56,902 [INFO] PluginManager:220 - loadIPPluginJar : add sai
2026-01-04 14:26:56,907 [INFO] IPUIPlugin:80 - create IPUIPlugin
2026-01-04 14:26:56,907 [INFO] PluginManager:220 - loadIPPluginJar : add dma
2026-01-04 14:26:56,908 [INFO] IPUIPlugin:80 - create IPUIPlugin
2026-01-04 14:26:56,908 [INFO] PluginManager:220 - loadIPPluginJar : add quadspi
2026-01-04 14:26:56,911 [INFO] IPUIPlugin:80 - create IPUIPlugin
2026-01-04 14:26:56,911 [INFO] PluginManager:220 - loadIPPluginJar : add opamp
2026-01-04 14:26:56,912 [INFO] IPUIPlugin:80 - create IPUIPlugin
2026-01-04 14:26:56,912 [INFO] PluginManager:220 - loadIPPluginJar : add comp
2026-01-04 14:26:56,916 [INFO] IPUIPlugin:80 - create IPUIPlugin
2026-01-04 14:26:56,918 [INFO] PluginManager:220 - loadIPPluginJar : add plateformsettings
2026-01-04 14:26:56,919 [INFO] IPUIPlugin:80 - create IPUIPlugin
2026-01-04 14:26:56,919 [INFO] PluginManager:220 - loadIPPluginJar : add ltdc
2026-01-04 14:26:56,921 [INFO] IPUIPlugin:80 - create IPUIPlugin
2026-01-04 14:26:56,921 [INFO] PluginManager:220 - loadIPPluginJar : add nvic
2026-01-04 14:26:56,922 [INFO] IPUIPlugin:80 - create IPUIPlugin
2026-01-04 14:26:56,922 [INFO] PluginManager:220 - loadIPPluginJar : add fatfs
2026-01-04 14:26:56,926 [INFO] IPUIPlugin:80 - create IPUIPlugin
2026-01-04 14:26:56,926 [INFO] PluginManager:220 - loadIPPluginJar : add gpio
2026-01-04 14:26:56,927 [INFO] IPUIPlugin:80 - create IPUIPlugin
2026-01-04 14:26:56,927 [INFO] PluginManager:220 - loadIPPluginJar : add aes
2026-01-04 14:26:56,932 [INFO] IPUIPlugin:80 - create IPUIPlugin
2026-01-04 14:26:56,932 [INFO] PluginManager:220 - loadIPPluginJar : add mdma
2026-01-04 14:26:56,933 [INFO] IPUIPlugin:80 - create IPUIPlugin
2026-01-04 14:26:56,934 [INFO] PluginManager:220 - loadIPPluginJar : add pdm2pcm
2026-01-04 14:26:56,939 [INFO] IPUIPlugin:80 - create IPUIPlugin
2026-01-04 14:26:56,939 [INFO] PluginManager:220 - loadIPPluginJar : add linkedlist
2026-01-04 14:26:56,940 [INFO] IPUIPlugin:80 - create IPUIPlugin
2026-01-04 14:26:56,940 [INFO] PluginManager:220 - loadIPPluginJar : add usart
2026-01-04 14:26:56,942 [INFO] IPUIPlugin:80 - create IPUIPlugin
2026-01-04 14:26:56,942 [INFO] PluginManager:220 - loadIPPluginJar : add i2c
2026-01-04 14:26:56,944 [INFO] IPUIPlugin:80 - create IPUIPlugin
2026-01-04 14:26:56,944 [INFO] PluginManager:220 - loadIPPluginJar : add lorawan
2026-01-04 14:26:56,946 [INFO] IPUIPlugin:80 - create IPUIPlugin
2026-01-04 14:26:56,946 [INFO] PluginManager:220 - loadIPPluginJar : add usbx
2026-01-04 14:26:56,949 [INFO] IPUIPlugin:80 - create IPUIPlugin
2026-01-04 14:26:56,949 [INFO] PluginManager:220 - loadIPPluginJar : add fmc
2026-01-04 14:26:56,951 [INFO] IPUIPlugin:80 - create IPUIPlugin
2026-01-04 14:26:56,951 [INFO] PluginManager:220 - loadIPPluginJar : add extmemmanager
2026-01-04 14:26:56,956 [INFO] IPUIPlugin:80 - create IPUIPlugin
2026-01-04 14:26:56,956 [INFO] PluginManager:220 - loadIPPluginJar : add freertos
2026-01-04 14:26:56,958 [INFO] IPUIPlugin:80 - create IPUIPlugin
2026-01-04 14:26:56,958 [INFO] PluginManager:220 - loadIPPluginJar : add can
2026-01-04 14:26:56,960 [INFO] IPUIPlugin:80 - create IPUIPlugin
2026-01-04 14:26:56,961 [INFO] PluginManager:220 - loadIPPluginJar : add touchsensing
2026-01-04 14:26:56,962 [INFO] IPUIPlugin:80 - create IPUIPlugin
2026-01-04 14:26:56,962 [INFO] PluginManager:220 - loadIPPluginJar : add tracer_emb
2026-01-04 14:26:56,963 [INFO] IPUIPlugin:80 - create IPUIPlugin
2026-01-04 14:26:56,963 [INFO] PluginManager:220 - loadIPPluginJar : add ucpd
2026-01-04 14:26:56,965 [INFO] IPUIPlugin:80 - create IPUIPlugin
2026-01-04 14:26:56,965 [INFO] PluginManager:220 - loadIPPluginJar : add ts
2026-01-04 14:26:56,965 [INFO] IPUIPlugin:80 - create IPUIPlugin
2026-01-04 14:26:56,965 [INFO] PluginManager:220 - loadIPPluginJar : add tsc
2026-01-04 14:26:56,968 [INFO] IPUIPlugin:80 - create IPUIPlugin
2026-01-04 14:26:56,968 [INFO] PluginManager:220 - loadIPPluginJar : add resmgrutility
2026-01-04 14:26:56,969 [INFO] IPUIPlugin:80 - create IPUIPlugin
2026-01-04 14:26:56,970 [INFO] PluginManager:220 - loadIPPluginJar : add cryp
2026-01-04 14:26:56,971 [INFO] IPUIPlugin:80 - create IPUIPlugin
2026-01-04 14:26:56,971 [INFO] PluginManager:220 - loadIPPluginJar : add openamp
2026-01-04 14:26:56,976 [INFO] IPUIPlugin:80 - create IPUIPlugin
2026-01-04 14:26:56,976 [INFO] PluginManager:220 - loadIPPluginJar : add adc
2026-01-04 14:26:56,978 [INFO] IPUIPlugin:80 - create IPUIPlugin
2026-01-04 14:26:56,978 [INFO] PluginManager:220 - loadIPPluginJar : add spi
2026-01-04 14:26:56,980 [INFO] IPUIPlugin:80 - create IPUIPlugin
2026-01-04 14:26:56,980 [INFO] PluginManager:220 - loadIPPluginJar : add ipddr
2026-01-04 14:26:56,985 [INFO] IPUIPlugin:80 - create IPUIPlugin
2026-01-04 14:26:56,985 [INFO] PluginManager:220 - loadIPPluginJar : add stm32_wpan
2026-01-04 14:26:56,989 [INFO] IPUIPlugin:80 - create IPUIPlugin
2026-01-04 14:26:56,990 [INFO] PluginManager:220 - loadIPPluginJar : add gic
2026-01-04 14:26:56,992 [INFO] IPUIPlugin:80 - create IPUIPlugin
2026-01-04 14:26:56,992 [INFO] PluginManager:220 - loadIPPluginJar : add ddr_ctrl_phy
2026-01-04 14:26:56,993 [INFO] IPUIPlugin:80 - create IPUIPlugin
2026-01-04 14:26:56,993 [INFO] PluginManager:220 - loadIPPluginJar : add genericplugin
2026-01-04 14:26:56,995 [INFO] IPUIPlugin:80 - create IPUIPlugin
2026-01-04 14:26:56,995 [INFO] PluginManager:220 - loadIPPluginJar : add hash
2026-01-04 14:26:56,996 [INFO] IPUIPlugin:80 - create IPUIPlugin
2026-01-04 14:26:56,996 [INFO] PluginManager:220 - loadIPPluginJar : add tim
2026-01-04 14:26:56,997 [INFO] IPUIPlugin:80 - create IPUIPlugin
2026-01-04 14:26:56,997 [INFO] PluginManager:220 - loadIPPluginJar : add radio
2026-01-04 14:26:56,999 [INFO] IPUIPlugin:80 - create IPUIPlugin
2026-01-04 14:26:57,000 [INFO] PluginManager:220 - loadIPPluginJar : add gtzc
2026-01-04 14:26:57,001 [INFO] IPUIPlugin:80 - create IPUIPlugin
2026-01-04 14:26:57,001 [INFO] PluginManager:220 - loadIPPluginJar : add i2s
2026-01-04 14:26:57,002 [INFO] IPUIPlugin:80 - create IPUIPlugin
2026-01-04 14:26:57,003 [INFO] PluginManager:220 - loadIPPluginJar : add dma3
2026-01-04 14:26:57,097 [FATAL] Updater:351 - Updater called before beeing initialized
2026-01-04 14:26:57,125 [INFO] RulesReader:64 - Compatibility file has been processed (317 Rules)
2026-01-04 14:26:57,133 [INFO] RulesReader:64 - Compatibility file has been processed (317 Rules)
2026-01-04 14:26:57,138 [INFO] CADModel:165 - CPN selected for project level
2026-01-04 14:26:57,138 [INFO] CADModel:114 - Register for checkConnection events
2026-01-04 14:26:57,138 [FATAL] Updater:351 - Updater called before beeing initialized
2026-01-04 14:26:57,138 [ERROR] CADModel:125 - Updater not yet initialized, retry later 
2026-01-04 14:26:57,227 [FATAL] Updater:351 - Updater called before beeing initialized
2026-01-04 14:26:57,228 [INFO] CADModel:165 - CPN selected for project level
2026-01-04 14:26:57,228 [INFO] CADModel:114 - Register for checkConnection events
2026-01-04 14:26:57,228 [FATAL] Updater:351 - Updater called before beeing initialized
2026-01-04 14:26:57,228 [ERROR] CADModel:125 - Updater not yet initialized, retry later 
2026-01-04 14:26:57,231 [FATAL] Updater:351 - Updater called before beeing initialized
2026-01-04 14:26:57,298 [FATAL] Updater:351 - Updater called before beeing initialized
2026-01-04 14:26:57,301 [INFO] DbMcusAds:53 - JSON generation date=Tue Dec 16 04:41:46 IST 2025 (1765840306612)
2026-01-04 14:26:57,301 [FATAL] Updater:351 - Updater called before beeing initialized
2026-01-04 14:26:57,331 [WARN] DetailPanel:346 - Failed to get advertising image, set to default
2026-01-04 14:26:57,386 [FATAL] Updater:351 - Updater called before beeing initialized
2026-01-04 14:26:57,388 [FATAL] Updater:351 - Updater called before beeing initialized
2026-01-04 14:26:57,388 [FATAL] Updater:351 - Updater called before beeing initialized
2026-01-04 14:26:57,388 [WARN] DetailPanel:346 - Failed to get advertising image, set to default
2026-01-04 14:26:57,389 [FATAL] Updater:351 - Updater called before beeing initialized
2026-01-04 14:26:57,415 [ERROR] Updater:1198 - MainUpdater not yet initialized. External WinMGr cannot be set.
2026-01-04 14:26:57,417 [INFO] Updater:1134 - Updater Version found : 6.15.0
2026-01-04 14:26:57,430 [INFO] ApplicationProperties:184 - Using Application install path: /opt/st/stm32cubeide_1.19.0/plugins/com.st.stm32cube.common.mx_6.15.0.202507011659
2026-01-04 14:26:58,586 [INFO] MainUpdater:2872 - connection check result : 10
2026-01-04 14:26:58,586 [INFO] MainUpdater:3604 - Updater definition file requires update
2026-01-04 14:26:58,587 [INFO] MainUpdater:289 - Updater Check For Update Now.
2026-01-04 14:26:58,587 [INFO] MicroXplorer:498 - Change Database Version : DB.6.0.150
2026-01-04 14:26:58,592 [INFO] McuFinderGlobals:63 - Set McuFinder mode to 2 (CubeIDE integrated)
2026-01-04 14:26:58,593 [INFO] UserAuth:171 - activating auth plugin
2026-01-04 14:26:58,594 [INFO] UserAuth:487 - Internet connection configuration mode: 1
2026-01-04 14:26:58,609 [INFO] JxBrowserEngine:152 - Initiate JxBrowser Engine with user profile folder
2026-01-04 14:26:58,969 [INFO] ServerAccessManage:452 - Complete download http(s) 200
2026-01-04 14:26:58,970 [INFO] ServerAccessManage:509 - Download File updaters.zip
2026-01-04 14:26:59,330 [INFO] WebApp:169 - Instantiating new browser for Auth
2026-01-04 14:26:59,543 [WARN] MainUpdater:1193 - Updater busy. Cannot search thirdparties
2026-01-04 14:26:59,543 [INFO] ThirdPartyUpdaterWithRetryManager:96 - Updater plugin is busy. [1/15]
2026-01-04 14:26:59,753 [INFO] FileExtend:248 - Unzip File : updaters.zip
2026-01-04 14:26:59,753 [INFO] FileExtend:263 - Standard Zip Deflate
2026-01-04 14:26:59,970 [INFO] ServerAccessManage:452 - Complete download http(s) 200
2026-01-04 14:26:59,970 [INFO] ServerAccessManage:509 - Download File PacksControlFlags.xml
2026-01-04 14:26:59,994 [INFO] WebApp:463 - Apply proxy settings
2026-01-04 14:26:59,994 [INFO] WebApp:548 - Chromium requires no authentication
2026-01-04 14:27:00,000 [INFO] WebApp:491 - Direct internet connection detected
2026-01-04 14:27:00,015 [INFO] WebApp:900 - Register for checkConnection events
2026-01-04 14:27:00,015 [INFO] WebApp:463 - Apply proxy settings
2026-01-04 14:27:00,015 [INFO] WebApp:548 - Chromium requires no authentication
2026-01-04 14:27:00,016 [INFO] WebApp:491 - Direct internet connection detected
2026-01-04 14:27:00,125 [INFO] WebApp:225 - Starting web application
2026-01-04 14:27:00,125 [INFO] WebApp:593 - Web application path used /opt/st/stm32cubeide_1.19.0/plugins/com.st.stm32cube.common.mx_6.15.0.202507011659/db/plugins/mcufinder/reactClient1/index.html
2026-01-04 14:27:00,190 [INFO] ServerAccessManage:452 - Complete download http(s) 200
2026-01-04 14:27:00,190 [INFO] ServerAccessManage:509 - Download File cubemx.pidx
2026-01-04 14:27:00,281 [INFO] LoadServerUpdatesThread:375 - End of LoadServerUpdate Thread
2026-01-04 14:27:00,434 [INFO] CheckServerUpdateThread:120 - End of CheckServer Thread
2026-01-04 14:27:00,435 [INFO] WebApp:191 - Connection restablished
2026-01-04 14:27:02,650 [WARN] PackLoader:240 - Cannot read IP mode file for STMicroelectronics.FP-SNS-MOTENVWB1.1.4.0
2026-01-04 14:27:02,654 [WARN] PackLoader:240 - Cannot read IP mode file for STMicroelectronics.FP-ATR-ASTRA1.2.0.2
2026-01-04 14:27:02,661 [WARN] PackLoader:240 - Cannot read IP mode file for STMicroelectronics.X-CUBE-SMBUS.2.1.0
2026-01-04 14:27:02,667 [WARN] PackLoader:240 - Cannot read IP mode file for STMicroelectronics.X-CUBE-ST60.1.0.0
2026-01-04 14:27:02,700 [WARN] PackLoader:240 - Cannot read IP mode file for STMicroelectronics.X-CUBE-AZRTOS-F7.1.1.0
2026-01-04 14:27:02,710 [WARN] PackLoader:240 - Cannot read IP mode file for STMicroelectronics.FP-SNS-MOTENV1.5.1.0
2026-01-04 14:27:02,733 [WARN] PackLoader:240 - Cannot read IP mode file for Infineon.AIROC-Wi-Fi-Bluetooth-STM32.1.7.1
2026-01-04 14:27:02,758 [WARN] PackLoader:240 - Cannot read IP mode file for STMicroelectronics.X-CUBE-AZRTOS-H7.3.4.0
2026-01-04 14:27:02,766 [WARN] PackLoader:240 - Cannot read IP mode file for STMicroelectronics.X-CUBE-DISPLAY.3.0.0
2026-01-04 14:27:02,775 [WARN] PackLoader:240 - Cannot read IP mode file for STMicroelectronics.X-CUBE-NFC10.1.0.0
2026-01-04 14:27:02,784 [WARN] PackLoader:240 - Cannot read IP mode file for STMicroelectronics.X-CUBE-BLEMGR.4.0.0
2026-01-04 14:27:02,790 [WARN] PackLoader:240 - Cannot read IP mode file for STMicroelectronics.X-CUBE-ST60.1.1.0
2026-01-04 14:27:02,794 [WARN] PackLoader:240 - Cannot read IP mode file for emotas.I-CUBE-CANOPEN.1.3.0
2026-01-04 14:27:02,797 [WARN] PackLoader:240 - Cannot read IP mode file for STMicroelectronics.X-CUBE-GNSS1.7.1.0
2026-01-04 14:27:02,800 [WARN] ConditionMgr:438 - getConditionDescription Invalid condition id : Cortex-A Device cause : null
2026-01-04 14:27:02,805 [WARN] ConditionMgr:1044 - genDependencies : Invalid condition id : Cortex-A Device cause : null
2026-01-04 14:27:02,805 [WARN] ConditionMgr:1044 - genDependencies : Invalid condition id : Cortex-A Device cause : null
2026-01-04 14:27:02,805 [WARN] ConditionMgr:1044 - genDependencies : Invalid condition id : Cortex-A Device cause : null
2026-01-04 14:27:02,810 [WARN] PackLoader:240 - Cannot read IP mode file for STMicroelectronics.FP-SNS-STBOX1.2.1.0
2026-01-04 14:27:02,814 [WARN] PackLoader:240 - Cannot read IP mode file for STMicroelectronics.FP-SNS-SMARTAG2.1.2.0
2026-01-04 14:27:02,816 [WARN] PackLoader:240 - Cannot read IP mode file for STMicroelectronics.FP-SNS-FLIGHT1.5.1.0
2026-01-04 14:27:02,822 [INFO] LogOutputStream:77 - [STDOUT_REDIRECT] 1 : Invalid condition id : UX_CORESTACK_Condition cause : null
2026-01-04 14:27:02,823 [INFO] LogOutputStream:77 - [STDOUT_REDIRECT] 1 : Invalid condition id : UX_CORESTACK_Condition cause : null
2026-01-04 14:27:02,823 [INFO] LogOutputStream:77 - [STDOUT_REDIRECT] 1 : Invalid condition id : UX_CORESTACK_Condition cause : null
2026-01-04 14:27:02,823 [INFO] LogOutputStream:77 - [STDOUT_REDIRECT] 1 : Invalid condition id : UX_CORESTACK_Condition cause : null
2026-01-04 14:27:02,823 [INFO] LogOutputStream:77 - [STDOUT_REDIRECT] 1 : Invalid condition id : UX_CORESTACK_Condition cause : null
2026-01-04 14:27:02,826 [WARN] PackLoader:240 - Cannot read IP mode file for STMicroelectronics.X-CUBE-AZRTOS-WL.2.0.0
2026-01-04 14:27:02,829 [WARN] PackLoader:240 - Cannot read IP mode file for STMicroelectronics.FP-SNS-MOTENV1.5.0.0
2026-01-04 14:27:02,844 [WARN] PackLoader:240 - Cannot read IP mode file for STMicroelectronics.X-CUBE-AZRTOS-H7RS.1.2.0
2026-01-04 14:27:02,850 [WARN] PackLoader:240 - Cannot read IP mode file for WES.I-CUBE-Cesium.1.3.0
2026-01-04 14:27:02,853 [WARN] PackLoader:240 - Cannot read IP mode file for STMicroelectronics.X-CUBE-BLE2.3.3.0
2026-01-04 14:27:02,861 [WARN] PackLoader:240 - Cannot read IP mode file for STMicroelectronics.X-CUBE-NFC9.1.0.0
2026-01-04 14:27:02,865 [WARN] PackLoader:240 - Cannot read IP mode file for wolfSSL.I-CUBE-wolfSSL.5.8.0
2026-01-04 14:27:02,872 [WARN] PackLoader:240 - Cannot read IP mode file for STMicroelectronics.X-CUBE-BLE1.7.1.0
2026-01-04 14:27:02,874 [WARN] PackLoader:240 - Cannot read IP mode file for wolfSSL.I-CUBE-wolfMQTT.1.19.2
2026-01-04 14:27:02,877 [WARN] PackLoader:240 - Cannot read IP mode file for STMicroelectronics.X-CUBE-FREERTOS.1.4.0
2026-01-04 14:27:02,880 [WARN] PackLoader:240 - Cannot read IP mode file for STMicroelectronics.X-CUBE-EEPRMA1.5.2.0
2026-01-04 14:27:02,884 [WARN] PackLoader:240 - Cannot read IP mode file for STMicroelectronics.X-CUBE-ST67W61.1.1.0
2026-01-04 14:27:02,886 [WARN] PackLoader:240 - Cannot read IP mode file for STMicroelectronics.X-CUBE-AI.10.1.0
2026-01-04 14:27:02,911 [WARN] PackLoader:240 - Cannot read IP mode file for STMicroelectronics.X-CUBE-MEMS1.12.0.0
2026-01-04 14:27:03,004 [WARN] PackLoader:240 - Cannot read IP mode file for STMicroelectronics.X-CUBE-AZRTOS-G0.1.1.0
2026-01-04 14:27:03,009 [WARN] PackLoader:240 - Cannot read IP mode file for STMicroelectronics.X-CUBE-SAFEA1.1.2.2
2026-01-04 14:27:03,012 [WARN] PackLoader:240 - Cannot read IP mode file for STMicroelectronics.X-CUBE-NFC4.3.0.0
2026-01-04 14:27:03,017 [WARN] PackLoader:240 - Cannot read IP mode file for EmbeddedOffice.I-CUBE-FS-RTOS.1.0.1
2026-01-04 14:27:03,020 [WARN] PackLoader:240 - Cannot read IP mode file for STMicroelectronics.X-CUBE-WB05N.2.0.0
2026-01-04 14:27:03,022 [WARN] PackLoader:240 - Cannot read IP mode file for wolfSSL.I-CUBE-wolfTPM.3.8.0
2026-01-04 14:27:03,025 [WARN] PackLoader:240 - Cannot read IP mode file for STMicroelectronics.X-CUBE-TCPP.4.2.0
2026-01-04 14:27:03,028 [WARN] PackLoader:240 - Cannot read IP mode file for RealThread.X-CUBE-RT-Thread_Nano.4.1.1
2026-01-04 14:27:03,030 [WARN] PackLoader:240 - Cannot read IP mode file for STMicroelectronics.FP-ATR-SIGFOX1.3.2.0
2026-01-04 14:27:03,033 [WARN] PackLoader:240 - Cannot read IP mode file for STMicroelectronics.X-CUBE-EEPRMA1.5.1.0
2026-01-04 14:27:03,037 [WARN] PackLoader:240 - Cannot read IP mode file for ITTIA_DB.I-CUBE-ITTIADB.8.9.0
2026-01-04 14:27:03,040 [WARN] PackLoader:240 - Cannot read IP mode file for STMicroelectronics.X-CUBE-ST67W61.1.0.0
2026-01-04 14:27:03,043 [WARN] PackLoader:240 - Cannot read IP mode file for STMicroelectronics.X-CUBE-AI.10.2.0
2026-01-04 14:27:03,058 [WARN] PackLoader:240 - Cannot read IP mode file for SEGGER.I-CUBE-embOS.1.3.1
2026-01-04 14:27:03,083 [WARN] PackLoader:240 - Cannot read IP mode file for STMicroelectronics.X-CUBE-ALGOBUILD.1.4.0
2026-01-04 14:27:03,112 [WARN] PackLoader:240 - Cannot read IP mode file for STMicroelectronics.X-CUBE-MEMS1.11.3.0
2026-01-04 14:27:03,203 [WARN] PackLoader:240 - Cannot read IP mode file for STMicroelectronics.X-CUBE-PM33A1.1.0.0
2026-01-04 14:27:03,212 [WARN] PackLoader:240 - Cannot read IP mode file for STMicroelectronics.X-CUBE-AZRTOS-F4.1.1.0
2026-01-04 14:27:03,215 [WARN] PackLoader:240 - Cannot read IP mode file for Avnet-IotConnect.X-CUBE-IoTC-DA16k-PMOD.1.0.0
2026-01-04 14:27:03,217 [WARN] PackLoader:240 - Cannot read IP mode file for STMicroelectronics.X-CUBE-ISPU.2.1.0
2026-01-04 14:27:03,224 [WARN] PackLoader:240 - Cannot read IP mode file for STMicroelectronics.X-CUBE-IPS.3.2.0
2026-01-04 14:27:03,231 [WARN] PackLoader:240 - Cannot read IP mode file for STMicroelectronics.X-CUBE-NFC12.1.0.0
2026-01-04 14:27:03,241 [WARN] PackLoader:240 - Cannot read IP mode file for STMicroelectronics.X-CUBE-AZRTOS-L5.2.0.0
2026-01-04 14:27:03,254 [WARN] PackLoader:240 - Cannot read IP mode file for STMicroelectronics.X-CUBE-NFC6.3.1.0
2026-01-04 14:27:03,258 [WARN] PackLoader:240 - Cannot read IP mode file for STMicroelectronics.X-CUBE-FREERTOS.1.3.1
2026-01-04 14:27:03,261 [WARN] PackLoader:240 - Cannot read IP mode file for STMicroelectronics.X-CUBE-TOUCHGFX.4.26.0
2026-01-04 14:27:03,263 [WARN] PackLoader:240 - Cannot read IP mode file for STMicroelectronics.FP-SNS-STAIOTCFT.1.0.0
2026-01-04 14:27:03,266 [WARN] PackLoader:240 - Cannot read IP mode file for STMicroelectronics.X-CUBE-DPower.1.3.0
2026-01-04 14:27:03,280 [WARN] ConditionMgr:438 - getConditionDescription Invalid condition id : LAN8742 Phy interface Condition cause : null
2026-01-04 14:27:03,281 [WARN] PackLoader:240 - Cannot read IP mode file for STMicroelectronics.X-CUBE-AZRTOS-L4.2.0.0
2026-01-04 14:27:03,282 [WARN] ConditionMgr:1044 - genDependencies : Invalid condition id : LAN8742 Phy interface Condition cause : null
2026-01-04 14:27:03,282 [WARN] ConditionMgr:1044 - genDependencies : Invalid condition id : LAN8742 Phy interface Condition cause : null
2026-01-04 14:27:03,282 [WARN] ConditionMgr:1044 - genDependencies : Invalid condition id : LAN8742 Phy interface Condition cause : null
2026-01-04 14:27:03,286 [WARN] PackLoader:240 - Cannot read IP mode file for STMicroelectronics.X-CUBE-SFXS2LP1.4.0.0
2026-01-04 14:27:03,293 [WARN] PackLoader:240 - Cannot read IP mode file for STMicroelectronics.X-CUBE-BLEMGR.4.1.0
2026-01-04 14:27:03,305 [WARN] ConditionMgr:438 - getConditionDescription Invalid condition id : UX DEVICE CLASS RTOS Condition cause : null
2026-01-04 14:27:03,306 [WARN] ConditionMgr:438 - getConditionDescription Invalid condition id : UX DEVICE CLASS RTOS Condition cause : null
2026-01-04 14:27:03,308 [WARN] PackLoader:240 - Cannot read IP mode file for STMicroelectronics.X-CUBE-AZRTOS-WB.2.0.0
2026-01-04 14:27:03,308 [WARN] ConditionMgr:1044 - genDependencies : Invalid condition id : UX DEVICE CLASS RTOS Condition cause : null
2026-01-04 14:27:03,308 [WARN] ConditionMgr:1044 - genDependencies : Invalid condition id : UX DEVICE CLASS RTOS Condition cause : null
2026-01-04 14:27:03,309 [WARN] ConditionMgr:1044 - genDependencies : Invalid condition id : UX DEVICE CLASS RTOS Condition cause : null
2026-01-04 14:27:03,309 [WARN] ConditionMgr:1044 - genDependencies : Invalid condition id : UX DEVICE CLASS RTOS Condition cause : null
2026-01-04 14:27:03,309 [WARN] ConditionMgr:1044 - genDependencies : Invalid condition id : UX DEVICE CLASS RTOS Condition cause : null
2026-01-04 14:27:03,314 [WARN] PackLoader:240 - Cannot read IP mode file for STMicroelectronics.X-CUBE-GNSS1.7.0.1
2026-01-04 14:27:03,317 [WARN] PackLoader:240 - Cannot read IP mode file for STMicroelectronics.X-CUBE-TOUCHGFX.4.25.0
2026-01-04 14:27:03,322 [WARN] PackLoader:240 - Cannot read IP mode file for STMicroelectronics.FP-SNS-STBOX1.2.0.0
2026-01-04 14:27:03,333 [WARN] PackLoader:240 - Cannot read IP mode file for STMicroelectronics.X-CUBE-SUBG2.5.0.0
2026-01-04 14:27:03,345 [WARN] PackLoader:240 - Cannot read IP mode file for STMicroelectronics.X-CUBE-AZRTOS-H7RS.1.1.0
2026-01-04 14:27:03,348 [WARN] PackLoader:240 - Cannot read IP mode file for Cesanta.I-CUBE-Mongoose.7.13.0
2026-01-04 14:27:03,356 [WARN] PackLoader:240 - Cannot read IP mode file for STMicroelectronics.X-CUBE-AZRTOS-G4.2.0.0
2026-01-04 14:27:03,358 [WARN] PackLoader:240 - Cannot read IP mode file for wolfSSL.I-CUBE-wolfSSH.1.4.20
2026-01-04 14:27:03,360 [WARN] PackLoader:240 - Cannot read IP mode file for STMicroelectronics.X-CUBE-NFC7.2.0.0
2026-01-04 14:27:03,368 [WARN] PackLoader:240 - Cannot read IP mode file for STMicroelectronics.X-CUBE-IPS.3.1.0
2026-01-04 14:27:03,373 [WARN] PackLoader:240 - Cannot read IP mode file for STMicroelectronics.X-CUBE-ALS.1.0.2
2026-01-04 14:27:03,376 [WARN] PackLoader:240 - Cannot read IP mode file for STMicroelectronics.X-CUBE-STSE01.1.0.0
2026-01-04 14:27:03,379 [WARN] PackLoader:240 - Cannot read IP mode file for portGmbH.I-Cube-SoM-uGOAL.1.1.0
2026-01-04 14:27:03,385 [WARN] PackLoader:240 - Cannot read IP mode file for STMicroelectronics.X-CUBE-TOF1.3.4.3
2026-01-04 14:27:03,391 [INFO] ThirdParty:978 - Integrity check success = true
2026-01-04 14:27:03,391 [INFO] IntegrityCheckThread:100 - exiting critical section [integrity check]
2026-01-04 14:27:03,391 [INFO] IntegrityCheckThread:103 - End integrity checks thread
2026-01-04 14:39:59,096 [INFO] WebApp:194 - Connection lost
2026-01-04 14:40:05,599 [INFO] WebApp:191 - Connection restablished
2026-01-04 15:53:02,316 [INFO] WebApp:194 - Connection lost
2026-01-04 15:53:02,865 [INFO] WebApp:191 - Connection restablished
2026-01-04 15:53:22,423 [INFO] WebApp:194 - Connection lost
2026-01-04 15:53:22,960 [INFO] WebApp:191 - Connection restablished
2026-01-04 15:53:59,449 [INFO] WebApp:194 - Connection lost
2026-01-04 15:53:59,995 [INFO] WebApp:191 - Connection restablished
2026-01-04 15:54:13,329 [INFO] WebApp:194 - Connection lost
2026-01-04 15:54:14,930 [INFO] WebApp:191 - Connection restablished
2026-01-04 15:54:25,238 [INFO] WebApp:194 - Connection lost
2026-01-04 15:54:25,245 [INFO] WebApp:191 - Connection restablished
